ARM GAS  C:\Users\TSUBAS~1\AppData\Local\Temp\cck1RKSd.s 			page 1


   1              		.cpu cortex-m0
   2              		.fpu softvfp
   3              		.eabi_attribute 20, 1
   4              		.eabi_attribute 21, 1
   5              		.eabi_attribute 23, 3
   6              		.eabi_attribute 24, 1
   7              		.eabi_attribute 25, 1
   8              		.eabi_attribute 26, 1
   9              		.eabi_attribute 30, 6
  10              		.eabi_attribute 34, 0
  11              		.eabi_attribute 18, 4
  12              		.code	16
  13              		.file	"EZI2C_1_EZI2C.c"
  14              		.text
  15              	.Ltext0:
  16              		.cfi_sections	.debug_frame
  17              		.comm	EZI2C_1_curStatus,1,1
  18              		.comm	EZI2C_1_fsmState,1,1
  19              		.comm	EZI2C_1_dataBuffer1,4,4
  20              		.comm	EZI2C_1_bufSizeBuf1,2,2
  21              		.comm	EZI2C_1_protectBuf1,2,2
  22              		.comm	EZI2C_1_offsetBuf1,1,1
  23              		.comm	EZI2C_1_indexBuf1,2,2
  24              		.section	.text.EZI2C_1_EzI2CInit,"ax",%progbits
  25              		.align	2
  26              		.global	EZI2C_1_EzI2CInit
  27              		.code	16
  28              		.thumb_func
  29              		.type	EZI2C_1_EzI2CInit, %function
  30              	EZI2C_1_EzI2CInit:
  31              	.LFB0:
  32              		.file 1 ".\\Generated_Source\\PSoC4\\EZI2C_1_EZI2C.c"
   1:.\Generated_Source\PSoC4/EZI2C_1_EZI2C.c **** /*******************************************************************************
   2:.\Generated_Source\PSoC4/EZI2C_1_EZI2C.c **** * File Name: EZI2C_1_EZI2C.c
   3:.\Generated_Source\PSoC4/EZI2C_1_EZI2C.c **** * Version 1.20
   4:.\Generated_Source\PSoC4/EZI2C_1_EZI2C.c **** *
   5:.\Generated_Source\PSoC4/EZI2C_1_EZI2C.c **** * Description:
   6:.\Generated_Source\PSoC4/EZI2C_1_EZI2C.c **** *  This file provides the source code to the API for the SCB Component in
   7:.\Generated_Source\PSoC4/EZI2C_1_EZI2C.c **** *  EZI2C mode.
   8:.\Generated_Source\PSoC4/EZI2C_1_EZI2C.c **** *
   9:.\Generated_Source\PSoC4/EZI2C_1_EZI2C.c **** * Note:
  10:.\Generated_Source\PSoC4/EZI2C_1_EZI2C.c **** *
  11:.\Generated_Source\PSoC4/EZI2C_1_EZI2C.c **** *******************************************************************************
  12:.\Generated_Source\PSoC4/EZI2C_1_EZI2C.c **** * Copyright 2013-2014, Cypress Semiconductor Corporation.  All rights reserved.
  13:.\Generated_Source\PSoC4/EZI2C_1_EZI2C.c **** * You may use this file only in accordance with the license, terms, conditions,
  14:.\Generated_Source\PSoC4/EZI2C_1_EZI2C.c **** * disclaimers, and limitations in the end user license agreement accompanying
  15:.\Generated_Source\PSoC4/EZI2C_1_EZI2C.c **** * the software package with which this file was provided.
  16:.\Generated_Source\PSoC4/EZI2C_1_EZI2C.c **** *******************************************************************************/
  17:.\Generated_Source\PSoC4/EZI2C_1_EZI2C.c **** 
  18:.\Generated_Source\PSoC4/EZI2C_1_EZI2C.c **** #include "EZI2C_1_PVT.h"
  19:.\Generated_Source\PSoC4/EZI2C_1_EZI2C.c **** #include "EZI2C_1_EZI2C_PVT.h"
  20:.\Generated_Source\PSoC4/EZI2C_1_EZI2C.c **** 
  21:.\Generated_Source\PSoC4/EZI2C_1_EZI2C.c **** 
  22:.\Generated_Source\PSoC4/EZI2C_1_EZI2C.c **** /***************************************
  23:.\Generated_Source\PSoC4/EZI2C_1_EZI2C.c **** *      EZI2C Private Vars
  24:.\Generated_Source\PSoC4/EZI2C_1_EZI2C.c **** ***************************************/
  25:.\Generated_Source\PSoC4/EZI2C_1_EZI2C.c **** 
ARM GAS  C:\Users\TSUBAS~1\AppData\Local\Temp\cck1RKSd.s 			page 2


  26:.\Generated_Source\PSoC4/EZI2C_1_EZI2C.c **** volatile uint8 EZI2C_1_curStatus; /* Status byte */
  27:.\Generated_Source\PSoC4/EZI2C_1_EZI2C.c **** uint8 EZI2C_1_fsmState;           /* FSM state   */
  28:.\Generated_Source\PSoC4/EZI2C_1_EZI2C.c **** 
  29:.\Generated_Source\PSoC4/EZI2C_1_EZI2C.c **** /* Variables intended to be used with Buffer1: Primary slave address */
  30:.\Generated_Source\PSoC4/EZI2C_1_EZI2C.c **** volatile uint8 * EZI2C_1_dataBuffer1; /* Pointer to data buffer1 */
  31:.\Generated_Source\PSoC4/EZI2C_1_EZI2C.c **** uint16 EZI2C_1_bufSizeBuf1; /* Size of buffer1 in bytes      */
  32:.\Generated_Source\PSoC4/EZI2C_1_EZI2C.c **** uint16 EZI2C_1_protectBuf1; /* Start index of write protected area buffer1 */
  33:.\Generated_Source\PSoC4/EZI2C_1_EZI2C.c **** uint8 EZI2C_1_offsetBuf1; /* Current offset within buffer1 */
  34:.\Generated_Source\PSoC4/EZI2C_1_EZI2C.c **** uint16 EZI2C_1_indexBuf1;  /* Current index within buffer1  */
  35:.\Generated_Source\PSoC4/EZI2C_1_EZI2C.c **** 
  36:.\Generated_Source\PSoC4/EZI2C_1_EZI2C.c **** #if(EZI2C_1_SECONDARY_ADDRESS_ENABLE_CONST)
  37:.\Generated_Source\PSoC4/EZI2C_1_EZI2C.c ****     uint8 EZI2C_1_addrBuf1; /* Primary slave address. Used for software comparison   */
  38:.\Generated_Source\PSoC4/EZI2C_1_EZI2C.c ****     uint8 EZI2C_1_addrBuf2; /* Secondary slave address. Used for software comparison */
  39:.\Generated_Source\PSoC4/EZI2C_1_EZI2C.c **** 
  40:.\Generated_Source\PSoC4/EZI2C_1_EZI2C.c ****     /* Variables intended to be used with Buffer1: Primary slave address */
  41:.\Generated_Source\PSoC4/EZI2C_1_EZI2C.c ****     volatile uint8 * EZI2C_1_dataBuffer2; /* Pointer to data buffer2 */
  42:.\Generated_Source\PSoC4/EZI2C_1_EZI2C.c ****     uint16 EZI2C_1_bufSizeBuf2; /* Size of buffer2 in bytes      */
  43:.\Generated_Source\PSoC4/EZI2C_1_EZI2C.c ****     uint16 EZI2C_1_protectBuf2; /* Start index of write protected area buffer 2 */
  44:.\Generated_Source\PSoC4/EZI2C_1_EZI2C.c ****     uint8 EZI2C_1_offsetBuf2; /* Current offset within buffer2 */
  45:.\Generated_Source\PSoC4/EZI2C_1_EZI2C.c ****     uint16 EZI2C_1_indexBuf2;  /* Current index within buffer2  */
  46:.\Generated_Source\PSoC4/EZI2C_1_EZI2C.c **** #endif /* (EZI2C_1_SECONDARY_ADDRESS_ENABLE_CONST) */
  47:.\Generated_Source\PSoC4/EZI2C_1_EZI2C.c **** 
  48:.\Generated_Source\PSoC4/EZI2C_1_EZI2C.c **** 
  49:.\Generated_Source\PSoC4/EZI2C_1_EZI2C.c **** /***************************************
  50:.\Generated_Source\PSoC4/EZI2C_1_EZI2C.c **** *      EZI2C Private Functions
  51:.\Generated_Source\PSoC4/EZI2C_1_EZI2C.c **** ***************************************/
  52:.\Generated_Source\PSoC4/EZI2C_1_EZI2C.c **** 
  53:.\Generated_Source\PSoC4/EZI2C_1_EZI2C.c **** #if(EZI2C_1_SECONDARY_ADDRESS_ENABLE_CONST)
  54:.\Generated_Source\PSoC4/EZI2C_1_EZI2C.c ****     static uint32 EZI2C_1_EzI2CUpdateRxMatchReg(uint32 addr1, uint32 addr2);
  55:.\Generated_Source\PSoC4/EZI2C_1_EZI2C.c **** #endif /* (EZI2C_1_SECONDARY_ADDRESS_ENABLE_CONST) */
  56:.\Generated_Source\PSoC4/EZI2C_1_EZI2C.c **** 
  57:.\Generated_Source\PSoC4/EZI2C_1_EZI2C.c **** #if(EZI2C_1_SCB_MODE_UNCONFIG_CONST_CFG)
  58:.\Generated_Source\PSoC4/EZI2C_1_EZI2C.c **** 
  59:.\Generated_Source\PSoC4/EZI2C_1_EZI2C.c ****     /***************************************
  60:.\Generated_Source\PSoC4/EZI2C_1_EZI2C.c ****     *  Config Structure Initialization
  61:.\Generated_Source\PSoC4/EZI2C_1_EZI2C.c ****     ***************************************/
  62:.\Generated_Source\PSoC4/EZI2C_1_EZI2C.c **** 
  63:.\Generated_Source\PSoC4/EZI2C_1_EZI2C.c ****     /* Constant configuration of EZI2C */
  64:.\Generated_Source\PSoC4/EZI2C_1_EZI2C.c ****     const EZI2C_1_EZI2C_INIT_STRUCT EZI2C_1_configEzI2C =
  65:.\Generated_Source\PSoC4/EZI2C_1_EZI2C.c ****     {
  66:.\Generated_Source\PSoC4/EZI2C_1_EZI2C.c ****         EZI2C_1_EZI2C_CLOCK_STRETCHING,
  67:.\Generated_Source\PSoC4/EZI2C_1_EZI2C.c ****         EZI2C_1_EZI2C_MEDIAN_FILTER_ENABLE,
  68:.\Generated_Source\PSoC4/EZI2C_1_EZI2C.c ****         EZI2C_1_EZI2C_NUMBER_OF_ADDRESSES,
  69:.\Generated_Source\PSoC4/EZI2C_1_EZI2C.c ****         EZI2C_1_EZI2C_PRIMARY_SLAVE_ADDRESS,
  70:.\Generated_Source\PSoC4/EZI2C_1_EZI2C.c ****         EZI2C_1_EZI2C_SECONDARY_SLAVE_ADDRESS,
  71:.\Generated_Source\PSoC4/EZI2C_1_EZI2C.c ****         EZI2C_1_EZI2C_SUB_ADDRESS_SIZE,
  72:.\Generated_Source\PSoC4/EZI2C_1_EZI2C.c ****         EZI2C_1_EZI2C_WAKE_ENABLE
  73:.\Generated_Source\PSoC4/EZI2C_1_EZI2C.c ****     };
  74:.\Generated_Source\PSoC4/EZI2C_1_EZI2C.c **** 
  75:.\Generated_Source\PSoC4/EZI2C_1_EZI2C.c ****     /*******************************************************************************
  76:.\Generated_Source\PSoC4/EZI2C_1_EZI2C.c ****     * Function Name: EZI2C_1_EzI2CInit
  77:.\Generated_Source\PSoC4/EZI2C_1_EZI2C.c ****     ********************************************************************************
  78:.\Generated_Source\PSoC4/EZI2C_1_EZI2C.c ****     *
  79:.\Generated_Source\PSoC4/EZI2C_1_EZI2C.c ****     * Summary:
  80:.\Generated_Source\PSoC4/EZI2C_1_EZI2C.c ****     *  Configures the SCB for the EZI2C operation.
  81:.\Generated_Source\PSoC4/EZI2C_1_EZI2C.c ****     *
  82:.\Generated_Source\PSoC4/EZI2C_1_EZI2C.c ****     * Parameters:
ARM GAS  C:\Users\TSUBAS~1\AppData\Local\Temp\cck1RKSd.s 			page 3


  83:.\Generated_Source\PSoC4/EZI2C_1_EZI2C.c ****     *  config:  Pointer to a structure that contains the following ordered list of
  84:.\Generated_Source\PSoC4/EZI2C_1_EZI2C.c ****     *           fields. These fields match the selections available in the
  85:.\Generated_Source\PSoC4/EZI2C_1_EZI2C.c ****     *           customizer.
  86:.\Generated_Source\PSoC4/EZI2C_1_EZI2C.c ****     *
  87:.\Generated_Source\PSoC4/EZI2C_1_EZI2C.c ****     * Return:
  88:.\Generated_Source\PSoC4/EZI2C_1_EZI2C.c ****     *  None
  89:.\Generated_Source\PSoC4/EZI2C_1_EZI2C.c ****     *
  90:.\Generated_Source\PSoC4/EZI2C_1_EZI2C.c ****     *******************************************************************************/
  91:.\Generated_Source\PSoC4/EZI2C_1_EZI2C.c ****     void EZI2C_1_EzI2CInit(const EZI2C_1_EZI2C_INIT_STRUCT *config)
  92:.\Generated_Source\PSoC4/EZI2C_1_EZI2C.c ****     {
  93:.\Generated_Source\PSoC4/EZI2C_1_EZI2C.c ****         if(NULL == config)
  94:.\Generated_Source\PSoC4/EZI2C_1_EZI2C.c ****         {
  95:.\Generated_Source\PSoC4/EZI2C_1_EZI2C.c ****             CYASSERT(0u != 0u); /* Halt execution due to invalid function parameter */
  96:.\Generated_Source\PSoC4/EZI2C_1_EZI2C.c ****         }
  97:.\Generated_Source\PSoC4/EZI2C_1_EZI2C.c ****         else
  98:.\Generated_Source\PSoC4/EZI2C_1_EZI2C.c ****         {
  99:.\Generated_Source\PSoC4/EZI2C_1_EZI2C.c ****             /* Configure pins */
 100:.\Generated_Source\PSoC4/EZI2C_1_EZI2C.c ****             EZI2C_1_SetPins(EZI2C_1_SCB_MODE_EZI2C, EZI2C_1_DUMMY_PARAM,
 101:.\Generated_Source\PSoC4/EZI2C_1_EZI2C.c ****                                                                       EZI2C_1_DUMMY_PARAM);
 102:.\Generated_Source\PSoC4/EZI2C_1_EZI2C.c **** 
 103:.\Generated_Source\PSoC4/EZI2C_1_EZI2C.c ****             /* Store internal configuration */
 104:.\Generated_Source\PSoC4/EZI2C_1_EZI2C.c ****             EZI2C_1_scbMode       = (uint8) EZI2C_1_SCB_MODE_EZI2C;
 105:.\Generated_Source\PSoC4/EZI2C_1_EZI2C.c ****             EZI2C_1_scbEnableWake = (uint8) config->enableWake;
 106:.\Generated_Source\PSoC4/EZI2C_1_EZI2C.c ****             EZI2C_1_scbEnableIntr = (uint8) EZI2C_1_SCB_IRQ_INTERNAL;
 107:.\Generated_Source\PSoC4/EZI2C_1_EZI2C.c **** 
 108:.\Generated_Source\PSoC4/EZI2C_1_EZI2C.c ****             EZI2C_1_numberOfAddr  = (uint8) config->numberOfAddresses;
 109:.\Generated_Source\PSoC4/EZI2C_1_EZI2C.c ****             EZI2C_1_subAddrSize   = (uint8) config->subAddrSize;
 110:.\Generated_Source\PSoC4/EZI2C_1_EZI2C.c **** 
 111:.\Generated_Source\PSoC4/EZI2C_1_EZI2C.c ****             /* Configure I2C interface */
 112:.\Generated_Source\PSoC4/EZI2C_1_EZI2C.c ****             EZI2C_1_CTRL_REG     = EZI2C_1_GET_CTRL_ADDR_ACCEPT(config->numberOfAddresses) |
 113:.\Generated_Source\PSoC4/EZI2C_1_EZI2C.c ****                                             EZI2C_1_GET_CTRL_EC_AM_MODE (config->enableWake);
 114:.\Generated_Source\PSoC4/EZI2C_1_EZI2C.c **** 
 115:.\Generated_Source\PSoC4/EZI2C_1_EZI2C.c ****             EZI2C_1_I2C_CTRL_REG = EZI2C_1_EZI2C_CTRL;
 116:.\Generated_Source\PSoC4/EZI2C_1_EZI2C.c **** 
 117:.\Generated_Source\PSoC4/EZI2C_1_EZI2C.c ****         #if(EZI2C_1_CY_SCBIP_V0)
 118:.\Generated_Source\PSoC4/EZI2C_1_EZI2C.c ****             /* Adjust SDA filter settings. Ticket ID#150521 */
 119:.\Generated_Source\PSoC4/EZI2C_1_EZI2C.c ****             EZI2C_1_SET_I2C_CFG_SDA_FILT_TRIM(EZI2C_1_EC_AM_I2C_CFG_SDA_FILT_TRIM);
 120:.\Generated_Source\PSoC4/EZI2C_1_EZI2C.c ****         #endif /* (EZI2C_1_CY_SCBIP_V0) */
 121:.\Generated_Source\PSoC4/EZI2C_1_EZI2C.c **** 
 122:.\Generated_Source\PSoC4/EZI2C_1_EZI2C.c ****             /* Configure RX direction */
 123:.\Generated_Source\PSoC4/EZI2C_1_EZI2C.c ****             EZI2C_1_RX_CTRL_REG      = EZI2C_1_GET_RX_CTRL_MEDIAN(config->enableMedianFilter) |
 124:.\Generated_Source\PSoC4/EZI2C_1_EZI2C.c ****                                                 EZI2C_1_EZI2C_RX_CTRL;
 125:.\Generated_Source\PSoC4/EZI2C_1_EZI2C.c ****             EZI2C_1_RX_FIFO_CTRL_REG = EZI2C_1_CLEAR_REG;
 126:.\Generated_Source\PSoC4/EZI2C_1_EZI2C.c **** 
 127:.\Generated_Source\PSoC4/EZI2C_1_EZI2C.c ****             /* Set default address and mask */
 128:.\Generated_Source\PSoC4/EZI2C_1_EZI2C.c ****             if(EZI2C_1_EZI2C_PRIMARY_ADDRESS == config->numberOfAddresses)
 129:.\Generated_Source\PSoC4/EZI2C_1_EZI2C.c ****             {
 130:.\Generated_Source\PSoC4/EZI2C_1_EZI2C.c ****                 EZI2C_1_RX_MATCH_REG = EZI2C_1_EzI2CUpdateRxMatchReg(config->primarySlaveAddr,
 131:.\Generated_Source\PSoC4/EZI2C_1_EZI2C.c ****                                                                                        config->prim
 132:.\Generated_Source\PSoC4/EZI2C_1_EZI2C.c ****             }
 133:.\Generated_Source\PSoC4/EZI2C_1_EZI2C.c ****             else
 134:.\Generated_Source\PSoC4/EZI2C_1_EZI2C.c ****             {
 135:.\Generated_Source\PSoC4/EZI2C_1_EZI2C.c ****                 EZI2C_1_RX_MATCH_REG = EZI2C_1_EzI2CUpdateRxMatchReg(config->primarySlaveAddr,
 136:.\Generated_Source\PSoC4/EZI2C_1_EZI2C.c ****                                                                                        config->seco
 137:.\Generated_Source\PSoC4/EZI2C_1_EZI2C.c ****             }
 138:.\Generated_Source\PSoC4/EZI2C_1_EZI2C.c **** 
 139:.\Generated_Source\PSoC4/EZI2C_1_EZI2C.c ****             /* Configure TX direction */
ARM GAS  C:\Users\TSUBAS~1\AppData\Local\Temp\cck1RKSd.s 			page 4


 140:.\Generated_Source\PSoC4/EZI2C_1_EZI2C.c ****             EZI2C_1_TX_CTRL_REG      = EZI2C_1_EZI2C_TX_CTRL;
 141:.\Generated_Source\PSoC4/EZI2C_1_EZI2C.c ****             EZI2C_1_TX_FIFO_CTRL_REG = ((0u != (config->enableClockStretch)) ?
 142:.\Generated_Source\PSoC4/EZI2C_1_EZI2C.c ****                                                  EZI2C_1_CLEAR_REG : EZI2C_1_EZI2C_TX_FIFO_CTRL);
 143:.\Generated_Source\PSoC4/EZI2C_1_EZI2C.c **** 
 144:.\Generated_Source\PSoC4/EZI2C_1_EZI2C.c ****             /* Configure interrupt sources */
 145:.\Generated_Source\PSoC4/EZI2C_1_EZI2C.c ****         #if(EZI2C_1_CY_SCBIP_V0)
 146:.\Generated_Source\PSoC4/EZI2C_1_EZI2C.c ****            EZI2C_1_INTR_SPI_EC_MASK_REG = EZI2C_1_NO_INTR_SOURCES;
 147:.\Generated_Source\PSoC4/EZI2C_1_EZI2C.c ****         #endif /* (EZI2C_1_CY_SCBIP_V0) */
 148:.\Generated_Source\PSoC4/EZI2C_1_EZI2C.c **** 
 149:.\Generated_Source\PSoC4/EZI2C_1_EZI2C.c ****             EZI2C_1_INTR_I2C_EC_MASK_REG = EZI2C_1_NO_INTR_SOURCES;
 150:.\Generated_Source\PSoC4/EZI2C_1_EZI2C.c ****             EZI2C_1_INTR_MASTER_MASK_REG = EZI2C_1_NO_INTR_SOURCES;
 151:.\Generated_Source\PSoC4/EZI2C_1_EZI2C.c ****             EZI2C_1_INTR_SLAVE_MASK_REG  = EZI2C_1_EZI2C_INTR_SLAVE_MASK;
 152:.\Generated_Source\PSoC4/EZI2C_1_EZI2C.c ****             EZI2C_1_INTR_TX_MASK_REG     = EZI2C_1_NO_INTR_SOURCES;
 153:.\Generated_Source\PSoC4/EZI2C_1_EZI2C.c **** 
 154:.\Generated_Source\PSoC4/EZI2C_1_EZI2C.c ****             /* Configure interrupt with EZI2C handler but do not enable it */
 155:.\Generated_Source\PSoC4/EZI2C_1_EZI2C.c ****             CyIntDisable    (EZI2C_1_ISR_NUMBER);
 156:.\Generated_Source\PSoC4/EZI2C_1_EZI2C.c ****             CyIntSetPriority(EZI2C_1_ISR_NUMBER, EZI2C_1_ISR_PRIORITY);
 157:.\Generated_Source\PSoC4/EZI2C_1_EZI2C.c ****             (void) CyIntSetVector(EZI2C_1_ISR_NUMBER, (0u != (config->enableClockStretch)) ?
 158:.\Generated_Source\PSoC4/EZI2C_1_EZI2C.c ****                                                                       (&EZI2C_1_EZI2C_STRETCH_ISR) 
 159:.\Generated_Source\PSoC4/EZI2C_1_EZI2C.c ****                                                                       (&EZI2C_1_EZI2C_NO_STRETCH_IS
 160:.\Generated_Source\PSoC4/EZI2C_1_EZI2C.c **** 
 161:.\Generated_Source\PSoC4/EZI2C_1_EZI2C.c ****             if(0u != (config->enableClockStretch))
 162:.\Generated_Source\PSoC4/EZI2C_1_EZI2C.c ****             {
 163:.\Generated_Source\PSoC4/EZI2C_1_EZI2C.c ****                 /* Configure interrupt sources */
 164:.\Generated_Source\PSoC4/EZI2C_1_EZI2C.c ****                 EZI2C_1_INTR_SLAVE_MASK_REG |= EZI2C_1_INTR_SLAVE_I2C_ADDR_MATCH;
 165:.\Generated_Source\PSoC4/EZI2C_1_EZI2C.c ****                 EZI2C_1_INTR_RX_MASK_REG     = EZI2C_1_NO_INTR_SOURCES;
 166:.\Generated_Source\PSoC4/EZI2C_1_EZI2C.c ****             }
 167:.\Generated_Source\PSoC4/EZI2C_1_EZI2C.c ****             else
 168:.\Generated_Source\PSoC4/EZI2C_1_EZI2C.c ****             {
 169:.\Generated_Source\PSoC4/EZI2C_1_EZI2C.c ****                 /* Enable Auto ACK/NACK features */
 170:.\Generated_Source\PSoC4/EZI2C_1_EZI2C.c ****                 EZI2C_1_I2C_CTRL_REG |= EZI2C_1_EZI2C_CTRL_AUTO;
 171:.\Generated_Source\PSoC4/EZI2C_1_EZI2C.c **** 
 172:.\Generated_Source\PSoC4/EZI2C_1_EZI2C.c ****                 /* Configure RX interrupt source */
 173:.\Generated_Source\PSoC4/EZI2C_1_EZI2C.c ****                 EZI2C_1_INTR_SLAVE_MASK_REG |= EZI2C_1_INTR_SLAVE_I2C_START;
 174:.\Generated_Source\PSoC4/EZI2C_1_EZI2C.c ****                 EZI2C_1_INTR_RX_MASK_REG     = EZI2C_1_INTR_RX_NOT_EMPTY;
 175:.\Generated_Source\PSoC4/EZI2C_1_EZI2C.c ****             }
 176:.\Generated_Source\PSoC4/EZI2C_1_EZI2C.c **** 
 177:.\Generated_Source\PSoC4/EZI2C_1_EZI2C.c ****             /* Configure global variables */
 178:.\Generated_Source\PSoC4/EZI2C_1_EZI2C.c ****             EZI2C_1_fsmState = EZI2C_1_EZI2C_FSM_IDLE;
 179:.\Generated_Source\PSoC4/EZI2C_1_EZI2C.c **** 
 180:.\Generated_Source\PSoC4/EZI2C_1_EZI2C.c ****             EZI2C_1_curStatus  = 0u;
 181:.\Generated_Source\PSoC4/EZI2C_1_EZI2C.c ****             EZI2C_1_indexBuf1  = 0u;
 182:.\Generated_Source\PSoC4/EZI2C_1_EZI2C.c ****             EZI2C_1_offsetBuf1 = 0u;
 183:.\Generated_Source\PSoC4/EZI2C_1_EZI2C.c ****             EZI2C_1_indexBuf2  = 0u;
 184:.\Generated_Source\PSoC4/EZI2C_1_EZI2C.c ****             EZI2C_1_offsetBuf2 = 0u;
 185:.\Generated_Source\PSoC4/EZI2C_1_EZI2C.c **** 
 186:.\Generated_Source\PSoC4/EZI2C_1_EZI2C.c ****             EZI2C_1_addrBuf1 = (uint8) config->primarySlaveAddr;
 187:.\Generated_Source\PSoC4/EZI2C_1_EZI2C.c ****             EZI2C_1_addrBuf2 = (uint8) config->secondarySlaveAddr;
 188:.\Generated_Source\PSoC4/EZI2C_1_EZI2C.c ****         }
 189:.\Generated_Source\PSoC4/EZI2C_1_EZI2C.c ****     }
 190:.\Generated_Source\PSoC4/EZI2C_1_EZI2C.c **** 
 191:.\Generated_Source\PSoC4/EZI2C_1_EZI2C.c **** #else
 192:.\Generated_Source\PSoC4/EZI2C_1_EZI2C.c **** 
 193:.\Generated_Source\PSoC4/EZI2C_1_EZI2C.c ****     /*******************************************************************************
 194:.\Generated_Source\PSoC4/EZI2C_1_EZI2C.c ****     * Function Name: EZI2C_1_EzI2CInit
 195:.\Generated_Source\PSoC4/EZI2C_1_EZI2C.c ****     ********************************************************************************
 196:.\Generated_Source\PSoC4/EZI2C_1_EZI2C.c ****     *
ARM GAS  C:\Users\TSUBAS~1\AppData\Local\Temp\cck1RKSd.s 			page 5


 197:.\Generated_Source\PSoC4/EZI2C_1_EZI2C.c ****     * Summary:
 198:.\Generated_Source\PSoC4/EZI2C_1_EZI2C.c ****     *  Configures the SCB for the EZI2C operation.
 199:.\Generated_Source\PSoC4/EZI2C_1_EZI2C.c ****     *
 200:.\Generated_Source\PSoC4/EZI2C_1_EZI2C.c ****     * Parameters:
 201:.\Generated_Source\PSoC4/EZI2C_1_EZI2C.c ****     *  None
 202:.\Generated_Source\PSoC4/EZI2C_1_EZI2C.c ****     *
 203:.\Generated_Source\PSoC4/EZI2C_1_EZI2C.c ****     * Return:
 204:.\Generated_Source\PSoC4/EZI2C_1_EZI2C.c ****     *  None
 205:.\Generated_Source\PSoC4/EZI2C_1_EZI2C.c ****     *
 206:.\Generated_Source\PSoC4/EZI2C_1_EZI2C.c ****     *******************************************************************************/
 207:.\Generated_Source\PSoC4/EZI2C_1_EZI2C.c ****     void EZI2C_1_EzI2CInit(void)
 208:.\Generated_Source\PSoC4/EZI2C_1_EZI2C.c ****     {
  33              		.loc 1 208 0
  34              		.cfi_startproc
  35 0000 80B5     		push	{r7, lr}
  36              	.LCFI0:
  37              		.cfi_def_cfa_offset 8
  38              		.cfi_offset 7, -8
  39              		.cfi_offset 14, -4
  40 0002 00AF     		add	r7, sp, #0
  41              	.LCFI1:
  42              		.cfi_def_cfa_register 7
 209:.\Generated_Source\PSoC4/EZI2C_1_EZI2C.c ****         /* Configure I2C interface */
 210:.\Generated_Source\PSoC4/EZI2C_1_EZI2C.c ****         EZI2C_1_CTRL_REG     = EZI2C_1_EZI2C_DEFAULT_CTRL;
  43              		.loc 1 210 0
  44 0004 234B     		ldr	r3, .L2
  45 0006 0022     		mov	r2, #0
  46 0008 1A60     		str	r2, [r3]
 211:.\Generated_Source\PSoC4/EZI2C_1_EZI2C.c ****         EZI2C_1_I2C_CTRL_REG = EZI2C_1_EZI2C_DEFAULT_I2C_CTRL;
  47              		.loc 1 211 0
  48 000a 234B     		ldr	r3, .L2+4
  49 000c 234A     		ldr	r2, .L2+8
  50 000e 1A60     		str	r2, [r3]
 212:.\Generated_Source\PSoC4/EZI2C_1_EZI2C.c **** 
 213:.\Generated_Source\PSoC4/EZI2C_1_EZI2C.c ****     #if(EZI2C_1_CY_SCBIP_V0)
 214:.\Generated_Source\PSoC4/EZI2C_1_EZI2C.c ****         /* Adjust SDA filter settings. Ticket ID#150521 */
 215:.\Generated_Source\PSoC4/EZI2C_1_EZI2C.c ****         EZI2C_1_SET_I2C_CFG_SDA_FILT_TRIM(EZI2C_1_EC_AM_I2C_CFG_SDA_FILT_TRIM);
  51              		.loc 1 215 0
  52 0010 234B     		ldr	r3, .L2+12
  53 0012 234A     		ldr	r2, .L2+12
  54 0014 1268     		ldr	r2, [r2]
  55 0016 0C21     		mov	r1, #12
  56 0018 0A43     		orr	r2, r1
  57 001a 1A60     		str	r2, [r3]
 216:.\Generated_Source\PSoC4/EZI2C_1_EZI2C.c ****     #endif /* (EZI2C_1_CY_SCBIP_V0) */
 217:.\Generated_Source\PSoC4/EZI2C_1_EZI2C.c **** 
 218:.\Generated_Source\PSoC4/EZI2C_1_EZI2C.c ****         /* Configure RX direction */
 219:.\Generated_Source\PSoC4/EZI2C_1_EZI2C.c ****         EZI2C_1_RX_CTRL_REG      = EZI2C_1_EZI2C_DEFAULT_RX_CTRL;
  58              		.loc 1 219 0
  59 001c 214B     		ldr	r3, .L2+16
  60 001e 224A     		ldr	r2, .L2+20
  61 0020 1A60     		str	r2, [r3]
 220:.\Generated_Source\PSoC4/EZI2C_1_EZI2C.c ****         EZI2C_1_RX_FIFO_CTRL_REG = EZI2C_1_EZI2C_DEFAULT_RX_FIFO_CTRL;
  62              		.loc 1 220 0
  63 0022 224B     		ldr	r3, .L2+24
  64 0024 0022     		mov	r2, #0
  65 0026 1A60     		str	r2, [r3]
ARM GAS  C:\Users\TSUBAS~1\AppData\Local\Temp\cck1RKSd.s 			page 6


 221:.\Generated_Source\PSoC4/EZI2C_1_EZI2C.c **** 
 222:.\Generated_Source\PSoC4/EZI2C_1_EZI2C.c ****         /* Set default address and mask */
 223:.\Generated_Source\PSoC4/EZI2C_1_EZI2C.c ****         EZI2C_1_RX_MATCH_REG     = EZI2C_1_EZI2C_DEFAULT_RX_MATCH;
  66              		.loc 1 223 0
  67 0028 214B     		ldr	r3, .L2+28
  68 002a 224A     		ldr	r2, .L2+32
  69 002c 1A60     		str	r2, [r3]
 224:.\Generated_Source\PSoC4/EZI2C_1_EZI2C.c **** 
 225:.\Generated_Source\PSoC4/EZI2C_1_EZI2C.c ****         /* Configure TX direction */
 226:.\Generated_Source\PSoC4/EZI2C_1_EZI2C.c ****         EZI2C_1_TX_CTRL_REG      = EZI2C_1_EZI2C_DEFAULT_TX_CTRL;
  70              		.loc 1 226 0
  71 002e 224B     		ldr	r3, .L2+36
  72 0030 224A     		ldr	r2, .L2+40
  73 0032 1A60     		str	r2, [r3]
 227:.\Generated_Source\PSoC4/EZI2C_1_EZI2C.c ****         EZI2C_1_TX_FIFO_CTRL_REG = EZI2C_1_EZI2C_DEFAULT_TX_FIFO_CTRL;
  74              		.loc 1 227 0
  75 0034 224B     		ldr	r3, .L2+44
  76 0036 0022     		mov	r2, #0
  77 0038 1A60     		str	r2, [r3]
 228:.\Generated_Source\PSoC4/EZI2C_1_EZI2C.c **** 
 229:.\Generated_Source\PSoC4/EZI2C_1_EZI2C.c ****         /* Configure interrupt with EZI2C handler but do not enable it */
 230:.\Generated_Source\PSoC4/EZI2C_1_EZI2C.c ****     #if !defined (CY_EXTERNAL_INTERRUPT_CONFIG)
 231:.\Generated_Source\PSoC4/EZI2C_1_EZI2C.c ****         CyIntDisable    (EZI2C_1_ISR_NUMBER);
  78              		.loc 1 231 0
  79 003a 0A20     		mov	r0, #10
  80 003c FFF7FEFF 		bl	CyIntDisable
 232:.\Generated_Source\PSoC4/EZI2C_1_EZI2C.c ****         CyIntSetPriority(EZI2C_1_ISR_NUMBER, EZI2C_1_ISR_PRIORITY);
  81              		.loc 1 232 0
  82 0040 0A20     		mov	r0, #10
  83 0042 0321     		mov	r1, #3
  84 0044 FFF7FEFF 		bl	CyIntSetPriority
 233:.\Generated_Source\PSoC4/EZI2C_1_EZI2C.c **** 
 234:.\Generated_Source\PSoC4/EZI2C_1_EZI2C.c ****     #if(EZI2C_1_EZI2C_SCL_STRETCH_ENABLE_CONST)
 235:.\Generated_Source\PSoC4/EZI2C_1_EZI2C.c ****         (void) CyIntSetVector(EZI2C_1_ISR_NUMBER, &EZI2C_1_EZI2C_STRETCH_ISR);
  85              		.loc 1 235 0
  86 0048 1E4B     		ldr	r3, .L2+48
  87 004a 0A20     		mov	r0, #10
  88 004c 191C     		mov	r1, r3
  89 004e FFF7FEFF 		bl	CyIntSetVector
 236:.\Generated_Source\PSoC4/EZI2C_1_EZI2C.c ****     #else
 237:.\Generated_Source\PSoC4/EZI2C_1_EZI2C.c ****         (void) CyIntSetVector(EZI2C_1_ISR_NUMBER, &EZI2C_1_EZI2C_NO_STRETCH_ISR);
 238:.\Generated_Source\PSoC4/EZI2C_1_EZI2C.c ****     #endif /* (EZI2C_1_EZI2C_SCL_STRETCH_ENABLE_CONST) */
 239:.\Generated_Source\PSoC4/EZI2C_1_EZI2C.c **** 
 240:.\Generated_Source\PSoC4/EZI2C_1_EZI2C.c ****     #endif /* !defined (CY_EXTERNAL_INTERRUPT_CONFIG) */
 241:.\Generated_Source\PSoC4/EZI2C_1_EZI2C.c **** 
 242:.\Generated_Source\PSoC4/EZI2C_1_EZI2C.c ****         /* Configure interrupt sources */
 243:.\Generated_Source\PSoC4/EZI2C_1_EZI2C.c ****     #if(EZI2C_1_CY_SCBIP_V0)
 244:.\Generated_Source\PSoC4/EZI2C_1_EZI2C.c ****         EZI2C_1_INTR_SPI_EC_MASK_REG = EZI2C_1_EZI2C_DEFAULT_INTR_SPI_EC_MASK;
  90              		.loc 1 244 0
  91 0052 1D4B     		ldr	r3, .L2+52
  92 0054 0022     		mov	r2, #0
  93 0056 1A60     		str	r2, [r3]
 245:.\Generated_Source\PSoC4/EZI2C_1_EZI2C.c ****     #endif /* (EZI2C_1_CY_SCBIP_V0) */
 246:.\Generated_Source\PSoC4/EZI2C_1_EZI2C.c **** 
 247:.\Generated_Source\PSoC4/EZI2C_1_EZI2C.c ****         EZI2C_1_INTR_I2C_EC_MASK_REG = EZI2C_1_EZI2C_DEFAULT_INTR_I2C_EC_MASK;
  94              		.loc 1 247 0
  95 0058 1C4B     		ldr	r3, .L2+56
ARM GAS  C:\Users\TSUBAS~1\AppData\Local\Temp\cck1RKSd.s 			page 7


  96 005a 0022     		mov	r2, #0
  97 005c 1A60     		str	r2, [r3]
 248:.\Generated_Source\PSoC4/EZI2C_1_EZI2C.c ****         EZI2C_1_INTR_SLAVE_MASK_REG  = EZI2C_1_EZI2C_DEFAULT_INTR_SLAVE_MASK;
  98              		.loc 1 248 0
  99 005e 1C4B     		ldr	r3, .L2+60
 100 0060 1C4A     		ldr	r2, .L2+64
 101 0062 1A60     		str	r2, [r3]
 249:.\Generated_Source\PSoC4/EZI2C_1_EZI2C.c ****         EZI2C_1_INTR_MASTER_MASK_REG = EZI2C_1_EZI2C_DEFAULT_INTR_MASTER_MASK;
 102              		.loc 1 249 0
 103 0064 1C4B     		ldr	r3, .L2+68
 104 0066 0022     		mov	r2, #0
 105 0068 1A60     		str	r2, [r3]
 250:.\Generated_Source\PSoC4/EZI2C_1_EZI2C.c ****         EZI2C_1_INTR_RX_MASK_REG     = EZI2C_1_EZI2C_DEFAULT_INTR_RX_MASK;
 106              		.loc 1 250 0
 107 006a 1C4B     		ldr	r3, .L2+72
 108 006c 0022     		mov	r2, #0
 109 006e 1A60     		str	r2, [r3]
 251:.\Generated_Source\PSoC4/EZI2C_1_EZI2C.c ****         EZI2C_1_INTR_TX_MASK_REG     = EZI2C_1_EZI2C_DEFAULT_INTR_TX_MASK;
 110              		.loc 1 251 0
 111 0070 1B4B     		ldr	r3, .L2+76
 112 0072 0022     		mov	r2, #0
 113 0074 1A60     		str	r2, [r3]
 252:.\Generated_Source\PSoC4/EZI2C_1_EZI2C.c **** 
 253:.\Generated_Source\PSoC4/EZI2C_1_EZI2C.c ****         /* Configure global variables */
 254:.\Generated_Source\PSoC4/EZI2C_1_EZI2C.c ****         EZI2C_1_fsmState = EZI2C_1_EZI2C_FSM_IDLE;
 114              		.loc 1 254 0
 115 0076 1B4B     		ldr	r3, .L2+80
 116 0078 0022     		mov	r2, #0
 117 007a 1A70     		strb	r2, [r3]
 255:.\Generated_Source\PSoC4/EZI2C_1_EZI2C.c **** 
 256:.\Generated_Source\PSoC4/EZI2C_1_EZI2C.c ****         EZI2C_1_curStatus  = 0u;
 118              		.loc 1 256 0
 119 007c 1A4B     		ldr	r3, .L2+84
 120 007e 0022     		mov	r2, #0
 121 0080 1A70     		strb	r2, [r3]
 257:.\Generated_Source\PSoC4/EZI2C_1_EZI2C.c ****         EZI2C_1_indexBuf1  = 0u;
 122              		.loc 1 257 0
 123 0082 1A4B     		ldr	r3, .L2+88
 124 0084 0022     		mov	r2, #0
 125 0086 1A80     		strh	r2, [r3]
 258:.\Generated_Source\PSoC4/EZI2C_1_EZI2C.c ****         EZI2C_1_offsetBuf1 = 0u;
 126              		.loc 1 258 0
 127 0088 194B     		ldr	r3, .L2+92
 128 008a 0022     		mov	r2, #0
 129 008c 1A70     		strb	r2, [r3]
 259:.\Generated_Source\PSoC4/EZI2C_1_EZI2C.c **** 
 260:.\Generated_Source\PSoC4/EZI2C_1_EZI2C.c ****     #if(EZI2C_1_SECONDARY_ADDRESS_ENABLE_CONST)
 261:.\Generated_Source\PSoC4/EZI2C_1_EZI2C.c ****         EZI2C_1_indexBuf2  = 0u;
 262:.\Generated_Source\PSoC4/EZI2C_1_EZI2C.c ****         EZI2C_1_offsetBuf2 = 0u;
 263:.\Generated_Source\PSoC4/EZI2C_1_EZI2C.c **** 
 264:.\Generated_Source\PSoC4/EZI2C_1_EZI2C.c ****         EZI2C_1_addrBuf1 = EZI2C_1_EZI2C_PRIMARY_SLAVE_ADDRESS;
 265:.\Generated_Source\PSoC4/EZI2C_1_EZI2C.c ****         EZI2C_1_addrBuf2 = EZI2C_1_EZI2C_SECONDARY_SLAVE_ADDRESS;
 266:.\Generated_Source\PSoC4/EZI2C_1_EZI2C.c ****     #endif /* (EZI2C_1_SECONDARY_ADDRESS_ENABLE_CONST) */
 267:.\Generated_Source\PSoC4/EZI2C_1_EZI2C.c ****     }
 130              		.loc 1 267 0
 131 008e BD46     		mov	sp, r7
 132              		@ sp needed for prologue
ARM GAS  C:\Users\TSUBAS~1\AppData\Local\Temp\cck1RKSd.s 			page 8


 133 0090 80BD     		pop	{r7, pc}
 134              	.L3:
 135 0092 C046     		.align	2
 136              	.L2:
 137 0094 00000640 		.word	1074135040
 138 0098 60000640 		.word	1074135136
 139 009c 00080040 		.word	1073743872
 140 00a0 70000640 		.word	1074135152
 141 00a4 00030640 		.word	1074135808
 142 00a8 07030080 		.word	-2147482873
 143 00ac 04030640 		.word	1074135812
 144 00b0 10030640 		.word	1074135824
 145 00b4 1000FE00 		.word	16646160
 146 00b8 00020640 		.word	1074135552
 147 00bc 07010080 		.word	-2147483385
 148 00c0 04020640 		.word	1074135556
 149 00c4 00000000 		.word	EZI2C_1_EZI2C_STRETCH_ISR
 150 00c8 C80E0640 		.word	1074138824
 151 00cc 880E0640 		.word	1074138760
 152 00d0 480F0640 		.word	1074138952
 153 00d4 51010000 		.word	337
 154 00d8 080F0640 		.word	1074138888
 155 00dc C80F0640 		.word	1074139080
 156 00e0 880F0640 		.word	1074139016
 157 00e4 00000000 		.word	EZI2C_1_fsmState
 158 00e8 00000000 		.word	EZI2C_1_curStatus
 159 00ec 00000000 		.word	EZI2C_1_indexBuf1
 160 00f0 00000000 		.word	EZI2C_1_offsetBuf1
 161              		.cfi_endproc
 162              	.LFE0:
 163              		.size	EZI2C_1_EzI2CInit, .-EZI2C_1_EzI2CInit
 164              		.section	.text.EZI2C_1_EzI2CStop,"ax",%progbits
 165              		.align	2
 166              		.global	EZI2C_1_EzI2CStop
 167              		.code	16
 168              		.thumb_func
 169              		.type	EZI2C_1_EzI2CStop, %function
 170              	EZI2C_1_EzI2CStop:
 171              	.LFB1:
 268:.\Generated_Source\PSoC4/EZI2C_1_EZI2C.c **** #endif /* (EZI2C_1_SCB_MODE_UNCONFIG_CONST_CFG) */
 269:.\Generated_Source\PSoC4/EZI2C_1_EZI2C.c **** 
 270:.\Generated_Source\PSoC4/EZI2C_1_EZI2C.c **** 
 271:.\Generated_Source\PSoC4/EZI2C_1_EZI2C.c **** /*******************************************************************************
 272:.\Generated_Source\PSoC4/EZI2C_1_EZI2C.c **** * Function Name: EZI2C_1_EzI2CStop
 273:.\Generated_Source\PSoC4/EZI2C_1_EZI2C.c **** ********************************************************************************
 274:.\Generated_Source\PSoC4/EZI2C_1_EZI2C.c **** *
 275:.\Generated_Source\PSoC4/EZI2C_1_EZI2C.c **** * Summary:
 276:.\Generated_Source\PSoC4/EZI2C_1_EZI2C.c **** *  Resets the EZI2C FSM into a default state and disables TX interrupt sources.
 277:.\Generated_Source\PSoC4/EZI2C_1_EZI2C.c **** *
 278:.\Generated_Source\PSoC4/EZI2C_1_EZI2C.c **** * Parameters:
 279:.\Generated_Source\PSoC4/EZI2C_1_EZI2C.c **** *  None
 280:.\Generated_Source\PSoC4/EZI2C_1_EZI2C.c **** *
 281:.\Generated_Source\PSoC4/EZI2C_1_EZI2C.c **** * Return:
 282:.\Generated_Source\PSoC4/EZI2C_1_EZI2C.c **** *  None
 283:.\Generated_Source\PSoC4/EZI2C_1_EZI2C.c **** *
 284:.\Generated_Source\PSoC4/EZI2C_1_EZI2C.c **** *******************************************************************************/
 285:.\Generated_Source\PSoC4/EZI2C_1_EZI2C.c **** void EZI2C_1_EzI2CStop(void)
ARM GAS  C:\Users\TSUBAS~1\AppData\Local\Temp\cck1RKSd.s 			page 9


 286:.\Generated_Source\PSoC4/EZI2C_1_EZI2C.c **** {
 172              		.loc 1 286 0
 173              		.cfi_startproc
 174 0000 80B5     		push	{r7, lr}
 175              	.LCFI2:
 176              		.cfi_def_cfa_offset 8
 177              		.cfi_offset 7, -8
 178              		.cfi_offset 14, -4
 179 0002 00AF     		add	r7, sp, #0
 180              	.LCFI3:
 181              		.cfi_def_cfa_register 7
 287:.\Generated_Source\PSoC4/EZI2C_1_EZI2C.c ****     /* Disable TX interrupt sources in order not to  cause the false interrupts trigger.
 288:.\Generated_Source\PSoC4/EZI2C_1_EZI2C.c ****     * The incoming transaction will enable an appropriate TX interrupt.
 289:.\Generated_Source\PSoC4/EZI2C_1_EZI2C.c ****     */
 290:.\Generated_Source\PSoC4/EZI2C_1_EZI2C.c ****     EZI2C_1_SetTxInterruptMode(EZI2C_1_NO_INTR_SOURCES);
 182              		.loc 1 290 0
 183 0004 054B     		ldr	r3, .L5
 184 0006 0022     		mov	r2, #0
 185 0008 1A60     		str	r2, [r3]
 291:.\Generated_Source\PSoC4/EZI2C_1_EZI2C.c **** 
 292:.\Generated_Source\PSoC4/EZI2C_1_EZI2C.c **** #if(EZI2C_1_CY_SCBIP_V0)
 293:.\Generated_Source\PSoC4/EZI2C_1_EZI2C.c ****     /* Clear pending interrupt as after the block is disabled, the TX FIFO becomes empty and
 294:.\Generated_Source\PSoC4/EZI2C_1_EZI2C.c ****     * the block does not gate the interrupt sources when disabled.
 295:.\Generated_Source\PSoC4/EZI2C_1_EZI2C.c ****     */
 296:.\Generated_Source\PSoC4/EZI2C_1_EZI2C.c ****     EZI2C_1_ClearPendingInt();
 186              		.loc 1 296 0
 187 000a 0A20     		mov	r0, #10
 188 000c FFF7FEFF 		bl	CyIntClearPending
 297:.\Generated_Source\PSoC4/EZI2C_1_EZI2C.c **** #endif /* (EZI2C_1_CY_SCBIP_V0) */
 298:.\Generated_Source\PSoC4/EZI2C_1_EZI2C.c **** 
 299:.\Generated_Source\PSoC4/EZI2C_1_EZI2C.c ****     EZI2C_1_fsmState = EZI2C_1_EZI2C_FSM_IDLE;
 189              		.loc 1 299 0
 190 0010 034B     		ldr	r3, .L5+4
 191 0012 0022     		mov	r2, #0
 192 0014 1A70     		strb	r2, [r3]
 300:.\Generated_Source\PSoC4/EZI2C_1_EZI2C.c **** }
 193              		.loc 1 300 0
 194 0016 BD46     		mov	sp, r7
 195              		@ sp needed for prologue
 196 0018 80BD     		pop	{r7, pc}
 197              	.L6:
 198 001a C046     		.align	2
 199              	.L5:
 200 001c 880F0640 		.word	1074139016
 201 0020 00000000 		.word	EZI2C_1_fsmState
 202              		.cfi_endproc
 203              	.LFE1:
 204              		.size	EZI2C_1_EzI2CStop, .-EZI2C_1_EzI2CStop
 205              		.section	.text.EZI2C_1_EzI2CGetActivity,"ax",%progbits
 206              		.align	2
 207              		.global	EZI2C_1_EzI2CGetActivity
 208              		.code	16
 209              		.thumb_func
 210              		.type	EZI2C_1_EzI2CGetActivity, %function
 211              	EZI2C_1_EzI2CGetActivity:
 212              	.LFB2:
 301:.\Generated_Source\PSoC4/EZI2C_1_EZI2C.c **** 
ARM GAS  C:\Users\TSUBAS~1\AppData\Local\Temp\cck1RKSd.s 			page 10


 302:.\Generated_Source\PSoC4/EZI2C_1_EZI2C.c **** 
 303:.\Generated_Source\PSoC4/EZI2C_1_EZI2C.c **** /*******************************************************************************
 304:.\Generated_Source\PSoC4/EZI2C_1_EZI2C.c **** * Function Name: EZI2C_1_EzI2CGetActivity
 305:.\Generated_Source\PSoC4/EZI2C_1_EZI2C.c **** ********************************************************************************
 306:.\Generated_Source\PSoC4/EZI2C_1_EZI2C.c **** *
 307:.\Generated_Source\PSoC4/EZI2C_1_EZI2C.c **** * Summary:
 308:.\Generated_Source\PSoC4/EZI2C_1_EZI2C.c **** *  Returns the EZI2C slave status.
 309:.\Generated_Source\PSoC4/EZI2C_1_EZI2C.c **** *  The read, write and error status flags reset to zero after this function call.
 310:.\Generated_Source\PSoC4/EZI2C_1_EZI2C.c **** *  The busy status flag is cleared when the transaction intended for the EZ
 311:.\Generated_Source\PSoC4/EZI2C_1_EZI2C.c **** *  I2C slave completes.
 312:.\Generated_Source\PSoC4/EZI2C_1_EZI2C.c **** *
 313:.\Generated_Source\PSoC4/EZI2C_1_EZI2C.c **** * Parameters:
 314:.\Generated_Source\PSoC4/EZI2C_1_EZI2C.c **** *  None
 315:.\Generated_Source\PSoC4/EZI2C_1_EZI2C.c **** *
 316:.\Generated_Source\PSoC4/EZI2C_1_EZI2C.c **** * Return:
 317:.\Generated_Source\PSoC4/EZI2C_1_EZI2C.c **** *  Returns the status of the EZI2C Slave activity.
 318:.\Generated_Source\PSoC4/EZI2C_1_EZI2C.c **** *
 319:.\Generated_Source\PSoC4/EZI2C_1_EZI2C.c **** *******************************************************************************/
 320:.\Generated_Source\PSoC4/EZI2C_1_EZI2C.c **** uint32 EZI2C_1_EzI2CGetActivity(void)
 321:.\Generated_Source\PSoC4/EZI2C_1_EZI2C.c **** {
 213              		.loc 1 321 0
 214              		.cfi_startproc
 215 0000 80B5     		push	{r7, lr}
 216              	.LCFI4:
 217              		.cfi_def_cfa_offset 8
 218              		.cfi_offset 7, -8
 219              		.cfi_offset 14, -4
 220 0002 82B0     		sub	sp, sp, #8
 221              	.LCFI5:
 222              		.cfi_def_cfa_offset 16
 223 0004 00AF     		add	r7, sp, #0
 224              	.LCFI6:
 225              		.cfi_def_cfa_register 7
 322:.\Generated_Source\PSoC4/EZI2C_1_EZI2C.c ****     uint32 status;
 323:.\Generated_Source\PSoC4/EZI2C_1_EZI2C.c ****     uint32 slaveBusy;
 324:.\Generated_Source\PSoC4/EZI2C_1_EZI2C.c **** 
 325:.\Generated_Source\PSoC4/EZI2C_1_EZI2C.c ****     slaveBusy = 0u;
 226              		.loc 1 325 0
 227 0006 0023     		mov	r3, #0
 228 0008 3B60     		str	r3, [r7]
 326:.\Generated_Source\PSoC4/EZI2C_1_EZI2C.c **** 
 327:.\Generated_Source\PSoC4/EZI2C_1_EZI2C.c ****     EZI2C_1_DisableInt();  /* Lock from interruption */
 229              		.loc 1 327 0
 230 000a 0A20     		mov	r0, #10
 231 000c FFF7FEFF 		bl	CyIntDisable
 328:.\Generated_Source\PSoC4/EZI2C_1_EZI2C.c **** 
 329:.\Generated_Source\PSoC4/EZI2C_1_EZI2C.c ****     status = EZI2C_1_curStatus;
 232              		.loc 1 329 0
 233 0010 0D4B     		ldr	r3, .L10
 234 0012 1B78     		ldrb	r3, [r3]
 235 0014 DBB2     		uxtb	r3, r3
 236 0016 7B60     		str	r3, [r7, #4]
 330:.\Generated_Source\PSoC4/EZI2C_1_EZI2C.c **** 
 331:.\Generated_Source\PSoC4/EZI2C_1_EZI2C.c ****     /* Relay on address match event from HW as bus busy status */
 332:.\Generated_Source\PSoC4/EZI2C_1_EZI2C.c **** #if(EZI2C_1_CY_SCBIP_V0)
 333:.\Generated_Source\PSoC4/EZI2C_1_EZI2C.c **** 
 334:.\Generated_Source\PSoC4/EZI2C_1_EZI2C.c ****     #if(EZI2C_1_EZI2C_SCL_STRETCH_DISABLE)
ARM GAS  C:\Users\TSUBAS~1\AppData\Local\Temp\cck1RKSd.s 			page 11


 335:.\Generated_Source\PSoC4/EZI2C_1_EZI2C.c ****     {
 336:.\Generated_Source\PSoC4/EZI2C_1_EZI2C.c ****         slaveBusy = (uint32) EZI2C_1_CHECK_INTR_SLAVE(EZI2C_1_INTR_SLAVE_I2C_ADDR_MATCH);
 337:.\Generated_Source\PSoC4/EZI2C_1_EZI2C.c ****     }
 338:.\Generated_Source\PSoC4/EZI2C_1_EZI2C.c ****     #endif
 339:.\Generated_Source\PSoC4/EZI2C_1_EZI2C.c **** #else
 340:.\Generated_Source\PSoC4/EZI2C_1_EZI2C.c ****     #if(EZI2C_1_EZI2C_SCL_STRETCH_DISABLE)
 341:.\Generated_Source\PSoC4/EZI2C_1_EZI2C.c ****     {
 342:.\Generated_Source\PSoC4/EZI2C_1_EZI2C.c ****         #if(EZI2C_1_EZI2C_EC_AM_ENABLE)
 343:.\Generated_Source\PSoC4/EZI2C_1_EZI2C.c ****         {
 344:.\Generated_Source\PSoC4/EZI2C_1_EZI2C.c ****             slaveBusy = (uint32) EZI2C_1_CHECK_INTR_I2C_EC(EZI2C_1_INTR_I2C_EC_WAKE_UP);
 345:.\Generated_Source\PSoC4/EZI2C_1_EZI2C.c ****         }
 346:.\Generated_Source\PSoC4/EZI2C_1_EZI2C.c ****         #else
 347:.\Generated_Source\PSoC4/EZI2C_1_EZI2C.c ****         {
 348:.\Generated_Source\PSoC4/EZI2C_1_EZI2C.c ****             slaveBusy = (uint32) EZI2C_1_CHECK_INTR_SLAVE(EZI2C_1_INTR_SLAVE_I2C_ADDR_MATCH);
 349:.\Generated_Source\PSoC4/EZI2C_1_EZI2C.c ****         }
 350:.\Generated_Source\PSoC4/EZI2C_1_EZI2C.c ****         #endif
 351:.\Generated_Source\PSoC4/EZI2C_1_EZI2C.c ****     }
 352:.\Generated_Source\PSoC4/EZI2C_1_EZI2C.c ****     #endif
 353:.\Generated_Source\PSoC4/EZI2C_1_EZI2C.c **** #endif /* (EZI2C_1_CY_SCBIP_V0) */
 354:.\Generated_Source\PSoC4/EZI2C_1_EZI2C.c **** 
 355:.\Generated_Source\PSoC4/EZI2C_1_EZI2C.c ****     if(0u != slaveBusy)
 237              		.loc 1 355 0
 238 0018 3B68     		ldr	r3, [r7]
 239 001a 002B     		cmp	r3, #0
 240 001c 03D0     		beq	.L8
 356:.\Generated_Source\PSoC4/EZI2C_1_EZI2C.c ****     {
 357:.\Generated_Source\PSoC4/EZI2C_1_EZI2C.c ****         status |= EZI2C_1_EZI2C_STATUS_BUSY;
 241              		.loc 1 357 0
 242 001e 7B68     		ldr	r3, [r7, #4]
 243 0020 2022     		mov	r2, #32
 244 0022 1343     		orr	r3, r2
 245 0024 7B60     		str	r3, [r7, #4]
 246              	.L8:
 358:.\Generated_Source\PSoC4/EZI2C_1_EZI2C.c ****     }
 359:.\Generated_Source\PSoC4/EZI2C_1_EZI2C.c **** 
 360:.\Generated_Source\PSoC4/EZI2C_1_EZI2C.c ****     EZI2C_1_curStatus &= ((uint8) ~EZI2C_1_EZI2C_CLEAR_STATUS);
 247              		.loc 1 360 0
 248 0026 084B     		ldr	r3, .L10
 249 0028 1B78     		ldrb	r3, [r3]
 250 002a DBB2     		uxtb	r3, r3
 251 002c 1F22     		mov	r2, #31
 252 002e 9343     		bic	r3, r2
 253 0030 DAB2     		uxtb	r2, r3
 254 0032 054B     		ldr	r3, .L10
 255 0034 1A70     		strb	r2, [r3]
 361:.\Generated_Source\PSoC4/EZI2C_1_EZI2C.c **** 
 362:.\Generated_Source\PSoC4/EZI2C_1_EZI2C.c ****     EZI2C_1_EnableInt();   /* Release lock */
 256              		.loc 1 362 0
 257 0036 0A20     		mov	r0, #10
 258 0038 FFF7FEFF 		bl	CyIntEnable
 363:.\Generated_Source\PSoC4/EZI2C_1_EZI2C.c **** 
 364:.\Generated_Source\PSoC4/EZI2C_1_EZI2C.c ****     return(status);
 259              		.loc 1 364 0
 260 003c 7B68     		ldr	r3, [r7, #4]
 365:.\Generated_Source\PSoC4/EZI2C_1_EZI2C.c **** }
 261              		.loc 1 365 0
 262 003e 181C     		mov	r0, r3
ARM GAS  C:\Users\TSUBAS~1\AppData\Local\Temp\cck1RKSd.s 			page 12


 263 0040 BD46     		mov	sp, r7
 264 0042 02B0     		add	sp, sp, #8
 265              		@ sp needed for prologue
 266 0044 80BD     		pop	{r7, pc}
 267              	.L11:
 268 0046 C046     		.align	2
 269              	.L10:
 270 0048 00000000 		.word	EZI2C_1_curStatus
 271              		.cfi_endproc
 272              	.LFE2:
 273              		.size	EZI2C_1_EzI2CGetActivity, .-EZI2C_1_EzI2CGetActivity
 274              		.section	.text.EZI2C_1_EzI2CSetAddress1,"ax",%progbits
 275              		.align	2
 276              		.global	EZI2C_1_EzI2CSetAddress1
 277              		.code	16
 278              		.thumb_func
 279              		.type	EZI2C_1_EzI2CSetAddress1, %function
 280              	EZI2C_1_EzI2CSetAddress1:
 281              	.LFB3:
 366:.\Generated_Source\PSoC4/EZI2C_1_EZI2C.c **** 
 367:.\Generated_Source\PSoC4/EZI2C_1_EZI2C.c **** 
 368:.\Generated_Source\PSoC4/EZI2C_1_EZI2C.c **** /*******************************************************************************
 369:.\Generated_Source\PSoC4/EZI2C_1_EZI2C.c **** * Function Name: EZI2C_1_EzI2CSetAddress1
 370:.\Generated_Source\PSoC4/EZI2C_1_EZI2C.c **** ********************************************************************************
 371:.\Generated_Source\PSoC4/EZI2C_1_EZI2C.c **** *
 372:.\Generated_Source\PSoC4/EZI2C_1_EZI2C.c **** * Summary:
 373:.\Generated_Source\PSoC4/EZI2C_1_EZI2C.c **** *  Sets the primary I2C slave address.
 374:.\Generated_Source\PSoC4/EZI2C_1_EZI2C.c **** *
 375:.\Generated_Source\PSoC4/EZI2C_1_EZI2C.c **** * Parameters:
 376:.\Generated_Source\PSoC4/EZI2C_1_EZI2C.c **** *  address: I2C slave address for the secondary device.
 377:.\Generated_Source\PSoC4/EZI2C_1_EZI2C.c **** *           This address is the 7-bit right-justified slave address and does
 378:.\Generated_Source\PSoC4/EZI2C_1_EZI2C.c **** *           not include the R/W bit.
 379:.\Generated_Source\PSoC4/EZI2C_1_EZI2C.c **** *           This value may be any address between 0 and 127 (0x00 to 0x7F).
 380:.\Generated_Source\PSoC4/EZI2C_1_EZI2C.c **** *
 381:.\Generated_Source\PSoC4/EZI2C_1_EZI2C.c **** * Return:
 382:.\Generated_Source\PSoC4/EZI2C_1_EZI2C.c **** *  None
 383:.\Generated_Source\PSoC4/EZI2C_1_EZI2C.c **** *
 384:.\Generated_Source\PSoC4/EZI2C_1_EZI2C.c **** *******************************************************************************/
 385:.\Generated_Source\PSoC4/EZI2C_1_EZI2C.c **** void EZI2C_1_EzI2CSetAddress1(uint32 address)
 386:.\Generated_Source\PSoC4/EZI2C_1_EZI2C.c **** {
 282              		.loc 1 386 0
 283              		.cfi_startproc
 284 0000 80B5     		push	{r7, lr}
 285              	.LCFI7:
 286              		.cfi_def_cfa_offset 8
 287              		.cfi_offset 7, -8
 288              		.cfi_offset 14, -4
 289 0002 84B0     		sub	sp, sp, #16
 290              	.LCFI8:
 291              		.cfi_def_cfa_offset 24
 292 0004 00AF     		add	r7, sp, #0
 293              	.LCFI9:
 294              		.cfi_def_cfa_register 7
 295 0006 7860     		str	r0, [r7, #4]
 296              	.LBB2:
 387:.\Generated_Source\PSoC4/EZI2C_1_EZI2C.c ****     #if(EZI2C_1_SECONDARY_ADDRESS_ENABLE)
 388:.\Generated_Source\PSoC4/EZI2C_1_EZI2C.c ****     {
ARM GAS  C:\Users\TSUBAS~1\AppData\Local\Temp\cck1RKSd.s 			page 13


 389:.\Generated_Source\PSoC4/EZI2C_1_EZI2C.c ****         EZI2C_1_addrBuf1 = (uint8) address;
 390:.\Generated_Source\PSoC4/EZI2C_1_EZI2C.c **** 
 391:.\Generated_Source\PSoC4/EZI2C_1_EZI2C.c ****         EZI2C_1_RX_MATCH_REG = EZI2C_1_EzI2CUpdateRxMatchReg(address,
 392:.\Generated_Source\PSoC4/EZI2C_1_EZI2C.c ****                                                                                (uint32) EZI2C_1_add
 393:.\Generated_Source\PSoC4/EZI2C_1_EZI2C.c ****     }
 394:.\Generated_Source\PSoC4/EZI2C_1_EZI2C.c ****     #else
 395:.\Generated_Source\PSoC4/EZI2C_1_EZI2C.c ****     {
 396:.\Generated_Source\PSoC4/EZI2C_1_EZI2C.c ****         uint32 matchReg;
 397:.\Generated_Source\PSoC4/EZI2C_1_EZI2C.c **** 
 398:.\Generated_Source\PSoC4/EZI2C_1_EZI2C.c ****         matchReg = EZI2C_1_RX_MATCH_REG;
 297              		.loc 1 398 0
 298 0008 094B     		ldr	r3, .L13
 299 000a 1B68     		ldr	r3, [r3]
 300 000c FB60     		str	r3, [r7, #12]
 399:.\Generated_Source\PSoC4/EZI2C_1_EZI2C.c **** 
 400:.\Generated_Source\PSoC4/EZI2C_1_EZI2C.c ****         matchReg &= ((uint32) ~EZI2C_1_RX_MATCH_ADDR_MASK);            /* Clear address bits */
 301              		.loc 1 400 0
 302 000e FB68     		ldr	r3, [r7, #12]
 303 0010 FF22     		mov	r2, #255
 304 0012 9343     		bic	r3, r2
 305 0014 FB60     		str	r3, [r7, #12]
 401:.\Generated_Source\PSoC4/EZI2C_1_EZI2C.c ****         matchReg |= ((uint32)  EZI2C_1_GET_I2C_8BIT_ADDRESS(address)); /* Set mask */
 306              		.loc 1 401 0
 307 0016 7B68     		ldr	r3, [r7, #4]
 308 0018 5A00     		lsl	r2, r3, #1
 309 001a FF23     		mov	r3, #255
 310 001c 1340     		and	r3, r2
 311 001e FA68     		ldr	r2, [r7, #12]
 312 0020 1343     		orr	r3, r2
 313 0022 FB60     		str	r3, [r7, #12]
 402:.\Generated_Source\PSoC4/EZI2C_1_EZI2C.c **** 
 403:.\Generated_Source\PSoC4/EZI2C_1_EZI2C.c ****         EZI2C_1_RX_MATCH_REG = matchReg;
 314              		.loc 1 403 0
 315 0024 024B     		ldr	r3, .L13
 316 0026 FA68     		ldr	r2, [r7, #12]
 317 0028 1A60     		str	r2, [r3]
 318              	.LBE2:
 404:.\Generated_Source\PSoC4/EZI2C_1_EZI2C.c ****     }
 405:.\Generated_Source\PSoC4/EZI2C_1_EZI2C.c ****     #endif
 406:.\Generated_Source\PSoC4/EZI2C_1_EZI2C.c **** }
 319              		.loc 1 406 0
 320 002a BD46     		mov	sp, r7
 321 002c 04B0     		add	sp, sp, #16
 322              		@ sp needed for prologue
 323 002e 80BD     		pop	{r7, pc}
 324              	.L14:
 325              		.align	2
 326              	.L13:
 327 0030 10030640 		.word	1074135824
 328              		.cfi_endproc
 329              	.LFE3:
 330              		.size	EZI2C_1_EzI2CSetAddress1, .-EZI2C_1_EzI2CSetAddress1
 331              		.section	.text.EZI2C_1_EzI2CGetAddress1,"ax",%progbits
 332              		.align	2
 333              		.global	EZI2C_1_EzI2CGetAddress1
 334              		.code	16
 335              		.thumb_func
ARM GAS  C:\Users\TSUBAS~1\AppData\Local\Temp\cck1RKSd.s 			page 14


 336              		.type	EZI2C_1_EzI2CGetAddress1, %function
 337              	EZI2C_1_EzI2CGetAddress1:
 338              	.LFB4:
 407:.\Generated_Source\PSoC4/EZI2C_1_EZI2C.c **** 
 408:.\Generated_Source\PSoC4/EZI2C_1_EZI2C.c **** 
 409:.\Generated_Source\PSoC4/EZI2C_1_EZI2C.c **** /*******************************************************************************
 410:.\Generated_Source\PSoC4/EZI2C_1_EZI2C.c **** * Function Name: EZI2C_1_EzI2CGetAddress1
 411:.\Generated_Source\PSoC4/EZI2C_1_EZI2C.c **** ********************************************************************************
 412:.\Generated_Source\PSoC4/EZI2C_1_EZI2C.c **** *
 413:.\Generated_Source\PSoC4/EZI2C_1_EZI2C.c **** * Summary:
 414:.\Generated_Source\PSoC4/EZI2C_1_EZI2C.c **** *  Gets the primary I2C slave 7-bit address.
 415:.\Generated_Source\PSoC4/EZI2C_1_EZI2C.c **** *
 416:.\Generated_Source\PSoC4/EZI2C_1_EZI2C.c **** * Parameters:
 417:.\Generated_Source\PSoC4/EZI2C_1_EZI2C.c **** *  None
 418:.\Generated_Source\PSoC4/EZI2C_1_EZI2C.c **** *
 419:.\Generated_Source\PSoC4/EZI2C_1_EZI2C.c **** * Return:
 420:.\Generated_Source\PSoC4/EZI2C_1_EZI2C.c **** *  Returns I2C slave address for the primary device.
 421:.\Generated_Source\PSoC4/EZI2C_1_EZI2C.c **** *  This address is the 7-bit right-justified slave address and does not
 422:.\Generated_Source\PSoC4/EZI2C_1_EZI2C.c **** *  include the R/W bit.
 423:.\Generated_Source\PSoC4/EZI2C_1_EZI2C.c **** *  This value may be any address between 0 and 127 (0x00 to 0x7F).
 424:.\Generated_Source\PSoC4/EZI2C_1_EZI2C.c **** *
 425:.\Generated_Source\PSoC4/EZI2C_1_EZI2C.c **** *******************************************************************************/
 426:.\Generated_Source\PSoC4/EZI2C_1_EZI2C.c **** uint32 EZI2C_1_EzI2CGetAddress1(void)
 427:.\Generated_Source\PSoC4/EZI2C_1_EZI2C.c **** {
 339              		.loc 1 427 0
 340              		.cfi_startproc
 341 0000 80B5     		push	{r7, lr}
 342              	.LCFI10:
 343              		.cfi_def_cfa_offset 8
 344              		.cfi_offset 7, -8
 345              		.cfi_offset 14, -4
 346 0002 82B0     		sub	sp, sp, #8
 347              	.LCFI11:
 348              		.cfi_def_cfa_offset 16
 349 0004 00AF     		add	r7, sp, #0
 350              	.LCFI12:
 351              		.cfi_def_cfa_register 7
 428:.\Generated_Source\PSoC4/EZI2C_1_EZI2C.c ****     uint32 address;
 429:.\Generated_Source\PSoC4/EZI2C_1_EZI2C.c **** 
 430:.\Generated_Source\PSoC4/EZI2C_1_EZI2C.c ****     #if(EZI2C_1_SECONDARY_ADDRESS_ENABLE)
 431:.\Generated_Source\PSoC4/EZI2C_1_EZI2C.c ****     {
 432:.\Generated_Source\PSoC4/EZI2C_1_EZI2C.c ****         address = (uint32) EZI2C_1_addrBuf1;
 433:.\Generated_Source\PSoC4/EZI2C_1_EZI2C.c ****     }
 434:.\Generated_Source\PSoC4/EZI2C_1_EZI2C.c ****     #else
 435:.\Generated_Source\PSoC4/EZI2C_1_EZI2C.c ****     {
 436:.\Generated_Source\PSoC4/EZI2C_1_EZI2C.c ****         address = (EZI2C_1_GET_RX_MATCH_ADDR(EZI2C_1_RX_MATCH_REG) >>
 352              		.loc 1 436 0
 353 0006 054B     		ldr	r3, .L17
 354 0008 1A68     		ldr	r2, [r3]
 355 000a FF23     		mov	r3, #255
 356 000c 1340     		and	r3, r2
 357 000e 5B08     		lsr	r3, r3, #1
 358 0010 7B60     		str	r3, [r7, #4]
 437:.\Generated_Source\PSoC4/EZI2C_1_EZI2C.c ****                    EZI2C_1_I2C_SLAVE_ADDR_POS);
 438:.\Generated_Source\PSoC4/EZI2C_1_EZI2C.c ****     }
 439:.\Generated_Source\PSoC4/EZI2C_1_EZI2C.c ****     #endif
 440:.\Generated_Source\PSoC4/EZI2C_1_EZI2C.c **** 
ARM GAS  C:\Users\TSUBAS~1\AppData\Local\Temp\cck1RKSd.s 			page 15


 441:.\Generated_Source\PSoC4/EZI2C_1_EZI2C.c ****     return(address);
 359              		.loc 1 441 0
 360 0012 7B68     		ldr	r3, [r7, #4]
 442:.\Generated_Source\PSoC4/EZI2C_1_EZI2C.c **** }
 361              		.loc 1 442 0
 362 0014 181C     		mov	r0, r3
 363 0016 BD46     		mov	sp, r7
 364 0018 02B0     		add	sp, sp, #8
 365              		@ sp needed for prologue
 366 001a 80BD     		pop	{r7, pc}
 367              	.L18:
 368              		.align	2
 369              	.L17:
 370 001c 10030640 		.word	1074135824
 371              		.cfi_endproc
 372              	.LFE4:
 373              		.size	EZI2C_1_EzI2CGetAddress1, .-EZI2C_1_EzI2CGetAddress1
 374              		.section	.text.EZI2C_1_EzI2CSetBuffer1,"ax",%progbits
 375              		.align	2
 376              		.global	EZI2C_1_EzI2CSetBuffer1
 377              		.code	16
 378              		.thumb_func
 379              		.type	EZI2C_1_EzI2CSetBuffer1, %function
 380              	EZI2C_1_EzI2CSetBuffer1:
 381              	.LFB5:
 443:.\Generated_Source\PSoC4/EZI2C_1_EZI2C.c **** 
 444:.\Generated_Source\PSoC4/EZI2C_1_EZI2C.c **** 
 445:.\Generated_Source\PSoC4/EZI2C_1_EZI2C.c **** /*******************************************************************************
 446:.\Generated_Source\PSoC4/EZI2C_1_EZI2C.c **** * Function Name: EZI2C_1_EzI2CSetBuffer1
 447:.\Generated_Source\PSoC4/EZI2C_1_EZI2C.c **** ********************************************************************************
 448:.\Generated_Source\PSoC4/EZI2C_1_EZI2C.c **** *
 449:.\Generated_Source\PSoC4/EZI2C_1_EZI2C.c **** * Summary:
 450:.\Generated_Source\PSoC4/EZI2C_1_EZI2C.c **** *  Sets up the data buffer to be exposed to the I2C master on a primary slave
 451:.\Generated_Source\PSoC4/EZI2C_1_EZI2C.c **** *  address request.
 452:.\Generated_Source\PSoC4/EZI2C_1_EZI2C.c **** *
 453:.\Generated_Source\PSoC4/EZI2C_1_EZI2C.c **** * Parameters:
 454:.\Generated_Source\PSoC4/EZI2C_1_EZI2C.c **** *  bufSize: Size of the buffer in bytes.
 455:.\Generated_Source\PSoC4/EZI2C_1_EZI2C.c **** *  rwBoundary: Sets how many bytes are writeable in the beginning of the buffer.
 456:.\Generated_Source\PSoC4/EZI2C_1_EZI2C.c **** *              This value must be less than or equal to the buffer size.
 457:.\Generated_Source\PSoC4/EZI2C_1_EZI2C.c **** *              Data located at offset rwBoundry and greater are read only.
 458:.\Generated_Source\PSoC4/EZI2C_1_EZI2C.c **** *  buffer: Pointer to the data buffer.
 459:.\Generated_Source\PSoC4/EZI2C_1_EZI2C.c **** *
 460:.\Generated_Source\PSoC4/EZI2C_1_EZI2C.c **** * Return:
 461:.\Generated_Source\PSoC4/EZI2C_1_EZI2C.c **** *  None
 462:.\Generated_Source\PSoC4/EZI2C_1_EZI2C.c **** *
 463:.\Generated_Source\PSoC4/EZI2C_1_EZI2C.c **** *******************************************************************************/
 464:.\Generated_Source\PSoC4/EZI2C_1_EZI2C.c **** void EZI2C_1_EzI2CSetBuffer1(uint32 bufSize, uint32 rwBoundary, volatile uint8 * buffer)
 465:.\Generated_Source\PSoC4/EZI2C_1_EZI2C.c **** {
 382              		.loc 1 465 0
 383              		.cfi_startproc
 384 0000 80B5     		push	{r7, lr}
 385              	.LCFI13:
 386              		.cfi_def_cfa_offset 8
 387              		.cfi_offset 7, -8
 388              		.cfi_offset 14, -4
 389 0002 84B0     		sub	sp, sp, #16
 390              	.LCFI14:
ARM GAS  C:\Users\TSUBAS~1\AppData\Local\Temp\cck1RKSd.s 			page 16


 391              		.cfi_def_cfa_offset 24
 392 0004 00AF     		add	r7, sp, #0
 393              	.LCFI15:
 394              		.cfi_def_cfa_register 7
 395 0006 F860     		str	r0, [r7, #12]
 396 0008 B960     		str	r1, [r7, #8]
 397 000a 7A60     		str	r2, [r7, #4]
 466:.\Generated_Source\PSoC4/EZI2C_1_EZI2C.c ****     if(NULL != buffer)
 398              		.loc 1 466 0
 399 000c 7B68     		ldr	r3, [r7, #4]
 400 000e 002B     		cmp	r3, #0
 401 0010 0AD0     		beq	.L19
 467:.\Generated_Source\PSoC4/EZI2C_1_EZI2C.c ****     {
 468:.\Generated_Source\PSoC4/EZI2C_1_EZI2C.c ****         EZI2C_1_dataBuffer1 =  buffer;
 402              		.loc 1 468 0
 403 0012 074B     		ldr	r3, .L21
 404 0014 7A68     		ldr	r2, [r7, #4]
 405 0016 1A60     		str	r2, [r3]
 469:.\Generated_Source\PSoC4/EZI2C_1_EZI2C.c ****         EZI2C_1_bufSizeBuf1 = (uint16) bufSize;
 406              		.loc 1 469 0
 407 0018 FB68     		ldr	r3, [r7, #12]
 408 001a 9AB2     		uxth	r2, r3
 409 001c 054B     		ldr	r3, .L21+4
 410 001e 1A80     		strh	r2, [r3]
 470:.\Generated_Source\PSoC4/EZI2C_1_EZI2C.c ****         EZI2C_1_protectBuf1 = (uint16) rwBoundary;
 411              		.loc 1 470 0
 412 0020 BB68     		ldr	r3, [r7, #8]
 413 0022 9AB2     		uxth	r2, r3
 414 0024 044B     		ldr	r3, .L21+8
 415 0026 1A80     		strh	r2, [r3]
 416              	.L19:
 471:.\Generated_Source\PSoC4/EZI2C_1_EZI2C.c ****     }
 472:.\Generated_Source\PSoC4/EZI2C_1_EZI2C.c **** }
 417              		.loc 1 472 0
 418 0028 BD46     		mov	sp, r7
 419 002a 04B0     		add	sp, sp, #16
 420              		@ sp needed for prologue
 421 002c 80BD     		pop	{r7, pc}
 422              	.L22:
 423 002e C046     		.align	2
 424              	.L21:
 425 0030 00000000 		.word	EZI2C_1_dataBuffer1
 426 0034 00000000 		.word	EZI2C_1_bufSizeBuf1
 427 0038 00000000 		.word	EZI2C_1_protectBuf1
 428              		.cfi_endproc
 429              	.LFE5:
 430              		.size	EZI2C_1_EzI2CSetBuffer1, .-EZI2C_1_EzI2CSetBuffer1
 431              		.section	.text.EZI2C_1_EzI2CSetReadBoundaryBuffer1,"ax",%progbits
 432              		.align	2
 433              		.global	EZI2C_1_EzI2CSetReadBoundaryBuffer1
 434              		.code	16
 435              		.thumb_func
 436              		.type	EZI2C_1_EzI2CSetReadBoundaryBuffer1, %function
 437              	EZI2C_1_EzI2CSetReadBoundaryBuffer1:
 438              	.LFB6:
 473:.\Generated_Source\PSoC4/EZI2C_1_EZI2C.c **** 
 474:.\Generated_Source\PSoC4/EZI2C_1_EZI2C.c **** 
ARM GAS  C:\Users\TSUBAS~1\AppData\Local\Temp\cck1RKSd.s 			page 17


 475:.\Generated_Source\PSoC4/EZI2C_1_EZI2C.c **** /*******************************************************************************
 476:.\Generated_Source\PSoC4/EZI2C_1_EZI2C.c **** * Function Name: EZI2C_1_EzI2CSetReadBoundaryBuffer1
 477:.\Generated_Source\PSoC4/EZI2C_1_EZI2C.c **** ********************************************************************************
 478:.\Generated_Source\PSoC4/EZI2C_1_EZI2C.c **** *
 479:.\Generated_Source\PSoC4/EZI2C_1_EZI2C.c **** * Summary:
 480:.\Generated_Source\PSoC4/EZI2C_1_EZI2C.c **** *  Sets the read only boundary in the data buffer to be exposed to the I2C
 481:.\Generated_Source\PSoC4/EZI2C_1_EZI2C.c **** *  master on a primary slave address request.
 482:.\Generated_Source\PSoC4/EZI2C_1_EZI2C.c **** *
 483:.\Generated_Source\PSoC4/EZI2C_1_EZI2C.c **** * Parameters:
 484:.\Generated_Source\PSoC4/EZI2C_1_EZI2C.c **** *  rwBoundry: Sets how many bytes are writeable in the beginning of the buffer.
 485:.\Generated_Source\PSoC4/EZI2C_1_EZI2C.c **** *             This value must be less than or equal to the buffer size.
 486:.\Generated_Source\PSoC4/EZI2C_1_EZI2C.c **** *             Data located at offset rwBoundry and greater are read only.
 487:.\Generated_Source\PSoC4/EZI2C_1_EZI2C.c **** *
 488:.\Generated_Source\PSoC4/EZI2C_1_EZI2C.c **** * Return:
 489:.\Generated_Source\PSoC4/EZI2C_1_EZI2C.c **** *  None
 490:.\Generated_Source\PSoC4/EZI2C_1_EZI2C.c **** *
 491:.\Generated_Source\PSoC4/EZI2C_1_EZI2C.c **** *******************************************************************************/
 492:.\Generated_Source\PSoC4/EZI2C_1_EZI2C.c **** void EZI2C_1_EzI2CSetReadBoundaryBuffer1(uint32 rwBoundary)
 493:.\Generated_Source\PSoC4/EZI2C_1_EZI2C.c **** {
 439              		.loc 1 493 0
 440              		.cfi_startproc
 441 0000 80B5     		push	{r7, lr}
 442              	.LCFI16:
 443              		.cfi_def_cfa_offset 8
 444              		.cfi_offset 7, -8
 445              		.cfi_offset 14, -4
 446 0002 82B0     		sub	sp, sp, #8
 447              	.LCFI17:
 448              		.cfi_def_cfa_offset 16
 449 0004 00AF     		add	r7, sp, #0
 450              	.LCFI18:
 451              		.cfi_def_cfa_register 7
 452 0006 7860     		str	r0, [r7, #4]
 494:.\Generated_Source\PSoC4/EZI2C_1_EZI2C.c ****     EZI2C_1_protectBuf1 = (uint16) rwBoundary;
 453              		.loc 1 494 0
 454 0008 7B68     		ldr	r3, [r7, #4]
 455 000a 9AB2     		uxth	r2, r3
 456 000c 024B     		ldr	r3, .L24
 457 000e 1A80     		strh	r2, [r3]
 495:.\Generated_Source\PSoC4/EZI2C_1_EZI2C.c **** }
 458              		.loc 1 495 0
 459 0010 BD46     		mov	sp, r7
 460 0012 02B0     		add	sp, sp, #8
 461              		@ sp needed for prologue
 462 0014 80BD     		pop	{r7, pc}
 463              	.L25:
 464 0016 C046     		.align	2
 465              	.L24:
 466 0018 00000000 		.word	EZI2C_1_protectBuf1
 467              		.cfi_endproc
 468              	.LFE6:
 469              		.size	EZI2C_1_EzI2CSetReadBoundaryBuffer1, .-EZI2C_1_EzI2CSetReadBoundaryBuffer1
 470              		.text
 471              	.Letext0:
 472              		.file 2 "./Generated_Source/PSoC4/cytypes.h"
 473              		.section	.debug_info,"",%progbits
 474              	.Ldebug_info0:
ARM GAS  C:\Users\TSUBAS~1\AppData\Local\Temp\cck1RKSd.s 			page 18


 475 0000 94020000 		.4byte	0x294
 476 0004 0200     		.2byte	0x2
 477 0006 00000000 		.4byte	.Ldebug_abbrev0
 478 000a 04       		.byte	0x4
 479 000b 01       		.uleb128 0x1
 480 000c FD010000 		.4byte	.LASF38
 481 0010 01       		.byte	0x1
 482 0011 B9000000 		.4byte	.LASF39
 483 0015 3F000000 		.4byte	.LASF40
 484 0019 00000000 		.4byte	.Ldebug_ranges0+0
 485 001d 00000000 		.4byte	0
 486 0021 00000000 		.4byte	0
 487 0025 00000000 		.4byte	.Ldebug_line0
 488 0029 02       		.uleb128 0x2
 489 002a 01       		.byte	0x1
 490 002b 06       		.byte	0x6
 491 002c 88020000 		.4byte	.LASF0
 492 0030 02       		.uleb128 0x2
 493 0031 01       		.byte	0x1
 494 0032 08       		.byte	0x8
 495 0033 93000000 		.4byte	.LASF1
 496 0037 02       		.uleb128 0x2
 497 0038 02       		.byte	0x2
 498 0039 05       		.byte	0x5
 499 003a EB010000 		.4byte	.LASF2
 500 003e 02       		.uleb128 0x2
 501 003f 02       		.byte	0x2
 502 0040 07       		.byte	0x7
 503 0041 21000000 		.4byte	.LASF3
 504 0045 02       		.uleb128 0x2
 505 0046 04       		.byte	0x4
 506 0047 05       		.byte	0x5
 507 0048 71020000 		.4byte	.LASF4
 508 004c 02       		.uleb128 0x2
 509 004d 04       		.byte	0x4
 510 004e 07       		.byte	0x7
 511 004f E2000000 		.4byte	.LASF5
 512 0053 02       		.uleb128 0x2
 513 0054 08       		.byte	0x8
 514 0055 05       		.byte	0x5
 515 0056 A6010000 		.4byte	.LASF6
 516 005a 02       		.uleb128 0x2
 517 005b 08       		.byte	0x8
 518 005c 07       		.byte	0x7
 519 005d 4A010000 		.4byte	.LASF7
 520 0061 03       		.uleb128 0x3
 521 0062 04       		.byte	0x4
 522 0063 05       		.byte	0x5
 523 0064 696E7400 		.ascii	"int\000"
 524 0068 02       		.uleb128 0x2
 525 0069 04       		.byte	0x4
 526 006a 07       		.byte	0x7
 527 006b 21010000 		.4byte	.LASF8
 528 006f 04       		.uleb128 0x4
 529 0070 F4000000 		.4byte	.LASF9
 530 0074 02       		.byte	0x2
 531 0075 5B       		.byte	0x5b
ARM GAS  C:\Users\TSUBAS~1\AppData\Local\Temp\cck1RKSd.s 			page 19


 532 0076 30000000 		.4byte	0x30
 533 007a 04       		.uleb128 0x4
 534 007b 13010000 		.4byte	.LASF10
 535 007f 02       		.byte	0x2
 536 0080 5C       		.byte	0x5c
 537 0081 3E000000 		.4byte	0x3e
 538 0085 04       		.uleb128 0x4
 539 0086 1A010000 		.4byte	.LASF11
 540 008a 02       		.byte	0x2
 541 008b 5D       		.byte	0x5d
 542 008c 4C000000 		.4byte	0x4c
 543 0090 02       		.uleb128 0x2
 544 0091 04       		.byte	0x4
 545 0092 04       		.byte	0x4
 546 0093 8D000000 		.4byte	.LASF12
 547 0097 02       		.uleb128 0x2
 548 0098 08       		.byte	0x8
 549 0099 04       		.byte	0x4
 550 009a FA000000 		.4byte	.LASF13
 551 009e 02       		.uleb128 0x2
 552 009f 01       		.byte	0x1
 553 00a0 08       		.byte	0x8
 554 00a1 7A020000 		.4byte	.LASF14
 555 00a5 05       		.uleb128 0x5
 556 00a6 6F000000 		.4byte	0x6f
 557 00aa 04       		.uleb128 0x4
 558 00ab 00000000 		.4byte	.LASF15
 559 00af 02       		.byte	0x2
 560 00b0 F2       		.byte	0xf2
 561 00b1 B5000000 		.4byte	0xb5
 562 00b5 05       		.uleb128 0x5
 563 00b6 85000000 		.4byte	0x85
 564 00ba 02       		.uleb128 0x2
 565 00bb 04       		.byte	0x4
 566 00bc 07       		.byte	0x7
 567 00bd 9D010000 		.4byte	.LASF16
 568 00c1 06       		.uleb128 0x6
 569 00c2 01       		.byte	0x1
 570 00c3 94020000 		.4byte	.LASF17
 571 00c7 01       		.byte	0x1
 572 00c8 CF       		.byte	0xcf
 573 00c9 01       		.byte	0x1
 574 00ca 00000000 		.4byte	.LFB0
 575 00ce F4000000 		.4byte	.LFE0
 576 00d2 00000000 		.4byte	.LLST0
 577 00d6 01       		.byte	0x1
 578 00d7 07       		.uleb128 0x7
 579 00d8 01       		.byte	0x1
 580 00d9 B4010000 		.4byte	.LASF18
 581 00dd 01       		.byte	0x1
 582 00de 1D01     		.2byte	0x11d
 583 00e0 01       		.byte	0x1
 584 00e1 00000000 		.4byte	.LFB1
 585 00e5 24000000 		.4byte	.LFE1
 586 00e9 2C000000 		.4byte	.LLST1
 587 00ed 01       		.byte	0x1
 588 00ee 08       		.uleb128 0x8
ARM GAS  C:\Users\TSUBAS~1\AppData\Local\Temp\cck1RKSd.s 			page 20


 589 00ef 01       		.byte	0x1
 590 00f0 6B010000 		.4byte	.LASF22
 591 00f4 01       		.byte	0x1
 592 00f5 4001     		.2byte	0x140
 593 00f7 01       		.byte	0x1
 594 00f8 85000000 		.4byte	0x85
 595 00fc 00000000 		.4byte	.LFB2
 596 0100 4C000000 		.4byte	.LFE2
 597 0104 58000000 		.4byte	.LLST2
 598 0108 01       		.byte	0x1
 599 0109 2C010000 		.4byte	0x12c
 600 010d 09       		.uleb128 0x9
 601 010e 86000000 		.4byte	.LASF19
 602 0112 01       		.byte	0x1
 603 0113 4201     		.2byte	0x142
 604 0115 85000000 		.4byte	0x85
 605 0119 02       		.byte	0x2
 606 011a 91       		.byte	0x91
 607 011b 74       		.sleb128 -12
 608 011c 09       		.uleb128 0x9
 609 011d 61010000 		.4byte	.LASF20
 610 0121 01       		.byte	0x1
 611 0122 4301     		.2byte	0x143
 612 0124 85000000 		.4byte	0x85
 613 0128 02       		.byte	0x2
 614 0129 91       		.byte	0x91
 615 012a 70       		.sleb128 -16
 616 012b 00       		.byte	0
 617 012c 0A       		.uleb128 0xa
 618 012d 01       		.byte	0x1
 619 012e 58020000 		.4byte	.LASF25
 620 0132 01       		.byte	0x1
 621 0133 8101     		.2byte	0x181
 622 0135 01       		.byte	0x1
 623 0136 00000000 		.4byte	.LFB3
 624 013a 34000000 		.4byte	.LFE3
 625 013e 90000000 		.4byte	.LLST3
 626 0142 01       		.byte	0x1
 627 0143 70010000 		.4byte	0x170
 628 0147 0B       		.uleb128 0xb
 629 0148 42010000 		.4byte	.LASF24
 630 014c 01       		.byte	0x1
 631 014d 8101     		.2byte	0x181
 632 014f 85000000 		.4byte	0x85
 633 0153 02       		.byte	0x2
 634 0154 91       		.byte	0x91
 635 0155 6C       		.sleb128 -20
 636 0156 0C       		.uleb128 0xc
 637 0157 08000000 		.4byte	.LBB2
 638 015b 2A000000 		.4byte	.LBE2
 639 015f 09       		.uleb128 0x9
 640 0160 7F020000 		.4byte	.LASF21
 641 0164 01       		.byte	0x1
 642 0165 8C01     		.2byte	0x18c
 643 0167 85000000 		.4byte	0x85
 644 016b 02       		.byte	0x2
 645 016c 91       		.byte	0x91
ARM GAS  C:\Users\TSUBAS~1\AppData\Local\Temp\cck1RKSd.s 			page 21


 646 016d 74       		.sleb128 -12
 647 016e 00       		.byte	0
 648 016f 00       		.byte	0
 649 0170 0D       		.uleb128 0xd
 650 0171 01       		.byte	0x1
 651 0172 84010000 		.4byte	.LASF23
 652 0176 01       		.byte	0x1
 653 0177 AA01     		.2byte	0x1aa
 654 0179 01       		.byte	0x1
 655 017a 85000000 		.4byte	0x85
 656 017e 00000000 		.4byte	.LFB4
 657 0182 20000000 		.4byte	.LFE4
 658 0186 C8000000 		.4byte	.LLST4
 659 018a 01       		.byte	0x1
 660 018b 9F010000 		.4byte	0x19f
 661 018f 09       		.uleb128 0x9
 662 0190 42010000 		.4byte	.LASF24
 663 0194 01       		.byte	0x1
 664 0195 AC01     		.2byte	0x1ac
 665 0197 85000000 		.4byte	0x85
 666 019b 02       		.byte	0x2
 667 019c 91       		.byte	0x91
 668 019d 74       		.sleb128 -12
 669 019e 00       		.byte	0
 670 019f 0A       		.uleb128 0xa
 671 01a0 01       		.byte	0x1
 672 01a1 A1000000 		.4byte	.LASF26
 673 01a5 01       		.byte	0x1
 674 01a6 D001     		.2byte	0x1d0
 675 01a8 01       		.byte	0x1
 676 01a9 00000000 		.4byte	.LFB5
 677 01ad 3C000000 		.4byte	.LFE5
 678 01b1 00010000 		.4byte	.LLST5
 679 01b5 01       		.byte	0x1
 680 01b6 E8010000 		.4byte	0x1e8
 681 01ba 0B       		.uleb128 0xb
 682 01bb F5010000 		.4byte	.LASF27
 683 01bf 01       		.byte	0x1
 684 01c0 D001     		.2byte	0x1d0
 685 01c2 85000000 		.4byte	0x85
 686 01c6 02       		.byte	0x2
 687 01c7 91       		.byte	0x91
 688 01c8 74       		.sleb128 -12
 689 01c9 0B       		.uleb128 0xb
 690 01ca 34000000 		.4byte	.LASF28
 691 01ce 01       		.byte	0x1
 692 01cf D001     		.2byte	0x1d0
 693 01d1 85000000 		.4byte	0x85
 694 01d5 02       		.byte	0x2
 695 01d6 91       		.byte	0x91
 696 01d7 70       		.sleb128 -16
 697 01d8 0B       		.uleb128 0xb
 698 01d9 06000000 		.4byte	.LASF29
 699 01dd 01       		.byte	0x1
 700 01de D001     		.2byte	0x1d0
 701 01e0 E8010000 		.4byte	0x1e8
 702 01e4 02       		.byte	0x2
ARM GAS  C:\Users\TSUBAS~1\AppData\Local\Temp\cck1RKSd.s 			page 22


 703 01e5 91       		.byte	0x91
 704 01e6 6C       		.sleb128 -20
 705 01e7 00       		.byte	0
 706 01e8 0E       		.uleb128 0xe
 707 01e9 04       		.byte	0x4
 708 01ea A5000000 		.4byte	0xa5
 709 01ee 0A       		.uleb128 0xa
 710 01ef 01       		.byte	0x1
 711 01f0 A6020000 		.4byte	.LASF30
 712 01f4 01       		.byte	0x1
 713 01f5 EC01     		.2byte	0x1ec
 714 01f7 01       		.byte	0x1
 715 01f8 00000000 		.4byte	.LFB6
 716 01fc 1C000000 		.4byte	.LFE6
 717 0200 38010000 		.4byte	.LLST6
 718 0204 01       		.byte	0x1
 719 0205 19020000 		.4byte	0x219
 720 0209 0B       		.uleb128 0xb
 721 020a 34000000 		.4byte	.LASF28
 722 020e 01       		.byte	0x1
 723 020f EC01     		.2byte	0x1ec
 724 0211 85000000 		.4byte	0x85
 725 0215 02       		.byte	0x2
 726 0216 91       		.byte	0x91
 727 0217 74       		.sleb128 -12
 728 0218 00       		.byte	0
 729 0219 0F       		.uleb128 0xf
 730 021a 01010000 		.4byte	.LASF31
 731 021e 01       		.byte	0x1
 732 021f 1A       		.byte	0x1a
 733 0220 A5000000 		.4byte	0xa5
 734 0224 01       		.byte	0x1
 735 0225 05       		.byte	0x5
 736 0226 03       		.byte	0x3
 737 0227 00000000 		.4byte	EZI2C_1_curStatus
 738 022b 0F       		.uleb128 0xf
 739 022c DA010000 		.4byte	.LASF32
 740 0230 01       		.byte	0x1
 741 0231 1B       		.byte	0x1b
 742 0232 6F000000 		.4byte	0x6f
 743 0236 01       		.byte	0x1
 744 0237 05       		.byte	0x5
 745 0238 03       		.byte	0x3
 746 0239 00000000 		.4byte	EZI2C_1_fsmState
 747 023d 0F       		.uleb128 0xf
 748 023e C6010000 		.4byte	.LASF33
 749 0242 01       		.byte	0x1
 750 0243 1E       		.byte	0x1e
 751 0244 E8010000 		.4byte	0x1e8
 752 0248 01       		.byte	0x1
 753 0249 05       		.byte	0x5
 754 024a 03       		.byte	0x3
 755 024b 00000000 		.4byte	EZI2C_1_dataBuffer1
 756 024f 0F       		.uleb128 0xf
 757 0250 0D000000 		.4byte	.LASF34
 758 0254 01       		.byte	0x1
 759 0255 1F       		.byte	0x1f
ARM GAS  C:\Users\TSUBAS~1\AppData\Local\Temp\cck1RKSd.s 			page 23


 760 0256 7A000000 		.4byte	0x7a
 761 025a 01       		.byte	0x1
 762 025b 05       		.byte	0x5
 763 025c 03       		.byte	0x3
 764 025d 00000000 		.4byte	EZI2C_1_bufSizeBuf1
 765 0261 0F       		.uleb128 0xf
 766 0262 2E010000 		.4byte	.LASF35
 767 0266 01       		.byte	0x1
 768 0267 20       		.byte	0x20
 769 0268 7A000000 		.4byte	0x7a
 770 026c 01       		.byte	0x1
 771 026d 05       		.byte	0x5
 772 026e 03       		.byte	0x3
 773 026f 00000000 		.4byte	EZI2C_1_protectBuf1
 774 0273 0F       		.uleb128 0xf
 775 0274 CA020000 		.4byte	.LASF36
 776 0278 01       		.byte	0x1
 777 0279 21       		.byte	0x21
 778 027a 6F000000 		.4byte	0x6f
 779 027e 01       		.byte	0x1
 780 027f 05       		.byte	0x5
 781 0280 03       		.byte	0x3
 782 0281 00000000 		.4byte	EZI2C_1_offsetBuf1
 783 0285 0F       		.uleb128 0xf
 784 0286 46020000 		.4byte	.LASF37
 785 028a 01       		.byte	0x1
 786 028b 22       		.byte	0x22
 787 028c 7A000000 		.4byte	0x7a
 788 0290 01       		.byte	0x1
 789 0291 05       		.byte	0x5
 790 0292 03       		.byte	0x3
 791 0293 00000000 		.4byte	EZI2C_1_indexBuf1
 792 0297 00       		.byte	0
 793              		.section	.debug_abbrev,"",%progbits
 794              	.Ldebug_abbrev0:
 795 0000 01       		.uleb128 0x1
 796 0001 11       		.uleb128 0x11
 797 0002 01       		.byte	0x1
 798 0003 25       		.uleb128 0x25
 799 0004 0E       		.uleb128 0xe
 800 0005 13       		.uleb128 0x13
 801 0006 0B       		.uleb128 0xb
 802 0007 03       		.uleb128 0x3
 803 0008 0E       		.uleb128 0xe
 804 0009 1B       		.uleb128 0x1b
 805 000a 0E       		.uleb128 0xe
 806 000b 55       		.uleb128 0x55
 807 000c 06       		.uleb128 0x6
 808 000d 11       		.uleb128 0x11
 809 000e 01       		.uleb128 0x1
 810 000f 52       		.uleb128 0x52
 811 0010 01       		.uleb128 0x1
 812 0011 10       		.uleb128 0x10
 813 0012 06       		.uleb128 0x6
 814 0013 00       		.byte	0
 815 0014 00       		.byte	0
 816 0015 02       		.uleb128 0x2
ARM GAS  C:\Users\TSUBAS~1\AppData\Local\Temp\cck1RKSd.s 			page 24


 817 0016 24       		.uleb128 0x24
 818 0017 00       		.byte	0
 819 0018 0B       		.uleb128 0xb
 820 0019 0B       		.uleb128 0xb
 821 001a 3E       		.uleb128 0x3e
 822 001b 0B       		.uleb128 0xb
 823 001c 03       		.uleb128 0x3
 824 001d 0E       		.uleb128 0xe
 825 001e 00       		.byte	0
 826 001f 00       		.byte	0
 827 0020 03       		.uleb128 0x3
 828 0021 24       		.uleb128 0x24
 829 0022 00       		.byte	0
 830 0023 0B       		.uleb128 0xb
 831 0024 0B       		.uleb128 0xb
 832 0025 3E       		.uleb128 0x3e
 833 0026 0B       		.uleb128 0xb
 834 0027 03       		.uleb128 0x3
 835 0028 08       		.uleb128 0x8
 836 0029 00       		.byte	0
 837 002a 00       		.byte	0
 838 002b 04       		.uleb128 0x4
 839 002c 16       		.uleb128 0x16
 840 002d 00       		.byte	0
 841 002e 03       		.uleb128 0x3
 842 002f 0E       		.uleb128 0xe
 843 0030 3A       		.uleb128 0x3a
 844 0031 0B       		.uleb128 0xb
 845 0032 3B       		.uleb128 0x3b
 846 0033 0B       		.uleb128 0xb
 847 0034 49       		.uleb128 0x49
 848 0035 13       		.uleb128 0x13
 849 0036 00       		.byte	0
 850 0037 00       		.byte	0
 851 0038 05       		.uleb128 0x5
 852 0039 35       		.uleb128 0x35
 853 003a 00       		.byte	0
 854 003b 49       		.uleb128 0x49
 855 003c 13       		.uleb128 0x13
 856 003d 00       		.byte	0
 857 003e 00       		.byte	0
 858 003f 06       		.uleb128 0x6
 859 0040 2E       		.uleb128 0x2e
 860 0041 00       		.byte	0
 861 0042 3F       		.uleb128 0x3f
 862 0043 0C       		.uleb128 0xc
 863 0044 03       		.uleb128 0x3
 864 0045 0E       		.uleb128 0xe
 865 0046 3A       		.uleb128 0x3a
 866 0047 0B       		.uleb128 0xb
 867 0048 3B       		.uleb128 0x3b
 868 0049 0B       		.uleb128 0xb
 869 004a 27       		.uleb128 0x27
 870 004b 0C       		.uleb128 0xc
 871 004c 11       		.uleb128 0x11
 872 004d 01       		.uleb128 0x1
 873 004e 12       		.uleb128 0x12
ARM GAS  C:\Users\TSUBAS~1\AppData\Local\Temp\cck1RKSd.s 			page 25


 874 004f 01       		.uleb128 0x1
 875 0050 40       		.uleb128 0x40
 876 0051 06       		.uleb128 0x6
 877 0052 9642     		.uleb128 0x2116
 878 0054 0C       		.uleb128 0xc
 879 0055 00       		.byte	0
 880 0056 00       		.byte	0
 881 0057 07       		.uleb128 0x7
 882 0058 2E       		.uleb128 0x2e
 883 0059 00       		.byte	0
 884 005a 3F       		.uleb128 0x3f
 885 005b 0C       		.uleb128 0xc
 886 005c 03       		.uleb128 0x3
 887 005d 0E       		.uleb128 0xe
 888 005e 3A       		.uleb128 0x3a
 889 005f 0B       		.uleb128 0xb
 890 0060 3B       		.uleb128 0x3b
 891 0061 05       		.uleb128 0x5
 892 0062 27       		.uleb128 0x27
 893 0063 0C       		.uleb128 0xc
 894 0064 11       		.uleb128 0x11
 895 0065 01       		.uleb128 0x1
 896 0066 12       		.uleb128 0x12
 897 0067 01       		.uleb128 0x1
 898 0068 40       		.uleb128 0x40
 899 0069 06       		.uleb128 0x6
 900 006a 9642     		.uleb128 0x2116
 901 006c 0C       		.uleb128 0xc
 902 006d 00       		.byte	0
 903 006e 00       		.byte	0
 904 006f 08       		.uleb128 0x8
 905 0070 2E       		.uleb128 0x2e
 906 0071 01       		.byte	0x1
 907 0072 3F       		.uleb128 0x3f
 908 0073 0C       		.uleb128 0xc
 909 0074 03       		.uleb128 0x3
 910 0075 0E       		.uleb128 0xe
 911 0076 3A       		.uleb128 0x3a
 912 0077 0B       		.uleb128 0xb
 913 0078 3B       		.uleb128 0x3b
 914 0079 05       		.uleb128 0x5
 915 007a 27       		.uleb128 0x27
 916 007b 0C       		.uleb128 0xc
 917 007c 49       		.uleb128 0x49
 918 007d 13       		.uleb128 0x13
 919 007e 11       		.uleb128 0x11
 920 007f 01       		.uleb128 0x1
 921 0080 12       		.uleb128 0x12
 922 0081 01       		.uleb128 0x1
 923 0082 40       		.uleb128 0x40
 924 0083 06       		.uleb128 0x6
 925 0084 9642     		.uleb128 0x2116
 926 0086 0C       		.uleb128 0xc
 927 0087 01       		.uleb128 0x1
 928 0088 13       		.uleb128 0x13
 929 0089 00       		.byte	0
 930 008a 00       		.byte	0
ARM GAS  C:\Users\TSUBAS~1\AppData\Local\Temp\cck1RKSd.s 			page 26


 931 008b 09       		.uleb128 0x9
 932 008c 34       		.uleb128 0x34
 933 008d 00       		.byte	0
 934 008e 03       		.uleb128 0x3
 935 008f 0E       		.uleb128 0xe
 936 0090 3A       		.uleb128 0x3a
 937 0091 0B       		.uleb128 0xb
 938 0092 3B       		.uleb128 0x3b
 939 0093 05       		.uleb128 0x5
 940 0094 49       		.uleb128 0x49
 941 0095 13       		.uleb128 0x13
 942 0096 02       		.uleb128 0x2
 943 0097 0A       		.uleb128 0xa
 944 0098 00       		.byte	0
 945 0099 00       		.byte	0
 946 009a 0A       		.uleb128 0xa
 947 009b 2E       		.uleb128 0x2e
 948 009c 01       		.byte	0x1
 949 009d 3F       		.uleb128 0x3f
 950 009e 0C       		.uleb128 0xc
 951 009f 03       		.uleb128 0x3
 952 00a0 0E       		.uleb128 0xe
 953 00a1 3A       		.uleb128 0x3a
 954 00a2 0B       		.uleb128 0xb
 955 00a3 3B       		.uleb128 0x3b
 956 00a4 05       		.uleb128 0x5
 957 00a5 27       		.uleb128 0x27
 958 00a6 0C       		.uleb128 0xc
 959 00a7 11       		.uleb128 0x11
 960 00a8 01       		.uleb128 0x1
 961 00a9 12       		.uleb128 0x12
 962 00aa 01       		.uleb128 0x1
 963 00ab 40       		.uleb128 0x40
 964 00ac 06       		.uleb128 0x6
 965 00ad 9742     		.uleb128 0x2117
 966 00af 0C       		.uleb128 0xc
 967 00b0 01       		.uleb128 0x1
 968 00b1 13       		.uleb128 0x13
 969 00b2 00       		.byte	0
 970 00b3 00       		.byte	0
 971 00b4 0B       		.uleb128 0xb
 972 00b5 05       		.uleb128 0x5
 973 00b6 00       		.byte	0
 974 00b7 03       		.uleb128 0x3
 975 00b8 0E       		.uleb128 0xe
 976 00b9 3A       		.uleb128 0x3a
 977 00ba 0B       		.uleb128 0xb
 978 00bb 3B       		.uleb128 0x3b
 979 00bc 05       		.uleb128 0x5
 980 00bd 49       		.uleb128 0x49
 981 00be 13       		.uleb128 0x13
 982 00bf 02       		.uleb128 0x2
 983 00c0 0A       		.uleb128 0xa
 984 00c1 00       		.byte	0
 985 00c2 00       		.byte	0
 986 00c3 0C       		.uleb128 0xc
 987 00c4 0B       		.uleb128 0xb
ARM GAS  C:\Users\TSUBAS~1\AppData\Local\Temp\cck1RKSd.s 			page 27


 988 00c5 01       		.byte	0x1
 989 00c6 11       		.uleb128 0x11
 990 00c7 01       		.uleb128 0x1
 991 00c8 12       		.uleb128 0x12
 992 00c9 01       		.uleb128 0x1
 993 00ca 00       		.byte	0
 994 00cb 00       		.byte	0
 995 00cc 0D       		.uleb128 0xd
 996 00cd 2E       		.uleb128 0x2e
 997 00ce 01       		.byte	0x1
 998 00cf 3F       		.uleb128 0x3f
 999 00d0 0C       		.uleb128 0xc
 1000 00d1 03       		.uleb128 0x3
 1001 00d2 0E       		.uleb128 0xe
 1002 00d3 3A       		.uleb128 0x3a
 1003 00d4 0B       		.uleb128 0xb
 1004 00d5 3B       		.uleb128 0x3b
 1005 00d6 05       		.uleb128 0x5
 1006 00d7 27       		.uleb128 0x27
 1007 00d8 0C       		.uleb128 0xc
 1008 00d9 49       		.uleb128 0x49
 1009 00da 13       		.uleb128 0x13
 1010 00db 11       		.uleb128 0x11
 1011 00dc 01       		.uleb128 0x1
 1012 00dd 12       		.uleb128 0x12
 1013 00de 01       		.uleb128 0x1
 1014 00df 40       		.uleb128 0x40
 1015 00e0 06       		.uleb128 0x6
 1016 00e1 9742     		.uleb128 0x2117
 1017 00e3 0C       		.uleb128 0xc
 1018 00e4 01       		.uleb128 0x1
 1019 00e5 13       		.uleb128 0x13
 1020 00e6 00       		.byte	0
 1021 00e7 00       		.byte	0
 1022 00e8 0E       		.uleb128 0xe
 1023 00e9 0F       		.uleb128 0xf
 1024 00ea 00       		.byte	0
 1025 00eb 0B       		.uleb128 0xb
 1026 00ec 0B       		.uleb128 0xb
 1027 00ed 49       		.uleb128 0x49
 1028 00ee 13       		.uleb128 0x13
 1029 00ef 00       		.byte	0
 1030 00f0 00       		.byte	0
 1031 00f1 0F       		.uleb128 0xf
 1032 00f2 34       		.uleb128 0x34
 1033 00f3 00       		.byte	0
 1034 00f4 03       		.uleb128 0x3
 1035 00f5 0E       		.uleb128 0xe
 1036 00f6 3A       		.uleb128 0x3a
 1037 00f7 0B       		.uleb128 0xb
 1038 00f8 3B       		.uleb128 0x3b
 1039 00f9 0B       		.uleb128 0xb
 1040 00fa 49       		.uleb128 0x49
 1041 00fb 13       		.uleb128 0x13
 1042 00fc 3F       		.uleb128 0x3f
 1043 00fd 0C       		.uleb128 0xc
 1044 00fe 02       		.uleb128 0x2
ARM GAS  C:\Users\TSUBAS~1\AppData\Local\Temp\cck1RKSd.s 			page 28


 1045 00ff 0A       		.uleb128 0xa
 1046 0100 00       		.byte	0
 1047 0101 00       		.byte	0
 1048 0102 00       		.byte	0
 1049              		.section	.debug_loc,"",%progbits
 1050              	.Ldebug_loc0:
 1051              	.LLST0:
 1052 0000 00000000 		.4byte	.LFB0
 1053 0004 02000000 		.4byte	.LCFI0
 1054 0008 0200     		.2byte	0x2
 1055 000a 7D       		.byte	0x7d
 1056 000b 00       		.sleb128 0
 1057 000c 02000000 		.4byte	.LCFI0
 1058 0010 04000000 		.4byte	.LCFI1
 1059 0014 0200     		.2byte	0x2
 1060 0016 7D       		.byte	0x7d
 1061 0017 08       		.sleb128 8
 1062 0018 04000000 		.4byte	.LCFI1
 1063 001c F4000000 		.4byte	.LFE0
 1064 0020 0200     		.2byte	0x2
 1065 0022 77       		.byte	0x77
 1066 0023 08       		.sleb128 8
 1067 0024 00000000 		.4byte	0
 1068 0028 00000000 		.4byte	0
 1069              	.LLST1:
 1070 002c 00000000 		.4byte	.LFB1
 1071 0030 02000000 		.4byte	.LCFI2
 1072 0034 0200     		.2byte	0x2
 1073 0036 7D       		.byte	0x7d
 1074 0037 00       		.sleb128 0
 1075 0038 02000000 		.4byte	.LCFI2
 1076 003c 04000000 		.4byte	.LCFI3
 1077 0040 0200     		.2byte	0x2
 1078 0042 7D       		.byte	0x7d
 1079 0043 08       		.sleb128 8
 1080 0044 04000000 		.4byte	.LCFI3
 1081 0048 24000000 		.4byte	.LFE1
 1082 004c 0200     		.2byte	0x2
 1083 004e 77       		.byte	0x77
 1084 004f 08       		.sleb128 8
 1085 0050 00000000 		.4byte	0
 1086 0054 00000000 		.4byte	0
 1087              	.LLST2:
 1088 0058 00000000 		.4byte	.LFB2
 1089 005c 02000000 		.4byte	.LCFI4
 1090 0060 0200     		.2byte	0x2
 1091 0062 7D       		.byte	0x7d
 1092 0063 00       		.sleb128 0
 1093 0064 02000000 		.4byte	.LCFI4
 1094 0068 04000000 		.4byte	.LCFI5
 1095 006c 0200     		.2byte	0x2
 1096 006e 7D       		.byte	0x7d
 1097 006f 08       		.sleb128 8
 1098 0070 04000000 		.4byte	.LCFI5
 1099 0074 06000000 		.4byte	.LCFI6
 1100 0078 0200     		.2byte	0x2
 1101 007a 7D       		.byte	0x7d
ARM GAS  C:\Users\TSUBAS~1\AppData\Local\Temp\cck1RKSd.s 			page 29


 1102 007b 10       		.sleb128 16
 1103 007c 06000000 		.4byte	.LCFI6
 1104 0080 4C000000 		.4byte	.LFE2
 1105 0084 0200     		.2byte	0x2
 1106 0086 77       		.byte	0x77
 1107 0087 10       		.sleb128 16
 1108 0088 00000000 		.4byte	0
 1109 008c 00000000 		.4byte	0
 1110              	.LLST3:
 1111 0090 00000000 		.4byte	.LFB3
 1112 0094 02000000 		.4byte	.LCFI7
 1113 0098 0200     		.2byte	0x2
 1114 009a 7D       		.byte	0x7d
 1115 009b 00       		.sleb128 0
 1116 009c 02000000 		.4byte	.LCFI7
 1117 00a0 04000000 		.4byte	.LCFI8
 1118 00a4 0200     		.2byte	0x2
 1119 00a6 7D       		.byte	0x7d
 1120 00a7 08       		.sleb128 8
 1121 00a8 04000000 		.4byte	.LCFI8
 1122 00ac 06000000 		.4byte	.LCFI9
 1123 00b0 0200     		.2byte	0x2
 1124 00b2 7D       		.byte	0x7d
 1125 00b3 18       		.sleb128 24
 1126 00b4 06000000 		.4byte	.LCFI9
 1127 00b8 34000000 		.4byte	.LFE3
 1128 00bc 0200     		.2byte	0x2
 1129 00be 77       		.byte	0x77
 1130 00bf 18       		.sleb128 24
 1131 00c0 00000000 		.4byte	0
 1132 00c4 00000000 		.4byte	0
 1133              	.LLST4:
 1134 00c8 00000000 		.4byte	.LFB4
 1135 00cc 02000000 		.4byte	.LCFI10
 1136 00d0 0200     		.2byte	0x2
 1137 00d2 7D       		.byte	0x7d
 1138 00d3 00       		.sleb128 0
 1139 00d4 02000000 		.4byte	.LCFI10
 1140 00d8 04000000 		.4byte	.LCFI11
 1141 00dc 0200     		.2byte	0x2
 1142 00de 7D       		.byte	0x7d
 1143 00df 08       		.sleb128 8
 1144 00e0 04000000 		.4byte	.LCFI11
 1145 00e4 06000000 		.4byte	.LCFI12
 1146 00e8 0200     		.2byte	0x2
 1147 00ea 7D       		.byte	0x7d
 1148 00eb 10       		.sleb128 16
 1149 00ec 06000000 		.4byte	.LCFI12
 1150 00f0 20000000 		.4byte	.LFE4
 1151 00f4 0200     		.2byte	0x2
 1152 00f6 77       		.byte	0x77
 1153 00f7 10       		.sleb128 16
 1154 00f8 00000000 		.4byte	0
 1155 00fc 00000000 		.4byte	0
 1156              	.LLST5:
 1157 0100 00000000 		.4byte	.LFB5
 1158 0104 02000000 		.4byte	.LCFI13
ARM GAS  C:\Users\TSUBAS~1\AppData\Local\Temp\cck1RKSd.s 			page 30


 1159 0108 0200     		.2byte	0x2
 1160 010a 7D       		.byte	0x7d
 1161 010b 00       		.sleb128 0
 1162 010c 02000000 		.4byte	.LCFI13
 1163 0110 04000000 		.4byte	.LCFI14
 1164 0114 0200     		.2byte	0x2
 1165 0116 7D       		.byte	0x7d
 1166 0117 08       		.sleb128 8
 1167 0118 04000000 		.4byte	.LCFI14
 1168 011c 06000000 		.4byte	.LCFI15
 1169 0120 0200     		.2byte	0x2
 1170 0122 7D       		.byte	0x7d
 1171 0123 18       		.sleb128 24
 1172 0124 06000000 		.4byte	.LCFI15
 1173 0128 3C000000 		.4byte	.LFE5
 1174 012c 0200     		.2byte	0x2
 1175 012e 77       		.byte	0x77
 1176 012f 18       		.sleb128 24
 1177 0130 00000000 		.4byte	0
 1178 0134 00000000 		.4byte	0
 1179              	.LLST6:
 1180 0138 00000000 		.4byte	.LFB6
 1181 013c 02000000 		.4byte	.LCFI16
 1182 0140 0200     		.2byte	0x2
 1183 0142 7D       		.byte	0x7d
 1184 0143 00       		.sleb128 0
 1185 0144 02000000 		.4byte	.LCFI16
 1186 0148 04000000 		.4byte	.LCFI17
 1187 014c 0200     		.2byte	0x2
 1188 014e 7D       		.byte	0x7d
 1189 014f 08       		.sleb128 8
 1190 0150 04000000 		.4byte	.LCFI17
 1191 0154 06000000 		.4byte	.LCFI18
 1192 0158 0200     		.2byte	0x2
 1193 015a 7D       		.byte	0x7d
 1194 015b 10       		.sleb128 16
 1195 015c 06000000 		.4byte	.LCFI18
 1196 0160 1C000000 		.4byte	.LFE6
 1197 0164 0200     		.2byte	0x2
 1198 0166 77       		.byte	0x77
 1199 0167 10       		.sleb128 16
 1200 0168 00000000 		.4byte	0
 1201 016c 00000000 		.4byte	0
 1202              		.section	.debug_aranges,"",%progbits
 1203 0000 4C000000 		.4byte	0x4c
 1204 0004 0200     		.2byte	0x2
 1205 0006 00000000 		.4byte	.Ldebug_info0
 1206 000a 04       		.byte	0x4
 1207 000b 00       		.byte	0
 1208 000c 0000     		.2byte	0
 1209 000e 0000     		.2byte	0
 1210 0010 00000000 		.4byte	.LFB0
 1211 0014 F4000000 		.4byte	.LFE0-.LFB0
 1212 0018 00000000 		.4byte	.LFB1
 1213 001c 24000000 		.4byte	.LFE1-.LFB1
 1214 0020 00000000 		.4byte	.LFB2
 1215 0024 4C000000 		.4byte	.LFE2-.LFB2
ARM GAS  C:\Users\TSUBAS~1\AppData\Local\Temp\cck1RKSd.s 			page 31


 1216 0028 00000000 		.4byte	.LFB3
 1217 002c 34000000 		.4byte	.LFE3-.LFB3
 1218 0030 00000000 		.4byte	.LFB4
 1219 0034 20000000 		.4byte	.LFE4-.LFB4
 1220 0038 00000000 		.4byte	.LFB5
 1221 003c 3C000000 		.4byte	.LFE5-.LFB5
 1222 0040 00000000 		.4byte	.LFB6
 1223 0044 1C000000 		.4byte	.LFE6-.LFB6
 1224 0048 00000000 		.4byte	0
 1225 004c 00000000 		.4byte	0
 1226              		.section	.debug_ranges,"",%progbits
 1227              	.Ldebug_ranges0:
 1228 0000 00000000 		.4byte	.LFB0
 1229 0004 F4000000 		.4byte	.LFE0
 1230 0008 00000000 		.4byte	.LFB1
 1231 000c 24000000 		.4byte	.LFE1
 1232 0010 00000000 		.4byte	.LFB2
 1233 0014 4C000000 		.4byte	.LFE2
 1234 0018 00000000 		.4byte	.LFB3
 1235 001c 34000000 		.4byte	.LFE3
 1236 0020 00000000 		.4byte	.LFB4
 1237 0024 20000000 		.4byte	.LFE4
 1238 0028 00000000 		.4byte	.LFB5
 1239 002c 3C000000 		.4byte	.LFE5
 1240 0030 00000000 		.4byte	.LFB6
 1241 0034 1C000000 		.4byte	.LFE6
 1242 0038 00000000 		.4byte	0
 1243 003c 00000000 		.4byte	0
 1244              		.section	.debug_line,"",%progbits
 1245              	.Ldebug_line0:
 1246 0000 FE000000 		.section	.debug_str,"MS",%progbits,1
 1246      02004C00 
 1246      00000201 
 1246      FB0E0D00 
 1246      01010101 
 1247              	.LASF15:
 1248 0000 72656733 		.ascii	"reg32\000"
 1248      3200
 1249              	.LASF29:
 1250 0006 62756666 		.ascii	"buffer\000"
 1250      657200
 1251              	.LASF34:
 1252 000d 455A4932 		.ascii	"EZI2C_1_bufSizeBuf1\000"
 1252      435F315F 
 1252      62756653 
 1252      697A6542 
 1252      75663100 
 1253              	.LASF3:
 1254 0021 73686F72 		.ascii	"short unsigned int\000"
 1254      7420756E 
 1254      7369676E 
 1254      65642069 
 1254      6E7400
 1255              	.LASF28:
 1256 0034 7277426F 		.ascii	"rwBoundary\000"
 1256      756E6461 
 1256      727900
ARM GAS  C:\Users\TSUBAS~1\AppData\Local\Temp\cck1RKSd.s 			page 32


 1257              	.LASF40:
 1258 003f 433A5C55 		.ascii	"C:\\Users\\Tsubasa Maruyama\\Documents\\PSoC Creato"
 1258      73657273 
 1258      5C547375 
 1258      62617361 
 1258      204D6172 
 1259 006e 725C4C74 		.ascii	"r\\Lticker\\Lticker.cydsn\000"
 1259      69636B65 
 1259      725C4C74 
 1259      69636B65 
 1259      722E6379 
 1260              	.LASF19:
 1261 0086 73746174 		.ascii	"status\000"
 1261      757300
 1262              	.LASF12:
 1263 008d 666C6F61 		.ascii	"float\000"
 1263      7400
 1264              	.LASF1:
 1265 0093 756E7369 		.ascii	"unsigned char\000"
 1265      676E6564 
 1265      20636861 
 1265      7200
 1266              	.LASF26:
 1267 00a1 455A4932 		.ascii	"EZI2C_1_EzI2CSetBuffer1\000"
 1267      435F315F 
 1267      457A4932 
 1267      43536574 
 1267      42756666 
 1268              	.LASF39:
 1269 00b9 2E5C4765 		.ascii	".\\Generated_Source\\PSoC4\\EZI2C_1_EZI2C.c\000"
 1269      6E657261 
 1269      7465645F 
 1269      536F7572 
 1269      63655C50 
 1270              	.LASF5:
 1271 00e2 6C6F6E67 		.ascii	"long unsigned int\000"
 1271      20756E73 
 1271      69676E65 
 1271      6420696E 
 1271      7400
 1272              	.LASF9:
 1273 00f4 75696E74 		.ascii	"uint8\000"
 1273      3800
 1274              	.LASF13:
 1275 00fa 646F7562 		.ascii	"double\000"
 1275      6C6500
 1276              	.LASF31:
 1277 0101 455A4932 		.ascii	"EZI2C_1_curStatus\000"
 1277      435F315F 
 1277      63757253 
 1277      74617475 
 1277      7300
 1278              	.LASF10:
 1279 0113 75696E74 		.ascii	"uint16\000"
 1279      313600
 1280              	.LASF11:
 1281 011a 75696E74 		.ascii	"uint32\000"
ARM GAS  C:\Users\TSUBAS~1\AppData\Local\Temp\cck1RKSd.s 			page 33


 1281      333200
 1282              	.LASF8:
 1283 0121 756E7369 		.ascii	"unsigned int\000"
 1283      676E6564 
 1283      20696E74 
 1283      00
 1284              	.LASF35:
 1285 012e 455A4932 		.ascii	"EZI2C_1_protectBuf1\000"
 1285      435F315F 
 1285      70726F74 
 1285      65637442 
 1285      75663100 
 1286              	.LASF24:
 1287 0142 61646472 		.ascii	"address\000"
 1287      65737300 
 1288              	.LASF7:
 1289 014a 6C6F6E67 		.ascii	"long long unsigned int\000"
 1289      206C6F6E 
 1289      6720756E 
 1289      7369676E 
 1289      65642069 
 1290              	.LASF20:
 1291 0161 736C6176 		.ascii	"slaveBusy\000"
 1291      65427573 
 1291      7900
 1292              	.LASF22:
 1293 016b 455A4932 		.ascii	"EZI2C_1_EzI2CGetActivity\000"
 1293      435F315F 
 1293      457A4932 
 1293      43476574 
 1293      41637469 
 1294              	.LASF23:
 1295 0184 455A4932 		.ascii	"EZI2C_1_EzI2CGetAddress1\000"
 1295      435F315F 
 1295      457A4932 
 1295      43476574 
 1295      41646472 
 1296              	.LASF16:
 1297 019d 73697A65 		.ascii	"sizetype\000"
 1297      74797065 
 1297      00
 1298              	.LASF6:
 1299 01a6 6C6F6E67 		.ascii	"long long int\000"
 1299      206C6F6E 
 1299      6720696E 
 1299      7400
 1300              	.LASF18:
 1301 01b4 455A4932 		.ascii	"EZI2C_1_EzI2CStop\000"
 1301      435F315F 
 1301      457A4932 
 1301      4353746F 
 1301      7000
 1302              	.LASF33:
 1303 01c6 455A4932 		.ascii	"EZI2C_1_dataBuffer1\000"
 1303      435F315F 
 1303      64617461 
 1303      42756666 
ARM GAS  C:\Users\TSUBAS~1\AppData\Local\Temp\cck1RKSd.s 			page 34


 1303      65723100 
 1304              	.LASF32:
 1305 01da 455A4932 		.ascii	"EZI2C_1_fsmState\000"
 1305      435F315F 
 1305      66736D53 
 1305      74617465 
 1305      00
 1306              	.LASF2:
 1307 01eb 73686F72 		.ascii	"short int\000"
 1307      7420696E 
 1307      7400
 1308              	.LASF27:
 1309 01f5 62756653 		.ascii	"bufSize\000"
 1309      697A6500 
 1310              	.LASF38:
 1311 01fd 474E5520 		.ascii	"GNU C 4.7.3 20130312 (release) [ARM/embedded-4_7-br"
 1311      4320342E 
 1311      372E3320 
 1311      32303133 
 1311      30333132 
 1312 0230 616E6368 		.ascii	"anch revision 196615]\000"
 1312      20726576 
 1312      6973696F 
 1312      6E203139 
 1312      36363135 
 1313              	.LASF37:
 1314 0246 455A4932 		.ascii	"EZI2C_1_indexBuf1\000"
 1314      435F315F 
 1314      696E6465 
 1314      78427566 
 1314      3100
 1315              	.LASF25:
 1316 0258 455A4932 		.ascii	"EZI2C_1_EzI2CSetAddress1\000"
 1316      435F315F 
 1316      457A4932 
 1316      43536574 
 1316      41646472 
 1317              	.LASF4:
 1318 0271 6C6F6E67 		.ascii	"long int\000"
 1318      20696E74 
 1318      00
 1319              	.LASF14:
 1320 027a 63686172 		.ascii	"char\000"
 1320      00
 1321              	.LASF21:
 1322 027f 6D617463 		.ascii	"matchReg\000"
 1322      68526567 
 1322      00
 1323              	.LASF0:
 1324 0288 7369676E 		.ascii	"signed char\000"
 1324      65642063 
 1324      68617200 
 1325              	.LASF17:
 1326 0294 455A4932 		.ascii	"EZI2C_1_EzI2CInit\000"
 1326      435F315F 
 1326      457A4932 
 1326      43496E69 
ARM GAS  C:\Users\TSUBAS~1\AppData\Local\Temp\cck1RKSd.s 			page 35


 1326      7400
 1327              	.LASF30:
 1328 02a6 455A4932 		.ascii	"EZI2C_1_EzI2CSetReadBoundaryBuffer1\000"
 1328      435F315F 
 1328      457A4932 
 1328      43536574 
 1328      52656164 
 1329              	.LASF36:
 1330 02ca 455A4932 		.ascii	"EZI2C_1_offsetBuf1\000"
 1330      435F315F 
 1330      6F666673 
 1330      65744275 
 1330      663100
 1331              		.ident	"GCC: (GNU Tools for ARM Embedded Processors) 4.7.3 20130312 (release) [ARM/embedded-4_7-br
