ARM GAS  C:\Users\TSUBAS~1\AppData\Local\Temp\cc3DtMM5.s 			page 1


   1              		.cpu cortex-m0
   2              		.fpu softvfp
   3              		.eabi_attribute 20, 1
   4              		.eabi_attribute 21, 1
   5              		.eabi_attribute 23, 3
   6              		.eabi_attribute 24, 1
   7              		.eabi_attribute 25, 1
   8              		.eabi_attribute 26, 1
   9              		.eabi_attribute 30, 6
  10              		.eabi_attribute 34, 0
  11              		.eabi_attribute 18, 4
  12              		.code	16
  13              		.file	"isr_fifo_empty.c"
  14              		.text
  15              	.Ltext0:
  16              		.cfi_sections	.debug_frame
  17              		.section	.text.isr_fifo_empty_Start,"ax",%progbits
  18              		.align	2
  19              		.global	isr_fifo_empty_Start
  20              		.code	16
  21              		.thumb_func
  22              		.type	isr_fifo_empty_Start, %function
  23              	isr_fifo_empty_Start:
  24              	.LFB0:
  25              		.file 1 ".\\Generated_Source\\PSoC4\\isr_fifo_empty.c"
   1:.\Generated_Source\PSoC4/isr_fifo_empty.c **** /*******************************************************************************
   2:.\Generated_Source\PSoC4/isr_fifo_empty.c **** * File Name: isr_fifo_empty.c  
   3:.\Generated_Source\PSoC4/isr_fifo_empty.c **** * Version 1.70
   4:.\Generated_Source\PSoC4/isr_fifo_empty.c **** *
   5:.\Generated_Source\PSoC4/isr_fifo_empty.c **** *  Description:
   6:.\Generated_Source\PSoC4/isr_fifo_empty.c **** *   API for controlling the state of an interrupt.
   7:.\Generated_Source\PSoC4/isr_fifo_empty.c **** *
   8:.\Generated_Source\PSoC4/isr_fifo_empty.c **** *
   9:.\Generated_Source\PSoC4/isr_fifo_empty.c **** *  Note:
  10:.\Generated_Source\PSoC4/isr_fifo_empty.c **** *
  11:.\Generated_Source\PSoC4/isr_fifo_empty.c **** ********************************************************************************
  12:.\Generated_Source\PSoC4/isr_fifo_empty.c **** * Copyright 2008-2012, Cypress Semiconductor Corporation.  All rights reserved.
  13:.\Generated_Source\PSoC4/isr_fifo_empty.c **** * You may use this file only in accordance with the license, terms, conditions, 
  14:.\Generated_Source\PSoC4/isr_fifo_empty.c **** * disclaimers, and limitations in the end user license agreement accompanying 
  15:.\Generated_Source\PSoC4/isr_fifo_empty.c **** * the software package with which this file was provided.
  16:.\Generated_Source\PSoC4/isr_fifo_empty.c **** *******************************************************************************/
  17:.\Generated_Source\PSoC4/isr_fifo_empty.c **** 
  18:.\Generated_Source\PSoC4/isr_fifo_empty.c **** 
  19:.\Generated_Source\PSoC4/isr_fifo_empty.c **** #include <cydevice_trm.h>
  20:.\Generated_Source\PSoC4/isr_fifo_empty.c **** #include <CyLib.h>
  21:.\Generated_Source\PSoC4/isr_fifo_empty.c **** #include <isr_fifo_empty.h>
  22:.\Generated_Source\PSoC4/isr_fifo_empty.c **** 
  23:.\Generated_Source\PSoC4/isr_fifo_empty.c **** #if !defined(isr_fifo_empty__REMOVED) /* Check for removal by optimization */
  24:.\Generated_Source\PSoC4/isr_fifo_empty.c **** 
  25:.\Generated_Source\PSoC4/isr_fifo_empty.c **** /*******************************************************************************
  26:.\Generated_Source\PSoC4/isr_fifo_empty.c **** *  Place your includes, defines and code here 
  27:.\Generated_Source\PSoC4/isr_fifo_empty.c **** ********************************************************************************/
  28:.\Generated_Source\PSoC4/isr_fifo_empty.c **** /* `#START isr_fifo_empty_intc` */
  29:.\Generated_Source\PSoC4/isr_fifo_empty.c **** 
  30:.\Generated_Source\PSoC4/isr_fifo_empty.c **** /* `#END` */
  31:.\Generated_Source\PSoC4/isr_fifo_empty.c **** 
  32:.\Generated_Source\PSoC4/isr_fifo_empty.c **** extern cyisraddress CyRamVectors[CYINT_IRQ_BASE + CY_NUM_INTERRUPTS];
ARM GAS  C:\Users\TSUBAS~1\AppData\Local\Temp\cc3DtMM5.s 			page 2


  33:.\Generated_Source\PSoC4/isr_fifo_empty.c **** 
  34:.\Generated_Source\PSoC4/isr_fifo_empty.c **** /* Declared in startup, used to set unused interrupts to. */
  35:.\Generated_Source\PSoC4/isr_fifo_empty.c **** CY_ISR_PROTO(IntDefaultHandler);
  36:.\Generated_Source\PSoC4/isr_fifo_empty.c **** 
  37:.\Generated_Source\PSoC4/isr_fifo_empty.c **** 
  38:.\Generated_Source\PSoC4/isr_fifo_empty.c **** /*******************************************************************************
  39:.\Generated_Source\PSoC4/isr_fifo_empty.c **** * Function Name: isr_fifo_empty_Start
  40:.\Generated_Source\PSoC4/isr_fifo_empty.c **** ********************************************************************************
  41:.\Generated_Source\PSoC4/isr_fifo_empty.c **** *
  42:.\Generated_Source\PSoC4/isr_fifo_empty.c **** * Summary:
  43:.\Generated_Source\PSoC4/isr_fifo_empty.c **** *  Set up the interrupt and enable it.
  44:.\Generated_Source\PSoC4/isr_fifo_empty.c **** *
  45:.\Generated_Source\PSoC4/isr_fifo_empty.c **** * Parameters:  
  46:.\Generated_Source\PSoC4/isr_fifo_empty.c **** *   None
  47:.\Generated_Source\PSoC4/isr_fifo_empty.c **** *
  48:.\Generated_Source\PSoC4/isr_fifo_empty.c **** * Return:
  49:.\Generated_Source\PSoC4/isr_fifo_empty.c **** *   None
  50:.\Generated_Source\PSoC4/isr_fifo_empty.c **** *
  51:.\Generated_Source\PSoC4/isr_fifo_empty.c **** *******************************************************************************/
  52:.\Generated_Source\PSoC4/isr_fifo_empty.c **** void isr_fifo_empty_Start(void)
  53:.\Generated_Source\PSoC4/isr_fifo_empty.c **** {
  26              		.loc 1 53 0
  27              		.cfi_startproc
  28 0000 80B5     		push	{r7, lr}
  29              	.LCFI0:
  30              		.cfi_def_cfa_offset 8
  31              		.cfi_offset 7, -8
  32              		.cfi_offset 14, -4
  33 0002 00AF     		add	r7, sp, #0
  34              	.LCFI1:
  35              		.cfi_def_cfa_register 7
  54:.\Generated_Source\PSoC4/isr_fifo_empty.c ****     /* For all we know the interrupt is active. */
  55:.\Generated_Source\PSoC4/isr_fifo_empty.c ****     isr_fifo_empty_Disable();
  36              		.loc 1 55 0
  37 0004 FFF7FEFF 		bl	isr_fifo_empty_Disable
  56:.\Generated_Source\PSoC4/isr_fifo_empty.c **** 
  57:.\Generated_Source\PSoC4/isr_fifo_empty.c ****     /* Set the ISR to point to the isr_fifo_empty Interrupt. */
  58:.\Generated_Source\PSoC4/isr_fifo_empty.c ****     isr_fifo_empty_SetVector(&isr_fifo_empty_Interrupt);
  38              		.loc 1 58 0
  39 0008 054B     		ldr	r3, .L2
  40 000a 181C     		mov	r0, r3
  41 000c FFF7FEFF 		bl	isr_fifo_empty_SetVector
  59:.\Generated_Source\PSoC4/isr_fifo_empty.c **** 
  60:.\Generated_Source\PSoC4/isr_fifo_empty.c ****     /* Set the priority. */
  61:.\Generated_Source\PSoC4/isr_fifo_empty.c ****     isr_fifo_empty_SetPriority((uint8)isr_fifo_empty_INTC_PRIOR_NUMBER);
  42              		.loc 1 61 0
  43 0010 0320     		mov	r0, #3
  44 0012 FFF7FEFF 		bl	isr_fifo_empty_SetPriority
  62:.\Generated_Source\PSoC4/isr_fifo_empty.c **** 
  63:.\Generated_Source\PSoC4/isr_fifo_empty.c ****     /* Enable it. */
  64:.\Generated_Source\PSoC4/isr_fifo_empty.c ****     isr_fifo_empty_Enable();
  45              		.loc 1 64 0
  46 0016 FFF7FEFF 		bl	isr_fifo_empty_Enable
  65:.\Generated_Source\PSoC4/isr_fifo_empty.c **** }
  47              		.loc 1 65 0
  48 001a BD46     		mov	sp, r7
  49              		@ sp needed for prologue
ARM GAS  C:\Users\TSUBAS~1\AppData\Local\Temp\cc3DtMM5.s 			page 3


  50 001c 80BD     		pop	{r7, pc}
  51              	.L3:
  52 001e C046     		.align	2
  53              	.L2:
  54 0020 00000000 		.word	isr_fifo_empty_Interrupt
  55              		.cfi_endproc
  56              	.LFE0:
  57              		.size	isr_fifo_empty_Start, .-isr_fifo_empty_Start
  58              		.section	.text.isr_fifo_empty_StartEx,"ax",%progbits
  59              		.align	2
  60              		.global	isr_fifo_empty_StartEx
  61              		.code	16
  62              		.thumb_func
  63              		.type	isr_fifo_empty_StartEx, %function
  64              	isr_fifo_empty_StartEx:
  65              	.LFB1:
  66:.\Generated_Source\PSoC4/isr_fifo_empty.c **** 
  67:.\Generated_Source\PSoC4/isr_fifo_empty.c **** 
  68:.\Generated_Source\PSoC4/isr_fifo_empty.c **** /*******************************************************************************
  69:.\Generated_Source\PSoC4/isr_fifo_empty.c **** * Function Name: isr_fifo_empty_StartEx
  70:.\Generated_Source\PSoC4/isr_fifo_empty.c **** ********************************************************************************
  71:.\Generated_Source\PSoC4/isr_fifo_empty.c **** *
  72:.\Generated_Source\PSoC4/isr_fifo_empty.c **** * Summary:
  73:.\Generated_Source\PSoC4/isr_fifo_empty.c **** *  Set up the interrupt and enable it.
  74:.\Generated_Source\PSoC4/isr_fifo_empty.c **** *
  75:.\Generated_Source\PSoC4/isr_fifo_empty.c **** * Parameters:  
  76:.\Generated_Source\PSoC4/isr_fifo_empty.c **** *   address: Address of the ISR to set in the interrupt vector table.
  77:.\Generated_Source\PSoC4/isr_fifo_empty.c **** *
  78:.\Generated_Source\PSoC4/isr_fifo_empty.c **** * Return:
  79:.\Generated_Source\PSoC4/isr_fifo_empty.c **** *   None
  80:.\Generated_Source\PSoC4/isr_fifo_empty.c **** *
  81:.\Generated_Source\PSoC4/isr_fifo_empty.c **** *******************************************************************************/
  82:.\Generated_Source\PSoC4/isr_fifo_empty.c **** void isr_fifo_empty_StartEx(cyisraddress address)
  83:.\Generated_Source\PSoC4/isr_fifo_empty.c **** {
  66              		.loc 1 83 0
  67              		.cfi_startproc
  68 0000 80B5     		push	{r7, lr}
  69              	.LCFI2:
  70              		.cfi_def_cfa_offset 8
  71              		.cfi_offset 7, -8
  72              		.cfi_offset 14, -4
  73 0002 82B0     		sub	sp, sp, #8
  74              	.LCFI3:
  75              		.cfi_def_cfa_offset 16
  76 0004 00AF     		add	r7, sp, #0
  77              	.LCFI4:
  78              		.cfi_def_cfa_register 7
  79 0006 7860     		str	r0, [r7, #4]
  84:.\Generated_Source\PSoC4/isr_fifo_empty.c ****     /* For all we know the interrupt is active. */
  85:.\Generated_Source\PSoC4/isr_fifo_empty.c ****     isr_fifo_empty_Disable();
  80              		.loc 1 85 0
  81 0008 FFF7FEFF 		bl	isr_fifo_empty_Disable
  86:.\Generated_Source\PSoC4/isr_fifo_empty.c **** 
  87:.\Generated_Source\PSoC4/isr_fifo_empty.c ****     /* Set the ISR to point to the isr_fifo_empty Interrupt. */
  88:.\Generated_Source\PSoC4/isr_fifo_empty.c ****     isr_fifo_empty_SetVector(address);
  82              		.loc 1 88 0
  83 000c 7B68     		ldr	r3, [r7, #4]
ARM GAS  C:\Users\TSUBAS~1\AppData\Local\Temp\cc3DtMM5.s 			page 4


  84 000e 181C     		mov	r0, r3
  85 0010 FFF7FEFF 		bl	isr_fifo_empty_SetVector
  89:.\Generated_Source\PSoC4/isr_fifo_empty.c **** 
  90:.\Generated_Source\PSoC4/isr_fifo_empty.c ****     /* Set the priority. */
  91:.\Generated_Source\PSoC4/isr_fifo_empty.c ****     isr_fifo_empty_SetPriority((uint8)isr_fifo_empty_INTC_PRIOR_NUMBER);
  86              		.loc 1 91 0
  87 0014 0320     		mov	r0, #3
  88 0016 FFF7FEFF 		bl	isr_fifo_empty_SetPriority
  92:.\Generated_Source\PSoC4/isr_fifo_empty.c **** 
  93:.\Generated_Source\PSoC4/isr_fifo_empty.c ****     /* Enable it. */
  94:.\Generated_Source\PSoC4/isr_fifo_empty.c ****     isr_fifo_empty_Enable();
  89              		.loc 1 94 0
  90 001a FFF7FEFF 		bl	isr_fifo_empty_Enable
  95:.\Generated_Source\PSoC4/isr_fifo_empty.c **** }
  91              		.loc 1 95 0
  92 001e BD46     		mov	sp, r7
  93 0020 02B0     		add	sp, sp, #8
  94              		@ sp needed for prologue
  95 0022 80BD     		pop	{r7, pc}
  96              		.cfi_endproc
  97              	.LFE1:
  98              		.size	isr_fifo_empty_StartEx, .-isr_fifo_empty_StartEx
  99              		.section	.text.isr_fifo_empty_Stop,"ax",%progbits
 100              		.align	2
 101              		.global	isr_fifo_empty_Stop
 102              		.code	16
 103              		.thumb_func
 104              		.type	isr_fifo_empty_Stop, %function
 105              	isr_fifo_empty_Stop:
 106              	.LFB2:
  96:.\Generated_Source\PSoC4/isr_fifo_empty.c **** 
  97:.\Generated_Source\PSoC4/isr_fifo_empty.c **** 
  98:.\Generated_Source\PSoC4/isr_fifo_empty.c **** /*******************************************************************************
  99:.\Generated_Source\PSoC4/isr_fifo_empty.c **** * Function Name: isr_fifo_empty_Stop
 100:.\Generated_Source\PSoC4/isr_fifo_empty.c **** ********************************************************************************
 101:.\Generated_Source\PSoC4/isr_fifo_empty.c **** *
 102:.\Generated_Source\PSoC4/isr_fifo_empty.c **** * Summary:
 103:.\Generated_Source\PSoC4/isr_fifo_empty.c **** *   Disables and removes the interrupt.
 104:.\Generated_Source\PSoC4/isr_fifo_empty.c **** *
 105:.\Generated_Source\PSoC4/isr_fifo_empty.c **** * Parameters:  
 106:.\Generated_Source\PSoC4/isr_fifo_empty.c **** *
 107:.\Generated_Source\PSoC4/isr_fifo_empty.c **** * Return:
 108:.\Generated_Source\PSoC4/isr_fifo_empty.c **** *   None
 109:.\Generated_Source\PSoC4/isr_fifo_empty.c **** *
 110:.\Generated_Source\PSoC4/isr_fifo_empty.c **** *******************************************************************************/
 111:.\Generated_Source\PSoC4/isr_fifo_empty.c **** void isr_fifo_empty_Stop(void)
 112:.\Generated_Source\PSoC4/isr_fifo_empty.c **** {
 107              		.loc 1 112 0
 108              		.cfi_startproc
 109 0000 80B5     		push	{r7, lr}
 110              	.LCFI5:
 111              		.cfi_def_cfa_offset 8
 112              		.cfi_offset 7, -8
 113              		.cfi_offset 14, -4
 114 0002 00AF     		add	r7, sp, #0
 115              	.LCFI6:
 116              		.cfi_def_cfa_register 7
ARM GAS  C:\Users\TSUBAS~1\AppData\Local\Temp\cc3DtMM5.s 			page 5


 113:.\Generated_Source\PSoC4/isr_fifo_empty.c ****     /* Disable this interrupt. */
 114:.\Generated_Source\PSoC4/isr_fifo_empty.c ****     isr_fifo_empty_Disable();
 117              		.loc 1 114 0
 118 0004 FFF7FEFF 		bl	isr_fifo_empty_Disable
 115:.\Generated_Source\PSoC4/isr_fifo_empty.c **** 
 116:.\Generated_Source\PSoC4/isr_fifo_empty.c ****     /* Set the ISR to point to the passive one. */
 117:.\Generated_Source\PSoC4/isr_fifo_empty.c ****     isr_fifo_empty_SetVector(&IntDefaultHandler);
 119              		.loc 1 117 0
 120 0008 024B     		ldr	r3, .L6
 121 000a 181C     		mov	r0, r3
 122 000c FFF7FEFF 		bl	isr_fifo_empty_SetVector
 118:.\Generated_Source\PSoC4/isr_fifo_empty.c **** }
 123              		.loc 1 118 0
 124 0010 BD46     		mov	sp, r7
 125              		@ sp needed for prologue
 126 0012 80BD     		pop	{r7, pc}
 127              	.L7:
 128              		.align	2
 129              	.L6:
 130 0014 00000000 		.word	IntDefaultHandler
 131              		.cfi_endproc
 132              	.LFE2:
 133              		.size	isr_fifo_empty_Stop, .-isr_fifo_empty_Stop
 134              		.section	.text.isr_fifo_empty_Interrupt,"ax",%progbits
 135              		.align	2
 136              		.global	isr_fifo_empty_Interrupt
 137              		.code	16
 138              		.thumb_func
 139              		.type	isr_fifo_empty_Interrupt, %function
 140              	isr_fifo_empty_Interrupt:
 141              	.LFB3:
 119:.\Generated_Source\PSoC4/isr_fifo_empty.c **** 
 120:.\Generated_Source\PSoC4/isr_fifo_empty.c **** 
 121:.\Generated_Source\PSoC4/isr_fifo_empty.c **** /*******************************************************************************
 122:.\Generated_Source\PSoC4/isr_fifo_empty.c **** * Function Name: isr_fifo_empty_Interrupt
 123:.\Generated_Source\PSoC4/isr_fifo_empty.c **** ********************************************************************************
 124:.\Generated_Source\PSoC4/isr_fifo_empty.c **** *
 125:.\Generated_Source\PSoC4/isr_fifo_empty.c **** * Summary:
 126:.\Generated_Source\PSoC4/isr_fifo_empty.c **** *   The default Interrupt Service Routine for isr_fifo_empty.
 127:.\Generated_Source\PSoC4/isr_fifo_empty.c **** *
 128:.\Generated_Source\PSoC4/isr_fifo_empty.c **** *   Add custom code between the coments to keep the next version of this file
 129:.\Generated_Source\PSoC4/isr_fifo_empty.c **** *   from over writting your code.
 130:.\Generated_Source\PSoC4/isr_fifo_empty.c **** *
 131:.\Generated_Source\PSoC4/isr_fifo_empty.c **** * Parameters:  
 132:.\Generated_Source\PSoC4/isr_fifo_empty.c **** *   None
 133:.\Generated_Source\PSoC4/isr_fifo_empty.c **** *
 134:.\Generated_Source\PSoC4/isr_fifo_empty.c **** * Return:
 135:.\Generated_Source\PSoC4/isr_fifo_empty.c **** *   None
 136:.\Generated_Source\PSoC4/isr_fifo_empty.c **** *
 137:.\Generated_Source\PSoC4/isr_fifo_empty.c **** *******************************************************************************/
 138:.\Generated_Source\PSoC4/isr_fifo_empty.c **** CY_ISR(isr_fifo_empty_Interrupt)
 139:.\Generated_Source\PSoC4/isr_fifo_empty.c **** {
 142              		.loc 1 139 0
 143              		.cfi_startproc
 144 0000 80B5     		push	{r7, lr}
 145              	.LCFI7:
 146              		.cfi_def_cfa_offset 8
ARM GAS  C:\Users\TSUBAS~1\AppData\Local\Temp\cc3DtMM5.s 			page 6


 147              		.cfi_offset 7, -8
 148              		.cfi_offset 14, -4
 149 0002 00AF     		add	r7, sp, #0
 150              	.LCFI8:
 151              		.cfi_def_cfa_register 7
 140:.\Generated_Source\PSoC4/isr_fifo_empty.c ****     /*  Place your Interrupt code here. */
 141:.\Generated_Source\PSoC4/isr_fifo_empty.c ****     /* `#START isr_fifo_empty_Interrupt` */
 142:.\Generated_Source\PSoC4/isr_fifo_empty.c **** 
 143:.\Generated_Source\PSoC4/isr_fifo_empty.c ****     /* `#END` */
 144:.\Generated_Source\PSoC4/isr_fifo_empty.c **** }
 152              		.loc 1 144 0
 153 0004 BD46     		mov	sp, r7
 154              		@ sp needed for prologue
 155 0006 80BD     		pop	{r7, pc}
 156              		.cfi_endproc
 157              	.LFE3:
 158              		.size	isr_fifo_empty_Interrupt, .-isr_fifo_empty_Interrupt
 159              		.section	.text.isr_fifo_empty_SetVector,"ax",%progbits
 160              		.align	2
 161              		.global	isr_fifo_empty_SetVector
 162              		.code	16
 163              		.thumb_func
 164              		.type	isr_fifo_empty_SetVector, %function
 165              	isr_fifo_empty_SetVector:
 166              	.LFB4:
 145:.\Generated_Source\PSoC4/isr_fifo_empty.c **** 
 146:.\Generated_Source\PSoC4/isr_fifo_empty.c **** 
 147:.\Generated_Source\PSoC4/isr_fifo_empty.c **** /*******************************************************************************
 148:.\Generated_Source\PSoC4/isr_fifo_empty.c **** * Function Name: isr_fifo_empty_SetVector
 149:.\Generated_Source\PSoC4/isr_fifo_empty.c **** ********************************************************************************
 150:.\Generated_Source\PSoC4/isr_fifo_empty.c **** *
 151:.\Generated_Source\PSoC4/isr_fifo_empty.c **** * Summary:
 152:.\Generated_Source\PSoC4/isr_fifo_empty.c **** *   Change the ISR vector for the Interrupt. Note calling isr_fifo_empty_Start
 153:.\Generated_Source\PSoC4/isr_fifo_empty.c **** *   will override any effect this method would have had. To set the vector 
 154:.\Generated_Source\PSoC4/isr_fifo_empty.c **** *   before the component has been started use isr_fifo_empty_StartEx instead.
 155:.\Generated_Source\PSoC4/isr_fifo_empty.c **** *
 156:.\Generated_Source\PSoC4/isr_fifo_empty.c **** * Parameters:
 157:.\Generated_Source\PSoC4/isr_fifo_empty.c **** *   address: Address of the ISR to set in the interrupt vector table.
 158:.\Generated_Source\PSoC4/isr_fifo_empty.c **** *
 159:.\Generated_Source\PSoC4/isr_fifo_empty.c **** * Return:
 160:.\Generated_Source\PSoC4/isr_fifo_empty.c **** *   None
 161:.\Generated_Source\PSoC4/isr_fifo_empty.c **** *
 162:.\Generated_Source\PSoC4/isr_fifo_empty.c **** *******************************************************************************/
 163:.\Generated_Source\PSoC4/isr_fifo_empty.c **** void isr_fifo_empty_SetVector(cyisraddress address)
 164:.\Generated_Source\PSoC4/isr_fifo_empty.c **** {
 167              		.loc 1 164 0
 168              		.cfi_startproc
 169 0000 80B5     		push	{r7, lr}
 170              	.LCFI9:
 171              		.cfi_def_cfa_offset 8
 172              		.cfi_offset 7, -8
 173              		.cfi_offset 14, -4
 174 0002 82B0     		sub	sp, sp, #8
 175              	.LCFI10:
 176              		.cfi_def_cfa_offset 16
 177 0004 00AF     		add	r7, sp, #0
 178              	.LCFI11:
ARM GAS  C:\Users\TSUBAS~1\AppData\Local\Temp\cc3DtMM5.s 			page 7


 179              		.cfi_def_cfa_register 7
 180 0006 7860     		str	r0, [r7, #4]
 165:.\Generated_Source\PSoC4/isr_fifo_empty.c ****     CyRamVectors[CYINT_IRQ_BASE + isr_fifo_empty__INTC_NUMBER] = address;
 181              		.loc 1 165 0
 182 0008 024B     		ldr	r3, .L10
 183 000a 7A68     		ldr	r2, [r7, #4]
 184 000c 1A64     		str	r2, [r3, #64]
 166:.\Generated_Source\PSoC4/isr_fifo_empty.c **** }
 185              		.loc 1 166 0
 186 000e BD46     		mov	sp, r7
 187 0010 02B0     		add	sp, sp, #8
 188              		@ sp needed for prologue
 189 0012 80BD     		pop	{r7, pc}
 190              	.L11:
 191              		.align	2
 192              	.L10:
 193 0014 00000000 		.word	CyRamVectors
 194              		.cfi_endproc
 195              	.LFE4:
 196              		.size	isr_fifo_empty_SetVector, .-isr_fifo_empty_SetVector
 197              		.section	.text.isr_fifo_empty_GetVector,"ax",%progbits
 198              		.align	2
 199              		.global	isr_fifo_empty_GetVector
 200              		.code	16
 201              		.thumb_func
 202              		.type	isr_fifo_empty_GetVector, %function
 203              	isr_fifo_empty_GetVector:
 204              	.LFB5:
 167:.\Generated_Source\PSoC4/isr_fifo_empty.c **** 
 168:.\Generated_Source\PSoC4/isr_fifo_empty.c **** 
 169:.\Generated_Source\PSoC4/isr_fifo_empty.c **** /*******************************************************************************
 170:.\Generated_Source\PSoC4/isr_fifo_empty.c **** * Function Name: isr_fifo_empty_GetVector
 171:.\Generated_Source\PSoC4/isr_fifo_empty.c **** ********************************************************************************
 172:.\Generated_Source\PSoC4/isr_fifo_empty.c **** *
 173:.\Generated_Source\PSoC4/isr_fifo_empty.c **** * Summary:
 174:.\Generated_Source\PSoC4/isr_fifo_empty.c **** *   Gets the "address" of the current ISR vector for the Interrupt.
 175:.\Generated_Source\PSoC4/isr_fifo_empty.c **** *
 176:.\Generated_Source\PSoC4/isr_fifo_empty.c **** * Parameters:
 177:.\Generated_Source\PSoC4/isr_fifo_empty.c **** *   None
 178:.\Generated_Source\PSoC4/isr_fifo_empty.c **** *
 179:.\Generated_Source\PSoC4/isr_fifo_empty.c **** * Return:
 180:.\Generated_Source\PSoC4/isr_fifo_empty.c **** *   Address of the ISR in the interrupt vector table.
 181:.\Generated_Source\PSoC4/isr_fifo_empty.c **** *
 182:.\Generated_Source\PSoC4/isr_fifo_empty.c **** *******************************************************************************/
 183:.\Generated_Source\PSoC4/isr_fifo_empty.c **** cyisraddress isr_fifo_empty_GetVector(void)
 184:.\Generated_Source\PSoC4/isr_fifo_empty.c **** {
 205              		.loc 1 184 0
 206              		.cfi_startproc
 207 0000 80B5     		push	{r7, lr}
 208              	.LCFI12:
 209              		.cfi_def_cfa_offset 8
 210              		.cfi_offset 7, -8
 211              		.cfi_offset 14, -4
 212 0002 00AF     		add	r7, sp, #0
 213              	.LCFI13:
 214              		.cfi_def_cfa_register 7
 185:.\Generated_Source\PSoC4/isr_fifo_empty.c ****     return CyRamVectors[CYINT_IRQ_BASE + isr_fifo_empty__INTC_NUMBER];
ARM GAS  C:\Users\TSUBAS~1\AppData\Local\Temp\cc3DtMM5.s 			page 8


 215              		.loc 1 185 0
 216 0004 024B     		ldr	r3, .L14
 217 0006 1B6C     		ldr	r3, [r3, #64]
 186:.\Generated_Source\PSoC4/isr_fifo_empty.c **** }
 218              		.loc 1 186 0
 219 0008 181C     		mov	r0, r3
 220 000a BD46     		mov	sp, r7
 221              		@ sp needed for prologue
 222 000c 80BD     		pop	{r7, pc}
 223              	.L15:
 224 000e C046     		.align	2
 225              	.L14:
 226 0010 00000000 		.word	CyRamVectors
 227              		.cfi_endproc
 228              	.LFE5:
 229              		.size	isr_fifo_empty_GetVector, .-isr_fifo_empty_GetVector
 230              		.section	.text.isr_fifo_empty_SetPriority,"ax",%progbits
 231              		.align	2
 232              		.global	isr_fifo_empty_SetPriority
 233              		.code	16
 234              		.thumb_func
 235              		.type	isr_fifo_empty_SetPriority, %function
 236              	isr_fifo_empty_SetPriority:
 237              	.LFB6:
 187:.\Generated_Source\PSoC4/isr_fifo_empty.c **** 
 188:.\Generated_Source\PSoC4/isr_fifo_empty.c **** 
 189:.\Generated_Source\PSoC4/isr_fifo_empty.c **** /*******************************************************************************
 190:.\Generated_Source\PSoC4/isr_fifo_empty.c **** * Function Name: isr_fifo_empty_SetPriority
 191:.\Generated_Source\PSoC4/isr_fifo_empty.c **** ********************************************************************************
 192:.\Generated_Source\PSoC4/isr_fifo_empty.c **** *
 193:.\Generated_Source\PSoC4/isr_fifo_empty.c **** * Summary:
 194:.\Generated_Source\PSoC4/isr_fifo_empty.c **** *   Sets the Priority of the Interrupt. Note calling isr_fifo_empty_Start
 195:.\Generated_Source\PSoC4/isr_fifo_empty.c **** *   or isr_fifo_empty_StartEx will override any effect this method would 
 196:.\Generated_Source\PSoC4/isr_fifo_empty.c **** *   have had. This method should only be called after isr_fifo_empty_Start or 
 197:.\Generated_Source\PSoC4/isr_fifo_empty.c **** *   isr_fifo_empty_StartEx has been called. To set the initial
 198:.\Generated_Source\PSoC4/isr_fifo_empty.c **** *   priority for the component use the cydwr file in the tool.
 199:.\Generated_Source\PSoC4/isr_fifo_empty.c **** *
 200:.\Generated_Source\PSoC4/isr_fifo_empty.c **** * Parameters:
 201:.\Generated_Source\PSoC4/isr_fifo_empty.c **** *   priority: Priority of the interrupt. 0 - 3, 0 being the highest.
 202:.\Generated_Source\PSoC4/isr_fifo_empty.c **** *
 203:.\Generated_Source\PSoC4/isr_fifo_empty.c **** * Return:
 204:.\Generated_Source\PSoC4/isr_fifo_empty.c **** *   None
 205:.\Generated_Source\PSoC4/isr_fifo_empty.c **** *
 206:.\Generated_Source\PSoC4/isr_fifo_empty.c **** *******************************************************************************/
 207:.\Generated_Source\PSoC4/isr_fifo_empty.c **** void isr_fifo_empty_SetPriority(uint8 priority)
 208:.\Generated_Source\PSoC4/isr_fifo_empty.c **** {
 238              		.loc 1 208 0
 239              		.cfi_startproc
 240 0000 90B5     		push	{r4, r7, lr}
 241              	.LCFI14:
 242              		.cfi_def_cfa_offset 12
 243              		.cfi_offset 4, -12
 244              		.cfi_offset 7, -8
 245              		.cfi_offset 14, -4
 246 0002 85B0     		sub	sp, sp, #20
 247              	.LCFI15:
 248              		.cfi_def_cfa_offset 32
ARM GAS  C:\Users\TSUBAS~1\AppData\Local\Temp\cc3DtMM5.s 			page 9


 249 0004 00AF     		add	r7, sp, #0
 250              	.LCFI16:
 251              		.cfi_def_cfa_register 7
 252 0006 021C     		mov	r2, r0
 253 0008 FB1D     		add	r3, r7, #7
 254 000a 1A70     		strb	r2, [r3]
 209:.\Generated_Source\PSoC4/isr_fifo_empty.c **** 	uint8 interruptState;
 210:.\Generated_Source\PSoC4/isr_fifo_empty.c ****     uint32 priorityOffset = ((isr_fifo_empty__INTC_NUMBER % 4u) * 8u) + 6u;
 255              		.loc 1 210 0
 256 000c 0623     		mov	r3, #6
 257 000e FB60     		str	r3, [r7, #12]
 211:.\Generated_Source\PSoC4/isr_fifo_empty.c ****     
 212:.\Generated_Source\PSoC4/isr_fifo_empty.c **** 	interruptState = CyEnterCriticalSection();
 258              		.loc 1 212 0
 259 0010 3C1C     		mov	r4, r7
 260 0012 0B34     		add	r4, r4, #11
 261 0014 FFF7FEFF 		bl	CyEnterCriticalSection
 262 0018 031C     		mov	r3, r0
 263 001a 2370     		strb	r3, [r4]
 213:.\Generated_Source\PSoC4/isr_fifo_empty.c ****     *isr_fifo_empty_INTC_PRIOR = (*isr_fifo_empty_INTC_PRIOR & (uint32)(~isr_fifo_empty__INTC_PRIOR
 264              		.loc 1 213 0
 265 001c 0B4B     		ldr	r3, .L17
 266 001e 0B4A     		ldr	r2, .L17
 267 0020 1268     		ldr	r2, [r2]
 268 0022 C021     		mov	r1, #192
 269 0024 101C     		mov	r0, r2
 270 0026 8843     		bic	r0, r1
 271 0028 011C     		mov	r1, r0
 214:.\Generated_Source\PSoC4/isr_fifo_empty.c ****                                     ((uint32)priority << priorityOffset);
 272              		.loc 1 214 0
 273 002a FA1D     		add	r2, r7, #7
 274 002c 1078     		ldrb	r0, [r2]
 275 002e FA68     		ldr	r2, [r7, #12]
 276 0030 041C     		mov	r4, r0
 277 0032 9440     		lsl	r4, r4, r2
 278 0034 221C     		mov	r2, r4
 213:.\Generated_Source\PSoC4/isr_fifo_empty.c ****     *isr_fifo_empty_INTC_PRIOR = (*isr_fifo_empty_INTC_PRIOR & (uint32)(~isr_fifo_empty__INTC_PRIOR
 279              		.loc 1 213 0
 280 0036 0A43     		orr	r2, r1
 281 0038 1A60     		str	r2, [r3]
 215:.\Generated_Source\PSoC4/isr_fifo_empty.c **** 	CyExitCriticalSection(interruptState);
 282              		.loc 1 215 0
 283 003a 3B1C     		mov	r3, r7
 284 003c 0B33     		add	r3, r3, #11
 285 003e 1B78     		ldrb	r3, [r3]
 286 0040 181C     		mov	r0, r3
 287 0042 FFF7FEFF 		bl	CyExitCriticalSection
 216:.\Generated_Source\PSoC4/isr_fifo_empty.c **** }
 288              		.loc 1 216 0
 289 0046 BD46     		mov	sp, r7
 290 0048 05B0     		add	sp, sp, #20
 291              		@ sp needed for prologue
 292 004a 90BD     		pop	{r4, r7, pc}
 293              	.L18:
 294              		.align	2
 295              	.L17:
 296 004c 00E400E0 		.word	-536812544
ARM GAS  C:\Users\TSUBAS~1\AppData\Local\Temp\cc3DtMM5.s 			page 10


 297              		.cfi_endproc
 298              	.LFE6:
 299              		.size	isr_fifo_empty_SetPriority, .-isr_fifo_empty_SetPriority
 300              		.section	.text.isr_fifo_empty_GetPriority,"ax",%progbits
 301              		.align	2
 302              		.global	isr_fifo_empty_GetPriority
 303              		.code	16
 304              		.thumb_func
 305              		.type	isr_fifo_empty_GetPriority, %function
 306              	isr_fifo_empty_GetPriority:
 307              	.LFB7:
 217:.\Generated_Source\PSoC4/isr_fifo_empty.c **** 
 218:.\Generated_Source\PSoC4/isr_fifo_empty.c **** 
 219:.\Generated_Source\PSoC4/isr_fifo_empty.c **** /*******************************************************************************
 220:.\Generated_Source\PSoC4/isr_fifo_empty.c **** * Function Name: isr_fifo_empty_GetPriority
 221:.\Generated_Source\PSoC4/isr_fifo_empty.c **** ********************************************************************************
 222:.\Generated_Source\PSoC4/isr_fifo_empty.c **** *
 223:.\Generated_Source\PSoC4/isr_fifo_empty.c **** * Summary:
 224:.\Generated_Source\PSoC4/isr_fifo_empty.c **** *   Gets the Priority of the Interrupt.
 225:.\Generated_Source\PSoC4/isr_fifo_empty.c **** *
 226:.\Generated_Source\PSoC4/isr_fifo_empty.c **** * Parameters:
 227:.\Generated_Source\PSoC4/isr_fifo_empty.c **** *   None
 228:.\Generated_Source\PSoC4/isr_fifo_empty.c **** *
 229:.\Generated_Source\PSoC4/isr_fifo_empty.c **** * Return:
 230:.\Generated_Source\PSoC4/isr_fifo_empty.c **** *   Priority of the interrupt. 0 - 3, 0 being the highest.
 231:.\Generated_Source\PSoC4/isr_fifo_empty.c **** *
 232:.\Generated_Source\PSoC4/isr_fifo_empty.c **** *******************************************************************************/
 233:.\Generated_Source\PSoC4/isr_fifo_empty.c **** uint8 isr_fifo_empty_GetPriority(void)
 234:.\Generated_Source\PSoC4/isr_fifo_empty.c **** {
 308              		.loc 1 234 0
 309              		.cfi_startproc
 310 0000 80B5     		push	{r7, lr}
 311              	.LCFI17:
 312              		.cfi_def_cfa_offset 8
 313              		.cfi_offset 7, -8
 314              		.cfi_offset 14, -4
 315 0002 82B0     		sub	sp, sp, #8
 316              	.LCFI18:
 317              		.cfi_def_cfa_offset 16
 318 0004 00AF     		add	r7, sp, #0
 319              	.LCFI19:
 320              		.cfi_def_cfa_register 7
 235:.\Generated_Source\PSoC4/isr_fifo_empty.c ****     uint32 priority;
 236:.\Generated_Source\PSoC4/isr_fifo_empty.c **** 	uint32 priorityOffset = ((isr_fifo_empty__INTC_NUMBER % 4u) * 8u) + 6u;
 321              		.loc 1 236 0
 322 0006 0623     		mov	r3, #6
 323 0008 7B60     		str	r3, [r7, #4]
 237:.\Generated_Source\PSoC4/isr_fifo_empty.c **** 
 238:.\Generated_Source\PSoC4/isr_fifo_empty.c ****     priority = (*isr_fifo_empty_INTC_PRIOR & isr_fifo_empty__INTC_PRIOR_MASK) >> priorityOffset;
 324              		.loc 1 238 0
 325 000a 074B     		ldr	r3, .L21
 326 000c 1A68     		ldr	r2, [r3]
 327 000e C023     		mov	r3, #192
 328 0010 1A40     		and	r2, r3
 329 0012 7B68     		ldr	r3, [r7, #4]
 330 0014 111C     		mov	r1, r2
 331 0016 D940     		lsr	r1, r1, r3
ARM GAS  C:\Users\TSUBAS~1\AppData\Local\Temp\cc3DtMM5.s 			page 11


 332 0018 0B1C     		mov	r3, r1
 333 001a 3B60     		str	r3, [r7]
 239:.\Generated_Source\PSoC4/isr_fifo_empty.c **** 
 240:.\Generated_Source\PSoC4/isr_fifo_empty.c ****     return (uint8)priority;
 334              		.loc 1 240 0
 335 001c 3B68     		ldr	r3, [r7]
 336 001e DBB2     		uxtb	r3, r3
 241:.\Generated_Source\PSoC4/isr_fifo_empty.c **** }
 337              		.loc 1 241 0
 338 0020 181C     		mov	r0, r3
 339 0022 BD46     		mov	sp, r7
 340 0024 02B0     		add	sp, sp, #8
 341              		@ sp needed for prologue
 342 0026 80BD     		pop	{r7, pc}
 343              	.L22:
 344              		.align	2
 345              	.L21:
 346 0028 00E400E0 		.word	-536812544
 347              		.cfi_endproc
 348              	.LFE7:
 349              		.size	isr_fifo_empty_GetPriority, .-isr_fifo_empty_GetPriority
 350              		.section	.text.isr_fifo_empty_Enable,"ax",%progbits
 351              		.align	2
 352              		.global	isr_fifo_empty_Enable
 353              		.code	16
 354              		.thumb_func
 355              		.type	isr_fifo_empty_Enable, %function
 356              	isr_fifo_empty_Enable:
 357              	.LFB8:
 242:.\Generated_Source\PSoC4/isr_fifo_empty.c **** 
 243:.\Generated_Source\PSoC4/isr_fifo_empty.c **** 
 244:.\Generated_Source\PSoC4/isr_fifo_empty.c **** /*******************************************************************************
 245:.\Generated_Source\PSoC4/isr_fifo_empty.c **** * Function Name: isr_fifo_empty_Enable
 246:.\Generated_Source\PSoC4/isr_fifo_empty.c **** ********************************************************************************
 247:.\Generated_Source\PSoC4/isr_fifo_empty.c **** *
 248:.\Generated_Source\PSoC4/isr_fifo_empty.c **** * Summary:
 249:.\Generated_Source\PSoC4/isr_fifo_empty.c **** *   Enables the interrupt.
 250:.\Generated_Source\PSoC4/isr_fifo_empty.c **** *
 251:.\Generated_Source\PSoC4/isr_fifo_empty.c **** * Parameters:
 252:.\Generated_Source\PSoC4/isr_fifo_empty.c **** *   None
 253:.\Generated_Source\PSoC4/isr_fifo_empty.c **** *
 254:.\Generated_Source\PSoC4/isr_fifo_empty.c **** * Return:
 255:.\Generated_Source\PSoC4/isr_fifo_empty.c **** *   None
 256:.\Generated_Source\PSoC4/isr_fifo_empty.c **** *
 257:.\Generated_Source\PSoC4/isr_fifo_empty.c **** *******************************************************************************/
 258:.\Generated_Source\PSoC4/isr_fifo_empty.c **** void isr_fifo_empty_Enable(void)
 259:.\Generated_Source\PSoC4/isr_fifo_empty.c **** {
 358              		.loc 1 259 0
 359              		.cfi_startproc
 360 0000 80B5     		push	{r7, lr}
 361              	.LCFI20:
 362              		.cfi_def_cfa_offset 8
 363              		.cfi_offset 7, -8
 364              		.cfi_offset 14, -4
 365 0002 00AF     		add	r7, sp, #0
 366              	.LCFI21:
 367              		.cfi_def_cfa_register 7
ARM GAS  C:\Users\TSUBAS~1\AppData\Local\Temp\cc3DtMM5.s 			page 12


 260:.\Generated_Source\PSoC4/isr_fifo_empty.c ****     /* Enable the general interrupt. */
 261:.\Generated_Source\PSoC4/isr_fifo_empty.c ****     *isr_fifo_empty_INTC_SET_EN = isr_fifo_empty__INTC_MASK;
 368              		.loc 1 261 0
 369 0004 024B     		ldr	r3, .L24
 370 0006 0122     		mov	r2, #1
 371 0008 1A60     		str	r2, [r3]
 262:.\Generated_Source\PSoC4/isr_fifo_empty.c **** }
 372              		.loc 1 262 0
 373 000a BD46     		mov	sp, r7
 374              		@ sp needed for prologue
 375 000c 80BD     		pop	{r7, pc}
 376              	.L25:
 377 000e C046     		.align	2
 378              	.L24:
 379 0010 00E100E0 		.word	-536813312
 380              		.cfi_endproc
 381              	.LFE8:
 382              		.size	isr_fifo_empty_Enable, .-isr_fifo_empty_Enable
 383              		.section	.text.isr_fifo_empty_GetState,"ax",%progbits
 384              		.align	2
 385              		.global	isr_fifo_empty_GetState
 386              		.code	16
 387              		.thumb_func
 388              		.type	isr_fifo_empty_GetState, %function
 389              	isr_fifo_empty_GetState:
 390              	.LFB9:
 263:.\Generated_Source\PSoC4/isr_fifo_empty.c **** 
 264:.\Generated_Source\PSoC4/isr_fifo_empty.c **** 
 265:.\Generated_Source\PSoC4/isr_fifo_empty.c **** /*******************************************************************************
 266:.\Generated_Source\PSoC4/isr_fifo_empty.c **** * Function Name: isr_fifo_empty_GetState
 267:.\Generated_Source\PSoC4/isr_fifo_empty.c **** ********************************************************************************
 268:.\Generated_Source\PSoC4/isr_fifo_empty.c **** *
 269:.\Generated_Source\PSoC4/isr_fifo_empty.c **** * Summary:
 270:.\Generated_Source\PSoC4/isr_fifo_empty.c **** *   Gets the state (enabled, disabled) of the Interrupt.
 271:.\Generated_Source\PSoC4/isr_fifo_empty.c **** *
 272:.\Generated_Source\PSoC4/isr_fifo_empty.c **** * Parameters:
 273:.\Generated_Source\PSoC4/isr_fifo_empty.c **** *   None
 274:.\Generated_Source\PSoC4/isr_fifo_empty.c **** *
 275:.\Generated_Source\PSoC4/isr_fifo_empty.c **** * Return:
 276:.\Generated_Source\PSoC4/isr_fifo_empty.c **** *   1 if enabled, 0 if disabled.
 277:.\Generated_Source\PSoC4/isr_fifo_empty.c **** *
 278:.\Generated_Source\PSoC4/isr_fifo_empty.c **** *******************************************************************************/
 279:.\Generated_Source\PSoC4/isr_fifo_empty.c **** uint8 isr_fifo_empty_GetState(void)
 280:.\Generated_Source\PSoC4/isr_fifo_empty.c **** {
 391              		.loc 1 280 0
 392              		.cfi_startproc
 393 0000 80B5     		push	{r7, lr}
 394              	.LCFI22:
 395              		.cfi_def_cfa_offset 8
 396              		.cfi_offset 7, -8
 397              		.cfi_offset 14, -4
 398 0002 00AF     		add	r7, sp, #0
 399              	.LCFI23:
 400              		.cfi_def_cfa_register 7
 281:.\Generated_Source\PSoC4/isr_fifo_empty.c ****     /* Get the state of the general interrupt. */
 282:.\Generated_Source\PSoC4/isr_fifo_empty.c ****     return ((*isr_fifo_empty_INTC_SET_EN & (uint32)isr_fifo_empty__INTC_MASK) != 0u) ? 1u:0u;
 401              		.loc 1 282 0
ARM GAS  C:\Users\TSUBAS~1\AppData\Local\Temp\cc3DtMM5.s 			page 13


 402 0004 044B     		ldr	r3, .L28
 403 0006 1B68     		ldr	r3, [r3]
 404 0008 DAB2     		uxtb	r2, r3
 405 000a 0123     		mov	r3, #1
 406 000c 1340     		and	r3, r2
 407 000e DBB2     		uxtb	r3, r3
 283:.\Generated_Source\PSoC4/isr_fifo_empty.c **** }
 408              		.loc 1 283 0
 409 0010 181C     		mov	r0, r3
 410 0012 BD46     		mov	sp, r7
 411              		@ sp needed for prologue
 412 0014 80BD     		pop	{r7, pc}
 413              	.L29:
 414 0016 C046     		.align	2
 415              	.L28:
 416 0018 00E100E0 		.word	-536813312
 417              		.cfi_endproc
 418              	.LFE9:
 419              		.size	isr_fifo_empty_GetState, .-isr_fifo_empty_GetState
 420              		.section	.text.isr_fifo_empty_Disable,"ax",%progbits
 421              		.align	2
 422              		.global	isr_fifo_empty_Disable
 423              		.code	16
 424              		.thumb_func
 425              		.type	isr_fifo_empty_Disable, %function
 426              	isr_fifo_empty_Disable:
 427              	.LFB10:
 284:.\Generated_Source\PSoC4/isr_fifo_empty.c **** 
 285:.\Generated_Source\PSoC4/isr_fifo_empty.c **** 
 286:.\Generated_Source\PSoC4/isr_fifo_empty.c **** /*******************************************************************************
 287:.\Generated_Source\PSoC4/isr_fifo_empty.c **** * Function Name: isr_fifo_empty_Disable
 288:.\Generated_Source\PSoC4/isr_fifo_empty.c **** ********************************************************************************
 289:.\Generated_Source\PSoC4/isr_fifo_empty.c **** *
 290:.\Generated_Source\PSoC4/isr_fifo_empty.c **** * Summary:
 291:.\Generated_Source\PSoC4/isr_fifo_empty.c **** *   Disables the Interrupt.
 292:.\Generated_Source\PSoC4/isr_fifo_empty.c **** *
 293:.\Generated_Source\PSoC4/isr_fifo_empty.c **** * Parameters:
 294:.\Generated_Source\PSoC4/isr_fifo_empty.c **** *   None
 295:.\Generated_Source\PSoC4/isr_fifo_empty.c **** *
 296:.\Generated_Source\PSoC4/isr_fifo_empty.c **** * Return:
 297:.\Generated_Source\PSoC4/isr_fifo_empty.c **** *   None
 298:.\Generated_Source\PSoC4/isr_fifo_empty.c **** *
 299:.\Generated_Source\PSoC4/isr_fifo_empty.c **** *******************************************************************************/
 300:.\Generated_Source\PSoC4/isr_fifo_empty.c **** void isr_fifo_empty_Disable(void)
 301:.\Generated_Source\PSoC4/isr_fifo_empty.c **** {
 428              		.loc 1 301 0
 429              		.cfi_startproc
 430 0000 80B5     		push	{r7, lr}
 431              	.LCFI24:
 432              		.cfi_def_cfa_offset 8
 433              		.cfi_offset 7, -8
 434              		.cfi_offset 14, -4
 435 0002 00AF     		add	r7, sp, #0
 436              	.LCFI25:
 437              		.cfi_def_cfa_register 7
 302:.\Generated_Source\PSoC4/isr_fifo_empty.c ****     /* Disable the general interrupt. */
 303:.\Generated_Source\PSoC4/isr_fifo_empty.c ****     *isr_fifo_empty_INTC_CLR_EN = isr_fifo_empty__INTC_MASK;
ARM GAS  C:\Users\TSUBAS~1\AppData\Local\Temp\cc3DtMM5.s 			page 14


 438              		.loc 1 303 0
 439 0004 024B     		ldr	r3, .L31
 440 0006 0122     		mov	r2, #1
 441 0008 1A60     		str	r2, [r3]
 304:.\Generated_Source\PSoC4/isr_fifo_empty.c **** }
 442              		.loc 1 304 0
 443 000a BD46     		mov	sp, r7
 444              		@ sp needed for prologue
 445 000c 80BD     		pop	{r7, pc}
 446              	.L32:
 447 000e C046     		.align	2
 448              	.L31:
 449 0010 80E100E0 		.word	-536813184
 450              		.cfi_endproc
 451              	.LFE10:
 452              		.size	isr_fifo_empty_Disable, .-isr_fifo_empty_Disable
 453              		.section	.text.isr_fifo_empty_SetPending,"ax",%progbits
 454              		.align	2
 455              		.global	isr_fifo_empty_SetPending
 456              		.code	16
 457              		.thumb_func
 458              		.type	isr_fifo_empty_SetPending, %function
 459              	isr_fifo_empty_SetPending:
 460              	.LFB11:
 305:.\Generated_Source\PSoC4/isr_fifo_empty.c **** 
 306:.\Generated_Source\PSoC4/isr_fifo_empty.c **** 
 307:.\Generated_Source\PSoC4/isr_fifo_empty.c **** /*******************************************************************************
 308:.\Generated_Source\PSoC4/isr_fifo_empty.c **** * Function Name: isr_fifo_empty_SetPending
 309:.\Generated_Source\PSoC4/isr_fifo_empty.c **** ********************************************************************************
 310:.\Generated_Source\PSoC4/isr_fifo_empty.c **** *
 311:.\Generated_Source\PSoC4/isr_fifo_empty.c **** * Summary:
 312:.\Generated_Source\PSoC4/isr_fifo_empty.c **** *   Causes the Interrupt to enter the pending state, a software method of
 313:.\Generated_Source\PSoC4/isr_fifo_empty.c **** *   generating the interrupt.
 314:.\Generated_Source\PSoC4/isr_fifo_empty.c **** *
 315:.\Generated_Source\PSoC4/isr_fifo_empty.c **** * Parameters:
 316:.\Generated_Source\PSoC4/isr_fifo_empty.c **** *   None
 317:.\Generated_Source\PSoC4/isr_fifo_empty.c **** *
 318:.\Generated_Source\PSoC4/isr_fifo_empty.c **** * Return:
 319:.\Generated_Source\PSoC4/isr_fifo_empty.c **** *   None
 320:.\Generated_Source\PSoC4/isr_fifo_empty.c **** *
 321:.\Generated_Source\PSoC4/isr_fifo_empty.c **** *******************************************************************************/
 322:.\Generated_Source\PSoC4/isr_fifo_empty.c **** void isr_fifo_empty_SetPending(void)
 323:.\Generated_Source\PSoC4/isr_fifo_empty.c **** {
 461              		.loc 1 323 0
 462              		.cfi_startproc
 463 0000 80B5     		push	{r7, lr}
 464              	.LCFI26:
 465              		.cfi_def_cfa_offset 8
 466              		.cfi_offset 7, -8
 467              		.cfi_offset 14, -4
 468 0002 00AF     		add	r7, sp, #0
 469              	.LCFI27:
 470              		.cfi_def_cfa_register 7
 324:.\Generated_Source\PSoC4/isr_fifo_empty.c ****     *isr_fifo_empty_INTC_SET_PD = isr_fifo_empty__INTC_MASK;
 471              		.loc 1 324 0
 472 0004 024B     		ldr	r3, .L34
 473 0006 0122     		mov	r2, #1
ARM GAS  C:\Users\TSUBAS~1\AppData\Local\Temp\cc3DtMM5.s 			page 15


 474 0008 1A60     		str	r2, [r3]
 325:.\Generated_Source\PSoC4/isr_fifo_empty.c **** }
 475              		.loc 1 325 0
 476 000a BD46     		mov	sp, r7
 477              		@ sp needed for prologue
 478 000c 80BD     		pop	{r7, pc}
 479              	.L35:
 480 000e C046     		.align	2
 481              	.L34:
 482 0010 00E200E0 		.word	-536813056
 483              		.cfi_endproc
 484              	.LFE11:
 485              		.size	isr_fifo_empty_SetPending, .-isr_fifo_empty_SetPending
 486              		.section	.text.isr_fifo_empty_ClearPending,"ax",%progbits
 487              		.align	2
 488              		.global	isr_fifo_empty_ClearPending
 489              		.code	16
 490              		.thumb_func
 491              		.type	isr_fifo_empty_ClearPending, %function
 492              	isr_fifo_empty_ClearPending:
 493              	.LFB12:
 326:.\Generated_Source\PSoC4/isr_fifo_empty.c **** 
 327:.\Generated_Source\PSoC4/isr_fifo_empty.c **** 
 328:.\Generated_Source\PSoC4/isr_fifo_empty.c **** /*******************************************************************************
 329:.\Generated_Source\PSoC4/isr_fifo_empty.c **** * Function Name: isr_fifo_empty_ClearPending
 330:.\Generated_Source\PSoC4/isr_fifo_empty.c **** ********************************************************************************
 331:.\Generated_Source\PSoC4/isr_fifo_empty.c **** *
 332:.\Generated_Source\PSoC4/isr_fifo_empty.c **** * Summary:
 333:.\Generated_Source\PSoC4/isr_fifo_empty.c **** *   Clears a pending interrupt.
 334:.\Generated_Source\PSoC4/isr_fifo_empty.c **** *
 335:.\Generated_Source\PSoC4/isr_fifo_empty.c **** * Parameters:
 336:.\Generated_Source\PSoC4/isr_fifo_empty.c **** *   None
 337:.\Generated_Source\PSoC4/isr_fifo_empty.c **** *
 338:.\Generated_Source\PSoC4/isr_fifo_empty.c **** * Return:
 339:.\Generated_Source\PSoC4/isr_fifo_empty.c **** *   None
 340:.\Generated_Source\PSoC4/isr_fifo_empty.c **** *
 341:.\Generated_Source\PSoC4/isr_fifo_empty.c **** *******************************************************************************/
 342:.\Generated_Source\PSoC4/isr_fifo_empty.c **** void isr_fifo_empty_ClearPending(void)
 343:.\Generated_Source\PSoC4/isr_fifo_empty.c **** {
 494              		.loc 1 343 0
 495              		.cfi_startproc
 496 0000 80B5     		push	{r7, lr}
 497              	.LCFI28:
 498              		.cfi_def_cfa_offset 8
 499              		.cfi_offset 7, -8
 500              		.cfi_offset 14, -4
 501 0002 00AF     		add	r7, sp, #0
 502              	.LCFI29:
 503              		.cfi_def_cfa_register 7
 344:.\Generated_Source\PSoC4/isr_fifo_empty.c ****     *isr_fifo_empty_INTC_CLR_PD = isr_fifo_empty__INTC_MASK;
 504              		.loc 1 344 0
 505 0004 024B     		ldr	r3, .L37
 506 0006 0122     		mov	r2, #1
 507 0008 1A60     		str	r2, [r3]
 345:.\Generated_Source\PSoC4/isr_fifo_empty.c **** }
 508              		.loc 1 345 0
 509 000a BD46     		mov	sp, r7
ARM GAS  C:\Users\TSUBAS~1\AppData\Local\Temp\cc3DtMM5.s 			page 16


 510              		@ sp needed for prologue
 511 000c 80BD     		pop	{r7, pc}
 512              	.L38:
 513 000e C046     		.align	2
 514              	.L37:
 515 0010 80E200E0 		.word	-536812928
 516              		.cfi_endproc
 517              	.LFE12:
 518              		.size	isr_fifo_empty_ClearPending, .-isr_fifo_empty_ClearPending
 519              		.text
 520              	.Letext0:
 521              		.file 2 "./Generated_Source/PSoC4/cytypes.h"
 522              		.section	.debug_info,"",%progbits
 523              	.Ldebug_info0:
 524 0000 84020000 		.4byte	0x284
 525 0004 0200     		.2byte	0x2
 526 0006 00000000 		.4byte	.Ldebug_abbrev0
 527 000a 04       		.byte	0x4
 528 000b 01       		.uleb128 0x1
 529 000c 55020000 		.4byte	.LASF33
 530 0010 01       		.byte	0x1
 531 0011 93010000 		.4byte	.LASF34
 532 0015 03010000 		.4byte	.LASF35
 533 0019 00000000 		.4byte	.Ldebug_ranges0+0
 534 001d 00000000 		.4byte	0
 535 0021 00000000 		.4byte	0
 536 0025 00000000 		.4byte	.Ldebug_line0
 537 0029 02       		.uleb128 0x2
 538 002a 01       		.byte	0x1
 539 002b 06       		.byte	0x6
 540 002c E5020000 		.4byte	.LASF0
 541 0030 02       		.uleb128 0x2
 542 0031 01       		.byte	0x1
 543 0032 08       		.byte	0x8
 544 0033 99000000 		.4byte	.LASF1
 545 0037 02       		.uleb128 0x2
 546 0038 02       		.byte	0x2
 547 0039 05       		.byte	0x5
 548 003a 2B020000 		.4byte	.LASF2
 549 003e 02       		.uleb128 0x2
 550 003f 02       		.byte	0x2
 551 0040 07       		.byte	0x7
 552 0041 5E000000 		.4byte	.LASF3
 553 0045 02       		.uleb128 0x2
 554 0046 04       		.byte	0x4
 555 0047 05       		.byte	0x5
 556 0048 C4020000 		.4byte	.LASF4
 557 004c 02       		.uleb128 0x2
 558 004d 04       		.byte	0x4
 559 004e 07       		.byte	0x7
 560 004f B6000000 		.4byte	.LASF5
 561 0053 02       		.uleb128 0x2
 562 0054 08       		.byte	0x8
 563 0055 05       		.byte	0x5
 564 0056 FD010000 		.4byte	.LASF6
 565 005a 02       		.uleb128 0x2
 566 005b 08       		.byte	0x8
ARM GAS  C:\Users\TSUBAS~1\AppData\Local\Temp\cc3DtMM5.s 			page 17


 567 005c 07       		.byte	0x7
 568 005d 7C010000 		.4byte	.LASF7
 569 0061 03       		.uleb128 0x3
 570 0062 04       		.byte	0x4
 571 0063 05       		.byte	0x5
 572 0064 696E7400 		.ascii	"int\000"
 573 0068 02       		.uleb128 0x2
 574 0069 04       		.byte	0x4
 575 006a 07       		.byte	0x7
 576 006b 71000000 		.4byte	.LASF8
 577 006f 04       		.uleb128 0x4
 578 0070 4F020000 		.4byte	.LASF9
 579 0074 02       		.byte	0x2
 580 0075 5B       		.byte	0x5b
 581 0076 30000000 		.4byte	0x30
 582 007a 04       		.uleb128 0x4
 583 007b 51010000 		.4byte	.LASF10
 584 007f 02       		.byte	0x2
 585 0080 5D       		.byte	0x5d
 586 0081 4C000000 		.4byte	0x4c
 587 0085 02       		.uleb128 0x2
 588 0086 04       		.byte	0x4
 589 0087 04       		.byte	0x4
 590 0088 7E000000 		.4byte	.LASF11
 591 008c 02       		.uleb128 0x2
 592 008d 08       		.byte	0x8
 593 008e 04       		.byte	0x4
 594 008f 4A010000 		.4byte	.LASF12
 595 0093 02       		.uleb128 0x2
 596 0094 01       		.byte	0x1
 597 0095 08       		.byte	0x8
 598 0096 0B020000 		.4byte	.LASF13
 599 009a 04       		.uleb128 0x4
 600 009b 19000000 		.4byte	.LASF14
 601 009f 02       		.byte	0x2
 602 00a0 F2       		.byte	0xf2
 603 00a1 A5000000 		.4byte	0xa5
 604 00a5 05       		.uleb128 0x5
 605 00a6 7A000000 		.4byte	0x7a
 606 00aa 06       		.uleb128 0x6
 607 00ab BD010000 		.4byte	.LASF15
 608 00af 02       		.byte	0x2
 609 00b0 0201     		.2byte	0x102
 610 00b2 B6000000 		.4byte	0xb6
 611 00b6 07       		.uleb128 0x7
 612 00b7 04       		.byte	0x4
 613 00b8 BC000000 		.4byte	0xbc
 614 00bc 08       		.uleb128 0x8
 615 00bd 01       		.byte	0x1
 616 00be 02       		.uleb128 0x2
 617 00bf 04       		.byte	0x4
 618 00c0 07       		.byte	0x7
 619 00c1 F4010000 		.4byte	.LASF16
 620 00c5 09       		.uleb128 0x9
 621 00c6 01       		.byte	0x1
 622 00c7 84000000 		.4byte	.LASF17
 623 00cb 01       		.byte	0x1
ARM GAS  C:\Users\TSUBAS~1\AppData\Local\Temp\cc3DtMM5.s 			page 18


 624 00cc 34       		.byte	0x34
 625 00cd 01       		.byte	0x1
 626 00ce 00000000 		.4byte	.LFB0
 627 00d2 24000000 		.4byte	.LFE0
 628 00d6 00000000 		.4byte	.LLST0
 629 00da 01       		.byte	0x1
 630 00db 0A       		.uleb128 0xa
 631 00dc 01       		.byte	0x1
 632 00dd 1F000000 		.4byte	.LASF20
 633 00e1 01       		.byte	0x1
 634 00e2 52       		.byte	0x52
 635 00e3 01       		.byte	0x1
 636 00e4 00000000 		.4byte	.LFB1
 637 00e8 24000000 		.4byte	.LFE1
 638 00ec 2C000000 		.4byte	.LLST1
 639 00f0 01       		.byte	0x1
 640 00f1 04010000 		.4byte	0x104
 641 00f5 0B       		.uleb128 0xb
 642 00f6 74010000 		.4byte	.LASF22
 643 00fa 01       		.byte	0x1
 644 00fb 52       		.byte	0x52
 645 00fc AA000000 		.4byte	0xaa
 646 0100 02       		.byte	0x2
 647 0101 91       		.byte	0x91
 648 0102 74       		.sleb128 -12
 649 0103 00       		.byte	0
 650 0104 09       		.uleb128 0x9
 651 0105 01       		.byte	0x1
 652 0106 CA010000 		.4byte	.LASF18
 653 010a 01       		.byte	0x1
 654 010b 6F       		.byte	0x6f
 655 010c 01       		.byte	0x1
 656 010d 00000000 		.4byte	.LFB2
 657 0111 18000000 		.4byte	.LFE2
 658 0115 64000000 		.4byte	.LLST2
 659 0119 01       		.byte	0x1
 660 011a 0C       		.uleb128 0xc
 661 011b 01       		.byte	0x1
 662 011c E1000000 		.4byte	.LASF19
 663 0120 01       		.byte	0x1
 664 0121 8A       		.byte	0x8a
 665 0122 01       		.byte	0x1
 666 0123 00000000 		.4byte	.LFB3
 667 0127 08000000 		.4byte	.LFE3
 668 012b 90000000 		.4byte	.LLST3
 669 012f 01       		.byte	0x1
 670 0130 0D       		.uleb128 0xd
 671 0131 01       		.byte	0x1
 672 0132 00000000 		.4byte	.LASF21
 673 0136 01       		.byte	0x1
 674 0137 A3       		.byte	0xa3
 675 0138 01       		.byte	0x1
 676 0139 00000000 		.4byte	.LFB4
 677 013d 18000000 		.4byte	.LFE4
 678 0141 BC000000 		.4byte	.LLST4
 679 0145 01       		.byte	0x1
 680 0146 59010000 		.4byte	0x159
ARM GAS  C:\Users\TSUBAS~1\AppData\Local\Temp\cc3DtMM5.s 			page 19


 681 014a 0B       		.uleb128 0xb
 682 014b 74010000 		.4byte	.LASF22
 683 014f 01       		.byte	0x1
 684 0150 A3       		.byte	0xa3
 685 0151 AA000000 		.4byte	0xaa
 686 0155 02       		.byte	0x2
 687 0156 91       		.byte	0x91
 688 0157 74       		.sleb128 -12
 689 0158 00       		.byte	0
 690 0159 0E       		.uleb128 0xe
 691 015a 01       		.byte	0x1
 692 015b C8000000 		.4byte	.LASF28
 693 015f 01       		.byte	0x1
 694 0160 B7       		.byte	0xb7
 695 0161 01       		.byte	0x1
 696 0162 AA000000 		.4byte	0xaa
 697 0166 00000000 		.4byte	.LFB5
 698 016a 14000000 		.4byte	.LFE5
 699 016e F4000000 		.4byte	.LLST5
 700 0172 01       		.byte	0x1
 701 0173 0A       		.uleb128 0xa
 702 0174 01       		.byte	0x1
 703 0175 36000000 		.4byte	.LASF23
 704 0179 01       		.byte	0x1
 705 017a CF       		.byte	0xcf
 706 017b 01       		.byte	0x1
 707 017c 00000000 		.4byte	.LFB6
 708 0180 50000000 		.4byte	.LFE6
 709 0184 20010000 		.4byte	.LLST6
 710 0188 01       		.byte	0x1
 711 0189 B8010000 		.4byte	0x1b8
 712 018d 0B       		.uleb128 0xb
 713 018e FA000000 		.4byte	.LASF24
 714 0192 01       		.byte	0x1
 715 0193 CF       		.byte	0xcf
 716 0194 6F000000 		.4byte	0x6f
 717 0198 02       		.byte	0x2
 718 0199 91       		.byte	0x91
 719 019a 67       		.sleb128 -25
 720 019b 0F       		.uleb128 0xf
 721 019c A7000000 		.4byte	.LASF25
 722 01a0 01       		.byte	0x1
 723 01a1 D1       		.byte	0xd1
 724 01a2 6F000000 		.4byte	0x6f
 725 01a6 02       		.byte	0x2
 726 01a7 91       		.byte	0x91
 727 01a8 6B       		.sleb128 -21
 728 01a9 0F       		.uleb128 0xf
 729 01aa B5020000 		.4byte	.LASF26
 730 01ae 01       		.byte	0x1
 731 01af D2       		.byte	0xd2
 732 01b0 7A000000 		.4byte	0x7a
 733 01b4 02       		.byte	0x2
 734 01b5 91       		.byte	0x91
 735 01b6 6C       		.sleb128 -20
 736 01b7 00       		.byte	0
 737 01b8 10       		.uleb128 0x10
ARM GAS  C:\Users\TSUBAS~1\AppData\Local\Temp\cc3DtMM5.s 			page 20


 738 01b9 01       		.byte	0x1
 739 01ba 10020000 		.4byte	.LASF36
 740 01be 01       		.byte	0x1
 741 01bf E9       		.byte	0xe9
 742 01c0 01       		.byte	0x1
 743 01c1 6F000000 		.4byte	0x6f
 744 01c5 00000000 		.4byte	.LFB7
 745 01c9 2C000000 		.4byte	.LFE7
 746 01cd 58010000 		.4byte	.LLST7
 747 01d1 01       		.byte	0x1
 748 01d2 F3010000 		.4byte	0x1f3
 749 01d6 0F       		.uleb128 0xf
 750 01d7 FA000000 		.4byte	.LASF24
 751 01db 01       		.byte	0x1
 752 01dc EB       		.byte	0xeb
 753 01dd 7A000000 		.4byte	0x7a
 754 01e1 02       		.byte	0x2
 755 01e2 91       		.byte	0x91
 756 01e3 70       		.sleb128 -16
 757 01e4 0F       		.uleb128 0xf
 758 01e5 B5020000 		.4byte	.LASF26
 759 01e9 01       		.byte	0x1
 760 01ea EC       		.byte	0xec
 761 01eb 7A000000 		.4byte	0x7a
 762 01ef 02       		.byte	0x2
 763 01f0 91       		.byte	0x91
 764 01f1 74       		.sleb128 -12
 765 01f2 00       		.byte	0
 766 01f3 11       		.uleb128 0x11
 767 01f4 01       		.byte	0x1
 768 01f5 DE010000 		.4byte	.LASF27
 769 01f9 01       		.byte	0x1
 770 01fa 0201     		.2byte	0x102
 771 01fc 01       		.byte	0x1
 772 01fd 00000000 		.4byte	.LFB8
 773 0201 14000000 		.4byte	.LFE8
 774 0205 90010000 		.4byte	.LLST8
 775 0209 01       		.byte	0x1
 776 020a 12       		.uleb128 0x12
 777 020b 01       		.byte	0x1
 778 020c CD020000 		.4byte	.LASF29
 779 0210 01       		.byte	0x1
 780 0211 1701     		.2byte	0x117
 781 0213 01       		.byte	0x1
 782 0214 6F000000 		.4byte	0x6f
 783 0218 00000000 		.4byte	.LFB9
 784 021c 1C000000 		.4byte	.LFE9
 785 0220 BC010000 		.4byte	.LLST9
 786 0224 01       		.byte	0x1
 787 0225 11       		.uleb128 0x11
 788 0226 01       		.byte	0x1
 789 0227 9E020000 		.4byte	.LASF30
 790 022b 01       		.byte	0x1
 791 022c 2C01     		.2byte	0x12c
 792 022e 01       		.byte	0x1
 793 022f 00000000 		.4byte	.LFB10
 794 0233 14000000 		.4byte	.LFE10
ARM GAS  C:\Users\TSUBAS~1\AppData\Local\Temp\cc3DtMM5.s 			page 21


 795 0237 E8010000 		.4byte	.LLST10
 796 023b 01       		.byte	0x1
 797 023c 11       		.uleb128 0x11
 798 023d 01       		.byte	0x1
 799 023e 35020000 		.4byte	.LASF31
 800 0242 01       		.byte	0x1
 801 0243 4201     		.2byte	0x142
 802 0245 01       		.byte	0x1
 803 0246 00000000 		.4byte	.LFB11
 804 024a 14000000 		.4byte	.LFE11
 805 024e 14020000 		.4byte	.LLST11
 806 0252 01       		.byte	0x1
 807 0253 11       		.uleb128 0x11
 808 0254 01       		.byte	0x1
 809 0255 58010000 		.4byte	.LASF32
 810 0259 01       		.byte	0x1
 811 025a 5601     		.2byte	0x156
 812 025c 01       		.byte	0x1
 813 025d 00000000 		.4byte	.LFB12
 814 0261 14000000 		.4byte	.LFE12
 815 0265 40020000 		.4byte	.LLST12
 816 0269 01       		.byte	0x1
 817 026a 13       		.uleb128 0x13
 818 026b AA000000 		.4byte	0xaa
 819 026f 7A020000 		.4byte	0x27a
 820 0273 14       		.uleb128 0x14
 821 0274 BE000000 		.4byte	0xbe
 822 0278 2F       		.byte	0x2f
 823 0279 00       		.byte	0
 824 027a 15       		.uleb128 0x15
 825 027b 51000000 		.4byte	.LASF37
 826 027f 01       		.byte	0x1
 827 0280 20       		.byte	0x20
 828 0281 6A020000 		.4byte	0x26a
 829 0285 01       		.byte	0x1
 830 0286 01       		.byte	0x1
 831 0287 00       		.byte	0
 832              		.section	.debug_abbrev,"",%progbits
 833              	.Ldebug_abbrev0:
 834 0000 01       		.uleb128 0x1
 835 0001 11       		.uleb128 0x11
 836 0002 01       		.byte	0x1
 837 0003 25       		.uleb128 0x25
 838 0004 0E       		.uleb128 0xe
 839 0005 13       		.uleb128 0x13
 840 0006 0B       		.uleb128 0xb
 841 0007 03       		.uleb128 0x3
 842 0008 0E       		.uleb128 0xe
 843 0009 1B       		.uleb128 0x1b
 844 000a 0E       		.uleb128 0xe
 845 000b 55       		.uleb128 0x55
 846 000c 06       		.uleb128 0x6
 847 000d 11       		.uleb128 0x11
 848 000e 01       		.uleb128 0x1
 849 000f 52       		.uleb128 0x52
 850 0010 01       		.uleb128 0x1
 851 0011 10       		.uleb128 0x10
ARM GAS  C:\Users\TSUBAS~1\AppData\Local\Temp\cc3DtMM5.s 			page 22


 852 0012 06       		.uleb128 0x6
 853 0013 00       		.byte	0
 854 0014 00       		.byte	0
 855 0015 02       		.uleb128 0x2
 856 0016 24       		.uleb128 0x24
 857 0017 00       		.byte	0
 858 0018 0B       		.uleb128 0xb
 859 0019 0B       		.uleb128 0xb
 860 001a 3E       		.uleb128 0x3e
 861 001b 0B       		.uleb128 0xb
 862 001c 03       		.uleb128 0x3
 863 001d 0E       		.uleb128 0xe
 864 001e 00       		.byte	0
 865 001f 00       		.byte	0
 866 0020 03       		.uleb128 0x3
 867 0021 24       		.uleb128 0x24
 868 0022 00       		.byte	0
 869 0023 0B       		.uleb128 0xb
 870 0024 0B       		.uleb128 0xb
 871 0025 3E       		.uleb128 0x3e
 872 0026 0B       		.uleb128 0xb
 873 0027 03       		.uleb128 0x3
 874 0028 08       		.uleb128 0x8
 875 0029 00       		.byte	0
 876 002a 00       		.byte	0
 877 002b 04       		.uleb128 0x4
 878 002c 16       		.uleb128 0x16
 879 002d 00       		.byte	0
 880 002e 03       		.uleb128 0x3
 881 002f 0E       		.uleb128 0xe
 882 0030 3A       		.uleb128 0x3a
 883 0031 0B       		.uleb128 0xb
 884 0032 3B       		.uleb128 0x3b
 885 0033 0B       		.uleb128 0xb
 886 0034 49       		.uleb128 0x49
 887 0035 13       		.uleb128 0x13
 888 0036 00       		.byte	0
 889 0037 00       		.byte	0
 890 0038 05       		.uleb128 0x5
 891 0039 35       		.uleb128 0x35
 892 003a 00       		.byte	0
 893 003b 49       		.uleb128 0x49
 894 003c 13       		.uleb128 0x13
 895 003d 00       		.byte	0
 896 003e 00       		.byte	0
 897 003f 06       		.uleb128 0x6
 898 0040 16       		.uleb128 0x16
 899 0041 00       		.byte	0
 900 0042 03       		.uleb128 0x3
 901 0043 0E       		.uleb128 0xe
 902 0044 3A       		.uleb128 0x3a
 903 0045 0B       		.uleb128 0xb
 904 0046 3B       		.uleb128 0x3b
 905 0047 05       		.uleb128 0x5
 906 0048 49       		.uleb128 0x49
 907 0049 13       		.uleb128 0x13
 908 004a 00       		.byte	0
ARM GAS  C:\Users\TSUBAS~1\AppData\Local\Temp\cc3DtMM5.s 			page 23


 909 004b 00       		.byte	0
 910 004c 07       		.uleb128 0x7
 911 004d 0F       		.uleb128 0xf
 912 004e 00       		.byte	0
 913 004f 0B       		.uleb128 0xb
 914 0050 0B       		.uleb128 0xb
 915 0051 49       		.uleb128 0x49
 916 0052 13       		.uleb128 0x13
 917 0053 00       		.byte	0
 918 0054 00       		.byte	0
 919 0055 08       		.uleb128 0x8
 920 0056 15       		.uleb128 0x15
 921 0057 00       		.byte	0
 922 0058 27       		.uleb128 0x27
 923 0059 0C       		.uleb128 0xc
 924 005a 00       		.byte	0
 925 005b 00       		.byte	0
 926 005c 09       		.uleb128 0x9
 927 005d 2E       		.uleb128 0x2e
 928 005e 00       		.byte	0
 929 005f 3F       		.uleb128 0x3f
 930 0060 0C       		.uleb128 0xc
 931 0061 03       		.uleb128 0x3
 932 0062 0E       		.uleb128 0xe
 933 0063 3A       		.uleb128 0x3a
 934 0064 0B       		.uleb128 0xb
 935 0065 3B       		.uleb128 0x3b
 936 0066 0B       		.uleb128 0xb
 937 0067 27       		.uleb128 0x27
 938 0068 0C       		.uleb128 0xc
 939 0069 11       		.uleb128 0x11
 940 006a 01       		.uleb128 0x1
 941 006b 12       		.uleb128 0x12
 942 006c 01       		.uleb128 0x1
 943 006d 40       		.uleb128 0x40
 944 006e 06       		.uleb128 0x6
 945 006f 9642     		.uleb128 0x2116
 946 0071 0C       		.uleb128 0xc
 947 0072 00       		.byte	0
 948 0073 00       		.byte	0
 949 0074 0A       		.uleb128 0xa
 950 0075 2E       		.uleb128 0x2e
 951 0076 01       		.byte	0x1
 952 0077 3F       		.uleb128 0x3f
 953 0078 0C       		.uleb128 0xc
 954 0079 03       		.uleb128 0x3
 955 007a 0E       		.uleb128 0xe
 956 007b 3A       		.uleb128 0x3a
 957 007c 0B       		.uleb128 0xb
 958 007d 3B       		.uleb128 0x3b
 959 007e 0B       		.uleb128 0xb
 960 007f 27       		.uleb128 0x27
 961 0080 0C       		.uleb128 0xc
 962 0081 11       		.uleb128 0x11
 963 0082 01       		.uleb128 0x1
 964 0083 12       		.uleb128 0x12
 965 0084 01       		.uleb128 0x1
ARM GAS  C:\Users\TSUBAS~1\AppData\Local\Temp\cc3DtMM5.s 			page 24


 966 0085 40       		.uleb128 0x40
 967 0086 06       		.uleb128 0x6
 968 0087 9642     		.uleb128 0x2116
 969 0089 0C       		.uleb128 0xc
 970 008a 01       		.uleb128 0x1
 971 008b 13       		.uleb128 0x13
 972 008c 00       		.byte	0
 973 008d 00       		.byte	0
 974 008e 0B       		.uleb128 0xb
 975 008f 05       		.uleb128 0x5
 976 0090 00       		.byte	0
 977 0091 03       		.uleb128 0x3
 978 0092 0E       		.uleb128 0xe
 979 0093 3A       		.uleb128 0x3a
 980 0094 0B       		.uleb128 0xb
 981 0095 3B       		.uleb128 0x3b
 982 0096 0B       		.uleb128 0xb
 983 0097 49       		.uleb128 0x49
 984 0098 13       		.uleb128 0x13
 985 0099 02       		.uleb128 0x2
 986 009a 0A       		.uleb128 0xa
 987 009b 00       		.byte	0
 988 009c 00       		.byte	0
 989 009d 0C       		.uleb128 0xc
 990 009e 2E       		.uleb128 0x2e
 991 009f 00       		.byte	0
 992 00a0 3F       		.uleb128 0x3f
 993 00a1 0C       		.uleb128 0xc
 994 00a2 03       		.uleb128 0x3
 995 00a3 0E       		.uleb128 0xe
 996 00a4 3A       		.uleb128 0x3a
 997 00a5 0B       		.uleb128 0xb
 998 00a6 3B       		.uleb128 0x3b
 999 00a7 0B       		.uleb128 0xb
 1000 00a8 27       		.uleb128 0x27
 1001 00a9 0C       		.uleb128 0xc
 1002 00aa 11       		.uleb128 0x11
 1003 00ab 01       		.uleb128 0x1
 1004 00ac 12       		.uleb128 0x12
 1005 00ad 01       		.uleb128 0x1
 1006 00ae 40       		.uleb128 0x40
 1007 00af 06       		.uleb128 0x6
 1008 00b0 9742     		.uleb128 0x2117
 1009 00b2 0C       		.uleb128 0xc
 1010 00b3 00       		.byte	0
 1011 00b4 00       		.byte	0
 1012 00b5 0D       		.uleb128 0xd
 1013 00b6 2E       		.uleb128 0x2e
 1014 00b7 01       		.byte	0x1
 1015 00b8 3F       		.uleb128 0x3f
 1016 00b9 0C       		.uleb128 0xc
 1017 00ba 03       		.uleb128 0x3
 1018 00bb 0E       		.uleb128 0xe
 1019 00bc 3A       		.uleb128 0x3a
 1020 00bd 0B       		.uleb128 0xb
 1021 00be 3B       		.uleb128 0x3b
 1022 00bf 0B       		.uleb128 0xb
ARM GAS  C:\Users\TSUBAS~1\AppData\Local\Temp\cc3DtMM5.s 			page 25


 1023 00c0 27       		.uleb128 0x27
 1024 00c1 0C       		.uleb128 0xc
 1025 00c2 11       		.uleb128 0x11
 1026 00c3 01       		.uleb128 0x1
 1027 00c4 12       		.uleb128 0x12
 1028 00c5 01       		.uleb128 0x1
 1029 00c6 40       		.uleb128 0x40
 1030 00c7 06       		.uleb128 0x6
 1031 00c8 9742     		.uleb128 0x2117
 1032 00ca 0C       		.uleb128 0xc
 1033 00cb 01       		.uleb128 0x1
 1034 00cc 13       		.uleb128 0x13
 1035 00cd 00       		.byte	0
 1036 00ce 00       		.byte	0
 1037 00cf 0E       		.uleb128 0xe
 1038 00d0 2E       		.uleb128 0x2e
 1039 00d1 00       		.byte	0
 1040 00d2 3F       		.uleb128 0x3f
 1041 00d3 0C       		.uleb128 0xc
 1042 00d4 03       		.uleb128 0x3
 1043 00d5 0E       		.uleb128 0xe
 1044 00d6 3A       		.uleb128 0x3a
 1045 00d7 0B       		.uleb128 0xb
 1046 00d8 3B       		.uleb128 0x3b
 1047 00d9 0B       		.uleb128 0xb
 1048 00da 27       		.uleb128 0x27
 1049 00db 0C       		.uleb128 0xc
 1050 00dc 49       		.uleb128 0x49
 1051 00dd 13       		.uleb128 0x13
 1052 00de 11       		.uleb128 0x11
 1053 00df 01       		.uleb128 0x1
 1054 00e0 12       		.uleb128 0x12
 1055 00e1 01       		.uleb128 0x1
 1056 00e2 40       		.uleb128 0x40
 1057 00e3 06       		.uleb128 0x6
 1058 00e4 9742     		.uleb128 0x2117
 1059 00e6 0C       		.uleb128 0xc
 1060 00e7 00       		.byte	0
 1061 00e8 00       		.byte	0
 1062 00e9 0F       		.uleb128 0xf
 1063 00ea 34       		.uleb128 0x34
 1064 00eb 00       		.byte	0
 1065 00ec 03       		.uleb128 0x3
 1066 00ed 0E       		.uleb128 0xe
 1067 00ee 3A       		.uleb128 0x3a
 1068 00ef 0B       		.uleb128 0xb
 1069 00f0 3B       		.uleb128 0x3b
 1070 00f1 0B       		.uleb128 0xb
 1071 00f2 49       		.uleb128 0x49
 1072 00f3 13       		.uleb128 0x13
 1073 00f4 02       		.uleb128 0x2
 1074 00f5 0A       		.uleb128 0xa
 1075 00f6 00       		.byte	0
 1076 00f7 00       		.byte	0
 1077 00f8 10       		.uleb128 0x10
 1078 00f9 2E       		.uleb128 0x2e
 1079 00fa 01       		.byte	0x1
ARM GAS  C:\Users\TSUBAS~1\AppData\Local\Temp\cc3DtMM5.s 			page 26


 1080 00fb 3F       		.uleb128 0x3f
 1081 00fc 0C       		.uleb128 0xc
 1082 00fd 03       		.uleb128 0x3
 1083 00fe 0E       		.uleb128 0xe
 1084 00ff 3A       		.uleb128 0x3a
 1085 0100 0B       		.uleb128 0xb
 1086 0101 3B       		.uleb128 0x3b
 1087 0102 0B       		.uleb128 0xb
 1088 0103 27       		.uleb128 0x27
 1089 0104 0C       		.uleb128 0xc
 1090 0105 49       		.uleb128 0x49
 1091 0106 13       		.uleb128 0x13
 1092 0107 11       		.uleb128 0x11
 1093 0108 01       		.uleb128 0x1
 1094 0109 12       		.uleb128 0x12
 1095 010a 01       		.uleb128 0x1
 1096 010b 40       		.uleb128 0x40
 1097 010c 06       		.uleb128 0x6
 1098 010d 9742     		.uleb128 0x2117
 1099 010f 0C       		.uleb128 0xc
 1100 0110 01       		.uleb128 0x1
 1101 0111 13       		.uleb128 0x13
 1102 0112 00       		.byte	0
 1103 0113 00       		.byte	0
 1104 0114 11       		.uleb128 0x11
 1105 0115 2E       		.uleb128 0x2e
 1106 0116 00       		.byte	0
 1107 0117 3F       		.uleb128 0x3f
 1108 0118 0C       		.uleb128 0xc
 1109 0119 03       		.uleb128 0x3
 1110 011a 0E       		.uleb128 0xe
 1111 011b 3A       		.uleb128 0x3a
 1112 011c 0B       		.uleb128 0xb
 1113 011d 3B       		.uleb128 0x3b
 1114 011e 05       		.uleb128 0x5
 1115 011f 27       		.uleb128 0x27
 1116 0120 0C       		.uleb128 0xc
 1117 0121 11       		.uleb128 0x11
 1118 0122 01       		.uleb128 0x1
 1119 0123 12       		.uleb128 0x12
 1120 0124 01       		.uleb128 0x1
 1121 0125 40       		.uleb128 0x40
 1122 0126 06       		.uleb128 0x6
 1123 0127 9742     		.uleb128 0x2117
 1124 0129 0C       		.uleb128 0xc
 1125 012a 00       		.byte	0
 1126 012b 00       		.byte	0
 1127 012c 12       		.uleb128 0x12
 1128 012d 2E       		.uleb128 0x2e
 1129 012e 00       		.byte	0
 1130 012f 3F       		.uleb128 0x3f
 1131 0130 0C       		.uleb128 0xc
 1132 0131 03       		.uleb128 0x3
 1133 0132 0E       		.uleb128 0xe
 1134 0133 3A       		.uleb128 0x3a
 1135 0134 0B       		.uleb128 0xb
 1136 0135 3B       		.uleb128 0x3b
ARM GAS  C:\Users\TSUBAS~1\AppData\Local\Temp\cc3DtMM5.s 			page 27


 1137 0136 05       		.uleb128 0x5
 1138 0137 27       		.uleb128 0x27
 1139 0138 0C       		.uleb128 0xc
 1140 0139 49       		.uleb128 0x49
 1141 013a 13       		.uleb128 0x13
 1142 013b 11       		.uleb128 0x11
 1143 013c 01       		.uleb128 0x1
 1144 013d 12       		.uleb128 0x12
 1145 013e 01       		.uleb128 0x1
 1146 013f 40       		.uleb128 0x40
 1147 0140 06       		.uleb128 0x6
 1148 0141 9742     		.uleb128 0x2117
 1149 0143 0C       		.uleb128 0xc
 1150 0144 00       		.byte	0
 1151 0145 00       		.byte	0
 1152 0146 13       		.uleb128 0x13
 1153 0147 01       		.uleb128 0x1
 1154 0148 01       		.byte	0x1
 1155 0149 49       		.uleb128 0x49
 1156 014a 13       		.uleb128 0x13
 1157 014b 01       		.uleb128 0x1
 1158 014c 13       		.uleb128 0x13
 1159 014d 00       		.byte	0
 1160 014e 00       		.byte	0
 1161 014f 14       		.uleb128 0x14
 1162 0150 21       		.uleb128 0x21
 1163 0151 00       		.byte	0
 1164 0152 49       		.uleb128 0x49
 1165 0153 13       		.uleb128 0x13
 1166 0154 2F       		.uleb128 0x2f
 1167 0155 0B       		.uleb128 0xb
 1168 0156 00       		.byte	0
 1169 0157 00       		.byte	0
 1170 0158 15       		.uleb128 0x15
 1171 0159 34       		.uleb128 0x34
 1172 015a 00       		.byte	0
 1173 015b 03       		.uleb128 0x3
 1174 015c 0E       		.uleb128 0xe
 1175 015d 3A       		.uleb128 0x3a
 1176 015e 0B       		.uleb128 0xb
 1177 015f 3B       		.uleb128 0x3b
 1178 0160 0B       		.uleb128 0xb
 1179 0161 49       		.uleb128 0x49
 1180 0162 13       		.uleb128 0x13
 1181 0163 3F       		.uleb128 0x3f
 1182 0164 0C       		.uleb128 0xc
 1183 0165 3C       		.uleb128 0x3c
 1184 0166 0C       		.uleb128 0xc
 1185 0167 00       		.byte	0
 1186 0168 00       		.byte	0
 1187 0169 00       		.byte	0
 1188              		.section	.debug_loc,"",%progbits
 1189              	.Ldebug_loc0:
 1190              	.LLST0:
 1191 0000 00000000 		.4byte	.LFB0
 1192 0004 02000000 		.4byte	.LCFI0
 1193 0008 0200     		.2byte	0x2
ARM GAS  C:\Users\TSUBAS~1\AppData\Local\Temp\cc3DtMM5.s 			page 28


 1194 000a 7D       		.byte	0x7d
 1195 000b 00       		.sleb128 0
 1196 000c 02000000 		.4byte	.LCFI0
 1197 0010 04000000 		.4byte	.LCFI1
 1198 0014 0200     		.2byte	0x2
 1199 0016 7D       		.byte	0x7d
 1200 0017 08       		.sleb128 8
 1201 0018 04000000 		.4byte	.LCFI1
 1202 001c 24000000 		.4byte	.LFE0
 1203 0020 0200     		.2byte	0x2
 1204 0022 77       		.byte	0x77
 1205 0023 08       		.sleb128 8
 1206 0024 00000000 		.4byte	0
 1207 0028 00000000 		.4byte	0
 1208              	.LLST1:
 1209 002c 00000000 		.4byte	.LFB1
 1210 0030 02000000 		.4byte	.LCFI2
 1211 0034 0200     		.2byte	0x2
 1212 0036 7D       		.byte	0x7d
 1213 0037 00       		.sleb128 0
 1214 0038 02000000 		.4byte	.LCFI2
 1215 003c 04000000 		.4byte	.LCFI3
 1216 0040 0200     		.2byte	0x2
 1217 0042 7D       		.byte	0x7d
 1218 0043 08       		.sleb128 8
 1219 0044 04000000 		.4byte	.LCFI3
 1220 0048 06000000 		.4byte	.LCFI4
 1221 004c 0200     		.2byte	0x2
 1222 004e 7D       		.byte	0x7d
 1223 004f 10       		.sleb128 16
 1224 0050 06000000 		.4byte	.LCFI4
 1225 0054 24000000 		.4byte	.LFE1
 1226 0058 0200     		.2byte	0x2
 1227 005a 77       		.byte	0x77
 1228 005b 10       		.sleb128 16
 1229 005c 00000000 		.4byte	0
 1230 0060 00000000 		.4byte	0
 1231              	.LLST2:
 1232 0064 00000000 		.4byte	.LFB2
 1233 0068 02000000 		.4byte	.LCFI5
 1234 006c 0200     		.2byte	0x2
 1235 006e 7D       		.byte	0x7d
 1236 006f 00       		.sleb128 0
 1237 0070 02000000 		.4byte	.LCFI5
 1238 0074 04000000 		.4byte	.LCFI6
 1239 0078 0200     		.2byte	0x2
 1240 007a 7D       		.byte	0x7d
 1241 007b 08       		.sleb128 8
 1242 007c 04000000 		.4byte	.LCFI6
 1243 0080 18000000 		.4byte	.LFE2
 1244 0084 0200     		.2byte	0x2
 1245 0086 77       		.byte	0x77
 1246 0087 08       		.sleb128 8
 1247 0088 00000000 		.4byte	0
 1248 008c 00000000 		.4byte	0
 1249              	.LLST3:
 1250 0090 00000000 		.4byte	.LFB3
ARM GAS  C:\Users\TSUBAS~1\AppData\Local\Temp\cc3DtMM5.s 			page 29


 1251 0094 02000000 		.4byte	.LCFI7
 1252 0098 0200     		.2byte	0x2
 1253 009a 7D       		.byte	0x7d
 1254 009b 00       		.sleb128 0
 1255 009c 02000000 		.4byte	.LCFI7
 1256 00a0 04000000 		.4byte	.LCFI8
 1257 00a4 0200     		.2byte	0x2
 1258 00a6 7D       		.byte	0x7d
 1259 00a7 08       		.sleb128 8
 1260 00a8 04000000 		.4byte	.LCFI8
 1261 00ac 08000000 		.4byte	.LFE3
 1262 00b0 0200     		.2byte	0x2
 1263 00b2 77       		.byte	0x77
 1264 00b3 08       		.sleb128 8
 1265 00b4 00000000 		.4byte	0
 1266 00b8 00000000 		.4byte	0
 1267              	.LLST4:
 1268 00bc 00000000 		.4byte	.LFB4
 1269 00c0 02000000 		.4byte	.LCFI9
 1270 00c4 0200     		.2byte	0x2
 1271 00c6 7D       		.byte	0x7d
 1272 00c7 00       		.sleb128 0
 1273 00c8 02000000 		.4byte	.LCFI9
 1274 00cc 04000000 		.4byte	.LCFI10
 1275 00d0 0200     		.2byte	0x2
 1276 00d2 7D       		.byte	0x7d
 1277 00d3 08       		.sleb128 8
 1278 00d4 04000000 		.4byte	.LCFI10
 1279 00d8 06000000 		.4byte	.LCFI11
 1280 00dc 0200     		.2byte	0x2
 1281 00de 7D       		.byte	0x7d
 1282 00df 10       		.sleb128 16
 1283 00e0 06000000 		.4byte	.LCFI11
 1284 00e4 18000000 		.4byte	.LFE4
 1285 00e8 0200     		.2byte	0x2
 1286 00ea 77       		.byte	0x77
 1287 00eb 10       		.sleb128 16
 1288 00ec 00000000 		.4byte	0
 1289 00f0 00000000 		.4byte	0
 1290              	.LLST5:
 1291 00f4 00000000 		.4byte	.LFB5
 1292 00f8 02000000 		.4byte	.LCFI12
 1293 00fc 0200     		.2byte	0x2
 1294 00fe 7D       		.byte	0x7d
 1295 00ff 00       		.sleb128 0
 1296 0100 02000000 		.4byte	.LCFI12
 1297 0104 04000000 		.4byte	.LCFI13
 1298 0108 0200     		.2byte	0x2
 1299 010a 7D       		.byte	0x7d
 1300 010b 08       		.sleb128 8
 1301 010c 04000000 		.4byte	.LCFI13
 1302 0110 14000000 		.4byte	.LFE5
 1303 0114 0200     		.2byte	0x2
 1304 0116 77       		.byte	0x77
 1305 0117 08       		.sleb128 8
 1306 0118 00000000 		.4byte	0
 1307 011c 00000000 		.4byte	0
ARM GAS  C:\Users\TSUBAS~1\AppData\Local\Temp\cc3DtMM5.s 			page 30


 1308              	.LLST6:
 1309 0120 00000000 		.4byte	.LFB6
 1310 0124 02000000 		.4byte	.LCFI14
 1311 0128 0200     		.2byte	0x2
 1312 012a 7D       		.byte	0x7d
 1313 012b 00       		.sleb128 0
 1314 012c 02000000 		.4byte	.LCFI14
 1315 0130 04000000 		.4byte	.LCFI15
 1316 0134 0200     		.2byte	0x2
 1317 0136 7D       		.byte	0x7d
 1318 0137 0C       		.sleb128 12
 1319 0138 04000000 		.4byte	.LCFI15
 1320 013c 06000000 		.4byte	.LCFI16
 1321 0140 0200     		.2byte	0x2
 1322 0142 7D       		.byte	0x7d
 1323 0143 20       		.sleb128 32
 1324 0144 06000000 		.4byte	.LCFI16
 1325 0148 50000000 		.4byte	.LFE6
 1326 014c 0200     		.2byte	0x2
 1327 014e 77       		.byte	0x77
 1328 014f 20       		.sleb128 32
 1329 0150 00000000 		.4byte	0
 1330 0154 00000000 		.4byte	0
 1331              	.LLST7:
 1332 0158 00000000 		.4byte	.LFB7
 1333 015c 02000000 		.4byte	.LCFI17
 1334 0160 0200     		.2byte	0x2
 1335 0162 7D       		.byte	0x7d
 1336 0163 00       		.sleb128 0
 1337 0164 02000000 		.4byte	.LCFI17
 1338 0168 04000000 		.4byte	.LCFI18
 1339 016c 0200     		.2byte	0x2
 1340 016e 7D       		.byte	0x7d
 1341 016f 08       		.sleb128 8
 1342 0170 04000000 		.4byte	.LCFI18
 1343 0174 06000000 		.4byte	.LCFI19
 1344 0178 0200     		.2byte	0x2
 1345 017a 7D       		.byte	0x7d
 1346 017b 10       		.sleb128 16
 1347 017c 06000000 		.4byte	.LCFI19
 1348 0180 2C000000 		.4byte	.LFE7
 1349 0184 0200     		.2byte	0x2
 1350 0186 77       		.byte	0x77
 1351 0187 10       		.sleb128 16
 1352 0188 00000000 		.4byte	0
 1353 018c 00000000 		.4byte	0
 1354              	.LLST8:
 1355 0190 00000000 		.4byte	.LFB8
 1356 0194 02000000 		.4byte	.LCFI20
 1357 0198 0200     		.2byte	0x2
 1358 019a 7D       		.byte	0x7d
 1359 019b 00       		.sleb128 0
 1360 019c 02000000 		.4byte	.LCFI20
 1361 01a0 04000000 		.4byte	.LCFI21
 1362 01a4 0200     		.2byte	0x2
 1363 01a6 7D       		.byte	0x7d
 1364 01a7 08       		.sleb128 8
ARM GAS  C:\Users\TSUBAS~1\AppData\Local\Temp\cc3DtMM5.s 			page 31


 1365 01a8 04000000 		.4byte	.LCFI21
 1366 01ac 14000000 		.4byte	.LFE8
 1367 01b0 0200     		.2byte	0x2
 1368 01b2 77       		.byte	0x77
 1369 01b3 08       		.sleb128 8
 1370 01b4 00000000 		.4byte	0
 1371 01b8 00000000 		.4byte	0
 1372              	.LLST9:
 1373 01bc 00000000 		.4byte	.LFB9
 1374 01c0 02000000 		.4byte	.LCFI22
 1375 01c4 0200     		.2byte	0x2
 1376 01c6 7D       		.byte	0x7d
 1377 01c7 00       		.sleb128 0
 1378 01c8 02000000 		.4byte	.LCFI22
 1379 01cc 04000000 		.4byte	.LCFI23
 1380 01d0 0200     		.2byte	0x2
 1381 01d2 7D       		.byte	0x7d
 1382 01d3 08       		.sleb128 8
 1383 01d4 04000000 		.4byte	.LCFI23
 1384 01d8 1C000000 		.4byte	.LFE9
 1385 01dc 0200     		.2byte	0x2
 1386 01de 77       		.byte	0x77
 1387 01df 08       		.sleb128 8
 1388 01e0 00000000 		.4byte	0
 1389 01e4 00000000 		.4byte	0
 1390              	.LLST10:
 1391 01e8 00000000 		.4byte	.LFB10
 1392 01ec 02000000 		.4byte	.LCFI24
 1393 01f0 0200     		.2byte	0x2
 1394 01f2 7D       		.byte	0x7d
 1395 01f3 00       		.sleb128 0
 1396 01f4 02000000 		.4byte	.LCFI24
 1397 01f8 04000000 		.4byte	.LCFI25
 1398 01fc 0200     		.2byte	0x2
 1399 01fe 7D       		.byte	0x7d
 1400 01ff 08       		.sleb128 8
 1401 0200 04000000 		.4byte	.LCFI25
 1402 0204 14000000 		.4byte	.LFE10
 1403 0208 0200     		.2byte	0x2
 1404 020a 77       		.byte	0x77
 1405 020b 08       		.sleb128 8
 1406 020c 00000000 		.4byte	0
 1407 0210 00000000 		.4byte	0
 1408              	.LLST11:
 1409 0214 00000000 		.4byte	.LFB11
 1410 0218 02000000 		.4byte	.LCFI26
 1411 021c 0200     		.2byte	0x2
 1412 021e 7D       		.byte	0x7d
 1413 021f 00       		.sleb128 0
 1414 0220 02000000 		.4byte	.LCFI26
 1415 0224 04000000 		.4byte	.LCFI27
 1416 0228 0200     		.2byte	0x2
 1417 022a 7D       		.byte	0x7d
 1418 022b 08       		.sleb128 8
 1419 022c 04000000 		.4byte	.LCFI27
 1420 0230 14000000 		.4byte	.LFE11
 1421 0234 0200     		.2byte	0x2
ARM GAS  C:\Users\TSUBAS~1\AppData\Local\Temp\cc3DtMM5.s 			page 32


 1422 0236 77       		.byte	0x77
 1423 0237 08       		.sleb128 8
 1424 0238 00000000 		.4byte	0
 1425 023c 00000000 		.4byte	0
 1426              	.LLST12:
 1427 0240 00000000 		.4byte	.LFB12
 1428 0244 02000000 		.4byte	.LCFI28
 1429 0248 0200     		.2byte	0x2
 1430 024a 7D       		.byte	0x7d
 1431 024b 00       		.sleb128 0
 1432 024c 02000000 		.4byte	.LCFI28
 1433 0250 04000000 		.4byte	.LCFI29
 1434 0254 0200     		.2byte	0x2
 1435 0256 7D       		.byte	0x7d
 1436 0257 08       		.sleb128 8
 1437 0258 04000000 		.4byte	.LCFI29
 1438 025c 14000000 		.4byte	.LFE12
 1439 0260 0200     		.2byte	0x2
 1440 0262 77       		.byte	0x77
 1441 0263 08       		.sleb128 8
 1442 0264 00000000 		.4byte	0
 1443 0268 00000000 		.4byte	0
 1444              		.section	.debug_aranges,"",%progbits
 1445 0000 7C000000 		.4byte	0x7c
 1446 0004 0200     		.2byte	0x2
 1447 0006 00000000 		.4byte	.Ldebug_info0
 1448 000a 04       		.byte	0x4
 1449 000b 00       		.byte	0
 1450 000c 0000     		.2byte	0
 1451 000e 0000     		.2byte	0
 1452 0010 00000000 		.4byte	.LFB0
 1453 0014 24000000 		.4byte	.LFE0-.LFB0
 1454 0018 00000000 		.4byte	.LFB1
 1455 001c 24000000 		.4byte	.LFE1-.LFB1
 1456 0020 00000000 		.4byte	.LFB2
 1457 0024 18000000 		.4byte	.LFE2-.LFB2
 1458 0028 00000000 		.4byte	.LFB3
 1459 002c 08000000 		.4byte	.LFE3-.LFB3
 1460 0030 00000000 		.4byte	.LFB4
 1461 0034 18000000 		.4byte	.LFE4-.LFB4
 1462 0038 00000000 		.4byte	.LFB5
 1463 003c 14000000 		.4byte	.LFE5-.LFB5
 1464 0040 00000000 		.4byte	.LFB6
 1465 0044 50000000 		.4byte	.LFE6-.LFB6
 1466 0048 00000000 		.4byte	.LFB7
 1467 004c 2C000000 		.4byte	.LFE7-.LFB7
 1468 0050 00000000 		.4byte	.LFB8
 1469 0054 14000000 		.4byte	.LFE8-.LFB8
 1470 0058 00000000 		.4byte	.LFB9
 1471 005c 1C000000 		.4byte	.LFE9-.LFB9
 1472 0060 00000000 		.4byte	.LFB10
 1473 0064 14000000 		.4byte	.LFE10-.LFB10
 1474 0068 00000000 		.4byte	.LFB11
 1475 006c 14000000 		.4byte	.LFE11-.LFB11
 1476 0070 00000000 		.4byte	.LFB12
 1477 0074 14000000 		.4byte	.LFE12-.LFB12
 1478 0078 00000000 		.4byte	0
ARM GAS  C:\Users\TSUBAS~1\AppData\Local\Temp\cc3DtMM5.s 			page 33


 1479 007c 00000000 		.4byte	0
 1480              		.section	.debug_ranges,"",%progbits
 1481              	.Ldebug_ranges0:
 1482 0000 00000000 		.4byte	.LFB0
 1483 0004 24000000 		.4byte	.LFE0
 1484 0008 00000000 		.4byte	.LFB1
 1485 000c 24000000 		.4byte	.LFE1
 1486 0010 00000000 		.4byte	.LFB2
 1487 0014 18000000 		.4byte	.LFE2
 1488 0018 00000000 		.4byte	.LFB3
 1489 001c 08000000 		.4byte	.LFE3
 1490 0020 00000000 		.4byte	.LFB4
 1491 0024 18000000 		.4byte	.LFE4
 1492 0028 00000000 		.4byte	.LFB5
 1493 002c 14000000 		.4byte	.LFE5
 1494 0030 00000000 		.4byte	.LFB6
 1495 0034 50000000 		.4byte	.LFE6
 1496 0038 00000000 		.4byte	.LFB7
 1497 003c 2C000000 		.4byte	.LFE7
 1498 0040 00000000 		.4byte	.LFB8
 1499 0044 14000000 		.4byte	.LFE8
 1500 0048 00000000 		.4byte	.LFB9
 1501 004c 1C000000 		.4byte	.LFE9
 1502 0050 00000000 		.4byte	.LFB10
 1503 0054 14000000 		.4byte	.LFE10
 1504 0058 00000000 		.4byte	.LFB11
 1505 005c 14000000 		.4byte	.LFE11
 1506 0060 00000000 		.4byte	.LFB12
 1507 0064 14000000 		.4byte	.LFE12
 1508 0068 00000000 		.4byte	0
 1509 006c 00000000 		.4byte	0
 1510              		.section	.debug_line,"",%progbits
 1511              	.Ldebug_line0:
 1512 0000 49010000 		.section	.debug_str,"MS",%progbits,1
 1512      02004D00 
 1512      00000201 
 1512      FB0E0D00 
 1512      01010101 
 1513              	.LASF21:
 1514 0000 6973725F 		.ascii	"isr_fifo_empty_SetVector\000"
 1514      6669666F 
 1514      5F656D70 
 1514      74795F53 
 1514      65745665 
 1515              	.LASF14:
 1516 0019 72656733 		.ascii	"reg32\000"
 1516      3200
 1517              	.LASF20:
 1518 001f 6973725F 		.ascii	"isr_fifo_empty_StartEx\000"
 1518      6669666F 
 1518      5F656D70 
 1518      74795F53 
 1518      74617274 
 1519              	.LASF23:
 1520 0036 6973725F 		.ascii	"isr_fifo_empty_SetPriority\000"
 1520      6669666F 
 1520      5F656D70 
ARM GAS  C:\Users\TSUBAS~1\AppData\Local\Temp\cc3DtMM5.s 			page 34


 1520      74795F53 
 1520      65745072 
 1521              	.LASF37:
 1522 0051 43795261 		.ascii	"CyRamVectors\000"
 1522      6D566563 
 1522      746F7273 
 1522      00
 1523              	.LASF3:
 1524 005e 73686F72 		.ascii	"short unsigned int\000"
 1524      7420756E 
 1524      7369676E 
 1524      65642069 
 1524      6E7400
 1525              	.LASF8:
 1526 0071 756E7369 		.ascii	"unsigned int\000"
 1526      676E6564 
 1526      20696E74 
 1526      00
 1527              	.LASF11:
 1528 007e 666C6F61 		.ascii	"float\000"
 1528      7400
 1529              	.LASF17:
 1530 0084 6973725F 		.ascii	"isr_fifo_empty_Start\000"
 1530      6669666F 
 1530      5F656D70 
 1530      74795F53 
 1530      74617274 
 1531              	.LASF1:
 1532 0099 756E7369 		.ascii	"unsigned char\000"
 1532      676E6564 
 1532      20636861 
 1532      7200
 1533              	.LASF25:
 1534 00a7 696E7465 		.ascii	"interruptState\000"
 1534      72727570 
 1534      74537461 
 1534      746500
 1535              	.LASF5:
 1536 00b6 6C6F6E67 		.ascii	"long unsigned int\000"
 1536      20756E73 
 1536      69676E65 
 1536      6420696E 
 1536      7400
 1537              	.LASF28:
 1538 00c8 6973725F 		.ascii	"isr_fifo_empty_GetVector\000"
 1538      6669666F 
 1538      5F656D70 
 1538      74795F47 
 1538      65745665 
 1539              	.LASF19:
 1540 00e1 6973725F 		.ascii	"isr_fifo_empty_Interrupt\000"
 1540      6669666F 
 1540      5F656D70 
 1540      74795F49 
 1540      6E746572 
 1541              	.LASF24:
 1542 00fa 7072696F 		.ascii	"priority\000"
ARM GAS  C:\Users\TSUBAS~1\AppData\Local\Temp\cc3DtMM5.s 			page 35


 1542      72697479 
 1542      00
 1543              	.LASF35:
 1544 0103 433A5C55 		.ascii	"C:\\Users\\Tsubasa Maruyama\\Documents\\PSoC Creato"
 1544      73657273 
 1544      5C547375 
 1544      62617361 
 1544      204D6172 
 1545 0132 725C4C74 		.ascii	"r\\Lticker\\Lticker.cydsn\000"
 1545      69636B65 
 1545      725C4C74 
 1545      69636B65 
 1545      722E6379 
 1546              	.LASF12:
 1547 014a 646F7562 		.ascii	"double\000"
 1547      6C6500
 1548              	.LASF10:
 1549 0151 75696E74 		.ascii	"uint32\000"
 1549      333200
 1550              	.LASF32:
 1551 0158 6973725F 		.ascii	"isr_fifo_empty_ClearPending\000"
 1551      6669666F 
 1551      5F656D70 
 1551      74795F43 
 1551      6C656172 
 1552              	.LASF22:
 1553 0174 61646472 		.ascii	"address\000"
 1553      65737300 
 1554              	.LASF7:
 1555 017c 6C6F6E67 		.ascii	"long long unsigned int\000"
 1555      206C6F6E 
 1555      6720756E 
 1555      7369676E 
 1555      65642069 
 1556              	.LASF34:
 1557 0193 2E5C4765 		.ascii	".\\Generated_Source\\PSoC4\\isr_fifo_empty.c\000"
 1557      6E657261 
 1557      7465645F 
 1557      536F7572 
 1557      63655C50 
 1558              	.LASF15:
 1559 01bd 63796973 		.ascii	"cyisraddress\000"
 1559      72616464 
 1559      72657373 
 1559      00
 1560              	.LASF18:
 1561 01ca 6973725F 		.ascii	"isr_fifo_empty_Stop\000"
 1561      6669666F 
 1561      5F656D70 
 1561      74795F53 
 1561      746F7000 
 1562              	.LASF27:
 1563 01de 6973725F 		.ascii	"isr_fifo_empty_Enable\000"
 1563      6669666F 
 1563      5F656D70 
 1563      74795F45 
 1563      6E61626C 
ARM GAS  C:\Users\TSUBAS~1\AppData\Local\Temp\cc3DtMM5.s 			page 36


 1564              	.LASF16:
 1565 01f4 73697A65 		.ascii	"sizetype\000"
 1565      74797065 
 1565      00
 1566              	.LASF6:
 1567 01fd 6C6F6E67 		.ascii	"long long int\000"
 1567      206C6F6E 
 1567      6720696E 
 1567      7400
 1568              	.LASF13:
 1569 020b 63686172 		.ascii	"char\000"
 1569      00
 1570              	.LASF36:
 1571 0210 6973725F 		.ascii	"isr_fifo_empty_GetPriority\000"
 1571      6669666F 
 1571      5F656D70 
 1571      74795F47 
 1571      65745072 
 1572              	.LASF2:
 1573 022b 73686F72 		.ascii	"short int\000"
 1573      7420696E 
 1573      7400
 1574              	.LASF31:
 1575 0235 6973725F 		.ascii	"isr_fifo_empty_SetPending\000"
 1575      6669666F 
 1575      5F656D70 
 1575      74795F53 
 1575      65745065 
 1576              	.LASF9:
 1577 024f 75696E74 		.ascii	"uint8\000"
 1577      3800
 1578              	.LASF33:
 1579 0255 474E5520 		.ascii	"GNU C 4.7.3 20130312 (release) [ARM/embedded-4_7-br"
 1579      4320342E 
 1579      372E3320 
 1579      32303133 
 1579      30333132 
 1580 0288 616E6368 		.ascii	"anch revision 196615]\000"
 1580      20726576 
 1580      6973696F 
 1580      6E203139 
 1580      36363135 
 1581              	.LASF30:
 1582 029e 6973725F 		.ascii	"isr_fifo_empty_Disable\000"
 1582      6669666F 
 1582      5F656D70 
 1582      74795F44 
 1582      69736162 
 1583              	.LASF26:
 1584 02b5 7072696F 		.ascii	"priorityOffset\000"
 1584      72697479 
 1584      4F666673 
 1584      657400
 1585              	.LASF4:
 1586 02c4 6C6F6E67 		.ascii	"long int\000"
 1586      20696E74 
 1586      00
ARM GAS  C:\Users\TSUBAS~1\AppData\Local\Temp\cc3DtMM5.s 			page 37


 1587              	.LASF29:
 1588 02cd 6973725F 		.ascii	"isr_fifo_empty_GetState\000"
 1588      6669666F 
 1588      5F656D70 
 1588      74795F47 
 1588      65745374 
 1589              	.LASF0:
 1590 02e5 7369676E 		.ascii	"signed char\000"
 1590      65642063 
 1590      68617200 
 1591              		.ident	"GCC: (GNU Tools for ARM Embedded Processors) 4.7.3 20130312 (release) [ARM/embedded-4_7-br
