ARM GAS  C:\Users\TSUBAS~1\AppData\Local\Temp\ccNzva3j.s 			page 1


   1              		.cpu cortex-m0
   2              		.fpu softvfp
   3              		.eabi_attribute 20, 1
   4              		.eabi_attribute 21, 1
   5              		.eabi_attribute 23, 3
   6              		.eabi_attribute 24, 1
   7              		.eabi_attribute 25, 1
   8              		.eabi_attribute 26, 1
   9              		.eabi_attribute 30, 6
  10              		.eabi_attribute 34, 0
  11              		.eabi_attribute 18, 4
  12              		.code	16
  13              		.file	"isr_reset_done.c"
  14              		.text
  15              	.Ltext0:
  16              		.cfi_sections	.debug_frame
  17              		.section	.text.isr_reset_done_Start,"ax",%progbits
  18              		.align	2
  19              		.global	isr_reset_done_Start
  20              		.code	16
  21              		.thumb_func
  22              		.type	isr_reset_done_Start, %function
  23              	isr_reset_done_Start:
  24              	.LFB0:
  25              		.file 1 ".\\Generated_Source\\PSoC4\\isr_reset_done.c"
   1:.\Generated_Source\PSoC4/isr_reset_done.c **** /*******************************************************************************
   2:.\Generated_Source\PSoC4/isr_reset_done.c **** * File Name: isr_reset_done.c  
   3:.\Generated_Source\PSoC4/isr_reset_done.c **** * Version 1.70
   4:.\Generated_Source\PSoC4/isr_reset_done.c **** *
   5:.\Generated_Source\PSoC4/isr_reset_done.c **** *  Description:
   6:.\Generated_Source\PSoC4/isr_reset_done.c **** *   API for controlling the state of an interrupt.
   7:.\Generated_Source\PSoC4/isr_reset_done.c **** *
   8:.\Generated_Source\PSoC4/isr_reset_done.c **** *
   9:.\Generated_Source\PSoC4/isr_reset_done.c **** *  Note:
  10:.\Generated_Source\PSoC4/isr_reset_done.c **** *
  11:.\Generated_Source\PSoC4/isr_reset_done.c **** ********************************************************************************
  12:.\Generated_Source\PSoC4/isr_reset_done.c **** * Copyright 2008-2012, Cypress Semiconductor Corporation.  All rights reserved.
  13:.\Generated_Source\PSoC4/isr_reset_done.c **** * You may use this file only in accordance with the license, terms, conditions, 
  14:.\Generated_Source\PSoC4/isr_reset_done.c **** * disclaimers, and limitations in the end user license agreement accompanying 
  15:.\Generated_Source\PSoC4/isr_reset_done.c **** * the software package with which this file was provided.
  16:.\Generated_Source\PSoC4/isr_reset_done.c **** *******************************************************************************/
  17:.\Generated_Source\PSoC4/isr_reset_done.c **** 
  18:.\Generated_Source\PSoC4/isr_reset_done.c **** 
  19:.\Generated_Source\PSoC4/isr_reset_done.c **** #include <cydevice_trm.h>
  20:.\Generated_Source\PSoC4/isr_reset_done.c **** #include <CyLib.h>
  21:.\Generated_Source\PSoC4/isr_reset_done.c **** #include <isr_reset_done.h>
  22:.\Generated_Source\PSoC4/isr_reset_done.c **** 
  23:.\Generated_Source\PSoC4/isr_reset_done.c **** #if !defined(isr_reset_done__REMOVED) /* Check for removal by optimization */
  24:.\Generated_Source\PSoC4/isr_reset_done.c **** 
  25:.\Generated_Source\PSoC4/isr_reset_done.c **** /*******************************************************************************
  26:.\Generated_Source\PSoC4/isr_reset_done.c **** *  Place your includes, defines and code here 
  27:.\Generated_Source\PSoC4/isr_reset_done.c **** ********************************************************************************/
  28:.\Generated_Source\PSoC4/isr_reset_done.c **** /* `#START isr_reset_done_intc` */
  29:.\Generated_Source\PSoC4/isr_reset_done.c **** 
  30:.\Generated_Source\PSoC4/isr_reset_done.c **** /* `#END` */
  31:.\Generated_Source\PSoC4/isr_reset_done.c **** 
  32:.\Generated_Source\PSoC4/isr_reset_done.c **** extern cyisraddress CyRamVectors[CYINT_IRQ_BASE + CY_NUM_INTERRUPTS];
ARM GAS  C:\Users\TSUBAS~1\AppData\Local\Temp\ccNzva3j.s 			page 2


  33:.\Generated_Source\PSoC4/isr_reset_done.c **** 
  34:.\Generated_Source\PSoC4/isr_reset_done.c **** /* Declared in startup, used to set unused interrupts to. */
  35:.\Generated_Source\PSoC4/isr_reset_done.c **** CY_ISR_PROTO(IntDefaultHandler);
  36:.\Generated_Source\PSoC4/isr_reset_done.c **** 
  37:.\Generated_Source\PSoC4/isr_reset_done.c **** 
  38:.\Generated_Source\PSoC4/isr_reset_done.c **** /*******************************************************************************
  39:.\Generated_Source\PSoC4/isr_reset_done.c **** * Function Name: isr_reset_done_Start
  40:.\Generated_Source\PSoC4/isr_reset_done.c **** ********************************************************************************
  41:.\Generated_Source\PSoC4/isr_reset_done.c **** *
  42:.\Generated_Source\PSoC4/isr_reset_done.c **** * Summary:
  43:.\Generated_Source\PSoC4/isr_reset_done.c **** *  Set up the interrupt and enable it.
  44:.\Generated_Source\PSoC4/isr_reset_done.c **** *
  45:.\Generated_Source\PSoC4/isr_reset_done.c **** * Parameters:  
  46:.\Generated_Source\PSoC4/isr_reset_done.c **** *   None
  47:.\Generated_Source\PSoC4/isr_reset_done.c **** *
  48:.\Generated_Source\PSoC4/isr_reset_done.c **** * Return:
  49:.\Generated_Source\PSoC4/isr_reset_done.c **** *   None
  50:.\Generated_Source\PSoC4/isr_reset_done.c **** *
  51:.\Generated_Source\PSoC4/isr_reset_done.c **** *******************************************************************************/
  52:.\Generated_Source\PSoC4/isr_reset_done.c **** void isr_reset_done_Start(void)
  53:.\Generated_Source\PSoC4/isr_reset_done.c **** {
  26              		.loc 1 53 0
  27              		.cfi_startproc
  28 0000 80B5     		push	{r7, lr}
  29              	.LCFI0:
  30              		.cfi_def_cfa_offset 8
  31              		.cfi_offset 7, -8
  32              		.cfi_offset 14, -4
  33 0002 00AF     		add	r7, sp, #0
  34              	.LCFI1:
  35              		.cfi_def_cfa_register 7
  54:.\Generated_Source\PSoC4/isr_reset_done.c ****     /* For all we know the interrupt is active. */
  55:.\Generated_Source\PSoC4/isr_reset_done.c ****     isr_reset_done_Disable();
  36              		.loc 1 55 0
  37 0004 FFF7FEFF 		bl	isr_reset_done_Disable
  56:.\Generated_Source\PSoC4/isr_reset_done.c **** 
  57:.\Generated_Source\PSoC4/isr_reset_done.c ****     /* Set the ISR to point to the isr_reset_done Interrupt. */
  58:.\Generated_Source\PSoC4/isr_reset_done.c ****     isr_reset_done_SetVector(&isr_reset_done_Interrupt);
  38              		.loc 1 58 0
  39 0008 054B     		ldr	r3, .L2
  40 000a 181C     		mov	r0, r3
  41 000c FFF7FEFF 		bl	isr_reset_done_SetVector
  59:.\Generated_Source\PSoC4/isr_reset_done.c **** 
  60:.\Generated_Source\PSoC4/isr_reset_done.c ****     /* Set the priority. */
  61:.\Generated_Source\PSoC4/isr_reset_done.c ****     isr_reset_done_SetPriority((uint8)isr_reset_done_INTC_PRIOR_NUMBER);
  42              		.loc 1 61 0
  43 0010 0320     		mov	r0, #3
  44 0012 FFF7FEFF 		bl	isr_reset_done_SetPriority
  62:.\Generated_Source\PSoC4/isr_reset_done.c **** 
  63:.\Generated_Source\PSoC4/isr_reset_done.c ****     /* Enable it. */
  64:.\Generated_Source\PSoC4/isr_reset_done.c ****     isr_reset_done_Enable();
  45              		.loc 1 64 0
  46 0016 FFF7FEFF 		bl	isr_reset_done_Enable
  65:.\Generated_Source\PSoC4/isr_reset_done.c **** }
  47              		.loc 1 65 0
  48 001a BD46     		mov	sp, r7
  49              		@ sp needed for prologue
ARM GAS  C:\Users\TSUBAS~1\AppData\Local\Temp\ccNzva3j.s 			page 3


  50 001c 80BD     		pop	{r7, pc}
  51              	.L3:
  52 001e C046     		.align	2
  53              	.L2:
  54 0020 00000000 		.word	isr_reset_done_Interrupt
  55              		.cfi_endproc
  56              	.LFE0:
  57              		.size	isr_reset_done_Start, .-isr_reset_done_Start
  58              		.section	.text.isr_reset_done_StartEx,"ax",%progbits
  59              		.align	2
  60              		.global	isr_reset_done_StartEx
  61              		.code	16
  62              		.thumb_func
  63              		.type	isr_reset_done_StartEx, %function
  64              	isr_reset_done_StartEx:
  65              	.LFB1:
  66:.\Generated_Source\PSoC4/isr_reset_done.c **** 
  67:.\Generated_Source\PSoC4/isr_reset_done.c **** 
  68:.\Generated_Source\PSoC4/isr_reset_done.c **** /*******************************************************************************
  69:.\Generated_Source\PSoC4/isr_reset_done.c **** * Function Name: isr_reset_done_StartEx
  70:.\Generated_Source\PSoC4/isr_reset_done.c **** ********************************************************************************
  71:.\Generated_Source\PSoC4/isr_reset_done.c **** *
  72:.\Generated_Source\PSoC4/isr_reset_done.c **** * Summary:
  73:.\Generated_Source\PSoC4/isr_reset_done.c **** *  Set up the interrupt and enable it.
  74:.\Generated_Source\PSoC4/isr_reset_done.c **** *
  75:.\Generated_Source\PSoC4/isr_reset_done.c **** * Parameters:  
  76:.\Generated_Source\PSoC4/isr_reset_done.c **** *   address: Address of the ISR to set in the interrupt vector table.
  77:.\Generated_Source\PSoC4/isr_reset_done.c **** *
  78:.\Generated_Source\PSoC4/isr_reset_done.c **** * Return:
  79:.\Generated_Source\PSoC4/isr_reset_done.c **** *   None
  80:.\Generated_Source\PSoC4/isr_reset_done.c **** *
  81:.\Generated_Source\PSoC4/isr_reset_done.c **** *******************************************************************************/
  82:.\Generated_Source\PSoC4/isr_reset_done.c **** void isr_reset_done_StartEx(cyisraddress address)
  83:.\Generated_Source\PSoC4/isr_reset_done.c **** {
  66              		.loc 1 83 0
  67              		.cfi_startproc
  68 0000 80B5     		push	{r7, lr}
  69              	.LCFI2:
  70              		.cfi_def_cfa_offset 8
  71              		.cfi_offset 7, -8
  72              		.cfi_offset 14, -4
  73 0002 82B0     		sub	sp, sp, #8
  74              	.LCFI3:
  75              		.cfi_def_cfa_offset 16
  76 0004 00AF     		add	r7, sp, #0
  77              	.LCFI4:
  78              		.cfi_def_cfa_register 7
  79 0006 7860     		str	r0, [r7, #4]
  84:.\Generated_Source\PSoC4/isr_reset_done.c ****     /* For all we know the interrupt is active. */
  85:.\Generated_Source\PSoC4/isr_reset_done.c ****     isr_reset_done_Disable();
  80              		.loc 1 85 0
  81 0008 FFF7FEFF 		bl	isr_reset_done_Disable
  86:.\Generated_Source\PSoC4/isr_reset_done.c **** 
  87:.\Generated_Source\PSoC4/isr_reset_done.c ****     /* Set the ISR to point to the isr_reset_done Interrupt. */
  88:.\Generated_Source\PSoC4/isr_reset_done.c ****     isr_reset_done_SetVector(address);
  82              		.loc 1 88 0
  83 000c 7B68     		ldr	r3, [r7, #4]
ARM GAS  C:\Users\TSUBAS~1\AppData\Local\Temp\ccNzva3j.s 			page 4


  84 000e 181C     		mov	r0, r3
  85 0010 FFF7FEFF 		bl	isr_reset_done_SetVector
  89:.\Generated_Source\PSoC4/isr_reset_done.c **** 
  90:.\Generated_Source\PSoC4/isr_reset_done.c ****     /* Set the priority. */
  91:.\Generated_Source\PSoC4/isr_reset_done.c ****     isr_reset_done_SetPriority((uint8)isr_reset_done_INTC_PRIOR_NUMBER);
  86              		.loc 1 91 0
  87 0014 0320     		mov	r0, #3
  88 0016 FFF7FEFF 		bl	isr_reset_done_SetPriority
  92:.\Generated_Source\PSoC4/isr_reset_done.c **** 
  93:.\Generated_Source\PSoC4/isr_reset_done.c ****     /* Enable it. */
  94:.\Generated_Source\PSoC4/isr_reset_done.c ****     isr_reset_done_Enable();
  89              		.loc 1 94 0
  90 001a FFF7FEFF 		bl	isr_reset_done_Enable
  95:.\Generated_Source\PSoC4/isr_reset_done.c **** }
  91              		.loc 1 95 0
  92 001e BD46     		mov	sp, r7
  93 0020 02B0     		add	sp, sp, #8
  94              		@ sp needed for prologue
  95 0022 80BD     		pop	{r7, pc}
  96              		.cfi_endproc
  97              	.LFE1:
  98              		.size	isr_reset_done_StartEx, .-isr_reset_done_StartEx
  99              		.section	.text.isr_reset_done_Stop,"ax",%progbits
 100              		.align	2
 101              		.global	isr_reset_done_Stop
 102              		.code	16
 103              		.thumb_func
 104              		.type	isr_reset_done_Stop, %function
 105              	isr_reset_done_Stop:
 106              	.LFB2:
  96:.\Generated_Source\PSoC4/isr_reset_done.c **** 
  97:.\Generated_Source\PSoC4/isr_reset_done.c **** 
  98:.\Generated_Source\PSoC4/isr_reset_done.c **** /*******************************************************************************
  99:.\Generated_Source\PSoC4/isr_reset_done.c **** * Function Name: isr_reset_done_Stop
 100:.\Generated_Source\PSoC4/isr_reset_done.c **** ********************************************************************************
 101:.\Generated_Source\PSoC4/isr_reset_done.c **** *
 102:.\Generated_Source\PSoC4/isr_reset_done.c **** * Summary:
 103:.\Generated_Source\PSoC4/isr_reset_done.c **** *   Disables and removes the interrupt.
 104:.\Generated_Source\PSoC4/isr_reset_done.c **** *
 105:.\Generated_Source\PSoC4/isr_reset_done.c **** * Parameters:  
 106:.\Generated_Source\PSoC4/isr_reset_done.c **** *
 107:.\Generated_Source\PSoC4/isr_reset_done.c **** * Return:
 108:.\Generated_Source\PSoC4/isr_reset_done.c **** *   None
 109:.\Generated_Source\PSoC4/isr_reset_done.c **** *
 110:.\Generated_Source\PSoC4/isr_reset_done.c **** *******************************************************************************/
 111:.\Generated_Source\PSoC4/isr_reset_done.c **** void isr_reset_done_Stop(void)
 112:.\Generated_Source\PSoC4/isr_reset_done.c **** {
 107              		.loc 1 112 0
 108              		.cfi_startproc
 109 0000 80B5     		push	{r7, lr}
 110              	.LCFI5:
 111              		.cfi_def_cfa_offset 8
 112              		.cfi_offset 7, -8
 113              		.cfi_offset 14, -4
 114 0002 00AF     		add	r7, sp, #0
 115              	.LCFI6:
 116              		.cfi_def_cfa_register 7
ARM GAS  C:\Users\TSUBAS~1\AppData\Local\Temp\ccNzva3j.s 			page 5


 113:.\Generated_Source\PSoC4/isr_reset_done.c ****     /* Disable this interrupt. */
 114:.\Generated_Source\PSoC4/isr_reset_done.c ****     isr_reset_done_Disable();
 117              		.loc 1 114 0
 118 0004 FFF7FEFF 		bl	isr_reset_done_Disable
 115:.\Generated_Source\PSoC4/isr_reset_done.c **** 
 116:.\Generated_Source\PSoC4/isr_reset_done.c ****     /* Set the ISR to point to the passive one. */
 117:.\Generated_Source\PSoC4/isr_reset_done.c ****     isr_reset_done_SetVector(&IntDefaultHandler);
 119              		.loc 1 117 0
 120 0008 024B     		ldr	r3, .L6
 121 000a 181C     		mov	r0, r3
 122 000c FFF7FEFF 		bl	isr_reset_done_SetVector
 118:.\Generated_Source\PSoC4/isr_reset_done.c **** }
 123              		.loc 1 118 0
 124 0010 BD46     		mov	sp, r7
 125              		@ sp needed for prologue
 126 0012 80BD     		pop	{r7, pc}
 127              	.L7:
 128              		.align	2
 129              	.L6:
 130 0014 00000000 		.word	IntDefaultHandler
 131              		.cfi_endproc
 132              	.LFE2:
 133              		.size	isr_reset_done_Stop, .-isr_reset_done_Stop
 134              		.section	.text.isr_reset_done_Interrupt,"ax",%progbits
 135              		.align	2
 136              		.global	isr_reset_done_Interrupt
 137              		.code	16
 138              		.thumb_func
 139              		.type	isr_reset_done_Interrupt, %function
 140              	isr_reset_done_Interrupt:
 141              	.LFB3:
 119:.\Generated_Source\PSoC4/isr_reset_done.c **** 
 120:.\Generated_Source\PSoC4/isr_reset_done.c **** 
 121:.\Generated_Source\PSoC4/isr_reset_done.c **** /*******************************************************************************
 122:.\Generated_Source\PSoC4/isr_reset_done.c **** * Function Name: isr_reset_done_Interrupt
 123:.\Generated_Source\PSoC4/isr_reset_done.c **** ********************************************************************************
 124:.\Generated_Source\PSoC4/isr_reset_done.c **** *
 125:.\Generated_Source\PSoC4/isr_reset_done.c **** * Summary:
 126:.\Generated_Source\PSoC4/isr_reset_done.c **** *   The default Interrupt Service Routine for isr_reset_done.
 127:.\Generated_Source\PSoC4/isr_reset_done.c **** *
 128:.\Generated_Source\PSoC4/isr_reset_done.c **** *   Add custom code between the coments to keep the next version of this file
 129:.\Generated_Source\PSoC4/isr_reset_done.c **** *   from over writting your code.
 130:.\Generated_Source\PSoC4/isr_reset_done.c **** *
 131:.\Generated_Source\PSoC4/isr_reset_done.c **** * Parameters:  
 132:.\Generated_Source\PSoC4/isr_reset_done.c **** *   None
 133:.\Generated_Source\PSoC4/isr_reset_done.c **** *
 134:.\Generated_Source\PSoC4/isr_reset_done.c **** * Return:
 135:.\Generated_Source\PSoC4/isr_reset_done.c **** *   None
 136:.\Generated_Source\PSoC4/isr_reset_done.c **** *
 137:.\Generated_Source\PSoC4/isr_reset_done.c **** *******************************************************************************/
 138:.\Generated_Source\PSoC4/isr_reset_done.c **** CY_ISR(isr_reset_done_Interrupt)
 139:.\Generated_Source\PSoC4/isr_reset_done.c **** {
 142              		.loc 1 139 0
 143              		.cfi_startproc
 144 0000 80B5     		push	{r7, lr}
 145              	.LCFI7:
 146              		.cfi_def_cfa_offset 8
ARM GAS  C:\Users\TSUBAS~1\AppData\Local\Temp\ccNzva3j.s 			page 6


 147              		.cfi_offset 7, -8
 148              		.cfi_offset 14, -4
 149 0002 00AF     		add	r7, sp, #0
 150              	.LCFI8:
 151              		.cfi_def_cfa_register 7
 140:.\Generated_Source\PSoC4/isr_reset_done.c ****     /*  Place your Interrupt code here. */
 141:.\Generated_Source\PSoC4/isr_reset_done.c ****     /* `#START isr_reset_done_Interrupt` */
 142:.\Generated_Source\PSoC4/isr_reset_done.c **** 
 143:.\Generated_Source\PSoC4/isr_reset_done.c ****     /* `#END` */
 144:.\Generated_Source\PSoC4/isr_reset_done.c **** }
 152              		.loc 1 144 0
 153 0004 BD46     		mov	sp, r7
 154              		@ sp needed for prologue
 155 0006 80BD     		pop	{r7, pc}
 156              		.cfi_endproc
 157              	.LFE3:
 158              		.size	isr_reset_done_Interrupt, .-isr_reset_done_Interrupt
 159              		.section	.text.isr_reset_done_SetVector,"ax",%progbits
 160              		.align	2
 161              		.global	isr_reset_done_SetVector
 162              		.code	16
 163              		.thumb_func
 164              		.type	isr_reset_done_SetVector, %function
 165              	isr_reset_done_SetVector:
 166              	.LFB4:
 145:.\Generated_Source\PSoC4/isr_reset_done.c **** 
 146:.\Generated_Source\PSoC4/isr_reset_done.c **** 
 147:.\Generated_Source\PSoC4/isr_reset_done.c **** /*******************************************************************************
 148:.\Generated_Source\PSoC4/isr_reset_done.c **** * Function Name: isr_reset_done_SetVector
 149:.\Generated_Source\PSoC4/isr_reset_done.c **** ********************************************************************************
 150:.\Generated_Source\PSoC4/isr_reset_done.c **** *
 151:.\Generated_Source\PSoC4/isr_reset_done.c **** * Summary:
 152:.\Generated_Source\PSoC4/isr_reset_done.c **** *   Change the ISR vector for the Interrupt. Note calling isr_reset_done_Start
 153:.\Generated_Source\PSoC4/isr_reset_done.c **** *   will override any effect this method would have had. To set the vector 
 154:.\Generated_Source\PSoC4/isr_reset_done.c **** *   before the component has been started use isr_reset_done_StartEx instead.
 155:.\Generated_Source\PSoC4/isr_reset_done.c **** *
 156:.\Generated_Source\PSoC4/isr_reset_done.c **** * Parameters:
 157:.\Generated_Source\PSoC4/isr_reset_done.c **** *   address: Address of the ISR to set in the interrupt vector table.
 158:.\Generated_Source\PSoC4/isr_reset_done.c **** *
 159:.\Generated_Source\PSoC4/isr_reset_done.c **** * Return:
 160:.\Generated_Source\PSoC4/isr_reset_done.c **** *   None
 161:.\Generated_Source\PSoC4/isr_reset_done.c **** *
 162:.\Generated_Source\PSoC4/isr_reset_done.c **** *******************************************************************************/
 163:.\Generated_Source\PSoC4/isr_reset_done.c **** void isr_reset_done_SetVector(cyisraddress address)
 164:.\Generated_Source\PSoC4/isr_reset_done.c **** {
 167              		.loc 1 164 0
 168              		.cfi_startproc
 169 0000 80B5     		push	{r7, lr}
 170              	.LCFI9:
 171              		.cfi_def_cfa_offset 8
 172              		.cfi_offset 7, -8
 173              		.cfi_offset 14, -4
 174 0002 82B0     		sub	sp, sp, #8
 175              	.LCFI10:
 176              		.cfi_def_cfa_offset 16
 177 0004 00AF     		add	r7, sp, #0
 178              	.LCFI11:
ARM GAS  C:\Users\TSUBAS~1\AppData\Local\Temp\ccNzva3j.s 			page 7


 179              		.cfi_def_cfa_register 7
 180 0006 7860     		str	r0, [r7, #4]
 165:.\Generated_Source\PSoC4/isr_reset_done.c ****     CyRamVectors[CYINT_IRQ_BASE + isr_reset_done__INTC_NUMBER] = address;
 181              		.loc 1 165 0
 182 0008 024B     		ldr	r3, .L10
 183 000a 7A68     		ldr	r2, [r7, #4]
 184 000c 9A64     		str	r2, [r3, #72]
 166:.\Generated_Source\PSoC4/isr_reset_done.c **** }
 185              		.loc 1 166 0
 186 000e BD46     		mov	sp, r7
 187 0010 02B0     		add	sp, sp, #8
 188              		@ sp needed for prologue
 189 0012 80BD     		pop	{r7, pc}
 190              	.L11:
 191              		.align	2
 192              	.L10:
 193 0014 00000000 		.word	CyRamVectors
 194              		.cfi_endproc
 195              	.LFE4:
 196              		.size	isr_reset_done_SetVector, .-isr_reset_done_SetVector
 197              		.section	.text.isr_reset_done_GetVector,"ax",%progbits
 198              		.align	2
 199              		.global	isr_reset_done_GetVector
 200              		.code	16
 201              		.thumb_func
 202              		.type	isr_reset_done_GetVector, %function
 203              	isr_reset_done_GetVector:
 204              	.LFB5:
 167:.\Generated_Source\PSoC4/isr_reset_done.c **** 
 168:.\Generated_Source\PSoC4/isr_reset_done.c **** 
 169:.\Generated_Source\PSoC4/isr_reset_done.c **** /*******************************************************************************
 170:.\Generated_Source\PSoC4/isr_reset_done.c **** * Function Name: isr_reset_done_GetVector
 171:.\Generated_Source\PSoC4/isr_reset_done.c **** ********************************************************************************
 172:.\Generated_Source\PSoC4/isr_reset_done.c **** *
 173:.\Generated_Source\PSoC4/isr_reset_done.c **** * Summary:
 174:.\Generated_Source\PSoC4/isr_reset_done.c **** *   Gets the "address" of the current ISR vector for the Interrupt.
 175:.\Generated_Source\PSoC4/isr_reset_done.c **** *
 176:.\Generated_Source\PSoC4/isr_reset_done.c **** * Parameters:
 177:.\Generated_Source\PSoC4/isr_reset_done.c **** *   None
 178:.\Generated_Source\PSoC4/isr_reset_done.c **** *
 179:.\Generated_Source\PSoC4/isr_reset_done.c **** * Return:
 180:.\Generated_Source\PSoC4/isr_reset_done.c **** *   Address of the ISR in the interrupt vector table.
 181:.\Generated_Source\PSoC4/isr_reset_done.c **** *
 182:.\Generated_Source\PSoC4/isr_reset_done.c **** *******************************************************************************/
 183:.\Generated_Source\PSoC4/isr_reset_done.c **** cyisraddress isr_reset_done_GetVector(void)
 184:.\Generated_Source\PSoC4/isr_reset_done.c **** {
 205              		.loc 1 184 0
 206              		.cfi_startproc
 207 0000 80B5     		push	{r7, lr}
 208              	.LCFI12:
 209              		.cfi_def_cfa_offset 8
 210              		.cfi_offset 7, -8
 211              		.cfi_offset 14, -4
 212 0002 00AF     		add	r7, sp, #0
 213              	.LCFI13:
 214              		.cfi_def_cfa_register 7
 185:.\Generated_Source\PSoC4/isr_reset_done.c ****     return CyRamVectors[CYINT_IRQ_BASE + isr_reset_done__INTC_NUMBER];
ARM GAS  C:\Users\TSUBAS~1\AppData\Local\Temp\ccNzva3j.s 			page 8


 215              		.loc 1 185 0
 216 0004 024B     		ldr	r3, .L14
 217 0006 9B6C     		ldr	r3, [r3, #72]
 186:.\Generated_Source\PSoC4/isr_reset_done.c **** }
 218              		.loc 1 186 0
 219 0008 181C     		mov	r0, r3
 220 000a BD46     		mov	sp, r7
 221              		@ sp needed for prologue
 222 000c 80BD     		pop	{r7, pc}
 223              	.L15:
 224 000e C046     		.align	2
 225              	.L14:
 226 0010 00000000 		.word	CyRamVectors
 227              		.cfi_endproc
 228              	.LFE5:
 229              		.size	isr_reset_done_GetVector, .-isr_reset_done_GetVector
 230              		.section	.text.isr_reset_done_SetPriority,"ax",%progbits
 231              		.align	2
 232              		.global	isr_reset_done_SetPriority
 233              		.code	16
 234              		.thumb_func
 235              		.type	isr_reset_done_SetPriority, %function
 236              	isr_reset_done_SetPriority:
 237              	.LFB6:
 187:.\Generated_Source\PSoC4/isr_reset_done.c **** 
 188:.\Generated_Source\PSoC4/isr_reset_done.c **** 
 189:.\Generated_Source\PSoC4/isr_reset_done.c **** /*******************************************************************************
 190:.\Generated_Source\PSoC4/isr_reset_done.c **** * Function Name: isr_reset_done_SetPriority
 191:.\Generated_Source\PSoC4/isr_reset_done.c **** ********************************************************************************
 192:.\Generated_Source\PSoC4/isr_reset_done.c **** *
 193:.\Generated_Source\PSoC4/isr_reset_done.c **** * Summary:
 194:.\Generated_Source\PSoC4/isr_reset_done.c **** *   Sets the Priority of the Interrupt. Note calling isr_reset_done_Start
 195:.\Generated_Source\PSoC4/isr_reset_done.c **** *   or isr_reset_done_StartEx will override any effect this method would 
 196:.\Generated_Source\PSoC4/isr_reset_done.c **** *   have had. This method should only be called after isr_reset_done_Start or 
 197:.\Generated_Source\PSoC4/isr_reset_done.c **** *   isr_reset_done_StartEx has been called. To set the initial
 198:.\Generated_Source\PSoC4/isr_reset_done.c **** *   priority for the component use the cydwr file in the tool.
 199:.\Generated_Source\PSoC4/isr_reset_done.c **** *
 200:.\Generated_Source\PSoC4/isr_reset_done.c **** * Parameters:
 201:.\Generated_Source\PSoC4/isr_reset_done.c **** *   priority: Priority of the interrupt. 0 - 3, 0 being the highest.
 202:.\Generated_Source\PSoC4/isr_reset_done.c **** *
 203:.\Generated_Source\PSoC4/isr_reset_done.c **** * Return:
 204:.\Generated_Source\PSoC4/isr_reset_done.c **** *   None
 205:.\Generated_Source\PSoC4/isr_reset_done.c **** *
 206:.\Generated_Source\PSoC4/isr_reset_done.c **** *******************************************************************************/
 207:.\Generated_Source\PSoC4/isr_reset_done.c **** void isr_reset_done_SetPriority(uint8 priority)
 208:.\Generated_Source\PSoC4/isr_reset_done.c **** {
 238              		.loc 1 208 0
 239              		.cfi_startproc
 240 0000 90B5     		push	{r4, r7, lr}
 241              	.LCFI14:
 242              		.cfi_def_cfa_offset 12
 243              		.cfi_offset 4, -12
 244              		.cfi_offset 7, -8
 245              		.cfi_offset 14, -4
 246 0002 85B0     		sub	sp, sp, #20
 247              	.LCFI15:
 248              		.cfi_def_cfa_offset 32
ARM GAS  C:\Users\TSUBAS~1\AppData\Local\Temp\ccNzva3j.s 			page 9


 249 0004 00AF     		add	r7, sp, #0
 250              	.LCFI16:
 251              		.cfi_def_cfa_register 7
 252 0006 021C     		mov	r2, r0
 253 0008 FB1D     		add	r3, r7, #7
 254 000a 1A70     		strb	r2, [r3]
 209:.\Generated_Source\PSoC4/isr_reset_done.c **** 	uint8 interruptState;
 210:.\Generated_Source\PSoC4/isr_reset_done.c ****     uint32 priorityOffset = ((isr_reset_done__INTC_NUMBER % 4u) * 8u) + 6u;
 255              		.loc 1 210 0
 256 000c 1623     		mov	r3, #22
 257 000e FB60     		str	r3, [r7, #12]
 211:.\Generated_Source\PSoC4/isr_reset_done.c ****     
 212:.\Generated_Source\PSoC4/isr_reset_done.c **** 	interruptState = CyEnterCriticalSection();
 258              		.loc 1 212 0
 259 0010 3C1C     		mov	r4, r7
 260 0012 0B34     		add	r4, r4, #11
 261 0014 FFF7FEFF 		bl	CyEnterCriticalSection
 262 0018 031C     		mov	r3, r0
 263 001a 2370     		strb	r3, [r4]
 213:.\Generated_Source\PSoC4/isr_reset_done.c ****     *isr_reset_done_INTC_PRIOR = (*isr_reset_done_INTC_PRIOR & (uint32)(~isr_reset_done__INTC_PRIOR
 264              		.loc 1 213 0
 265 001c 0A4B     		ldr	r3, .L17
 266 001e 0A4A     		ldr	r2, .L17
 267 0020 1168     		ldr	r1, [r2]
 268 0022 0A4A     		ldr	r2, .L17+4
 269 0024 1140     		and	r1, r2
 214:.\Generated_Source\PSoC4/isr_reset_done.c ****                                     ((uint32)priority << priorityOffset);
 270              		.loc 1 214 0
 271 0026 FA1D     		add	r2, r7, #7
 272 0028 1078     		ldrb	r0, [r2]
 273 002a FA68     		ldr	r2, [r7, #12]
 274 002c 041C     		mov	r4, r0
 275 002e 9440     		lsl	r4, r4, r2
 276 0030 221C     		mov	r2, r4
 213:.\Generated_Source\PSoC4/isr_reset_done.c ****     *isr_reset_done_INTC_PRIOR = (*isr_reset_done_INTC_PRIOR & (uint32)(~isr_reset_done__INTC_PRIOR
 277              		.loc 1 213 0
 278 0032 0A43     		orr	r2, r1
 279 0034 1A60     		str	r2, [r3]
 215:.\Generated_Source\PSoC4/isr_reset_done.c **** 	CyExitCriticalSection(interruptState);
 280              		.loc 1 215 0
 281 0036 3B1C     		mov	r3, r7
 282 0038 0B33     		add	r3, r3, #11
 283 003a 1B78     		ldrb	r3, [r3]
 284 003c 181C     		mov	r0, r3
 285 003e FFF7FEFF 		bl	CyExitCriticalSection
 216:.\Generated_Source\PSoC4/isr_reset_done.c **** }
 286              		.loc 1 216 0
 287 0042 BD46     		mov	sp, r7
 288 0044 05B0     		add	sp, sp, #20
 289              		@ sp needed for prologue
 290 0046 90BD     		pop	{r4, r7, pc}
 291              	.L18:
 292              		.align	2
 293              	.L17:
 294 0048 00E400E0 		.word	-536812544
 295 004c FFFF3FFF 		.word	-12582913
 296              		.cfi_endproc
ARM GAS  C:\Users\TSUBAS~1\AppData\Local\Temp\ccNzva3j.s 			page 10


 297              	.LFE6:
 298              		.size	isr_reset_done_SetPriority, .-isr_reset_done_SetPriority
 299              		.section	.text.isr_reset_done_GetPriority,"ax",%progbits
 300              		.align	2
 301              		.global	isr_reset_done_GetPriority
 302              		.code	16
 303              		.thumb_func
 304              		.type	isr_reset_done_GetPriority, %function
 305              	isr_reset_done_GetPriority:
 306              	.LFB7:
 217:.\Generated_Source\PSoC4/isr_reset_done.c **** 
 218:.\Generated_Source\PSoC4/isr_reset_done.c **** 
 219:.\Generated_Source\PSoC4/isr_reset_done.c **** /*******************************************************************************
 220:.\Generated_Source\PSoC4/isr_reset_done.c **** * Function Name: isr_reset_done_GetPriority
 221:.\Generated_Source\PSoC4/isr_reset_done.c **** ********************************************************************************
 222:.\Generated_Source\PSoC4/isr_reset_done.c **** *
 223:.\Generated_Source\PSoC4/isr_reset_done.c **** * Summary:
 224:.\Generated_Source\PSoC4/isr_reset_done.c **** *   Gets the Priority of the Interrupt.
 225:.\Generated_Source\PSoC4/isr_reset_done.c **** *
 226:.\Generated_Source\PSoC4/isr_reset_done.c **** * Parameters:
 227:.\Generated_Source\PSoC4/isr_reset_done.c **** *   None
 228:.\Generated_Source\PSoC4/isr_reset_done.c **** *
 229:.\Generated_Source\PSoC4/isr_reset_done.c **** * Return:
 230:.\Generated_Source\PSoC4/isr_reset_done.c **** *   Priority of the interrupt. 0 - 3, 0 being the highest.
 231:.\Generated_Source\PSoC4/isr_reset_done.c **** *
 232:.\Generated_Source\PSoC4/isr_reset_done.c **** *******************************************************************************/
 233:.\Generated_Source\PSoC4/isr_reset_done.c **** uint8 isr_reset_done_GetPriority(void)
 234:.\Generated_Source\PSoC4/isr_reset_done.c **** {
 307              		.loc 1 234 0
 308              		.cfi_startproc
 309 0000 80B5     		push	{r7, lr}
 310              	.LCFI17:
 311              		.cfi_def_cfa_offset 8
 312              		.cfi_offset 7, -8
 313              		.cfi_offset 14, -4
 314 0002 82B0     		sub	sp, sp, #8
 315              	.LCFI18:
 316              		.cfi_def_cfa_offset 16
 317 0004 00AF     		add	r7, sp, #0
 318              	.LCFI19:
 319              		.cfi_def_cfa_register 7
 235:.\Generated_Source\PSoC4/isr_reset_done.c ****     uint32 priority;
 236:.\Generated_Source\PSoC4/isr_reset_done.c **** 	uint32 priorityOffset = ((isr_reset_done__INTC_NUMBER % 4u) * 8u) + 6u;
 320              		.loc 1 236 0
 321 0006 1623     		mov	r3, #22
 322 0008 7B60     		str	r3, [r7, #4]
 237:.\Generated_Source\PSoC4/isr_reset_done.c **** 
 238:.\Generated_Source\PSoC4/isr_reset_done.c ****     priority = (*isr_reset_done_INTC_PRIOR & isr_reset_done__INTC_PRIOR_MASK) >> priorityOffset;
 323              		.loc 1 238 0
 324 000a 084B     		ldr	r3, .L21
 325 000c 1A68     		ldr	r2, [r3]
 326 000e C023     		mov	r3, #192
 327 0010 1B04     		lsl	r3, r3, #16
 328 0012 1A40     		and	r2, r3
 329 0014 7B68     		ldr	r3, [r7, #4]
 330 0016 111C     		mov	r1, r2
 331 0018 D940     		lsr	r1, r1, r3
ARM GAS  C:\Users\TSUBAS~1\AppData\Local\Temp\ccNzva3j.s 			page 11


 332 001a 0B1C     		mov	r3, r1
 333 001c 3B60     		str	r3, [r7]
 239:.\Generated_Source\PSoC4/isr_reset_done.c **** 
 240:.\Generated_Source\PSoC4/isr_reset_done.c ****     return (uint8)priority;
 334              		.loc 1 240 0
 335 001e 3B68     		ldr	r3, [r7]
 336 0020 DBB2     		uxtb	r3, r3
 241:.\Generated_Source\PSoC4/isr_reset_done.c **** }
 337              		.loc 1 241 0
 338 0022 181C     		mov	r0, r3
 339 0024 BD46     		mov	sp, r7
 340 0026 02B0     		add	sp, sp, #8
 341              		@ sp needed for prologue
 342 0028 80BD     		pop	{r7, pc}
 343              	.L22:
 344 002a C046     		.align	2
 345              	.L21:
 346 002c 00E400E0 		.word	-536812544
 347              		.cfi_endproc
 348              	.LFE7:
 349              		.size	isr_reset_done_GetPriority, .-isr_reset_done_GetPriority
 350              		.section	.text.isr_reset_done_Enable,"ax",%progbits
 351              		.align	2
 352              		.global	isr_reset_done_Enable
 353              		.code	16
 354              		.thumb_func
 355              		.type	isr_reset_done_Enable, %function
 356              	isr_reset_done_Enable:
 357              	.LFB8:
 242:.\Generated_Source\PSoC4/isr_reset_done.c **** 
 243:.\Generated_Source\PSoC4/isr_reset_done.c **** 
 244:.\Generated_Source\PSoC4/isr_reset_done.c **** /*******************************************************************************
 245:.\Generated_Source\PSoC4/isr_reset_done.c **** * Function Name: isr_reset_done_Enable
 246:.\Generated_Source\PSoC4/isr_reset_done.c **** ********************************************************************************
 247:.\Generated_Source\PSoC4/isr_reset_done.c **** *
 248:.\Generated_Source\PSoC4/isr_reset_done.c **** * Summary:
 249:.\Generated_Source\PSoC4/isr_reset_done.c **** *   Enables the interrupt.
 250:.\Generated_Source\PSoC4/isr_reset_done.c **** *
 251:.\Generated_Source\PSoC4/isr_reset_done.c **** * Parameters:
 252:.\Generated_Source\PSoC4/isr_reset_done.c **** *   None
 253:.\Generated_Source\PSoC4/isr_reset_done.c **** *
 254:.\Generated_Source\PSoC4/isr_reset_done.c **** * Return:
 255:.\Generated_Source\PSoC4/isr_reset_done.c **** *   None
 256:.\Generated_Source\PSoC4/isr_reset_done.c **** *
 257:.\Generated_Source\PSoC4/isr_reset_done.c **** *******************************************************************************/
 258:.\Generated_Source\PSoC4/isr_reset_done.c **** void isr_reset_done_Enable(void)
 259:.\Generated_Source\PSoC4/isr_reset_done.c **** {
 358              		.loc 1 259 0
 359              		.cfi_startproc
 360 0000 80B5     		push	{r7, lr}
 361              	.LCFI20:
 362              		.cfi_def_cfa_offset 8
 363              		.cfi_offset 7, -8
 364              		.cfi_offset 14, -4
 365 0002 00AF     		add	r7, sp, #0
 366              	.LCFI21:
 367              		.cfi_def_cfa_register 7
ARM GAS  C:\Users\TSUBAS~1\AppData\Local\Temp\ccNzva3j.s 			page 12


 260:.\Generated_Source\PSoC4/isr_reset_done.c ****     /* Enable the general interrupt. */
 261:.\Generated_Source\PSoC4/isr_reset_done.c ****     *isr_reset_done_INTC_SET_EN = isr_reset_done__INTC_MASK;
 368              		.loc 1 261 0
 369 0004 024B     		ldr	r3, .L24
 370 0006 0422     		mov	r2, #4
 371 0008 1A60     		str	r2, [r3]
 262:.\Generated_Source\PSoC4/isr_reset_done.c **** }
 372              		.loc 1 262 0
 373 000a BD46     		mov	sp, r7
 374              		@ sp needed for prologue
 375 000c 80BD     		pop	{r7, pc}
 376              	.L25:
 377 000e C046     		.align	2
 378              	.L24:
 379 0010 00E100E0 		.word	-536813312
 380              		.cfi_endproc
 381              	.LFE8:
 382              		.size	isr_reset_done_Enable, .-isr_reset_done_Enable
 383              		.section	.text.isr_reset_done_GetState,"ax",%progbits
 384              		.align	2
 385              		.global	isr_reset_done_GetState
 386              		.code	16
 387              		.thumb_func
 388              		.type	isr_reset_done_GetState, %function
 389              	isr_reset_done_GetState:
 390              	.LFB9:
 263:.\Generated_Source\PSoC4/isr_reset_done.c **** 
 264:.\Generated_Source\PSoC4/isr_reset_done.c **** 
 265:.\Generated_Source\PSoC4/isr_reset_done.c **** /*******************************************************************************
 266:.\Generated_Source\PSoC4/isr_reset_done.c **** * Function Name: isr_reset_done_GetState
 267:.\Generated_Source\PSoC4/isr_reset_done.c **** ********************************************************************************
 268:.\Generated_Source\PSoC4/isr_reset_done.c **** *
 269:.\Generated_Source\PSoC4/isr_reset_done.c **** * Summary:
 270:.\Generated_Source\PSoC4/isr_reset_done.c **** *   Gets the state (enabled, disabled) of the Interrupt.
 271:.\Generated_Source\PSoC4/isr_reset_done.c **** *
 272:.\Generated_Source\PSoC4/isr_reset_done.c **** * Parameters:
 273:.\Generated_Source\PSoC4/isr_reset_done.c **** *   None
 274:.\Generated_Source\PSoC4/isr_reset_done.c **** *
 275:.\Generated_Source\PSoC4/isr_reset_done.c **** * Return:
 276:.\Generated_Source\PSoC4/isr_reset_done.c **** *   1 if enabled, 0 if disabled.
 277:.\Generated_Source\PSoC4/isr_reset_done.c **** *
 278:.\Generated_Source\PSoC4/isr_reset_done.c **** *******************************************************************************/
 279:.\Generated_Source\PSoC4/isr_reset_done.c **** uint8 isr_reset_done_GetState(void)
 280:.\Generated_Source\PSoC4/isr_reset_done.c **** {
 391              		.loc 1 280 0
 392              		.cfi_startproc
 393 0000 80B5     		push	{r7, lr}
 394              	.LCFI22:
 395              		.cfi_def_cfa_offset 8
 396              		.cfi_offset 7, -8
 397              		.cfi_offset 14, -4
 398 0002 00AF     		add	r7, sp, #0
 399              	.LCFI23:
 400              		.cfi_def_cfa_register 7
 281:.\Generated_Source\PSoC4/isr_reset_done.c ****     /* Get the state of the general interrupt. */
 282:.\Generated_Source\PSoC4/isr_reset_done.c ****     return ((*isr_reset_done_INTC_SET_EN & (uint32)isr_reset_done__INTC_MASK) != 0u) ? 1u:0u;
 401              		.loc 1 282 0
ARM GAS  C:\Users\TSUBAS~1\AppData\Local\Temp\ccNzva3j.s 			page 13


 402 0004 054B     		ldr	r3, .L30
 403 0006 1A68     		ldr	r2, [r3]
 404 0008 0423     		mov	r3, #4
 405 000a 1340     		and	r3, r2
 406 000c 01D0     		beq	.L27
 407              		.loc 1 282 0 is_stmt 0 discriminator 1
 408 000e 0123     		mov	r3, #1
 409 0010 00E0     		b	.L28
 410              	.L27:
 411              		.loc 1 282 0 discriminator 2
 412 0012 0023     		mov	r3, #0
 413              	.L28:
 283:.\Generated_Source\PSoC4/isr_reset_done.c **** }
 414              		.loc 1 283 0 is_stmt 1 discriminator 3
 415 0014 181C     		mov	r0, r3
 416 0016 BD46     		mov	sp, r7
 417              		@ sp needed for prologue
 418 0018 80BD     		pop	{r7, pc}
 419              	.L31:
 420 001a C046     		.align	2
 421              	.L30:
 422 001c 00E100E0 		.word	-536813312
 423              		.cfi_endproc
 424              	.LFE9:
 425              		.size	isr_reset_done_GetState, .-isr_reset_done_GetState
 426              		.section	.text.isr_reset_done_Disable,"ax",%progbits
 427              		.align	2
 428              		.global	isr_reset_done_Disable
 429              		.code	16
 430              		.thumb_func
 431              		.type	isr_reset_done_Disable, %function
 432              	isr_reset_done_Disable:
 433              	.LFB10:
 284:.\Generated_Source\PSoC4/isr_reset_done.c **** 
 285:.\Generated_Source\PSoC4/isr_reset_done.c **** 
 286:.\Generated_Source\PSoC4/isr_reset_done.c **** /*******************************************************************************
 287:.\Generated_Source\PSoC4/isr_reset_done.c **** * Function Name: isr_reset_done_Disable
 288:.\Generated_Source\PSoC4/isr_reset_done.c **** ********************************************************************************
 289:.\Generated_Source\PSoC4/isr_reset_done.c **** *
 290:.\Generated_Source\PSoC4/isr_reset_done.c **** * Summary:
 291:.\Generated_Source\PSoC4/isr_reset_done.c **** *   Disables the Interrupt.
 292:.\Generated_Source\PSoC4/isr_reset_done.c **** *
 293:.\Generated_Source\PSoC4/isr_reset_done.c **** * Parameters:
 294:.\Generated_Source\PSoC4/isr_reset_done.c **** *   None
 295:.\Generated_Source\PSoC4/isr_reset_done.c **** *
 296:.\Generated_Source\PSoC4/isr_reset_done.c **** * Return:
 297:.\Generated_Source\PSoC4/isr_reset_done.c **** *   None
 298:.\Generated_Source\PSoC4/isr_reset_done.c **** *
 299:.\Generated_Source\PSoC4/isr_reset_done.c **** *******************************************************************************/
 300:.\Generated_Source\PSoC4/isr_reset_done.c **** void isr_reset_done_Disable(void)
 301:.\Generated_Source\PSoC4/isr_reset_done.c **** {
 434              		.loc 1 301 0
 435              		.cfi_startproc
 436 0000 80B5     		push	{r7, lr}
 437              	.LCFI24:
 438              		.cfi_def_cfa_offset 8
 439              		.cfi_offset 7, -8
ARM GAS  C:\Users\TSUBAS~1\AppData\Local\Temp\ccNzva3j.s 			page 14


 440              		.cfi_offset 14, -4
 441 0002 00AF     		add	r7, sp, #0
 442              	.LCFI25:
 443              		.cfi_def_cfa_register 7
 302:.\Generated_Source\PSoC4/isr_reset_done.c ****     /* Disable the general interrupt. */
 303:.\Generated_Source\PSoC4/isr_reset_done.c ****     *isr_reset_done_INTC_CLR_EN = isr_reset_done__INTC_MASK;
 444              		.loc 1 303 0
 445 0004 024B     		ldr	r3, .L33
 446 0006 0422     		mov	r2, #4
 447 0008 1A60     		str	r2, [r3]
 304:.\Generated_Source\PSoC4/isr_reset_done.c **** }
 448              		.loc 1 304 0
 449 000a BD46     		mov	sp, r7
 450              		@ sp needed for prologue
 451 000c 80BD     		pop	{r7, pc}
 452              	.L34:
 453 000e C046     		.align	2
 454              	.L33:
 455 0010 80E100E0 		.word	-536813184
 456              		.cfi_endproc
 457              	.LFE10:
 458              		.size	isr_reset_done_Disable, .-isr_reset_done_Disable
 459              		.section	.text.isr_reset_done_SetPending,"ax",%progbits
 460              		.align	2
 461              		.global	isr_reset_done_SetPending
 462              		.code	16
 463              		.thumb_func
 464              		.type	isr_reset_done_SetPending, %function
 465              	isr_reset_done_SetPending:
 466              	.LFB11:
 305:.\Generated_Source\PSoC4/isr_reset_done.c **** 
 306:.\Generated_Source\PSoC4/isr_reset_done.c **** 
 307:.\Generated_Source\PSoC4/isr_reset_done.c **** /*******************************************************************************
 308:.\Generated_Source\PSoC4/isr_reset_done.c **** * Function Name: isr_reset_done_SetPending
 309:.\Generated_Source\PSoC4/isr_reset_done.c **** ********************************************************************************
 310:.\Generated_Source\PSoC4/isr_reset_done.c **** *
 311:.\Generated_Source\PSoC4/isr_reset_done.c **** * Summary:
 312:.\Generated_Source\PSoC4/isr_reset_done.c **** *   Causes the Interrupt to enter the pending state, a software method of
 313:.\Generated_Source\PSoC4/isr_reset_done.c **** *   generating the interrupt.
 314:.\Generated_Source\PSoC4/isr_reset_done.c **** *
 315:.\Generated_Source\PSoC4/isr_reset_done.c **** * Parameters:
 316:.\Generated_Source\PSoC4/isr_reset_done.c **** *   None
 317:.\Generated_Source\PSoC4/isr_reset_done.c **** *
 318:.\Generated_Source\PSoC4/isr_reset_done.c **** * Return:
 319:.\Generated_Source\PSoC4/isr_reset_done.c **** *   None
 320:.\Generated_Source\PSoC4/isr_reset_done.c **** *
 321:.\Generated_Source\PSoC4/isr_reset_done.c **** *******************************************************************************/
 322:.\Generated_Source\PSoC4/isr_reset_done.c **** void isr_reset_done_SetPending(void)
 323:.\Generated_Source\PSoC4/isr_reset_done.c **** {
 467              		.loc 1 323 0
 468              		.cfi_startproc
 469 0000 80B5     		push	{r7, lr}
 470              	.LCFI26:
 471              		.cfi_def_cfa_offset 8
 472              		.cfi_offset 7, -8
 473              		.cfi_offset 14, -4
 474 0002 00AF     		add	r7, sp, #0
ARM GAS  C:\Users\TSUBAS~1\AppData\Local\Temp\ccNzva3j.s 			page 15


 475              	.LCFI27:
 476              		.cfi_def_cfa_register 7
 324:.\Generated_Source\PSoC4/isr_reset_done.c ****     *isr_reset_done_INTC_SET_PD = isr_reset_done__INTC_MASK;
 477              		.loc 1 324 0
 478 0004 024B     		ldr	r3, .L36
 479 0006 0422     		mov	r2, #4
 480 0008 1A60     		str	r2, [r3]
 325:.\Generated_Source\PSoC4/isr_reset_done.c **** }
 481              		.loc 1 325 0
 482 000a BD46     		mov	sp, r7
 483              		@ sp needed for prologue
 484 000c 80BD     		pop	{r7, pc}
 485              	.L37:
 486 000e C046     		.align	2
 487              	.L36:
 488 0010 00E200E0 		.word	-536813056
 489              		.cfi_endproc
 490              	.LFE11:
 491              		.size	isr_reset_done_SetPending, .-isr_reset_done_SetPending
 492              		.section	.text.isr_reset_done_ClearPending,"ax",%progbits
 493              		.align	2
 494              		.global	isr_reset_done_ClearPending
 495              		.code	16
 496              		.thumb_func
 497              		.type	isr_reset_done_ClearPending, %function
 498              	isr_reset_done_ClearPending:
 499              	.LFB12:
 326:.\Generated_Source\PSoC4/isr_reset_done.c **** 
 327:.\Generated_Source\PSoC4/isr_reset_done.c **** 
 328:.\Generated_Source\PSoC4/isr_reset_done.c **** /*******************************************************************************
 329:.\Generated_Source\PSoC4/isr_reset_done.c **** * Function Name: isr_reset_done_ClearPending
 330:.\Generated_Source\PSoC4/isr_reset_done.c **** ********************************************************************************
 331:.\Generated_Source\PSoC4/isr_reset_done.c **** *
 332:.\Generated_Source\PSoC4/isr_reset_done.c **** * Summary:
 333:.\Generated_Source\PSoC4/isr_reset_done.c **** *   Clears a pending interrupt.
 334:.\Generated_Source\PSoC4/isr_reset_done.c **** *
 335:.\Generated_Source\PSoC4/isr_reset_done.c **** * Parameters:
 336:.\Generated_Source\PSoC4/isr_reset_done.c **** *   None
 337:.\Generated_Source\PSoC4/isr_reset_done.c **** *
 338:.\Generated_Source\PSoC4/isr_reset_done.c **** * Return:
 339:.\Generated_Source\PSoC4/isr_reset_done.c **** *   None
 340:.\Generated_Source\PSoC4/isr_reset_done.c **** *
 341:.\Generated_Source\PSoC4/isr_reset_done.c **** *******************************************************************************/
 342:.\Generated_Source\PSoC4/isr_reset_done.c **** void isr_reset_done_ClearPending(void)
 343:.\Generated_Source\PSoC4/isr_reset_done.c **** {
 500              		.loc 1 343 0
 501              		.cfi_startproc
 502 0000 80B5     		push	{r7, lr}
 503              	.LCFI28:
 504              		.cfi_def_cfa_offset 8
 505              		.cfi_offset 7, -8
 506              		.cfi_offset 14, -4
 507 0002 00AF     		add	r7, sp, #0
 508              	.LCFI29:
 509              		.cfi_def_cfa_register 7
 344:.\Generated_Source\PSoC4/isr_reset_done.c ****     *isr_reset_done_INTC_CLR_PD = isr_reset_done__INTC_MASK;
 510              		.loc 1 344 0
ARM GAS  C:\Users\TSUBAS~1\AppData\Local\Temp\ccNzva3j.s 			page 16


 511 0004 024B     		ldr	r3, .L39
 512 0006 0422     		mov	r2, #4
 513 0008 1A60     		str	r2, [r3]
 345:.\Generated_Source\PSoC4/isr_reset_done.c **** }
 514              		.loc 1 345 0
 515 000a BD46     		mov	sp, r7
 516              		@ sp needed for prologue
 517 000c 80BD     		pop	{r7, pc}
 518              	.L40:
 519 000e C046     		.align	2
 520              	.L39:
 521 0010 80E200E0 		.word	-536812928
 522              		.cfi_endproc
 523              	.LFE12:
 524              		.size	isr_reset_done_ClearPending, .-isr_reset_done_ClearPending
 525              		.text
 526              	.Letext0:
 527              		.file 2 "./Generated_Source/PSoC4/cytypes.h"
 528              		.section	.debug_info,"",%progbits
 529              	.Ldebug_info0:
 530 0000 84020000 		.4byte	0x284
 531 0004 0200     		.2byte	0x2
 532 0006 00000000 		.4byte	.Ldebug_abbrev0
 533 000a 04       		.byte	0x4
 534 000b 01       		.uleb128 0x1
 535 000c 84020000 		.4byte	.LASF33
 536 0010 01       		.byte	0x1
 537 0011 5A020000 		.4byte	.LASF34
 538 0015 26000000 		.4byte	.LASF35
 539 0019 00000000 		.4byte	.Ldebug_ranges0+0
 540 001d 00000000 		.4byte	0
 541 0021 00000000 		.4byte	0
 542 0025 00000000 		.4byte	.Ldebug_line0
 543 0029 02       		.uleb128 0x2
 544 002a 01       		.byte	0x1
 545 002b 06       		.byte	0x6
 546 002c E5020000 		.4byte	.LASF0
 547 0030 02       		.uleb128 0x2
 548 0031 01       		.byte	0x1
 549 0032 08       		.byte	0x8
 550 0033 BB000000 		.4byte	.LASF1
 551 0037 02       		.uleb128 0x2
 552 0038 02       		.byte	0x2
 553 0039 05       		.byte	0x5
 554 003a 65010000 		.4byte	.LASF2
 555 003e 02       		.uleb128 0x2
 556 003f 02       		.byte	0x2
 557 0040 07       		.byte	0x7
 558 0041 13000000 		.4byte	.LASF3
 559 0045 02       		.uleb128 0x2
 560 0046 04       		.byte	0x4
 561 0047 05       		.byte	0x5
 562 0048 DC020000 		.4byte	.LASF4
 563 004c 02       		.uleb128 0x2
 564 004d 04       		.byte	0x4
 565 004e 07       		.byte	0x7
 566 004f F1000000 		.4byte	.LASF5
ARM GAS  C:\Users\TSUBAS~1\AppData\Local\Temp\ccNzva3j.s 			page 17


 567 0053 02       		.uleb128 0x2
 568 0054 08       		.byte	0x8
 569 0055 05       		.byte	0x5
 570 0056 FE010000 		.4byte	.LASF6
 571 005a 02       		.uleb128 0x2
 572 005b 08       		.byte	0x8
 573 005c 07       		.byte	0x7
 574 005d A5010000 		.4byte	.LASF7
 575 0061 03       		.uleb128 0x3
 576 0062 04       		.byte	0x4
 577 0063 05       		.byte	0x5
 578 0064 696E7400 		.ascii	"int\000"
 579 0068 02       		.uleb128 0x2
 580 0069 04       		.byte	0x4
 581 006a 07       		.byte	0x7
 582 006b 90010000 		.4byte	.LASF8
 583 006f 04       		.uleb128 0x4
 584 0070 1E010000 		.4byte	.LASF9
 585 0074 02       		.byte	0x2
 586 0075 5B       		.byte	0x5b
 587 0076 30000000 		.4byte	0x30
 588 007a 04       		.uleb128 0x4
 589 007b 6F010000 		.4byte	.LASF10
 590 007f 02       		.byte	0x2
 591 0080 5D       		.byte	0x5d
 592 0081 4C000000 		.4byte	0x4c
 593 0085 02       		.uleb128 0x2
 594 0086 04       		.byte	0x4
 595 0087 04       		.byte	0x4
 596 0088 9D000000 		.4byte	.LASF11
 597 008c 02       		.uleb128 0x2
 598 008d 08       		.byte	0x8
 599 008e 04       		.byte	0x4
 600 008f 5E010000 		.4byte	.LASF12
 601 0093 02       		.uleb128 0x2
 602 0094 01       		.byte	0x1
 603 0095 08       		.byte	0x8
 604 0096 25020000 		.4byte	.LASF13
 605 009a 04       		.uleb128 0x4
 606 009b 00000000 		.4byte	.LASF14
 607 009f 02       		.byte	0x2
 608 00a0 F2       		.byte	0xf2
 609 00a1 A5000000 		.4byte	0xa5
 610 00a5 05       		.uleb128 0x5
 611 00a6 7A000000 		.4byte	0x7a
 612 00aa 06       		.uleb128 0x6
 613 00ab D3010000 		.4byte	.LASF15
 614 00af 02       		.byte	0x2
 615 00b0 0201     		.2byte	0x102
 616 00b2 B6000000 		.4byte	0xb6
 617 00b6 07       		.uleb128 0x7
 618 00b7 04       		.byte	0x4
 619 00b8 BC000000 		.4byte	0xbc
 620 00bc 08       		.uleb128 0x8
 621 00bd 01       		.byte	0x1
 622 00be 02       		.uleb128 0x2
 623 00bf 04       		.byte	0x4
ARM GAS  C:\Users\TSUBAS~1\AppData\Local\Temp\ccNzva3j.s 			page 18


 624 00c0 07       		.byte	0x7
 625 00c1 E0010000 		.4byte	.LASF16
 626 00c5 09       		.uleb128 0x9
 627 00c6 01       		.byte	0x1
 628 00c7 E9010000 		.4byte	.LASF17
 629 00cb 01       		.byte	0x1
 630 00cc 34       		.byte	0x34
 631 00cd 01       		.byte	0x1
 632 00ce 00000000 		.4byte	.LFB0
 633 00d2 24000000 		.4byte	.LFE0
 634 00d6 00000000 		.4byte	.LLST0
 635 00da 01       		.byte	0x1
 636 00db 0A       		.uleb128 0xa
 637 00dc 01       		.byte	0x1
 638 00dd 43020000 		.4byte	.LASF20
 639 00e1 01       		.byte	0x1
 640 00e2 52       		.byte	0x52
 641 00e3 01       		.byte	0x1
 642 00e4 00000000 		.4byte	.LFB1
 643 00e8 24000000 		.4byte	.LFE1
 644 00ec 2C000000 		.4byte	.LLST1
 645 00f0 01       		.byte	0x1
 646 00f1 04010000 		.4byte	0x104
 647 00f5 0B       		.uleb128 0xb
 648 00f6 9D010000 		.4byte	.LASF22
 649 00fa 01       		.byte	0x1
 650 00fb 52       		.byte	0x52
 651 00fc AA000000 		.4byte	0xaa
 652 0100 02       		.byte	0x2
 653 0101 91       		.byte	0x91
 654 0102 74       		.sleb128 -12
 655 0103 00       		.byte	0
 656 0104 09       		.uleb128 0x9
 657 0105 01       		.byte	0x1
 658 0106 6D000000 		.4byte	.LASF18
 659 010a 01       		.byte	0x1
 660 010b 6F       		.byte	0x6f
 661 010c 01       		.byte	0x1
 662 010d 00000000 		.4byte	.LFB2
 663 0111 18000000 		.4byte	.LFE2
 664 0115 64000000 		.4byte	.LLST2
 665 0119 01       		.byte	0x1
 666 011a 0C       		.uleb128 0xc
 667 011b 01       		.byte	0x1
 668 011c 2A020000 		.4byte	.LASF19
 669 0120 01       		.byte	0x1
 670 0121 8A       		.byte	0x8a
 671 0122 01       		.byte	0x1
 672 0123 00000000 		.4byte	.LFB3
 673 0127 08000000 		.4byte	.LFE3
 674 012b 90000000 		.4byte	.LLST3
 675 012f 01       		.byte	0x1
 676 0130 0D       		.uleb128 0xd
 677 0131 01       		.byte	0x1
 678 0132 C9000000 		.4byte	.LASF21
 679 0136 01       		.byte	0x1
 680 0137 A3       		.byte	0xa3
ARM GAS  C:\Users\TSUBAS~1\AppData\Local\Temp\ccNzva3j.s 			page 19


 681 0138 01       		.byte	0x1
 682 0139 00000000 		.4byte	.LFB4
 683 013d 18000000 		.4byte	.LFE4
 684 0141 BC000000 		.4byte	.LLST4
 685 0145 01       		.byte	0x1
 686 0146 59010000 		.4byte	0x159
 687 014a 0B       		.uleb128 0xb
 688 014b 9D010000 		.4byte	.LASF22
 689 014f 01       		.byte	0x1
 690 0150 A3       		.byte	0xa3
 691 0151 AA000000 		.4byte	0xaa
 692 0155 02       		.byte	0x2
 693 0156 91       		.byte	0x91
 694 0157 74       		.sleb128 -12
 695 0158 00       		.byte	0
 696 0159 0E       		.uleb128 0xe
 697 015a 01       		.byte	0x1
 698 015b 0C020000 		.4byte	.LASF28
 699 015f 01       		.byte	0x1
 700 0160 B7       		.byte	0xb7
 701 0161 01       		.byte	0x1
 702 0162 AA000000 		.4byte	0xaa
 703 0166 00000000 		.4byte	.LFB5
 704 016a 14000000 		.4byte	.LFE5
 705 016e F4000000 		.4byte	.LLST5
 706 0172 01       		.byte	0x1
 707 0173 0A       		.uleb128 0xa
 708 0174 01       		.byte	0x1
 709 0175 03010000 		.4byte	.LASF23
 710 0179 01       		.byte	0x1
 711 017a CF       		.byte	0xcf
 712 017b 01       		.byte	0x1
 713 017c 00000000 		.4byte	.LFB6
 714 0180 50000000 		.4byte	.LFE6
 715 0184 20010000 		.4byte	.LLST6
 716 0188 01       		.byte	0x1
 717 0189 B8010000 		.4byte	0x1b8
 718 018d 0B       		.uleb128 0xb
 719 018e 55010000 		.4byte	.LASF24
 720 0192 01       		.byte	0x1
 721 0193 CF       		.byte	0xcf
 722 0194 6F000000 		.4byte	0x6f
 723 0198 02       		.byte	0x2
 724 0199 91       		.byte	0x91
 725 019a 67       		.sleb128 -25
 726 019b 0F       		.uleb128 0xf
 727 019c E2000000 		.4byte	.LASF25
 728 01a0 01       		.byte	0x1
 729 01a1 D1       		.byte	0xd1
 730 01a2 6F000000 		.4byte	0x6f
 731 01a6 02       		.byte	0x2
 732 01a7 91       		.byte	0x91
 733 01a8 6B       		.sleb128 -21
 734 01a9 0F       		.uleb128 0xf
 735 01aa CD020000 		.4byte	.LASF26
 736 01ae 01       		.byte	0x1
 737 01af D2       		.byte	0xd2
ARM GAS  C:\Users\TSUBAS~1\AppData\Local\Temp\ccNzva3j.s 			page 20


 738 01b0 7A000000 		.4byte	0x7a
 739 01b4 02       		.byte	0x2
 740 01b5 91       		.byte	0x91
 741 01b6 6C       		.sleb128 -20
 742 01b7 00       		.byte	0
 743 01b8 10       		.uleb128 0x10
 744 01b9 01       		.byte	0x1
 745 01ba 24010000 		.4byte	.LASF36
 746 01be 01       		.byte	0x1
 747 01bf E9       		.byte	0xe9
 748 01c0 01       		.byte	0x1
 749 01c1 6F000000 		.4byte	0x6f
 750 01c5 00000000 		.4byte	.LFB7
 751 01c9 30000000 		.4byte	.LFE7
 752 01cd 58010000 		.4byte	.LLST7
 753 01d1 01       		.byte	0x1
 754 01d2 F3010000 		.4byte	0x1f3
 755 01d6 0F       		.uleb128 0xf
 756 01d7 55010000 		.4byte	.LASF24
 757 01db 01       		.byte	0x1
 758 01dc EB       		.byte	0xeb
 759 01dd 7A000000 		.4byte	0x7a
 760 01e1 02       		.byte	0x2
 761 01e2 91       		.byte	0x91
 762 01e3 70       		.sleb128 -16
 763 01e4 0F       		.uleb128 0xf
 764 01e5 CD020000 		.4byte	.LASF26
 765 01e9 01       		.byte	0x1
 766 01ea EC       		.byte	0xec
 767 01eb 7A000000 		.4byte	0x7a
 768 01ef 02       		.byte	0x2
 769 01f0 91       		.byte	0x91
 770 01f1 74       		.sleb128 -12
 771 01f2 00       		.byte	0
 772 01f3 11       		.uleb128 0x11
 773 01f4 01       		.byte	0x1
 774 01f5 3F010000 		.4byte	.LASF27
 775 01f9 01       		.byte	0x1
 776 01fa 0201     		.2byte	0x102
 777 01fc 01       		.byte	0x1
 778 01fd 00000000 		.4byte	.LFB8
 779 0201 14000000 		.4byte	.LFE8
 780 0205 90010000 		.4byte	.LLST8
 781 0209 01       		.byte	0x1
 782 020a 12       		.uleb128 0x12
 783 020b 01       		.byte	0x1
 784 020c A3000000 		.4byte	.LASF29
 785 0210 01       		.byte	0x1
 786 0211 1701     		.2byte	0x117
 787 0213 01       		.byte	0x1
 788 0214 6F000000 		.4byte	0x6f
 789 0218 00000000 		.4byte	.LFB9
 790 021c 20000000 		.4byte	.LFE9
 791 0220 BC010000 		.4byte	.LLST9
 792 0224 01       		.byte	0x1
 793 0225 11       		.uleb128 0x11
 794 0226 01       		.byte	0x1
ARM GAS  C:\Users\TSUBAS~1\AppData\Local\Temp\ccNzva3j.s 			page 21


 795 0227 BC010000 		.4byte	.LASF30
 796 022b 01       		.byte	0x1
 797 022c 2C01     		.2byte	0x12c
 798 022e 01       		.byte	0x1
 799 022f 00000000 		.4byte	.LFB10
 800 0233 14000000 		.4byte	.LFE10
 801 0237 E8010000 		.4byte	.LLST10
 802 023b 01       		.byte	0x1
 803 023c 11       		.uleb128 0x11
 804 023d 01       		.byte	0x1
 805 023e 76010000 		.4byte	.LASF31
 806 0242 01       		.byte	0x1
 807 0243 4201     		.2byte	0x142
 808 0245 01       		.byte	0x1
 809 0246 00000000 		.4byte	.LFB11
 810 024a 14000000 		.4byte	.LFE11
 811 024e 14020000 		.4byte	.LLST11
 812 0252 01       		.byte	0x1
 813 0253 11       		.uleb128 0x11
 814 0254 01       		.byte	0x1
 815 0255 81000000 		.4byte	.LASF32
 816 0259 01       		.byte	0x1
 817 025a 5601     		.2byte	0x156
 818 025c 01       		.byte	0x1
 819 025d 00000000 		.4byte	.LFB12
 820 0261 14000000 		.4byte	.LFE12
 821 0265 40020000 		.4byte	.LLST12
 822 0269 01       		.byte	0x1
 823 026a 13       		.uleb128 0x13
 824 026b AA000000 		.4byte	0xaa
 825 026f 7A020000 		.4byte	0x27a
 826 0273 14       		.uleb128 0x14
 827 0274 BE000000 		.4byte	0xbe
 828 0278 2F       		.byte	0x2f
 829 0279 00       		.byte	0
 830 027a 15       		.uleb128 0x15
 831 027b 06000000 		.4byte	.LASF37
 832 027f 01       		.byte	0x1
 833 0280 20       		.byte	0x20
 834 0281 6A020000 		.4byte	0x26a
 835 0285 01       		.byte	0x1
 836 0286 01       		.byte	0x1
 837 0287 00       		.byte	0
 838              		.section	.debug_abbrev,"",%progbits
 839              	.Ldebug_abbrev0:
 840 0000 01       		.uleb128 0x1
 841 0001 11       		.uleb128 0x11
 842 0002 01       		.byte	0x1
 843 0003 25       		.uleb128 0x25
 844 0004 0E       		.uleb128 0xe
 845 0005 13       		.uleb128 0x13
 846 0006 0B       		.uleb128 0xb
 847 0007 03       		.uleb128 0x3
 848 0008 0E       		.uleb128 0xe
 849 0009 1B       		.uleb128 0x1b
 850 000a 0E       		.uleb128 0xe
 851 000b 55       		.uleb128 0x55
ARM GAS  C:\Users\TSUBAS~1\AppData\Local\Temp\ccNzva3j.s 			page 22


 852 000c 06       		.uleb128 0x6
 853 000d 11       		.uleb128 0x11
 854 000e 01       		.uleb128 0x1
 855 000f 52       		.uleb128 0x52
 856 0010 01       		.uleb128 0x1
 857 0011 10       		.uleb128 0x10
 858 0012 06       		.uleb128 0x6
 859 0013 00       		.byte	0
 860 0014 00       		.byte	0
 861 0015 02       		.uleb128 0x2
 862 0016 24       		.uleb128 0x24
 863 0017 00       		.byte	0
 864 0018 0B       		.uleb128 0xb
 865 0019 0B       		.uleb128 0xb
 866 001a 3E       		.uleb128 0x3e
 867 001b 0B       		.uleb128 0xb
 868 001c 03       		.uleb128 0x3
 869 001d 0E       		.uleb128 0xe
 870 001e 00       		.byte	0
 871 001f 00       		.byte	0
 872 0020 03       		.uleb128 0x3
 873 0021 24       		.uleb128 0x24
 874 0022 00       		.byte	0
 875 0023 0B       		.uleb128 0xb
 876 0024 0B       		.uleb128 0xb
 877 0025 3E       		.uleb128 0x3e
 878 0026 0B       		.uleb128 0xb
 879 0027 03       		.uleb128 0x3
 880 0028 08       		.uleb128 0x8
 881 0029 00       		.byte	0
 882 002a 00       		.byte	0
 883 002b 04       		.uleb128 0x4
 884 002c 16       		.uleb128 0x16
 885 002d 00       		.byte	0
 886 002e 03       		.uleb128 0x3
 887 002f 0E       		.uleb128 0xe
 888 0030 3A       		.uleb128 0x3a
 889 0031 0B       		.uleb128 0xb
 890 0032 3B       		.uleb128 0x3b
 891 0033 0B       		.uleb128 0xb
 892 0034 49       		.uleb128 0x49
 893 0035 13       		.uleb128 0x13
 894 0036 00       		.byte	0
 895 0037 00       		.byte	0
 896 0038 05       		.uleb128 0x5
 897 0039 35       		.uleb128 0x35
 898 003a 00       		.byte	0
 899 003b 49       		.uleb128 0x49
 900 003c 13       		.uleb128 0x13
 901 003d 00       		.byte	0
 902 003e 00       		.byte	0
 903 003f 06       		.uleb128 0x6
 904 0040 16       		.uleb128 0x16
 905 0041 00       		.byte	0
 906 0042 03       		.uleb128 0x3
 907 0043 0E       		.uleb128 0xe
 908 0044 3A       		.uleb128 0x3a
ARM GAS  C:\Users\TSUBAS~1\AppData\Local\Temp\ccNzva3j.s 			page 23


 909 0045 0B       		.uleb128 0xb
 910 0046 3B       		.uleb128 0x3b
 911 0047 05       		.uleb128 0x5
 912 0048 49       		.uleb128 0x49
 913 0049 13       		.uleb128 0x13
 914 004a 00       		.byte	0
 915 004b 00       		.byte	0
 916 004c 07       		.uleb128 0x7
 917 004d 0F       		.uleb128 0xf
 918 004e 00       		.byte	0
 919 004f 0B       		.uleb128 0xb
 920 0050 0B       		.uleb128 0xb
 921 0051 49       		.uleb128 0x49
 922 0052 13       		.uleb128 0x13
 923 0053 00       		.byte	0
 924 0054 00       		.byte	0
 925 0055 08       		.uleb128 0x8
 926 0056 15       		.uleb128 0x15
 927 0057 00       		.byte	0
 928 0058 27       		.uleb128 0x27
 929 0059 0C       		.uleb128 0xc
 930 005a 00       		.byte	0
 931 005b 00       		.byte	0
 932 005c 09       		.uleb128 0x9
 933 005d 2E       		.uleb128 0x2e
 934 005e 00       		.byte	0
 935 005f 3F       		.uleb128 0x3f
 936 0060 0C       		.uleb128 0xc
 937 0061 03       		.uleb128 0x3
 938 0062 0E       		.uleb128 0xe
 939 0063 3A       		.uleb128 0x3a
 940 0064 0B       		.uleb128 0xb
 941 0065 3B       		.uleb128 0x3b
 942 0066 0B       		.uleb128 0xb
 943 0067 27       		.uleb128 0x27
 944 0068 0C       		.uleb128 0xc
 945 0069 11       		.uleb128 0x11
 946 006a 01       		.uleb128 0x1
 947 006b 12       		.uleb128 0x12
 948 006c 01       		.uleb128 0x1
 949 006d 40       		.uleb128 0x40
 950 006e 06       		.uleb128 0x6
 951 006f 9642     		.uleb128 0x2116
 952 0071 0C       		.uleb128 0xc
 953 0072 00       		.byte	0
 954 0073 00       		.byte	0
 955 0074 0A       		.uleb128 0xa
 956 0075 2E       		.uleb128 0x2e
 957 0076 01       		.byte	0x1
 958 0077 3F       		.uleb128 0x3f
 959 0078 0C       		.uleb128 0xc
 960 0079 03       		.uleb128 0x3
 961 007a 0E       		.uleb128 0xe
 962 007b 3A       		.uleb128 0x3a
 963 007c 0B       		.uleb128 0xb
 964 007d 3B       		.uleb128 0x3b
 965 007e 0B       		.uleb128 0xb
ARM GAS  C:\Users\TSUBAS~1\AppData\Local\Temp\ccNzva3j.s 			page 24


 966 007f 27       		.uleb128 0x27
 967 0080 0C       		.uleb128 0xc
 968 0081 11       		.uleb128 0x11
 969 0082 01       		.uleb128 0x1
 970 0083 12       		.uleb128 0x12
 971 0084 01       		.uleb128 0x1
 972 0085 40       		.uleb128 0x40
 973 0086 06       		.uleb128 0x6
 974 0087 9642     		.uleb128 0x2116
 975 0089 0C       		.uleb128 0xc
 976 008a 01       		.uleb128 0x1
 977 008b 13       		.uleb128 0x13
 978 008c 00       		.byte	0
 979 008d 00       		.byte	0
 980 008e 0B       		.uleb128 0xb
 981 008f 05       		.uleb128 0x5
 982 0090 00       		.byte	0
 983 0091 03       		.uleb128 0x3
 984 0092 0E       		.uleb128 0xe
 985 0093 3A       		.uleb128 0x3a
 986 0094 0B       		.uleb128 0xb
 987 0095 3B       		.uleb128 0x3b
 988 0096 0B       		.uleb128 0xb
 989 0097 49       		.uleb128 0x49
 990 0098 13       		.uleb128 0x13
 991 0099 02       		.uleb128 0x2
 992 009a 0A       		.uleb128 0xa
 993 009b 00       		.byte	0
 994 009c 00       		.byte	0
 995 009d 0C       		.uleb128 0xc
 996 009e 2E       		.uleb128 0x2e
 997 009f 00       		.byte	0
 998 00a0 3F       		.uleb128 0x3f
 999 00a1 0C       		.uleb128 0xc
 1000 00a2 03       		.uleb128 0x3
 1001 00a3 0E       		.uleb128 0xe
 1002 00a4 3A       		.uleb128 0x3a
 1003 00a5 0B       		.uleb128 0xb
 1004 00a6 3B       		.uleb128 0x3b
 1005 00a7 0B       		.uleb128 0xb
 1006 00a8 27       		.uleb128 0x27
 1007 00a9 0C       		.uleb128 0xc
 1008 00aa 11       		.uleb128 0x11
 1009 00ab 01       		.uleb128 0x1
 1010 00ac 12       		.uleb128 0x12
 1011 00ad 01       		.uleb128 0x1
 1012 00ae 40       		.uleb128 0x40
 1013 00af 06       		.uleb128 0x6
 1014 00b0 9742     		.uleb128 0x2117
 1015 00b2 0C       		.uleb128 0xc
 1016 00b3 00       		.byte	0
 1017 00b4 00       		.byte	0
 1018 00b5 0D       		.uleb128 0xd
 1019 00b6 2E       		.uleb128 0x2e
 1020 00b7 01       		.byte	0x1
 1021 00b8 3F       		.uleb128 0x3f
 1022 00b9 0C       		.uleb128 0xc
ARM GAS  C:\Users\TSUBAS~1\AppData\Local\Temp\ccNzva3j.s 			page 25


 1023 00ba 03       		.uleb128 0x3
 1024 00bb 0E       		.uleb128 0xe
 1025 00bc 3A       		.uleb128 0x3a
 1026 00bd 0B       		.uleb128 0xb
 1027 00be 3B       		.uleb128 0x3b
 1028 00bf 0B       		.uleb128 0xb
 1029 00c0 27       		.uleb128 0x27
 1030 00c1 0C       		.uleb128 0xc
 1031 00c2 11       		.uleb128 0x11
 1032 00c3 01       		.uleb128 0x1
 1033 00c4 12       		.uleb128 0x12
 1034 00c5 01       		.uleb128 0x1
 1035 00c6 40       		.uleb128 0x40
 1036 00c7 06       		.uleb128 0x6
 1037 00c8 9742     		.uleb128 0x2117
 1038 00ca 0C       		.uleb128 0xc
 1039 00cb 01       		.uleb128 0x1
 1040 00cc 13       		.uleb128 0x13
 1041 00cd 00       		.byte	0
 1042 00ce 00       		.byte	0
 1043 00cf 0E       		.uleb128 0xe
 1044 00d0 2E       		.uleb128 0x2e
 1045 00d1 00       		.byte	0
 1046 00d2 3F       		.uleb128 0x3f
 1047 00d3 0C       		.uleb128 0xc
 1048 00d4 03       		.uleb128 0x3
 1049 00d5 0E       		.uleb128 0xe
 1050 00d6 3A       		.uleb128 0x3a
 1051 00d7 0B       		.uleb128 0xb
 1052 00d8 3B       		.uleb128 0x3b
 1053 00d9 0B       		.uleb128 0xb
 1054 00da 27       		.uleb128 0x27
 1055 00db 0C       		.uleb128 0xc
 1056 00dc 49       		.uleb128 0x49
 1057 00dd 13       		.uleb128 0x13
 1058 00de 11       		.uleb128 0x11
 1059 00df 01       		.uleb128 0x1
 1060 00e0 12       		.uleb128 0x12
 1061 00e1 01       		.uleb128 0x1
 1062 00e2 40       		.uleb128 0x40
 1063 00e3 06       		.uleb128 0x6
 1064 00e4 9742     		.uleb128 0x2117
 1065 00e6 0C       		.uleb128 0xc
 1066 00e7 00       		.byte	0
 1067 00e8 00       		.byte	0
 1068 00e9 0F       		.uleb128 0xf
 1069 00ea 34       		.uleb128 0x34
 1070 00eb 00       		.byte	0
 1071 00ec 03       		.uleb128 0x3
 1072 00ed 0E       		.uleb128 0xe
 1073 00ee 3A       		.uleb128 0x3a
 1074 00ef 0B       		.uleb128 0xb
 1075 00f0 3B       		.uleb128 0x3b
 1076 00f1 0B       		.uleb128 0xb
 1077 00f2 49       		.uleb128 0x49
 1078 00f3 13       		.uleb128 0x13
 1079 00f4 02       		.uleb128 0x2
ARM GAS  C:\Users\TSUBAS~1\AppData\Local\Temp\ccNzva3j.s 			page 26


 1080 00f5 0A       		.uleb128 0xa
 1081 00f6 00       		.byte	0
 1082 00f7 00       		.byte	0
 1083 00f8 10       		.uleb128 0x10
 1084 00f9 2E       		.uleb128 0x2e
 1085 00fa 01       		.byte	0x1
 1086 00fb 3F       		.uleb128 0x3f
 1087 00fc 0C       		.uleb128 0xc
 1088 00fd 03       		.uleb128 0x3
 1089 00fe 0E       		.uleb128 0xe
 1090 00ff 3A       		.uleb128 0x3a
 1091 0100 0B       		.uleb128 0xb
 1092 0101 3B       		.uleb128 0x3b
 1093 0102 0B       		.uleb128 0xb
 1094 0103 27       		.uleb128 0x27
 1095 0104 0C       		.uleb128 0xc
 1096 0105 49       		.uleb128 0x49
 1097 0106 13       		.uleb128 0x13
 1098 0107 11       		.uleb128 0x11
 1099 0108 01       		.uleb128 0x1
 1100 0109 12       		.uleb128 0x12
 1101 010a 01       		.uleb128 0x1
 1102 010b 40       		.uleb128 0x40
 1103 010c 06       		.uleb128 0x6
 1104 010d 9742     		.uleb128 0x2117
 1105 010f 0C       		.uleb128 0xc
 1106 0110 01       		.uleb128 0x1
 1107 0111 13       		.uleb128 0x13
 1108 0112 00       		.byte	0
 1109 0113 00       		.byte	0
 1110 0114 11       		.uleb128 0x11
 1111 0115 2E       		.uleb128 0x2e
 1112 0116 00       		.byte	0
 1113 0117 3F       		.uleb128 0x3f
 1114 0118 0C       		.uleb128 0xc
 1115 0119 03       		.uleb128 0x3
 1116 011a 0E       		.uleb128 0xe
 1117 011b 3A       		.uleb128 0x3a
 1118 011c 0B       		.uleb128 0xb
 1119 011d 3B       		.uleb128 0x3b
 1120 011e 05       		.uleb128 0x5
 1121 011f 27       		.uleb128 0x27
 1122 0120 0C       		.uleb128 0xc
 1123 0121 11       		.uleb128 0x11
 1124 0122 01       		.uleb128 0x1
 1125 0123 12       		.uleb128 0x12
 1126 0124 01       		.uleb128 0x1
 1127 0125 40       		.uleb128 0x40
 1128 0126 06       		.uleb128 0x6
 1129 0127 9742     		.uleb128 0x2117
 1130 0129 0C       		.uleb128 0xc
 1131 012a 00       		.byte	0
 1132 012b 00       		.byte	0
 1133 012c 12       		.uleb128 0x12
 1134 012d 2E       		.uleb128 0x2e
 1135 012e 00       		.byte	0
 1136 012f 3F       		.uleb128 0x3f
ARM GAS  C:\Users\TSUBAS~1\AppData\Local\Temp\ccNzva3j.s 			page 27


 1137 0130 0C       		.uleb128 0xc
 1138 0131 03       		.uleb128 0x3
 1139 0132 0E       		.uleb128 0xe
 1140 0133 3A       		.uleb128 0x3a
 1141 0134 0B       		.uleb128 0xb
 1142 0135 3B       		.uleb128 0x3b
 1143 0136 05       		.uleb128 0x5
 1144 0137 27       		.uleb128 0x27
 1145 0138 0C       		.uleb128 0xc
 1146 0139 49       		.uleb128 0x49
 1147 013a 13       		.uleb128 0x13
 1148 013b 11       		.uleb128 0x11
 1149 013c 01       		.uleb128 0x1
 1150 013d 12       		.uleb128 0x12
 1151 013e 01       		.uleb128 0x1
 1152 013f 40       		.uleb128 0x40
 1153 0140 06       		.uleb128 0x6
 1154 0141 9742     		.uleb128 0x2117
 1155 0143 0C       		.uleb128 0xc
 1156 0144 00       		.byte	0
 1157 0145 00       		.byte	0
 1158 0146 13       		.uleb128 0x13
 1159 0147 01       		.uleb128 0x1
 1160 0148 01       		.byte	0x1
 1161 0149 49       		.uleb128 0x49
 1162 014a 13       		.uleb128 0x13
 1163 014b 01       		.uleb128 0x1
 1164 014c 13       		.uleb128 0x13
 1165 014d 00       		.byte	0
 1166 014e 00       		.byte	0
 1167 014f 14       		.uleb128 0x14
 1168 0150 21       		.uleb128 0x21
 1169 0151 00       		.byte	0
 1170 0152 49       		.uleb128 0x49
 1171 0153 13       		.uleb128 0x13
 1172 0154 2F       		.uleb128 0x2f
 1173 0155 0B       		.uleb128 0xb
 1174 0156 00       		.byte	0
 1175 0157 00       		.byte	0
 1176 0158 15       		.uleb128 0x15
 1177 0159 34       		.uleb128 0x34
 1178 015a 00       		.byte	0
 1179 015b 03       		.uleb128 0x3
 1180 015c 0E       		.uleb128 0xe
 1181 015d 3A       		.uleb128 0x3a
 1182 015e 0B       		.uleb128 0xb
 1183 015f 3B       		.uleb128 0x3b
 1184 0160 0B       		.uleb128 0xb
 1185 0161 49       		.uleb128 0x49
 1186 0162 13       		.uleb128 0x13
 1187 0163 3F       		.uleb128 0x3f
 1188 0164 0C       		.uleb128 0xc
 1189 0165 3C       		.uleb128 0x3c
 1190 0166 0C       		.uleb128 0xc
 1191 0167 00       		.byte	0
 1192 0168 00       		.byte	0
 1193 0169 00       		.byte	0
ARM GAS  C:\Users\TSUBAS~1\AppData\Local\Temp\ccNzva3j.s 			page 28


 1194              		.section	.debug_loc,"",%progbits
 1195              	.Ldebug_loc0:
 1196              	.LLST0:
 1197 0000 00000000 		.4byte	.LFB0
 1198 0004 02000000 		.4byte	.LCFI0
 1199 0008 0200     		.2byte	0x2
 1200 000a 7D       		.byte	0x7d
 1201 000b 00       		.sleb128 0
 1202 000c 02000000 		.4byte	.LCFI0
 1203 0010 04000000 		.4byte	.LCFI1
 1204 0014 0200     		.2byte	0x2
 1205 0016 7D       		.byte	0x7d
 1206 0017 08       		.sleb128 8
 1207 0018 04000000 		.4byte	.LCFI1
 1208 001c 24000000 		.4byte	.LFE0
 1209 0020 0200     		.2byte	0x2
 1210 0022 77       		.byte	0x77
 1211 0023 08       		.sleb128 8
 1212 0024 00000000 		.4byte	0
 1213 0028 00000000 		.4byte	0
 1214              	.LLST1:
 1215 002c 00000000 		.4byte	.LFB1
 1216 0030 02000000 		.4byte	.LCFI2
 1217 0034 0200     		.2byte	0x2
 1218 0036 7D       		.byte	0x7d
 1219 0037 00       		.sleb128 0
 1220 0038 02000000 		.4byte	.LCFI2
 1221 003c 04000000 		.4byte	.LCFI3
 1222 0040 0200     		.2byte	0x2
 1223 0042 7D       		.byte	0x7d
 1224 0043 08       		.sleb128 8
 1225 0044 04000000 		.4byte	.LCFI3
 1226 0048 06000000 		.4byte	.LCFI4
 1227 004c 0200     		.2byte	0x2
 1228 004e 7D       		.byte	0x7d
 1229 004f 10       		.sleb128 16
 1230 0050 06000000 		.4byte	.LCFI4
 1231 0054 24000000 		.4byte	.LFE1
 1232 0058 0200     		.2byte	0x2
 1233 005a 77       		.byte	0x77
 1234 005b 10       		.sleb128 16
 1235 005c 00000000 		.4byte	0
 1236 0060 00000000 		.4byte	0
 1237              	.LLST2:
 1238 0064 00000000 		.4byte	.LFB2
 1239 0068 02000000 		.4byte	.LCFI5
 1240 006c 0200     		.2byte	0x2
 1241 006e 7D       		.byte	0x7d
 1242 006f 00       		.sleb128 0
 1243 0070 02000000 		.4byte	.LCFI5
 1244 0074 04000000 		.4byte	.LCFI6
 1245 0078 0200     		.2byte	0x2
 1246 007a 7D       		.byte	0x7d
 1247 007b 08       		.sleb128 8
 1248 007c 04000000 		.4byte	.LCFI6
 1249 0080 18000000 		.4byte	.LFE2
 1250 0084 0200     		.2byte	0x2
ARM GAS  C:\Users\TSUBAS~1\AppData\Local\Temp\ccNzva3j.s 			page 29


 1251 0086 77       		.byte	0x77
 1252 0087 08       		.sleb128 8
 1253 0088 00000000 		.4byte	0
 1254 008c 00000000 		.4byte	0
 1255              	.LLST3:
 1256 0090 00000000 		.4byte	.LFB3
 1257 0094 02000000 		.4byte	.LCFI7
 1258 0098 0200     		.2byte	0x2
 1259 009a 7D       		.byte	0x7d
 1260 009b 00       		.sleb128 0
 1261 009c 02000000 		.4byte	.LCFI7
 1262 00a0 04000000 		.4byte	.LCFI8
 1263 00a4 0200     		.2byte	0x2
 1264 00a6 7D       		.byte	0x7d
 1265 00a7 08       		.sleb128 8
 1266 00a8 04000000 		.4byte	.LCFI8
 1267 00ac 08000000 		.4byte	.LFE3
 1268 00b0 0200     		.2byte	0x2
 1269 00b2 77       		.byte	0x77
 1270 00b3 08       		.sleb128 8
 1271 00b4 00000000 		.4byte	0
 1272 00b8 00000000 		.4byte	0
 1273              	.LLST4:
 1274 00bc 00000000 		.4byte	.LFB4
 1275 00c0 02000000 		.4byte	.LCFI9
 1276 00c4 0200     		.2byte	0x2
 1277 00c6 7D       		.byte	0x7d
 1278 00c7 00       		.sleb128 0
 1279 00c8 02000000 		.4byte	.LCFI9
 1280 00cc 04000000 		.4byte	.LCFI10
 1281 00d0 0200     		.2byte	0x2
 1282 00d2 7D       		.byte	0x7d
 1283 00d3 08       		.sleb128 8
 1284 00d4 04000000 		.4byte	.LCFI10
 1285 00d8 06000000 		.4byte	.LCFI11
 1286 00dc 0200     		.2byte	0x2
 1287 00de 7D       		.byte	0x7d
 1288 00df 10       		.sleb128 16
 1289 00e0 06000000 		.4byte	.LCFI11
 1290 00e4 18000000 		.4byte	.LFE4
 1291 00e8 0200     		.2byte	0x2
 1292 00ea 77       		.byte	0x77
 1293 00eb 10       		.sleb128 16
 1294 00ec 00000000 		.4byte	0
 1295 00f0 00000000 		.4byte	0
 1296              	.LLST5:
 1297 00f4 00000000 		.4byte	.LFB5
 1298 00f8 02000000 		.4byte	.LCFI12
 1299 00fc 0200     		.2byte	0x2
 1300 00fe 7D       		.byte	0x7d
 1301 00ff 00       		.sleb128 0
 1302 0100 02000000 		.4byte	.LCFI12
 1303 0104 04000000 		.4byte	.LCFI13
 1304 0108 0200     		.2byte	0x2
 1305 010a 7D       		.byte	0x7d
 1306 010b 08       		.sleb128 8
 1307 010c 04000000 		.4byte	.LCFI13
ARM GAS  C:\Users\TSUBAS~1\AppData\Local\Temp\ccNzva3j.s 			page 30


 1308 0110 14000000 		.4byte	.LFE5
 1309 0114 0200     		.2byte	0x2
 1310 0116 77       		.byte	0x77
 1311 0117 08       		.sleb128 8
 1312 0118 00000000 		.4byte	0
 1313 011c 00000000 		.4byte	0
 1314              	.LLST6:
 1315 0120 00000000 		.4byte	.LFB6
 1316 0124 02000000 		.4byte	.LCFI14
 1317 0128 0200     		.2byte	0x2
 1318 012a 7D       		.byte	0x7d
 1319 012b 00       		.sleb128 0
 1320 012c 02000000 		.4byte	.LCFI14
 1321 0130 04000000 		.4byte	.LCFI15
 1322 0134 0200     		.2byte	0x2
 1323 0136 7D       		.byte	0x7d
 1324 0137 0C       		.sleb128 12
 1325 0138 04000000 		.4byte	.LCFI15
 1326 013c 06000000 		.4byte	.LCFI16
 1327 0140 0200     		.2byte	0x2
 1328 0142 7D       		.byte	0x7d
 1329 0143 20       		.sleb128 32
 1330 0144 06000000 		.4byte	.LCFI16
 1331 0148 50000000 		.4byte	.LFE6
 1332 014c 0200     		.2byte	0x2
 1333 014e 77       		.byte	0x77
 1334 014f 20       		.sleb128 32
 1335 0150 00000000 		.4byte	0
 1336 0154 00000000 		.4byte	0
 1337              	.LLST7:
 1338 0158 00000000 		.4byte	.LFB7
 1339 015c 02000000 		.4byte	.LCFI17
 1340 0160 0200     		.2byte	0x2
 1341 0162 7D       		.byte	0x7d
 1342 0163 00       		.sleb128 0
 1343 0164 02000000 		.4byte	.LCFI17
 1344 0168 04000000 		.4byte	.LCFI18
 1345 016c 0200     		.2byte	0x2
 1346 016e 7D       		.byte	0x7d
 1347 016f 08       		.sleb128 8
 1348 0170 04000000 		.4byte	.LCFI18
 1349 0174 06000000 		.4byte	.LCFI19
 1350 0178 0200     		.2byte	0x2
 1351 017a 7D       		.byte	0x7d
 1352 017b 10       		.sleb128 16
 1353 017c 06000000 		.4byte	.LCFI19
 1354 0180 30000000 		.4byte	.LFE7
 1355 0184 0200     		.2byte	0x2
 1356 0186 77       		.byte	0x77
 1357 0187 10       		.sleb128 16
 1358 0188 00000000 		.4byte	0
 1359 018c 00000000 		.4byte	0
 1360              	.LLST8:
 1361 0190 00000000 		.4byte	.LFB8
 1362 0194 02000000 		.4byte	.LCFI20
 1363 0198 0200     		.2byte	0x2
 1364 019a 7D       		.byte	0x7d
ARM GAS  C:\Users\TSUBAS~1\AppData\Local\Temp\ccNzva3j.s 			page 31


 1365 019b 00       		.sleb128 0
 1366 019c 02000000 		.4byte	.LCFI20
 1367 01a0 04000000 		.4byte	.LCFI21
 1368 01a4 0200     		.2byte	0x2
 1369 01a6 7D       		.byte	0x7d
 1370 01a7 08       		.sleb128 8
 1371 01a8 04000000 		.4byte	.LCFI21
 1372 01ac 14000000 		.4byte	.LFE8
 1373 01b0 0200     		.2byte	0x2
 1374 01b2 77       		.byte	0x77
 1375 01b3 08       		.sleb128 8
 1376 01b4 00000000 		.4byte	0
 1377 01b8 00000000 		.4byte	0
 1378              	.LLST9:
 1379 01bc 00000000 		.4byte	.LFB9
 1380 01c0 02000000 		.4byte	.LCFI22
 1381 01c4 0200     		.2byte	0x2
 1382 01c6 7D       		.byte	0x7d
 1383 01c7 00       		.sleb128 0
 1384 01c8 02000000 		.4byte	.LCFI22
 1385 01cc 04000000 		.4byte	.LCFI23
 1386 01d0 0200     		.2byte	0x2
 1387 01d2 7D       		.byte	0x7d
 1388 01d3 08       		.sleb128 8
 1389 01d4 04000000 		.4byte	.LCFI23
 1390 01d8 20000000 		.4byte	.LFE9
 1391 01dc 0200     		.2byte	0x2
 1392 01de 77       		.byte	0x77
 1393 01df 08       		.sleb128 8
 1394 01e0 00000000 		.4byte	0
 1395 01e4 00000000 		.4byte	0
 1396              	.LLST10:
 1397 01e8 00000000 		.4byte	.LFB10
 1398 01ec 02000000 		.4byte	.LCFI24
 1399 01f0 0200     		.2byte	0x2
 1400 01f2 7D       		.byte	0x7d
 1401 01f3 00       		.sleb128 0
 1402 01f4 02000000 		.4byte	.LCFI24
 1403 01f8 04000000 		.4byte	.LCFI25
 1404 01fc 0200     		.2byte	0x2
 1405 01fe 7D       		.byte	0x7d
 1406 01ff 08       		.sleb128 8
 1407 0200 04000000 		.4byte	.LCFI25
 1408 0204 14000000 		.4byte	.LFE10
 1409 0208 0200     		.2byte	0x2
 1410 020a 77       		.byte	0x77
 1411 020b 08       		.sleb128 8
 1412 020c 00000000 		.4byte	0
 1413 0210 00000000 		.4byte	0
 1414              	.LLST11:
 1415 0214 00000000 		.4byte	.LFB11
 1416 0218 02000000 		.4byte	.LCFI26
 1417 021c 0200     		.2byte	0x2
 1418 021e 7D       		.byte	0x7d
 1419 021f 00       		.sleb128 0
 1420 0220 02000000 		.4byte	.LCFI26
 1421 0224 04000000 		.4byte	.LCFI27
ARM GAS  C:\Users\TSUBAS~1\AppData\Local\Temp\ccNzva3j.s 			page 32


 1422 0228 0200     		.2byte	0x2
 1423 022a 7D       		.byte	0x7d
 1424 022b 08       		.sleb128 8
 1425 022c 04000000 		.4byte	.LCFI27
 1426 0230 14000000 		.4byte	.LFE11
 1427 0234 0200     		.2byte	0x2
 1428 0236 77       		.byte	0x77
 1429 0237 08       		.sleb128 8
 1430 0238 00000000 		.4byte	0
 1431 023c 00000000 		.4byte	0
 1432              	.LLST12:
 1433 0240 00000000 		.4byte	.LFB12
 1434 0244 02000000 		.4byte	.LCFI28
 1435 0248 0200     		.2byte	0x2
 1436 024a 7D       		.byte	0x7d
 1437 024b 00       		.sleb128 0
 1438 024c 02000000 		.4byte	.LCFI28
 1439 0250 04000000 		.4byte	.LCFI29
 1440 0254 0200     		.2byte	0x2
 1441 0256 7D       		.byte	0x7d
 1442 0257 08       		.sleb128 8
 1443 0258 04000000 		.4byte	.LCFI29
 1444 025c 14000000 		.4byte	.LFE12
 1445 0260 0200     		.2byte	0x2
 1446 0262 77       		.byte	0x77
 1447 0263 08       		.sleb128 8
 1448 0264 00000000 		.4byte	0
 1449 0268 00000000 		.4byte	0
 1450              		.section	.debug_aranges,"",%progbits
 1451 0000 7C000000 		.4byte	0x7c
 1452 0004 0200     		.2byte	0x2
 1453 0006 00000000 		.4byte	.Ldebug_info0
 1454 000a 04       		.byte	0x4
 1455 000b 00       		.byte	0
 1456 000c 0000     		.2byte	0
 1457 000e 0000     		.2byte	0
 1458 0010 00000000 		.4byte	.LFB0
 1459 0014 24000000 		.4byte	.LFE0-.LFB0
 1460 0018 00000000 		.4byte	.LFB1
 1461 001c 24000000 		.4byte	.LFE1-.LFB1
 1462 0020 00000000 		.4byte	.LFB2
 1463 0024 18000000 		.4byte	.LFE2-.LFB2
 1464 0028 00000000 		.4byte	.LFB3
 1465 002c 08000000 		.4byte	.LFE3-.LFB3
 1466 0030 00000000 		.4byte	.LFB4
 1467 0034 18000000 		.4byte	.LFE4-.LFB4
 1468 0038 00000000 		.4byte	.LFB5
 1469 003c 14000000 		.4byte	.LFE5-.LFB5
 1470 0040 00000000 		.4byte	.LFB6
 1471 0044 50000000 		.4byte	.LFE6-.LFB6
 1472 0048 00000000 		.4byte	.LFB7
 1473 004c 30000000 		.4byte	.LFE7-.LFB7
 1474 0050 00000000 		.4byte	.LFB8
 1475 0054 14000000 		.4byte	.LFE8-.LFB8
 1476 0058 00000000 		.4byte	.LFB9
 1477 005c 20000000 		.4byte	.LFE9-.LFB9
 1478 0060 00000000 		.4byte	.LFB10
ARM GAS  C:\Users\TSUBAS~1\AppData\Local\Temp\ccNzva3j.s 			page 33


 1479 0064 14000000 		.4byte	.LFE10-.LFB10
 1480 0068 00000000 		.4byte	.LFB11
 1481 006c 14000000 		.4byte	.LFE11-.LFB11
 1482 0070 00000000 		.4byte	.LFB12
 1483 0074 14000000 		.4byte	.LFE12-.LFB12
 1484 0078 00000000 		.4byte	0
 1485 007c 00000000 		.4byte	0
 1486              		.section	.debug_ranges,"",%progbits
 1487              	.Ldebug_ranges0:
 1488 0000 00000000 		.4byte	.LFB0
 1489 0004 24000000 		.4byte	.LFE0
 1490 0008 00000000 		.4byte	.LFB1
 1491 000c 24000000 		.4byte	.LFE1
 1492 0010 00000000 		.4byte	.LFB2
 1493 0014 18000000 		.4byte	.LFE2
 1494 0018 00000000 		.4byte	.LFB3
 1495 001c 08000000 		.4byte	.LFE3
 1496 0020 00000000 		.4byte	.LFB4
 1497 0024 18000000 		.4byte	.LFE4
 1498 0028 00000000 		.4byte	.LFB5
 1499 002c 14000000 		.4byte	.LFE5
 1500 0030 00000000 		.4byte	.LFB6
 1501 0034 50000000 		.4byte	.LFE6
 1502 0038 00000000 		.4byte	.LFB7
 1503 003c 30000000 		.4byte	.LFE7
 1504 0040 00000000 		.4byte	.LFB8
 1505 0044 14000000 		.4byte	.LFE8
 1506 0048 00000000 		.4byte	.LFB9
 1507 004c 20000000 		.4byte	.LFE9
 1508 0050 00000000 		.4byte	.LFB10
 1509 0054 14000000 		.4byte	.LFE10
 1510 0058 00000000 		.4byte	.LFB11
 1511 005c 14000000 		.4byte	.LFE11
 1512 0060 00000000 		.4byte	.LFB12
 1513 0064 14000000 		.4byte	.LFE12
 1514 0068 00000000 		.4byte	0
 1515 006c 00000000 		.4byte	0
 1516              		.section	.debug_line,"",%progbits
 1517              	.Ldebug_line0:
 1518 0000 59010000 		.section	.debug_str,"MS",%progbits,1
 1518      02004D00 
 1518      00000201 
 1518      FB0E0D00 
 1518      01010101 
 1519              	.LASF14:
 1520 0000 72656733 		.ascii	"reg32\000"
 1520      3200
 1521              	.LASF37:
 1522 0006 43795261 		.ascii	"CyRamVectors\000"
 1522      6D566563 
 1522      746F7273 
 1522      00
 1523              	.LASF3:
 1524 0013 73686F72 		.ascii	"short unsigned int\000"
 1524      7420756E 
 1524      7369676E 
 1524      65642069 
ARM GAS  C:\Users\TSUBAS~1\AppData\Local\Temp\ccNzva3j.s 			page 34


 1524      6E7400
 1525              	.LASF35:
 1526 0026 433A5C55 		.ascii	"C:\\Users\\Tsubasa Maruyama\\Documents\\PSoC Creato"
 1526      73657273 
 1526      5C547375 
 1526      62617361 
 1526      204D6172 
 1527 0055 725C4C74 		.ascii	"r\\Lticker\\Lticker.cydsn\000"
 1527      69636B65 
 1527      725C4C74 
 1527      69636B65 
 1527      722E6379 
 1528              	.LASF18:
 1529 006d 6973725F 		.ascii	"isr_reset_done_Stop\000"
 1529      72657365 
 1529      745F646F 
 1529      6E655F53 
 1529      746F7000 
 1530              	.LASF32:
 1531 0081 6973725F 		.ascii	"isr_reset_done_ClearPending\000"
 1531      72657365 
 1531      745F646F 
 1531      6E655F43 
 1531      6C656172 
 1532              	.LASF11:
 1533 009d 666C6F61 		.ascii	"float\000"
 1533      7400
 1534              	.LASF29:
 1535 00a3 6973725F 		.ascii	"isr_reset_done_GetState\000"
 1535      72657365 
 1535      745F646F 
 1535      6E655F47 
 1535      65745374 
 1536              	.LASF1:
 1537 00bb 756E7369 		.ascii	"unsigned char\000"
 1537      676E6564 
 1537      20636861 
 1537      7200
 1538              	.LASF21:
 1539 00c9 6973725F 		.ascii	"isr_reset_done_SetVector\000"
 1539      72657365 
 1539      745F646F 
 1539      6E655F53 
 1539      65745665 
 1540              	.LASF25:
 1541 00e2 696E7465 		.ascii	"interruptState\000"
 1541      72727570 
 1541      74537461 
 1541      746500
 1542              	.LASF5:
 1543 00f1 6C6F6E67 		.ascii	"long unsigned int\000"
 1543      20756E73 
 1543      69676E65 
 1543      6420696E 
 1543      7400
 1544              	.LASF23:
 1545 0103 6973725F 		.ascii	"isr_reset_done_SetPriority\000"
ARM GAS  C:\Users\TSUBAS~1\AppData\Local\Temp\ccNzva3j.s 			page 35


 1545      72657365 
 1545      745F646F 
 1545      6E655F53 
 1545      65745072 
 1546              	.LASF9:
 1547 011e 75696E74 		.ascii	"uint8\000"
 1547      3800
 1548              	.LASF36:
 1549 0124 6973725F 		.ascii	"isr_reset_done_GetPriority\000"
 1549      72657365 
 1549      745F646F 
 1549      6E655F47 
 1549      65745072 
 1550              	.LASF27:
 1551 013f 6973725F 		.ascii	"isr_reset_done_Enable\000"
 1551      72657365 
 1551      745F646F 
 1551      6E655F45 
 1551      6E61626C 
 1552              	.LASF24:
 1553 0155 7072696F 		.ascii	"priority\000"
 1553      72697479 
 1553      00
 1554              	.LASF12:
 1555 015e 646F7562 		.ascii	"double\000"
 1555      6C6500
 1556              	.LASF2:
 1557 0165 73686F72 		.ascii	"short int\000"
 1557      7420696E 
 1557      7400
 1558              	.LASF10:
 1559 016f 75696E74 		.ascii	"uint32\000"
 1559      333200
 1560              	.LASF31:
 1561 0176 6973725F 		.ascii	"isr_reset_done_SetPending\000"
 1561      72657365 
 1561      745F646F 
 1561      6E655F53 
 1561      65745065 
 1562              	.LASF8:
 1563 0190 756E7369 		.ascii	"unsigned int\000"
 1563      676E6564 
 1563      20696E74 
 1563      00
 1564              	.LASF22:
 1565 019d 61646472 		.ascii	"address\000"
 1565      65737300 
 1566              	.LASF7:
 1567 01a5 6C6F6E67 		.ascii	"long long unsigned int\000"
 1567      206C6F6E 
 1567      6720756E 
 1567      7369676E 
 1567      65642069 
 1568              	.LASF30:
 1569 01bc 6973725F 		.ascii	"isr_reset_done_Disable\000"
 1569      72657365 
 1569      745F646F 
ARM GAS  C:\Users\TSUBAS~1\AppData\Local\Temp\ccNzva3j.s 			page 36


 1569      6E655F44 
 1569      69736162 
 1570              	.LASF15:
 1571 01d3 63796973 		.ascii	"cyisraddress\000"
 1571      72616464 
 1571      72657373 
 1571      00
 1572              	.LASF16:
 1573 01e0 73697A65 		.ascii	"sizetype\000"
 1573      74797065 
 1573      00
 1574              	.LASF17:
 1575 01e9 6973725F 		.ascii	"isr_reset_done_Start\000"
 1575      72657365 
 1575      745F646F 
 1575      6E655F53 
 1575      74617274 
 1576              	.LASF6:
 1577 01fe 6C6F6E67 		.ascii	"long long int\000"
 1577      206C6F6E 
 1577      6720696E 
 1577      7400
 1578              	.LASF28:
 1579 020c 6973725F 		.ascii	"isr_reset_done_GetVector\000"
 1579      72657365 
 1579      745F646F 
 1579      6E655F47 
 1579      65745665 
 1580              	.LASF13:
 1581 0225 63686172 		.ascii	"char\000"
 1581      00
 1582              	.LASF19:
 1583 022a 6973725F 		.ascii	"isr_reset_done_Interrupt\000"
 1583      72657365 
 1583      745F646F 
 1583      6E655F49 
 1583      6E746572 
 1584              	.LASF20:
 1585 0243 6973725F 		.ascii	"isr_reset_done_StartEx\000"
 1585      72657365 
 1585      745F646F 
 1585      6E655F53 
 1585      74617274 
 1586              	.LASF34:
 1587 025a 2E5C4765 		.ascii	".\\Generated_Source\\PSoC4\\isr_reset_done.c\000"
 1587      6E657261 
 1587      7465645F 
 1587      536F7572 
 1587      63655C50 
 1588              	.LASF33:
 1589 0284 474E5520 		.ascii	"GNU C 4.7.3 20130312 (release) [ARM/embedded-4_7-br"
 1589      4320342E 
 1589      372E3320 
 1589      32303133 
 1589      30333132 
 1590 02b7 616E6368 		.ascii	"anch revision 196615]\000"
 1590      20726576 
ARM GAS  C:\Users\TSUBAS~1\AppData\Local\Temp\ccNzva3j.s 			page 37


 1590      6973696F 
 1590      6E203139 
 1590      36363135 
 1591              	.LASF26:
 1592 02cd 7072696F 		.ascii	"priorityOffset\000"
 1592      72697479 
 1592      4F666673 
 1592      657400
 1593              	.LASF4:
 1594 02dc 6C6F6E67 		.ascii	"long int\000"
 1594      20696E74 
 1594      00
 1595              	.LASF0:
 1596 02e5 7369676E 		.ascii	"signed char\000"
 1596      65642063 
 1596      68617200 
 1597              		.ident	"GCC: (GNU Tools for ARM Embedded Processors) 4.7.3 20130312 (release) [ARM/embedded-4_7-br
