Archive member included because of file (symbol)

.\CortexM0\ARM_GCC_473\Debug\Lticker.a(cyfitter_cfg.o)
                              .\CortexM0\ARM_GCC_473\Debug\Cm0Start.o (cyfitter_cfg)
.\CortexM0\ARM_GCC_473\Debug\Lticker.a(CyLib.o)
                              .\CortexM0\ARM_GCC_473\Debug\Lticker.a(cyfitter_cfg.o) (CyDelayUs)
.\CortexM0\ARM_GCC_473\Debug\Lticker.a(PWM_1.o)
                              .\CortexM0\ARM_GCC_473\Debug\main.o (PWM_1_Start)
.\CortexM0\ARM_GCC_473\Debug\Lticker.a(Status_Reg_1.o)
                              .\CortexM0\ARM_GCC_473\Debug\main.o (Status_Reg_1_Read)
.\CortexM0\ARM_GCC_473\Debug\Lticker.a(CapSense_1.o)
                              .\CortexM0\ARM_GCC_473\Debug\main.o (CapSense_1_Start)
.\CortexM0\ARM_GCC_473\Debug\Lticker.a(CapSense_1_CSHL.o)
                              .\CortexM0\ARM_GCC_473\Debug\Lticker.a(CapSense_1.o) (CapSense_1_rawDataIndex)
.\CortexM0\ARM_GCC_473\Debug\Lticker.a(CapSense_1_INT.o)
                              .\CortexM0\ARM_GCC_473\Debug\Lticker.a(CapSense_1.o) (CapSense_1_ISR)
.\CortexM0\ARM_GCC_473\Debug\Lticker.a(CapSense_1_SMS.o)
                              .\CortexM0\ARM_GCC_473\Debug\Lticker.a(CapSense_1.o) (scanSpeedTbl)
.\CortexM0\ARM_GCC_473\Debug\Lticker.a(CapSense_1_SampleClk.o)
                              .\CortexM0\ARM_GCC_473\Debug\Lticker.a(CapSense_1.o) (CapSense_1_SampleClk_Start)
.\CortexM0\ARM_GCC_473\Debug\Lticker.a(CapSense_1_SenseClk.o)
                              .\CortexM0\ARM_GCC_473\Debug\Lticker.a(CapSense_1.o) (CapSense_1_SenseClk_Start)
.\CortexM0\ARM_GCC_473\Debug\Lticker.a(Pin_SW.o)
                              .\CortexM0\ARM_GCC_473\Debug\main.o (Pin_SW_Read)
.\CortexM0\ARM_GCC_473\Debug\Lticker.a(PWM_2.o)
                              .\CortexM0\ARM_GCC_473\Debug\main.o (PWM_2_Start)
.\CortexM0\ARM_GCC_473\Debug\Lticker.a(CyBootAsmGnu.o)
                              .\CortexM0\ARM_GCC_473\Debug\Lticker.a(CyLib.o) (CyDelayCycles)
C:\Program Files (x86)\Cypress\PSoC Creator\3.0\PSoC Creator\psoc\content\cycomponentlibrary\CyComponentLibrary.cylib\CortexM0\ARM_GCC_473\Debug\CyComponentLibrary.a(CSD_P4_SmartSense_v2_0.o)
                              .\CortexM0\ARM_GCC_473\Debug\Lticker.a(CapSense_1_SMS.o) (CalibrateSensors_P4_v2_0)
c:/program files (x86)/cypress/psoc creator/3.0/psoc creator/import/gnu_cs/arm/4.7.3/bin/../lib/gcc/arm-none-eabi/4.7.3/armv6-m\libgcc.a(_udivsi3.o)
                              .\CortexM0\ARM_GCC_473\Debug\Lticker.a(CyLib.o) (__aeabi_uidiv)
c:/program files (x86)/cypress/psoc creator/3.0/psoc creator/import/gnu_cs/arm/4.7.3/bin/../lib/gcc/arm-none-eabi/4.7.3/armv6-m\libgcc.a(_divsi3.o)
                              .\CortexM0\ARM_GCC_473\Debug\Cm0Start.o (__aeabi_idiv)
c:/program files (x86)/cypress/psoc creator/3.0/psoc creator/import/gnu_cs/arm/4.7.3/bin/../lib/gcc/arm-none-eabi/4.7.3/armv6-m\libgcc.a(_dvmd_tls.o)
                              c:/program files (x86)/cypress/psoc creator/3.0/psoc creator/import/gnu_cs/arm/4.7.3/bin/../lib/gcc/arm-none-eabi/4.7.3/armv6-m\libgcc.a(_udivsi3.o) (__aeabi_idiv0)
c:/program files (x86)/cypress/psoc creator/3.0/psoc creator/import/gnu_cs/arm/4.7.3/bin/../lib/gcc/arm-none-eabi/4.7.3/../../../../arm-none-eabi/lib/armv6-m\libc_s.a(lib_a-__atexit2.o)
                              c:/program files (x86)/cypress/psoc creator/3.0/psoc creator/import/gnu_cs/arm/4.7.3/bin/../lib/gcc/arm-none-eabi/4.7.3/../../../../arm-none-eabi/lib/armv6-m/crt0.o (__register_exitproc)
c:/program files (x86)/cypress/psoc creator/3.0/psoc creator/import/gnu_cs/arm/4.7.3/bin/../lib/gcc/arm-none-eabi/4.7.3/../../../../arm-none-eabi/lib/armv6-m\libc_s.a(lib_a-exit.o)
                              c:/program files (x86)/cypress/psoc creator/3.0/psoc creator/import/gnu_cs/arm/4.7.3/bin/../lib/gcc/arm-none-eabi/4.7.3/../../../../arm-none-eabi/lib/armv6-m/crt0.o (exit)
c:/program files (x86)/cypress/psoc creator/3.0/psoc creator/import/gnu_cs/arm/4.7.3/bin/../lib/gcc/arm-none-eabi/4.7.3/../../../../arm-none-eabi/lib/armv6-m\libc_s.a(lib_a-fini.o)
                              c:/program files (x86)/cypress/psoc creator/3.0/psoc creator/import/gnu_cs/arm/4.7.3/bin/../lib/gcc/arm-none-eabi/4.7.3/../../../../arm-none-eabi/lib/armv6-m/crt0.o (__libc_fini_array)
c:/program files (x86)/cypress/psoc creator/3.0/psoc creator/import/gnu_cs/arm/4.7.3/bin/../lib/gcc/arm-none-eabi/4.7.3/../../../../arm-none-eabi/lib/armv6-m\libc_s.a(lib_a-impure.o)
                              c:/program files (x86)/cypress/psoc creator/3.0/psoc creator/import/gnu_cs/arm/4.7.3/bin/../lib/gcc/arm-none-eabi/4.7.3/../../../../arm-none-eabi/lib/armv6-m\libc_s.a(lib_a-exit.o) (_global_impure_ptr)
c:/program files (x86)/cypress/psoc creator/3.0/psoc creator/import/gnu_cs/arm/4.7.3/bin/../lib/gcc/arm-none-eabi/4.7.3/../../../../arm-none-eabi/lib/armv6-m\libc_s.a(lib_a-init.o)
                              c:/program files (x86)/cypress/psoc creator/3.0/psoc creator/import/gnu_cs/arm/4.7.3/bin/../lib/gcc/arm-none-eabi/4.7.3/../../../../arm-none-eabi/lib/armv6-m/crt0.o (__libc_init_array)
c:/program files (x86)/cypress/psoc creator/3.0/psoc creator/import/gnu_cs/arm/4.7.3/bin/../lib/gcc/arm-none-eabi/4.7.3/../../../../arm-none-eabi/lib/armv6-m\libc_s.a(lib_a-memcpy.o)
                              .\CortexM0\ARM_GCC_473\Debug\main.o (memcpy)
c:/program files (x86)/cypress/psoc creator/3.0/psoc creator/import/gnu_cs/arm/4.7.3/bin/../lib/gcc/arm-none-eabi/4.7.3/../../../../arm-none-eabi/lib/armv6-m\libc_s.a(lib_a-memset.o)
                              c:/program files (x86)/cypress/psoc creator/3.0/psoc creator/import/gnu_cs/arm/4.7.3/bin/../lib/gcc/arm-none-eabi/4.7.3/../../../../arm-none-eabi/lib/armv6-m/crt0.o (memset)

Allocating common symbols
Common symbol       size              file

curPos              0x1               .\CortexM0\ARM_GCC_473\Debug\main.o
CapSense_1_sensorEnableMaskBackup
                    0x1               .\CortexM0\ARM_GCC_473\Debug\Lticker.a(CapSense_1.o)
signRegisterTbl     0x5               .\CortexM0\ARM_GCC_473\Debug\Lticker.a(CapSense_1_SMS.o)
CapSense_1_csdTrim1
                    0x1               .\CortexM0\ARM_GCC_473\Debug\Lticker.a(CapSense_1.o)
runningDifferenceTbl
                    0x5               .\CortexM0\ARM_GCC_473\Debug\Lticker.a(CapSense_1_SMS.o)
onboardLED          0x3               .\CortexM0\ARM_GCC_473\Debug\main.o
CapSense_1_config   0xc               .\CortexM0\ARM_GCC_473\Debug\Lticker.a(CapSense_1_SMS.o)
sampleMinTbl        0xa               .\CortexM0\ARM_GCC_473\Debug\Lticker.a(CapSense_1_SMS.o)
scanSpeedTbl        0x1               .\CortexM0\ARM_GCC_473\Debug\Lticker.a(CapSense_1_SMS.o)
CapSense_1_unscannedSnsDriveMode
                    0x5               .\CortexM0\ARM_GCC_473\Debug\Lticker.a(CapSense_1.o)
led                 0x1e              .\CortexM0\ARM_GCC_473\Debug\main.o
previousSampleTbl   0xa               .\CortexM0\ARM_GCC_473\Debug\Lticker.a(CapSense_1_SMS.o)
CapSense_1_rawFilterData1
                    0xa               .\CortexM0\ARM_GCC_473\Debug\Lticker.a(CapSense_1_CSHL.o)
kValueTbl           0x5               .\CortexM0\ARM_GCC_473\Debug\Lticker.a(CapSense_1_SMS.o)
CapSense_1_noiseThreshold
                    0x1               .\CortexM0\ARM_GCC_473\Debug\Lticker.a(CapSense_1_CSHL.o)
CapSense_1_sampleClkDividerVal
                    0x5               .\CortexM0\ARM_GCC_473\Debug\Lticker.a(CapSense_1.o)
CapSense_1_modulationIDAC
                    0x5               .\CortexM0\ARM_GCC_473\Debug\Lticker.a(CapSense_1.o)
CapSense_1_senseClkDividerVal
                    0x5               .\CortexM0\ARM_GCC_473\Debug\Lticker.a(CapSense_1.o)
sampleMaxTbl        0xa               .\CortexM0\ARM_GCC_473\Debug\Lticker.a(CapSense_1_SMS.o)
CapSense_1_negativeNoiseThreshold
                    0x1               .\CortexM0\ARM_GCC_473\Debug\Lticker.a(CapSense_1_CSHL.o)
CapSense_1_compensationIDAC
                    0x5               .\CortexM0\ARM_GCC_473\Debug\Lticker.a(CapSense_1.o)
CapSense_1_lowBaselineResetCnt
                    0x5               .\CortexM0\ARM_GCC_473\Debug\Lticker.a(CapSense_1_CSHL.o)
noiseEnvelopeTbl    0x5               .\CortexM0\ARM_GCC_473\Debug\Lticker.a(CapSense_1_SMS.o)
CapSense_1_hysteresis
                    0x1               .\CortexM0\ARM_GCC_473\Debug\Lticker.a(CapSense_1_CSHL.o)

Discarded input sections

 .text          0x00000000        0x0 c:/program files (x86)/cypress/psoc creator/3.0/psoc creator/import/gnu_cs/arm/4.7.3/bin/../lib/gcc/arm-none-eabi/4.7.3/armv6-m/crti.o
 .data          0x00000000        0x0 c:/program files (x86)/cypress/psoc creator/3.0/psoc creator/import/gnu_cs/arm/4.7.3/bin/../lib/gcc/arm-none-eabi/4.7.3/armv6-m/crti.o
 .bss           0x00000000        0x0 c:/program files (x86)/cypress/psoc creator/3.0/psoc creator/import/gnu_cs/arm/4.7.3/bin/../lib/gcc/arm-none-eabi/4.7.3/armv6-m/crti.o
 .data          0x00000000        0x4 c:/program files (x86)/cypress/psoc creator/3.0/psoc creator/import/gnu_cs/arm/4.7.3/bin/../lib/gcc/arm-none-eabi/4.7.3/armv6-m/crtbegin.o
 .text          0x00000000       0x74 c:/program files (x86)/cypress/psoc creator/3.0/psoc creator/import/gnu_cs/arm/4.7.3/bin/../lib/gcc/arm-none-eabi/4.7.3/../../../../arm-none-eabi/lib/armv6-m/crt0.o
 .data          0x00000000        0x0 c:/program files (x86)/cypress/psoc creator/3.0/psoc creator/import/gnu_cs/arm/4.7.3/bin/../lib/gcc/arm-none-eabi/4.7.3/../../../../arm-none-eabi/lib/armv6-m/crt0.o
 .bss           0x00000000        0x0 c:/program files (x86)/cypress/psoc creator/3.0/psoc creator/import/gnu_cs/arm/4.7.3/bin/../lib/gcc/arm-none-eabi/4.7.3/../../../../arm-none-eabi/lib/armv6-m/crt0.o
 .ARM.extab     0x00000000        0x0 c:/program files (x86)/cypress/psoc creator/3.0/psoc creator/import/gnu_cs/arm/4.7.3/bin/../lib/gcc/arm-none-eabi/4.7.3/../../../../arm-none-eabi/lib/armv6-m/crt0.o
 .ARM.exidx     0x00000000        0x8 c:/program files (x86)/cypress/psoc creator/3.0/psoc creator/import/gnu_cs/arm/4.7.3/bin/../lib/gcc/arm-none-eabi/4.7.3/../../../../arm-none-eabi/lib/armv6-m/crt0.o
 .text          0x00000000        0x0 .\CortexM0\ARM_GCC_473\Debug\main.o
 .text          0x00000000        0x0 .\CortexM0\ARM_GCC_473\Debug\cymetadata.o
 .data          0x00000000        0x0 .\CortexM0\ARM_GCC_473\Debug\cymetadata.o
 .bss           0x00000000        0x0 .\CortexM0\ARM_GCC_473\Debug\cymetadata.o
 .text          0x00000000        0x0 .\CortexM0\ARM_GCC_473\Debug\Cm0Start.o
 .data          0x00000000        0x0 .\CortexM0\ARM_GCC_473\Debug\Cm0Start.o
 .bss           0x00000000        0x0 .\CortexM0\ARM_GCC_473\Debug\Cm0Start.o
 .text._exit    0x00000000       0x28 .\CortexM0\ARM_GCC_473\Debug\Cm0Start.o
 .text          0x00000000        0x0 .\CortexM0\ARM_GCC_473\Debug\Lticker.a(cyfitter_cfg.o)
 .bss           0x00000000        0x0 .\CortexM0\ARM_GCC_473\Debug\Lticker.a(cyfitter_cfg.o)
 .text.CYCONFIGCPY
                0x00000000       0x24 .\CortexM0\ARM_GCC_473\Debug\Lticker.a(cyfitter_cfg.o)
 .text.CYCONFIGCPYCODE
                0x00000000       0x24 .\CortexM0\ARM_GCC_473\Debug\Lticker.a(cyfitter_cfg.o)
 .text          0x00000000        0x0 .\CortexM0\ARM_GCC_473\Debug\Lticker.a(CyLib.o)
 .bss           0x00000000        0x0 .\CortexM0\ARM_GCC_473\Debug\Lticker.a(CyLib.o)
 .text.CySysClkImoStart
                0x00000000       0x1c .\CortexM0\ARM_GCC_473\Debug\Lticker.a(CyLib.o)
 .text.CySysClkImoStop
                0x00000000       0x18 .\CortexM0\ARM_GCC_473\Debug\Lticker.a(CyLib.o)
 .text.CySysClkIloStart
                0x00000000       0x1c .\CortexM0\ARM_GCC_473\Debug\Lticker.a(CyLib.o)
 .text.CySysClkIloStop
                0x00000000       0x18 .\CortexM0\ARM_GCC_473\Debug\Lticker.a(CyLib.o)
 .text.CySysClkWriteHfclkDirect
                0x00000000       0x44 .\CortexM0\ARM_GCC_473\Debug\Lticker.a(CyLib.o)
 .text.CySysClkWriteSysclkDiv
                0x00000000       0x44 .\CortexM0\ARM_GCC_473\Debug\Lticker.a(CyLib.o)
 .text.CySysClkWriteImoFreq
                0x00000000      0x200 .\CortexM0\ARM_GCC_473\Debug\Lticker.a(CyLib.o)
 .text.CySysWdtLock
                0x00000000       0x44 .\CortexM0\ARM_GCC_473\Debug\Lticker.a(CyLib.o)
 .text.CySysWdtUnlock
                0x00000000       0x5c .\CortexM0\ARM_GCC_473\Debug\Lticker.a(CyLib.o)
 .text.CySysWdtReadEnabledStatus
                0x00000000       0x30 .\CortexM0\ARM_GCC_473\Debug\Lticker.a(CyLib.o)
 .text.CySysWdtWriteMode
                0x00000000       0x70 .\CortexM0\ARM_GCC_473\Debug\Lticker.a(CyLib.o)
 .text.CySysWdtReadMode
                0x00000000       0x24 .\CortexM0\ARM_GCC_473\Debug\Lticker.a(CyLib.o)
 .text.CySysWdtWriteClearOnMatch
                0x00000000       0x68 .\CortexM0\ARM_GCC_473\Debug\Lticker.a(CyLib.o)
 .text.CySysWdtReadClearOnMatch
                0x00000000       0x40 .\CortexM0\ARM_GCC_473\Debug\Lticker.a(CyLib.o)
 .text.CySysWdtEnable
                0x00000000       0x30 .\CortexM0\ARM_GCC_473\Debug\Lticker.a(CyLib.o)
 .text.CySysWdtDisable
                0x00000000       0x30 .\CortexM0\ARM_GCC_473\Debug\Lticker.a(CyLib.o)
 .text.CySysWdtWriteCascade
                0x00000000       0x68 .\CortexM0\ARM_GCC_473\Debug\Lticker.a(CyLib.o)
 .text.CySysWdtReadCascade
                0x00000000       0x1c .\CortexM0\ARM_GCC_473\Debug\Lticker.a(CyLib.o)
 .text.CySysWdtWriteMatch
                0x00000000       0x74 .\CortexM0\ARM_GCC_473\Debug\Lticker.a(CyLib.o)
 .text.CySysWdtWriteToggleBit
                0x00000000       0x54 .\CortexM0\ARM_GCC_473\Debug\Lticker.a(CyLib.o)
 .text.CySysWdtReadToggleBit
                0x00000000       0x18 .\CortexM0\ARM_GCC_473\Debug\Lticker.a(CyLib.o)
 .text.CySysWdtReadMatch
                0x00000000       0x44 .\CortexM0\ARM_GCC_473\Debug\Lticker.a(CyLib.o)
 .text.CySysWdtReadCount
                0x00000000       0x54 .\CortexM0\ARM_GCC_473\Debug\Lticker.a(CyLib.o)
 .text.CySysWdtGetInterruptSource
                0x00000000       0x1c .\CortexM0\ARM_GCC_473\Debug\Lticker.a(CyLib.o)
 .text.CySysWdtClearInterrupt
                0x00000000       0xb8 .\CortexM0\ARM_GCC_473\Debug\Lticker.a(CyLib.o)
 .text.CySysWdtResetCounters
                0x00000000       0x38 .\CortexM0\ARM_GCC_473\Debug\Lticker.a(CyLib.o)
 .text.CySysLvdEnable
                0x00000000       0x48 .\CortexM0\ARM_GCC_473\Debug\Lticker.a(CyLib.o)
 .text.CySysLvdDisable
                0x00000000       0x28 .\CortexM0\ARM_GCC_473\Debug\Lticker.a(CyLib.o)
 .text.CySysLvdGetInterruptSource
                0x00000000       0x18 .\CortexM0\ARM_GCC_473\Debug\Lticker.a(CyLib.o)
 .text.CySysLvdClearInterrupt
                0x00000000       0x14 .\CortexM0\ARM_GCC_473\Debug\Lticker.a(CyLib.o)
 .text.CySysGetResetReason
                0x00000000       0x30 .\CortexM0\ARM_GCC_473\Debug\Lticker.a(CyLib.o)
 .text.CyDisableInts
                0x00000000       0x24 .\CortexM0\ARM_GCC_473\Debug\Lticker.a(CyLib.o)
 .text.CyEnableInts
                0x00000000       0x18 .\CortexM0\ARM_GCC_473\Debug\Lticker.a(CyLib.o)
 .text.CyIntGetSysVector
                0x00000000       0x34 .\CortexM0\ARM_GCC_473\Debug\Lticker.a(CyLib.o)
 .text.CyIntGetVector
                0x00000000       0x38 .\CortexM0\ARM_GCC_473\Debug\Lticker.a(CyLib.o)
 .text.CyIntGetPriority
                0x00000000       0x58 .\CortexM0\ARM_GCC_473\Debug\Lticker.a(CyLib.o)
 .text.CyIntGetState
                0x00000000       0x34 .\CortexM0\ARM_GCC_473\Debug\Lticker.a(CyLib.o)
 .text.CyIntSetPending
                0x00000000       0x2c .\CortexM0\ARM_GCC_473\Debug\Lticker.a(CyLib.o)
 .text.CyIntClearPending
                0x00000000       0x2c .\CortexM0\ARM_GCC_473\Debug\Lticker.a(CyLib.o)
 .text.CySoftwareReset
                0x00000000       0x20 .\CortexM0\ARM_GCC_473\Debug\Lticker.a(CyLib.o)
 .text.CyDelay  0x00000000       0x48 .\CortexM0\ARM_GCC_473\Debug\Lticker.a(CyLib.o)
 .text.CyDelayFreq
                0x00000000       0x80 .\CortexM0\ARM_GCC_473\Debug\Lticker.a(CyLib.o)
 .rodata        0x00000000       0x30 .\CortexM0\ARM_GCC_473\Debug\Lticker.a(CyLib.o)
 .text          0x00000000        0x0 .\CortexM0\ARM_GCC_473\Debug\Lticker.a(PWM_1.o)
 .data          0x00000000        0x0 .\CortexM0\ARM_GCC_473\Debug\Lticker.a(PWM_1.o)
 .text.PWM_1_Stop
                0x00000000       0x1c .\CortexM0\ARM_GCC_473\Debug\Lticker.a(PWM_1.o)
 .text.PWM_1_ReadCounter
                0x00000000       0x1c .\CortexM0\ARM_GCC_473\Debug\Lticker.a(PWM_1.o)
 .text.PWM_1_ReadControlRegister
                0x00000000       0x20 .\CortexM0\ARM_GCC_473\Debug\Lticker.a(PWM_1.o)
 .text.PWM_1_WriteControlRegister
                0x00000000       0x20 .\CortexM0\ARM_GCC_473\Debug\Lticker.a(PWM_1.o)
 .text.PWM_1_ReadCompare1
                0x00000000       0x14 .\CortexM0\ARM_GCC_473\Debug\Lticker.a(PWM_1.o)
 .text.PWM_1_ReadCompare2
                0x00000000       0x14 .\CortexM0\ARM_GCC_473\Debug\Lticker.a(PWM_1.o)
 .text.PWM_1_ReadPeriod
                0x00000000       0x14 .\CortexM0\ARM_GCC_473\Debug\Lticker.a(PWM_1.o)
 .text          0x00000000        0x0 .\CortexM0\ARM_GCC_473\Debug\Lticker.a(Status_Reg_1.o)
 .data          0x00000000        0x0 .\CortexM0\ARM_GCC_473\Debug\Lticker.a(Status_Reg_1.o)
 .bss           0x00000000        0x0 .\CortexM0\ARM_GCC_473\Debug\Lticker.a(Status_Reg_1.o)
 .text.Status_Reg_1_InterruptEnable
                0x00000000       0x34 .\CortexM0\ARM_GCC_473\Debug\Lticker.a(Status_Reg_1.o)
 .text.Status_Reg_1_InterruptDisable
                0x00000000       0x34 .\CortexM0\ARM_GCC_473\Debug\Lticker.a(Status_Reg_1.o)
 .text.Status_Reg_1_WriteMask
                0x00000000       0x2c .\CortexM0\ARM_GCC_473\Debug\Lticker.a(Status_Reg_1.o)
 .text.Status_Reg_1_ReadMask
                0x00000000       0x14 .\CortexM0\ARM_GCC_473\Debug\Lticker.a(Status_Reg_1.o)
 .text          0x00000000        0x0 .\CortexM0\ARM_GCC_473\Debug\Lticker.a(CapSense_1.o)
 .text.CapSense_1_Stop
                0x00000000       0x38 .\CortexM0\ARM_GCC_473\Debug\Lticker.a(CapSense_1.o)
 .text.CapSense_1_ScanWidget
                0x00000000       0xdc .\CortexM0\ARM_GCC_473\Debug\Lticker.a(CapSense_1.o)
 .text.CapSense_1_WriteSensorRaw
                0x00000000       0x24 .\CortexM0\ARM_GCC_473\Debug\Lticker.a(CapSense_1.o)
 .text.CapSense_1_SetScanResolution
                0x00000000       0x20 .\CortexM0\ARM_GCC_473\Debug\Lticker.a(CapSense_1.o)
 .text.CapSense_1_GetScanResolution
                0x00000000       0x1c .\CortexM0\ARM_GCC_473\Debug\Lticker.a(CapSense_1.o)
 .text.CapSense_1_SetDriveModeAllPins
                0x00000000       0x58 .\CortexM0\ARM_GCC_473\Debug\Lticker.a(CapSense_1.o)
 .text.CapSense_1_RestoreDriveModeAllPins
                0x00000000       0x38 .\CortexM0\ARM_GCC_473\Debug\Lticker.a(CapSense_1.o)
 .text.CapSense_1_SetPinDriveMode
                0x00000000       0x5c .\CortexM0\ARM_GCC_473\Debug\Lticker.a(CapSense_1.o)
 .text.CapSense_1_EnableShieldElectrode
                0x00000000       0x80 .\CortexM0\ARM_GCC_473\Debug\Lticker.a(CapSense_1.o)
 .text.CapSense_1_ReadCurrentScanningSensor
                0x00000000       0x2c .\CortexM0\ARM_GCC_473\Debug\Lticker.a(CapSense_1.o)
 .text.CapSense_1_GetSenseClkDivider
                0x00000000       0x1c .\CortexM0\ARM_GCC_473\Debug\Lticker.a(CapSense_1.o)
 .text.CapSense_1_SetSenseClkDivider
                0x00000000       0x20 .\CortexM0\ARM_GCC_473\Debug\Lticker.a(CapSense_1.o)
 .text.CapSense_1_GetModulatorClkDivider
                0x00000000       0x1c .\CortexM0\ARM_GCC_473\Debug\Lticker.a(CapSense_1.o)
 .text.CapSense_1_SetModulatorClkDivider
                0x00000000       0x20 .\CortexM0\ARM_GCC_473\Debug\Lticker.a(CapSense_1.o)
 .text.CapSense_1_GetModulationIDAC
                0x00000000       0x1c .\CortexM0\ARM_GCC_473\Debug\Lticker.a(CapSense_1.o)
 .text.CapSense_1_SetModulationIDAC
                0x00000000       0x20 .\CortexM0\ARM_GCC_473\Debug\Lticker.a(CapSense_1.o)
 .text.CapSense_1_GetCompensationIDAC
                0x00000000       0x1c .\CortexM0\ARM_GCC_473\Debug\Lticker.a(CapSense_1.o)
 .text.CapSense_1_SetCompensationIDAC
                0x00000000       0x20 .\CortexM0\ARM_GCC_473\Debug\Lticker.a(CapSense_1.o)
 .text.CapSense_1_GetIDACRange
                0x00000000       0x20 .\CortexM0\ARM_GCC_473\Debug\Lticker.a(CapSense_1.o)
 .text.CapSense_1_SetIDACRange
                0x00000000       0x3c .\CortexM0\ARM_GCC_473\Debug\Lticker.a(CapSense_1.o)
 .text.CapSense_1_SetUnscannedSensorState
                0x00000000       0x20 .\CortexM0\ARM_GCC_473\Debug\Lticker.a(CapSense_1.o)
 .text          0x00000000        0x0 .\CortexM0\ARM_GCC_473\Debug\Lticker.a(CapSense_1_CSHL.o)
 .text.CapSense_1_InitializeEnabledBaselines
                0x00000000       0x50 .\CortexM0\ARM_GCC_473\Debug\Lticker.a(CapSense_1_CSHL.o)
 .text.CapSense_1_GetBaselineData
                0x00000000       0x1c .\CortexM0\ARM_GCC_473\Debug\Lticker.a(CapSense_1_CSHL.o)
 .text.CapSense_1_SetBaselineData
                0x00000000       0x24 .\CortexM0\ARM_GCC_473\Debug\Lticker.a(CapSense_1_CSHL.o)
 .text.CapSense_1_GetDiffCountData
                0x00000000       0x1c .\CortexM0\ARM_GCC_473\Debug\Lticker.a(CapSense_1_CSHL.o)
 .text.CapSense_1_SetDiffCountData
                0x00000000       0x24 .\CortexM0\ARM_GCC_473\Debug\Lticker.a(CapSense_1_CSHL.o)
 .text.CapSense_1_GetFingerThreshold
                0x00000000       0x1c .\CortexM0\ARM_GCC_473\Debug\Lticker.a(CapSense_1_CSHL.o)
 .text.CapSense_1_GetNoiseThreshold
                0x00000000       0x1c .\CortexM0\ARM_GCC_473\Debug\Lticker.a(CapSense_1_CSHL.o)
 .text.CapSense_1_GetFingerHysteresis
                0x00000000       0x1c .\CortexM0\ARM_GCC_473\Debug\Lticker.a(CapSense_1_CSHL.o)
 .text.CapSense_1_GetNegativeNoiseThreshold
                0x00000000       0x1c .\CortexM0\ARM_GCC_473\Debug\Lticker.a(CapSense_1_CSHL.o)
 .text.CapSense_1_SetFingerThreshold
                0x00000000       0x24 .\CortexM0\ARM_GCC_473\Debug\Lticker.a(CapSense_1_CSHL.o)
 .text.CapSense_1_SetNoiseThreshold
                0x00000000       0x24 .\CortexM0\ARM_GCC_473\Debug\Lticker.a(CapSense_1_CSHL.o)
 .text.CapSense_1_SetFingerHysteresis
                0x00000000       0x24 .\CortexM0\ARM_GCC_473\Debug\Lticker.a(CapSense_1_CSHL.o)
 .text.CapSense_1_SetNegativeNoiseThreshold
                0x00000000       0x24 .\CortexM0\ARM_GCC_473\Debug\Lticker.a(CapSense_1_CSHL.o)
 .text.CapSense_1_SetDebounce
                0x00000000       0x24 .\CortexM0\ARM_GCC_473\Debug\Lticker.a(CapSense_1_CSHL.o)
 .text.CapSense_1_SetLowBaselineReset
                0x00000000       0x24 .\CortexM0\ARM_GCC_473\Debug\Lticker.a(CapSense_1_CSHL.o)
 .text.CapSense_1_CheckIsSensorActive
                0x00000000      0x140 .\CortexM0\ARM_GCC_473\Debug\Lticker.a(CapSense_1_CSHL.o)
 .text.CapSense_1_CheckIsWidgetActive
                0x00000000       0x58 .\CortexM0\ARM_GCC_473\Debug\Lticker.a(CapSense_1_CSHL.o)
 .text.CapSense_1_CheckIsAnyWidgetActive
                0x00000000       0x38 .\CortexM0\ARM_GCC_473\Debug\Lticker.a(CapSense_1_CSHL.o)
 .text.CapSense_1_EnableWidget
                0x00000000       0x70 .\CortexM0\ARM_GCC_473\Debug\Lticker.a(CapSense_1_CSHL.o)
 .text.CapSense_1_DisableWidget
                0x00000000       0x70 .\CortexM0\ARM_GCC_473\Debug\Lticker.a(CapSense_1_CSHL.o)
 .text.CapSense_1_GetRadialCentroidPos
                0x00000000       0xb4 .\CortexM0\ARM_GCC_473\Debug\Lticker.a(CapSense_1_CSHL.o)
 .text.CapSense_1_MedianFilter
                0x00000000       0x6c .\CortexM0\ARM_GCC_473\Debug\Lticker.a(CapSense_1_CSHL.o)
 .text.CapSense_1_GetWidgetNumber
                0x00000000       0x1c .\CortexM0\ARM_GCC_473\Debug\Lticker.a(CapSense_1_CSHL.o)
 .text.CapSense_1_GetLowBaselineReset
                0x00000000       0x1c .\CortexM0\ARM_GCC_473\Debug\Lticker.a(CapSense_1_CSHL.o)
 .text.CapSense_1_GetDebounce
                0x00000000       0x1c .\CortexM0\ARM_GCC_473\Debug\Lticker.a(CapSense_1_CSHL.o)
 .text          0x00000000        0x0 .\CortexM0\ARM_GCC_473\Debug\Lticker.a(CapSense_1_INT.o)
 .data          0x00000000        0x0 .\CortexM0\ARM_GCC_473\Debug\Lticker.a(CapSense_1_INT.o)
 .text          0x00000000        0x0 .\CortexM0\ARM_GCC_473\Debug\Lticker.a(CapSense_1_SMS.o)
 .bss           0x00000000        0x0 .\CortexM0\ARM_GCC_473\Debug\Lticker.a(CapSense_1_SMS.o)
 .text.CapSense_1_SetSensitivity
                0x00000000       0x4c .\CortexM0\ARM_GCC_473\Debug\Lticker.a(CapSense_1_SMS.o)
 .text.CapSense_1_GetSensitivityCoefficient
                0x00000000       0x1c .\CortexM0\ARM_GCC_473\Debug\Lticker.a(CapSense_1_SMS.o)
 .text.CapSense_1_GetNoiseEnvelope
                0x00000000       0x24 .\CortexM0\ARM_GCC_473\Debug\Lticker.a(CapSense_1_SMS.o)
 .text.CapSense_1_GetNormalizedDiffCountData
                0x00000000       0x38 .\CortexM0\ARM_GCC_473\Debug\Lticker.a(CapSense_1_SMS.o)
 .text          0x00000000        0x0 .\CortexM0\ARM_GCC_473\Debug\Lticker.a(CapSense_1_SampleClk.o)
 .data          0x00000000        0x0 .\CortexM0\ARM_GCC_473\Debug\Lticker.a(CapSense_1_SampleClk.o)
 .bss           0x00000000        0x0 .\CortexM0\ARM_GCC_473\Debug\Lticker.a(CapSense_1_SampleClk.o)
 .text.CapSense_1_SampleClk_GetDividerRegister
                0x00000000       0x14 .\CortexM0\ARM_GCC_473\Debug\Lticker.a(CapSense_1_SampleClk.o)
 .text.CapSense_1_SampleClk_GetFractionalDividerRegister
                0x00000000        0xc .\CortexM0\ARM_GCC_473\Debug\Lticker.a(CapSense_1_SampleClk.o)
 .text          0x00000000        0x0 .\CortexM0\ARM_GCC_473\Debug\Lticker.a(CapSense_1_SenseClk.o)
 .data          0x00000000        0x0 .\CortexM0\ARM_GCC_473\Debug\Lticker.a(CapSense_1_SenseClk.o)
 .bss           0x00000000        0x0 .\CortexM0\ARM_GCC_473\Debug\Lticker.a(CapSense_1_SenseClk.o)
 .text.CapSense_1_SenseClk_GetDividerRegister
                0x00000000       0x14 .\CortexM0\ARM_GCC_473\Debug\Lticker.a(CapSense_1_SenseClk.o)
 .text.CapSense_1_SenseClk_GetFractionalDividerRegister
                0x00000000        0xc .\CortexM0\ARM_GCC_473\Debug\Lticker.a(CapSense_1_SenseClk.o)
 .text          0x00000000        0x0 .\CortexM0\ARM_GCC_473\Debug\Lticker.a(Pin_SW.o)
 .data          0x00000000        0x0 .\CortexM0\ARM_GCC_473\Debug\Lticker.a(Pin_SW.o)
 .bss           0x00000000        0x0 .\CortexM0\ARM_GCC_473\Debug\Lticker.a(Pin_SW.o)
 .text.Pin_SW_Write
                0x00000000       0x48 .\CortexM0\ARM_GCC_473\Debug\Lticker.a(Pin_SW.o)
 .text.Pin_SW_SetDriveMode
                0x00000000       0x30 .\CortexM0\ARM_GCC_473\Debug\Lticker.a(Pin_SW.o)
 .text.Pin_SW_ReadDataReg
                0x00000000       0x1c .\CortexM0\ARM_GCC_473\Debug\Lticker.a(Pin_SW.o)
 .text.Pin_SW_ClearInterrupt
                0x00000000       0x30 .\CortexM0\ARM_GCC_473\Debug\Lticker.a(Pin_SW.o)
 .text          0x00000000        0x0 .\CortexM0\ARM_GCC_473\Debug\Lticker.a(PWM_2.o)
 .data          0x00000000        0x0 .\CortexM0\ARM_GCC_473\Debug\Lticker.a(PWM_2.o)
 .text.PWM_2_Stop
                0x00000000       0x1c .\CortexM0\ARM_GCC_473\Debug\Lticker.a(PWM_2.o)
 .text.PWM_2_ReadCounter
                0x00000000       0x1c .\CortexM0\ARM_GCC_473\Debug\Lticker.a(PWM_2.o)
 .text.PWM_2_ReadControlRegister
                0x00000000       0x20 .\CortexM0\ARM_GCC_473\Debug\Lticker.a(PWM_2.o)
 .text.PWM_2_WriteControlRegister
                0x00000000       0x20 .\CortexM0\ARM_GCC_473\Debug\Lticker.a(PWM_2.o)
 .text.PWM_2_ReadCompare
                0x00000000       0x14 .\CortexM0\ARM_GCC_473\Debug\Lticker.a(PWM_2.o)
 .text.PWM_2_ReadPeriod
                0x00000000       0x14 .\CortexM0\ARM_GCC_473\Debug\Lticker.a(PWM_2.o)
 .data          0x00000000        0x0 .\CortexM0\ARM_GCC_473\Debug\Lticker.a(CyBootAsmGnu.o)
 .bss           0x00000000        0x0 .\CortexM0\ARM_GCC_473\Debug\Lticker.a(CyBootAsmGnu.o)
 .text          0x00000000        0x0 C:\Program Files (x86)\Cypress\PSoC Creator\3.0\PSoC Creator\psoc\content\cycomponentlibrary\CyComponentLibrary.cylib\CortexM0\ARM_GCC_473\Debug\CyComponentLibrary.a(CSD_P4_SmartSense_v2_0.o)
 .data          0x00000000        0x0 C:\Program Files (x86)\Cypress\PSoC Creator\3.0\PSoC Creator\psoc\content\cycomponentlibrary\CyComponentLibrary.cylib\CortexM0\ARM_GCC_473\Debug\CyComponentLibrary.a(CSD_P4_SmartSense_v2_0.o)
 .bss           0x00000000        0x0 C:\Program Files (x86)\Cypress\PSoC Creator\3.0\PSoC Creator\psoc\content\cycomponentlibrary\CyComponentLibrary.cylib\CortexM0\ARM_GCC_473\Debug\CyComponentLibrary.a(CSD_P4_SmartSense_v2_0.o)
 .text.CalculateThresholds_P4_v2_0
                0x00000000       0x44 C:\Program Files (x86)\Cypress\PSoC Creator\3.0\PSoC Creator\psoc\content\cycomponentlibrary\CyComponentLibrary.cylib\CortexM0\ARM_GCC_473\Debug\CyComponentLibrary.a(CSD_P4_SmartSense_v2_0.o)
 .data          0x00000000        0x0 c:/program files (x86)/cypress/psoc creator/3.0/psoc creator/import/gnu_cs/arm/4.7.3/bin/../lib/gcc/arm-none-eabi/4.7.3/armv6-m\libgcc.a(_udivsi3.o)
 .bss           0x00000000        0x0 c:/program files (x86)/cypress/psoc creator/3.0/psoc creator/import/gnu_cs/arm/4.7.3/bin/../lib/gcc/arm-none-eabi/4.7.3/armv6-m\libgcc.a(_udivsi3.o)
 .data          0x00000000        0x0 c:/program files (x86)/cypress/psoc creator/3.0/psoc creator/import/gnu_cs/arm/4.7.3/bin/../lib/gcc/arm-none-eabi/4.7.3/armv6-m\libgcc.a(_divsi3.o)
 .bss           0x00000000        0x0 c:/program files (x86)/cypress/psoc creator/3.0/psoc creator/import/gnu_cs/arm/4.7.3/bin/../lib/gcc/arm-none-eabi/4.7.3/armv6-m\libgcc.a(_divsi3.o)
 .data          0x00000000        0x0 c:/program files (x86)/cypress/psoc creator/3.0/psoc creator/import/gnu_cs/arm/4.7.3/bin/../lib/gcc/arm-none-eabi/4.7.3/armv6-m\libgcc.a(_dvmd_tls.o)
 .bss           0x00000000        0x0 c:/program files (x86)/cypress/psoc creator/3.0/psoc creator/import/gnu_cs/arm/4.7.3/bin/../lib/gcc/arm-none-eabi/4.7.3/armv6-m\libgcc.a(_dvmd_tls.o)
 .text          0x00000000        0x0 c:/program files (x86)/cypress/psoc creator/3.0/psoc creator/import/gnu_cs/arm/4.7.3/bin/../lib/gcc/arm-none-eabi/4.7.3/../../../../arm-none-eabi/lib/armv6-m\libc_s.a(lib_a-__atexit2.o)
 .data          0x00000000        0x0 c:/program files (x86)/cypress/psoc creator/3.0/psoc creator/import/gnu_cs/arm/4.7.3/bin/../lib/gcc/arm-none-eabi/4.7.3/../../../../arm-none-eabi/lib/armv6-m\libc_s.a(lib_a-__atexit2.o)
 .bss           0x00000000        0x0 c:/program files (x86)/cypress/psoc creator/3.0/psoc creator/import/gnu_cs/arm/4.7.3/bin/../lib/gcc/arm-none-eabi/4.7.3/../../../../arm-none-eabi/lib/armv6-m\libc_s.a(lib_a-__atexit2.o)
 .text.__register_exitproc
                0x00000000       0x18 c:/program files (x86)/cypress/psoc creator/3.0/psoc creator/import/gnu_cs/arm/4.7.3/bin/../lib/gcc/arm-none-eabi/4.7.3/../../../../arm-none-eabi/lib/armv6-m\libc_s.a(lib_a-__atexit2.o)
 .text          0x00000000        0x0 c:/program files (x86)/cypress/psoc creator/3.0/psoc creator/import/gnu_cs/arm/4.7.3/bin/../lib/gcc/arm-none-eabi/4.7.3/../../../../arm-none-eabi/lib/armv6-m\libc_s.a(lib_a-exit.o)
 .data          0x00000000        0x0 c:/program files (x86)/cypress/psoc creator/3.0/psoc creator/import/gnu_cs/arm/4.7.3/bin/../lib/gcc/arm-none-eabi/4.7.3/../../../../arm-none-eabi/lib/armv6-m\libc_s.a(lib_a-exit.o)
 .bss           0x00000000        0x0 c:/program files (x86)/cypress/psoc creator/3.0/psoc creator/import/gnu_cs/arm/4.7.3/bin/../lib/gcc/arm-none-eabi/4.7.3/../../../../arm-none-eabi/lib/armv6-m\libc_s.a(lib_a-exit.o)
 .text.exit     0x00000000       0x30 c:/program files (x86)/cypress/psoc creator/3.0/psoc creator/import/gnu_cs/arm/4.7.3/bin/../lib/gcc/arm-none-eabi/4.7.3/../../../../arm-none-eabi/lib/armv6-m\libc_s.a(lib_a-exit.o)
 .text          0x00000000        0x0 c:/program files (x86)/cypress/psoc creator/3.0/psoc creator/import/gnu_cs/arm/4.7.3/bin/../lib/gcc/arm-none-eabi/4.7.3/../../../../arm-none-eabi/lib/armv6-m\libc_s.a(lib_a-fini.o)
 .data          0x00000000        0x0 c:/program files (x86)/cypress/psoc creator/3.0/psoc creator/import/gnu_cs/arm/4.7.3/bin/../lib/gcc/arm-none-eabi/4.7.3/../../../../arm-none-eabi/lib/armv6-m\libc_s.a(lib_a-fini.o)
 .bss           0x00000000        0x0 c:/program files (x86)/cypress/psoc creator/3.0/psoc creator/import/gnu_cs/arm/4.7.3/bin/../lib/gcc/arm-none-eabi/4.7.3/../../../../arm-none-eabi/lib/armv6-m\libc_s.a(lib_a-fini.o)
 .text.__libc_fini_array
                0x00000000       0x2c c:/program files (x86)/cypress/psoc creator/3.0/psoc creator/import/gnu_cs/arm/4.7.3/bin/../lib/gcc/arm-none-eabi/4.7.3/../../../../arm-none-eabi/lib/armv6-m\libc_s.a(lib_a-fini.o)
 .text          0x00000000        0x0 c:/program files (x86)/cypress/psoc creator/3.0/psoc creator/import/gnu_cs/arm/4.7.3/bin/../lib/gcc/arm-none-eabi/4.7.3/../../../../arm-none-eabi/lib/armv6-m\libc_s.a(lib_a-impure.o)
 .data          0x00000000        0x0 c:/program files (x86)/cypress/psoc creator/3.0/psoc creator/import/gnu_cs/arm/4.7.3/bin/../lib/gcc/arm-none-eabi/4.7.3/../../../../arm-none-eabi/lib/armv6-m\libc_s.a(lib_a-impure.o)
 .bss           0x00000000        0x0 c:/program files (x86)/cypress/psoc creator/3.0/psoc creator/import/gnu_cs/arm/4.7.3/bin/../lib/gcc/arm-none-eabi/4.7.3/../../../../arm-none-eabi/lib/armv6-m\libc_s.a(lib_a-impure.o)
 .data.impure_data
                0x00000000       0x64 c:/program files (x86)/cypress/psoc creator/3.0/psoc creator/import/gnu_cs/arm/4.7.3/bin/../lib/gcc/arm-none-eabi/4.7.3/../../../../arm-none-eabi/lib/armv6-m\libc_s.a(lib_a-impure.o)
 .data._impure_ptr
                0x00000000        0x4 c:/program files (x86)/cypress/psoc creator/3.0/psoc creator/import/gnu_cs/arm/4.7.3/bin/../lib/gcc/arm-none-eabi/4.7.3/../../../../arm-none-eabi/lib/armv6-m\libc_s.a(lib_a-impure.o)
 .rodata.str1.1
                0x00000000        0x2 c:/program files (x86)/cypress/psoc creator/3.0/psoc creator/import/gnu_cs/arm/4.7.3/bin/../lib/gcc/arm-none-eabi/4.7.3/../../../../arm-none-eabi/lib/armv6-m\libc_s.a(lib_a-impure.o)
 .rodata._global_impure_ptr
                0x00000000        0x4 c:/program files (x86)/cypress/psoc creator/3.0/psoc creator/import/gnu_cs/arm/4.7.3/bin/../lib/gcc/arm-none-eabi/4.7.3/../../../../arm-none-eabi/lib/armv6-m\libc_s.a(lib_a-impure.o)
 .text          0x00000000        0x0 c:/program files (x86)/cypress/psoc creator/3.0/psoc creator/import/gnu_cs/arm/4.7.3/bin/../lib/gcc/arm-none-eabi/4.7.3/../../../../arm-none-eabi/lib/armv6-m\libc_s.a(lib_a-init.o)
 .data          0x00000000        0x0 c:/program files (x86)/cypress/psoc creator/3.0/psoc creator/import/gnu_cs/arm/4.7.3/bin/../lib/gcc/arm-none-eabi/4.7.3/../../../../arm-none-eabi/lib/armv6-m\libc_s.a(lib_a-init.o)
 .bss           0x00000000        0x0 c:/program files (x86)/cypress/psoc creator/3.0/psoc creator/import/gnu_cs/arm/4.7.3/bin/../lib/gcc/arm-none-eabi/4.7.3/../../../../arm-none-eabi/lib/armv6-m\libc_s.a(lib_a-init.o)
 .text          0x00000000        0x0 c:/program files (x86)/cypress/psoc creator/3.0/psoc creator/import/gnu_cs/arm/4.7.3/bin/../lib/gcc/arm-none-eabi/4.7.3/../../../../arm-none-eabi/lib/armv6-m\libc_s.a(lib_a-memcpy.o)
 .data          0x00000000        0x0 c:/program files (x86)/cypress/psoc creator/3.0/psoc creator/import/gnu_cs/arm/4.7.3/bin/../lib/gcc/arm-none-eabi/4.7.3/../../../../arm-none-eabi/lib/armv6-m\libc_s.a(lib_a-memcpy.o)
 .bss           0x00000000        0x0 c:/program files (x86)/cypress/psoc creator/3.0/psoc creator/import/gnu_cs/arm/4.7.3/bin/../lib/gcc/arm-none-eabi/4.7.3/../../../../arm-none-eabi/lib/armv6-m\libc_s.a(lib_a-memcpy.o)
 .text          0x00000000        0x0 c:/program files (x86)/cypress/psoc creator/3.0/psoc creator/import/gnu_cs/arm/4.7.3/bin/../lib/gcc/arm-none-eabi/4.7.3/../../../../arm-none-eabi/lib/armv6-m\libc_s.a(lib_a-memset.o)
 .data          0x00000000        0x0 c:/program files (x86)/cypress/psoc creator/3.0/psoc creator/import/gnu_cs/arm/4.7.3/bin/../lib/gcc/arm-none-eabi/4.7.3/../../../../arm-none-eabi/lib/armv6-m\libc_s.a(lib_a-memset.o)
 .bss           0x00000000        0x0 c:/program files (x86)/cypress/psoc creator/3.0/psoc creator/import/gnu_cs/arm/4.7.3/bin/../lib/gcc/arm-none-eabi/4.7.3/../../../../arm-none-eabi/lib/armv6-m\libc_s.a(lib_a-memset.o)
 .text          0x00000000        0x0 c:/program files (x86)/cypress/psoc creator/3.0/psoc creator/import/gnu_cs/arm/4.7.3/bin/../lib/gcc/arm-none-eabi/4.7.3/armv6-m/crtend.o
 .data          0x00000000        0x0 c:/program files (x86)/cypress/psoc creator/3.0/psoc creator/import/gnu_cs/arm/4.7.3/bin/../lib/gcc/arm-none-eabi/4.7.3/armv6-m/crtend.o
 .bss           0x00000000        0x0 c:/program files (x86)/cypress/psoc creator/3.0/psoc creator/import/gnu_cs/arm/4.7.3/bin/../lib/gcc/arm-none-eabi/4.7.3/armv6-m/crtend.o
 .text          0x00000000        0x0 c:/program files (x86)/cypress/psoc creator/3.0/psoc creator/import/gnu_cs/arm/4.7.3/bin/../lib/gcc/arm-none-eabi/4.7.3/armv6-m/crtn.o
 .data          0x00000000        0x0 c:/program files (x86)/cypress/psoc creator/3.0/psoc creator/import/gnu_cs/arm/4.7.3/bin/../lib/gcc/arm-none-eabi/4.7.3/armv6-m/crtn.o
 .bss           0x00000000        0x0 c:/program files (x86)/cypress/psoc creator/3.0/psoc creator/import/gnu_cs/arm/4.7.3/bin/../lib/gcc/arm-none-eabi/4.7.3/armv6-m/crtn.o

Memory Configuration

Name             Origin             Length             Attributes
rom              0x00000000         0x00008000         xr
ram              0x20000000         0x00001000         xrw
*default*        0x00000000         0xffffffff

Linker script and memory map

LOAD c:/program files (x86)/cypress/psoc creator/3.0/psoc creator/import/gnu_cs/arm/4.7.3/bin/../lib/gcc/arm-none-eabi/4.7.3/armv6-m/crti.o
LOAD c:/program files (x86)/cypress/psoc creator/3.0/psoc creator/import/gnu_cs/arm/4.7.3/bin/../lib/gcc/arm-none-eabi/4.7.3/armv6-m/crtbegin.o
LOAD c:/program files (x86)/cypress/psoc creator/3.0/psoc creator/import/gnu_cs/arm/4.7.3/bin/../lib/gcc/arm-none-eabi/4.7.3/../../../../arm-none-eabi/lib/armv6-m/crt0.o
START GROUP
LOAD .\CortexM0\ARM_GCC_473\Debug\main.o
LOAD .\CortexM0\ARM_GCC_473\Debug\cymetadata.o
LOAD .\CortexM0\ARM_GCC_473\Debug\Cm0Start.o
LOAD .\CortexM0\ARM_GCC_473\Debug\Lticker.a
LOAD C:\Program Files (x86)\Cypress\PSoC Creator\3.0\PSoC Creator\psoc\content\cycomponentlibrary\CyComponentLibrary.cylib\CortexM0\ARM_GCC_473\Debug\CyComponentLibrary.a
END GROUP
START GROUP
LOAD c:/program files (x86)/cypress/psoc creator/3.0/psoc creator/import/gnu_cs/arm/4.7.3/bin/../lib/gcc/arm-none-eabi/4.7.3/armv6-m\libgcc.a
LOAD c:/program files (x86)/cypress/psoc creator/3.0/psoc creator/import/gnu_cs/arm/4.7.3/bin/../lib/gcc/arm-none-eabi/4.7.3/../../../../arm-none-eabi/lib/armv6-m\libc_s.a
END GROUP
LOAD c:/program files (x86)/cypress/psoc creator/3.0/psoc creator/import/gnu_cs/arm/4.7.3/bin/../lib/gcc/arm-none-eabi/4.7.3/armv6-m/crtend.o
LOAD c:/program files (x86)/cypress/psoc creator/3.0/psoc creator/import/gnu_cs/arm/4.7.3/bin/../lib/gcc/arm-none-eabi/4.7.3/armv6-m/crtn.o
START GROUP
LOAD c:/program files (x86)/cypress/psoc creator/3.0/psoc creator/import/gnu_cs/arm/4.7.3/bin/../lib/gcc/arm-none-eabi/4.7.3/armv6-m\libgcc.a
LOAD c:/program files (x86)/cypress/psoc creator/3.0/psoc creator/import/gnu_cs/arm/4.7.3/bin/../lib/gcc/arm-none-eabi/4.7.3/../../../../arm-none-eabi/lib/armv6-m\libc.a
LOAD c:/program files (x86)/cypress/psoc creator/3.0/psoc creator/import/gnu_cs/arm/4.7.3/bin/../lib/gcc/arm-none-eabi/4.7.3/../../../../arm-none-eabi/lib/armv6-m\libnosys.a
END GROUP
                0x00000000                CY_APPL_ORIGIN = 0x0
                0x00000080                CY_FLASH_ROW_SIZE = 0x80
                0x00000001                CY_APPL_NUM = 0x1
                0x00000040                CY_METADATA_SIZE = 0x40
                0x20000268                PROVIDE (__cy_heap_start, _end)
                0x00000001                PROVIDE (__cy_region_num, ((__cy_regions_end - __cy_regions) / 0x10))
                0x20001000                PROVIDE (__cy_stack, (ORIGIN (ram) + 0x1000))
                0x20000c00                PROVIDE (__cy_heap_end, (__cy_stack - 0x400))

.cybootloader   0x00000000        0x0
 *(.cybootloader)
                0x00000000                appl1_start = CY_APPL_ORIGIN?CY_APPL_ORIGIN:ALIGN (CY_FLASH_ROW_SIZE)
                0x00003f80                appl2_start = (appl1_start + ALIGN ((((0x8000 - appl1_start) - (0x2 * CY_FLASH_ROW_SIZE)) / 0x2), CY_FLASH_ROW_SIZE))
                0x00000000                appl_start = (CY_APPL_NUM == 0x1)?appl1_start:appl2_start

.text           0x00000000     0x27e0
 CREATE_OBJECT_SYMBOLS
                0x00000000                PROVIDE (__cy_interrupt_vector, RomVectors)
 *(.romvectors)
 .romvectors    0x00000000       0x10 .\CortexM0\ARM_GCC_473\Debug\Cm0Start.o
                0x00000000                RomVectors
                0x00000001                ASSERT ((. != __cy_interrupt_vector), No interrupt vector)
                0x00000001                ASSERT (CY_APPL_ORIGIN?(SIZEOF (.cybootloader) <= CY_APPL_ORIGIN):0x1, Wrong image location)
                0x00000010                PROVIDE (__cy_reset, Reset)
 *(.text.Reset)
 .text.Reset    0x00000010        0x8 .\CortexM0\ARM_GCC_473\Debug\Cm0Start.o
                0x00000010                Reset
                0x00000001                ASSERT ((. != __cy_reset), No reset code)
 *(.psocinit)
 .psocinit      0x00000018      0x324 .\CortexM0\ARM_GCC_473\Debug\Lticker.a(cyfitter_cfg.o)
                0x000001a0                cyfitter_cfg
                0x0000033c                . = MAX (., 0x100)
 *(.text .text.* .gnu.linkonce.t.*)
 .text          0x0000033c       0x60 c:/program files (x86)/cypress/psoc creator/3.0/psoc creator/import/gnu_cs/arm/4.7.3/bin/../lib/gcc/arm-none-eabi/4.7.3/armv6-m/crtbegin.o
 .text.NVIC_SetPriority
                0x0000039c       0xe0 .\CortexM0\ARM_GCC_473\Debug\main.o
 .text.SysTick_Config
                0x0000047c       0x48 .\CortexM0\ARM_GCC_473\Debug\main.o
 .text.WSDriverWriteByte
                0x000004c4       0x30 .\CortexM0\ARM_GCC_473\Debug\main.o
                0x000004c4                WSDriverWriteByte
 .text.sendPixels
                0x000004f4       0x60 .\CortexM0\ARM_GCC_473\Debug\main.o
                0x000004f4                sendPixels
 .text.refreshLED
                0x00000554       0xf8 .\CortexM0\ARM_GCC_473\Debug\main.o
                0x00000554                refreshLED
 .text.buttonScan
                0x0000064c       0x68 .\CortexM0\ARM_GCC_473\Debug\main.o
                0x0000064c                buttonScan
 .text.SysTick_Handler
                0x000006b4       0x4c .\CortexM0\ARM_GCC_473\Debug\main.o
                0x000006b4                SysTick_Handler
 .text.CapSense_GetPosition
                0x00000700       0x98 .\CortexM0\ARM_GCC_473\Debug\main.o
                0x00000700                CapSense_GetPosition
 .text.main     0x00000798       0x7c .\CortexM0\ARM_GCC_473\Debug\main.o
                0x00000798                main
 .text.IntDefaultHandler
                0x00000814        0x8 .\CortexM0\ARM_GCC_473\Debug\Cm0Start.o
                0x00000814                IntDefaultHandler
 .text.Start_c  0x0000081c       0xa4 .\CortexM0\ARM_GCC_473\Debug\Cm0Start.o
                0x0000081c                Start_c
 .text.initialize_psoc
                0x000008c0       0x64 .\CortexM0\ARM_GCC_473\Debug\Cm0Start.o
                0x000008c0                initialize_psoc
 .text.CYMEMZERO
                0x00000924       0x20 .\CortexM0\ARM_GCC_473\Debug\Lticker.a(cyfitter_cfg.o)
 .text.cfg_write_bytes32
                0x00000944       0x80 .\CortexM0\ARM_GCC_473\Debug\Lticker.a(cyfitter_cfg.o)
 .text.AnalogSetDefault
                0x000009c4       0x10 .\CortexM0\ARM_GCC_473\Debug\Lticker.a(cyfitter_cfg.o)
 .text.SetAnalogRoutingPumps
                0x000009d4       0x70 .\CortexM0\ARM_GCC_473\Debug\Lticker.a(cyfitter_cfg.o)
                0x000009d4                SetAnalogRoutingPumps
 .text.CyIntSetSysVector
                0x00000a44       0x48 .\CortexM0\ARM_GCC_473\Debug\Lticker.a(CyLib.o)
                0x00000a44                CyIntSetSysVector
 .text.CyIntSetVector
                0x00000a8c       0x4c .\CortexM0\ARM_GCC_473\Debug\Lticker.a(CyLib.o)
                0x00000a8c                CyIntSetVector
 .text.CyIntSetPriority
                0x00000ad8       0xa8 .\CortexM0\ARM_GCC_473\Debug\Lticker.a(CyLib.o)
                0x00000ad8                CyIntSetPriority
 .text.CyIntEnable
                0x00000b80       0x2c .\CortexM0\ARM_GCC_473\Debug\Lticker.a(CyLib.o)
                0x00000b80                CyIntEnable
 .text.CyIntDisable
                0x00000bac       0x2c .\CortexM0\ARM_GCC_473\Debug\Lticker.a(CyLib.o)
                0x00000bac                CyIntDisable
 .text.CyHalt   0x00000bd8       0x14 .\CortexM0\ARM_GCC_473\Debug\Lticker.a(CyLib.o)
                0x00000bd8                CyHalt
 .text.CyDelayUs
                0x00000bec       0x28 .\CortexM0\ARM_GCC_473\Debug\Lticker.a(CyLib.o)
                0x00000bec                CyDelayUs
 .text.PWM_1_Start
                0x00000c14       0x24 .\CortexM0\ARM_GCC_473\Debug\Lticker.a(PWM_1.o)
                0x00000c14                PWM_1_Start
 .text.PWM_1_Init
                0x00000c38       0x88 .\CortexM0\ARM_GCC_473\Debug\Lticker.a(PWM_1.o)
                0x00000c38                PWM_1_Init
 .text.PWM_1_Enable
                0x00000cc0       0x20 .\CortexM0\ARM_GCC_473\Debug\Lticker.a(PWM_1.o)
                0x00000cc0                PWM_1_Enable
 .text.PWM_1_WriteCounter
                0x00000ce0       0x20 .\CortexM0\ARM_GCC_473\Debug\Lticker.a(PWM_1.o)
                0x00000ce0                PWM_1_WriteCounter
 .text.PWM_1_ClearFIFO
                0x00000d00       0x1c .\CortexM0\ARM_GCC_473\Debug\Lticker.a(PWM_1.o)
                0x00000d00                PWM_1_ClearFIFO
 .text.PWM_1_WritePeriod
                0x00000d1c       0x20 .\CortexM0\ARM_GCC_473\Debug\Lticker.a(PWM_1.o)
                0x00000d1c                PWM_1_WritePeriod
 .text.PWM_1_WriteCompare1
                0x00000d3c       0x20 .\CortexM0\ARM_GCC_473\Debug\Lticker.a(PWM_1.o)
                0x00000d3c                PWM_1_WriteCompare1
 .text.PWM_1_WriteCompare2
                0x00000d5c       0x20 .\CortexM0\ARM_GCC_473\Debug\Lticker.a(PWM_1.o)
                0x00000d5c                PWM_1_WriteCompare2
 .text.PWM_1_SetInterruptMode
                0x00000d7c       0x20 .\CortexM0\ARM_GCC_473\Debug\Lticker.a(PWM_1.o)
                0x00000d7c                PWM_1_SetInterruptMode
 .text.PWM_1_ReadStatusRegister
                0x00000d9c       0x20 .\CortexM0\ARM_GCC_473\Debug\Lticker.a(PWM_1.o)
                0x00000d9c                PWM_1_ReadStatusRegister
 .text.PWM_1_ReadCapture
                0x00000dbc       0x14 .\CortexM0\ARM_GCC_473\Debug\Lticker.a(PWM_1.o)
                0x00000dbc                PWM_1_ReadCapture
 .text.Status_Reg_1_Read
                0x00000dd0       0x14 .\CortexM0\ARM_GCC_473\Debug\Lticker.a(Status_Reg_1.o)
                0x00000dd0                Status_Reg_1_Read
 .text.CapSense_1_Init
                0x00000de4       0x3c .\CortexM0\ARM_GCC_473\Debug\Lticker.a(CapSense_1.o)
                0x00000de4                CapSense_1_Init
 .text.CapSense_1_CsdHwBlockInit
                0x00000e20       0xc0 .\CortexM0\ARM_GCC_473\Debug\Lticker.a(CapSense_1.o)
                0x00000e20                CapSense_1_CsdHwBlockInit
 .text.CapSense_1_Enable
                0x00000ee0       0x50 .\CortexM0\ARM_GCC_473\Debug\Lticker.a(CapSense_1.o)
                0x00000ee0                CapSense_1_Enable
 .text.CapSense_1_Start
                0x00000f30       0x44 .\CortexM0\ARM_GCC_473\Debug\Lticker.a(CapSense_1.o)
                0x00000f30                CapSense_1_Start
 .text.CapSense_1_FindNextSensor
                0x00000f74       0x4c .\CortexM0\ARM_GCC_473\Debug\Lticker.a(CapSense_1.o)
                0x00000f74                CapSense_1_FindNextSensor
 .text.CapSense_1_ScanSensor
                0x00000fc0       0x34 .\CortexM0\ARM_GCC_473\Debug\Lticker.a(CapSense_1.o)
                0x00000fc0                CapSense_1_ScanSensor
 .text.CapSense_1_ScanEnabledWidgets
                0x00000ff4       0x58 .\CortexM0\ARM_GCC_473\Debug\Lticker.a(CapSense_1.o)
                0x00000ff4                CapSense_1_ScanEnabledWidgets
 .text.CapSense_1_IsBusy
                0x0000104c       0x1c .\CortexM0\ARM_GCC_473\Debug\Lticker.a(CapSense_1.o)
                0x0000104c                CapSense_1_IsBusy
 .text.CapSense_1_ReadSensorRaw
                0x00001068       0x1c .\CortexM0\ARM_GCC_473\Debug\Lticker.a(CapSense_1.o)
                0x00001068                CapSense_1_ReadSensorRaw
 .text.CapSense_1_ClearSensors
                0x00001084       0x28 .\CortexM0\ARM_GCC_473\Debug\Lticker.a(CapSense_1.o)
                0x00001084                CapSense_1_ClearSensors
 .text.CapSense_1_EnableSensor
                0x000010ac       0xcc .\CortexM0\ARM_GCC_473\Debug\Lticker.a(CapSense_1.o)
                0x000010ac                CapSense_1_EnableSensor
 .text.CapSense_1_DisableSensor
                0x00001178      0x124 .\CortexM0\ARM_GCC_473\Debug\Lticker.a(CapSense_1.o)
                0x00001178                CapSense_1_DisableSensor
 .text.CapSense_1_PreScan
                0x0000129c      0x13c .\CortexM0\ARM_GCC_473\Debug\Lticker.a(CapSense_1.o)
                0x0000129c                CapSense_1_PreScan
 .text.CapSense_1_PostScan
                0x000013d8       0xc8 .\CortexM0\ARM_GCC_473\Debug\Lticker.a(CapSense_1.o)
                0x000013d8                CapSense_1_PostScan
 .text.CapSense_1_SetShieldDelay
                0x000014a0       0x30 .\CortexM0\ARM_GCC_473\Debug\Lticker.a(CapSense_1.o)
                0x000014a0                CapSense_1_SetShieldDelay
 .text.CapSense_1_GetBitValue
                0x000014d0       0x44 .\CortexM0\ARM_GCC_473\Debug\Lticker.a(CapSense_1.o)
                0x000014d0                CapSense_1_GetBitValue
 .text.CapSense_1_SetBitValue
                0x00001514       0x68 .\CortexM0\ARM_GCC_473\Debug\Lticker.a(CapSense_1.o)
                0x00001514                CapSense_1_SetBitValue
 .text.CapSense_1_GetSensorRaw
                0x0000157c       0x50 .\CortexM0\ARM_GCC_473\Debug\Lticker.a(CapSense_1.o)
                0x0000157c                CapSense_1_GetSensorRaw
 .text.CapSense_1_BaseInit
                0x000015cc       0x58 .\CortexM0\ARM_GCC_473\Debug\Lticker.a(CapSense_1_CSHL.o)
                0x000015cc                CapSense_1_BaseInit
 .text.CapSense_1_InitializeSensorBaseline
                0x00001624       0x2c .\CortexM0\ARM_GCC_473\Debug\Lticker.a(CapSense_1_CSHL.o)
                0x00001624                CapSense_1_InitializeSensorBaseline
 .text.CapSense_1_InitializeAllBaselines
                0x00001650       0x28 .\CortexM0\ARM_GCC_473\Debug\Lticker.a(CapSense_1_CSHL.o)
                0x00001650                CapSense_1_InitializeAllBaselines
 .text.CapSense_1_UpdateBaselineNoThreshold
                0x00001678      0x210 .\CortexM0\ARM_GCC_473\Debug\Lticker.a(CapSense_1_CSHL.o)
                0x00001678                CapSense_1_UpdateBaselineNoThreshold
 .text.CapSense_1_UpdateSensorBaseline
                0x00001888       0x20 .\CortexM0\ARM_GCC_473\Debug\Lticker.a(CapSense_1_CSHL.o)
                0x00001888                CapSense_1_UpdateSensorBaseline
 .text.CapSense_1_UpdateEnabledBaselines
                0x000018a8       0x40 .\CortexM0\ARM_GCC_473\Debug\Lticker.a(CapSense_1_CSHL.o)
                0x000018a8                CapSense_1_UpdateEnabledBaselines
 .text.CapSense_1_FindMaximum
                0x000018e8       0xac .\CortexM0\ARM_GCC_473\Debug\Lticker.a(CapSense_1_CSHL.o)
                0x000018e8                CapSense_1_FindMaximum
 .text.CapSense_1_CalcCentroid
                0x00001994      0x19c .\CortexM0\ARM_GCC_473\Debug\Lticker.a(CapSense_1_CSHL.o)
                0x00001994                CapSense_1_CalcCentroid
 .text.CapSense_1_GetCentroidPos
                0x00001b30      0x178 .\CortexM0\ARM_GCC_473\Debug\Lticker.a(CapSense_1_CSHL.o)
                0x00001b30                CapSense_1_GetCentroidPos
 .text.CapSense_1_IIR4Filter
                0x00001ca8       0x3c .\CortexM0\ARM_GCC_473\Debug\Lticker.a(CapSense_1_CSHL.o)
                0x00001ca8                CapSense_1_IIR4Filter
 .text.CapSense_1_ISR
                0x00001ce4       0xd4 .\CortexM0\ARM_GCC_473\Debug\Lticker.a(CapSense_1_INT.o)
                0x00001ce4                CapSense_1_ISR
 .text.CapSense_1_AutoTune
                0x00001db8      0x104 .\CortexM0\ARM_GCC_473\Debug\Lticker.a(CapSense_1_SMS.o)
                0x00001db8                CapSense_1_AutoTune
 .text.CapSense_1_UpdateThresholds
                0x00001ebc       0x70 .\CortexM0\ARM_GCC_473\Debug\Lticker.a(CapSense_1_SMS.o)
                0x00001ebc                CapSense_1_UpdateThresholds
 .text.CapSense_1_NormalizeWidgets
                0x00001f2c       0x9c .\CortexM0\ARM_GCC_473\Debug\Lticker.a(CapSense_1_SMS.o)
                0x00001f2c                CapSense_1_NormalizeWidgets
 .text.CapSense_1_SetAnalogSwitchesSrcDirect
                0x00001fc8       0x18 .\CortexM0\ARM_GCC_473\Debug\Lticker.a(CapSense_1_SMS.o)
                0x00001fc8                CapSense_1_SetAnalogSwitchesSrcDirect
 .text.CapSense_1_DisableBaselineIDAC
                0x00001fe0       0x34 .\CortexM0\ARM_GCC_473\Debug\Lticker.a(CapSense_1_SMS.o)
                0x00001fe0                CapSense_1_DisableBaselineIDAC
 .text.CapSense_1_EnableBaselineIDAC
                0x00002014       0x8c .\CortexM0\ARM_GCC_473\Debug\Lticker.a(CapSense_1_SMS.o)
                0x00002014                CapSense_1_EnableBaselineIDAC
 .text.CapSense_1_SampleClk_Start
                0x000020a0       0x1c .\CortexM0\ARM_GCC_473\Debug\Lticker.a(CapSense_1_SampleClk.o)
                0x000020a0                CapSense_1_SampleClk_Start
 .text.CapSense_1_SampleClk_Stop
                0x000020bc       0x18 .\CortexM0\ARM_GCC_473\Debug\Lticker.a(CapSense_1_SampleClk.o)
                0x000020bc                CapSense_1_SampleClk_Stop
 .text.CapSense_1_SampleClk_SetFractionalDividerRegister
                0x000020d4       0x38 .\CortexM0\ARM_GCC_473\Debug\Lticker.a(CapSense_1_SampleClk.o)
                0x000020d4                CapSense_1_SampleClk_SetFractionalDividerRegister
 .text.CapSense_1_SenseClk_Start
                0x0000210c       0x1c .\CortexM0\ARM_GCC_473\Debug\Lticker.a(CapSense_1_SenseClk.o)
                0x0000210c                CapSense_1_SenseClk_Start
 .text.CapSense_1_SenseClk_Stop
                0x00002128       0x18 .\CortexM0\ARM_GCC_473\Debug\Lticker.a(CapSense_1_SenseClk.o)
                0x00002128                CapSense_1_SenseClk_Stop
 .text.CapSense_1_SenseClk_SetFractionalDividerRegister
                0x00002140       0x38 .\CortexM0\ARM_GCC_473\Debug\Lticker.a(CapSense_1_SenseClk.o)
                0x00002140                CapSense_1_SenseClk_SetFractionalDividerRegister
 .text.Pin_SW_Read
                0x00002178       0x1c .\CortexM0\ARM_GCC_473\Debug\Lticker.a(Pin_SW.o)
                0x00002178                Pin_SW_Read
 .text.PWM_2_Start
                0x00002194       0x24 .\CortexM0\ARM_GCC_473\Debug\Lticker.a(PWM_2.o)
                0x00002194                PWM_2_Start
 .text.PWM_2_Init
                0x000021b8       0x80 .\CortexM0\ARM_GCC_473\Debug\Lticker.a(PWM_2.o)
                0x000021b8                PWM_2_Init
 .text.PWM_2_Enable
                0x00002238       0x20 .\CortexM0\ARM_GCC_473\Debug\Lticker.a(PWM_2.o)
                0x00002238                PWM_2_Enable
 .text.PWM_2_WriteCounter
                0x00002258       0x20 .\CortexM0\ARM_GCC_473\Debug\Lticker.a(PWM_2.o)
                0x00002258                PWM_2_WriteCounter
 .text.PWM_2_ClearFIFO
                0x00002278       0x1c .\CortexM0\ARM_GCC_473\Debug\Lticker.a(PWM_2.o)
                0x00002278                PWM_2_ClearFIFO
 .text.PWM_2_WritePeriod
                0x00002294       0x20 .\CortexM0\ARM_GCC_473\Debug\Lticker.a(PWM_2.o)
                0x00002294                PWM_2_WritePeriod
 .text.PWM_2_WriteCompare
                0x000022b4       0x20 .\CortexM0\ARM_GCC_473\Debug\Lticker.a(PWM_2.o)
                0x000022b4                PWM_2_WriteCompare
 .text.PWM_2_SetInterruptMode
                0x000022d4       0x20 .\CortexM0\ARM_GCC_473\Debug\Lticker.a(PWM_2.o)
                0x000022d4                PWM_2_SetInterruptMode
 .text.PWM_2_ReadStatusRegister
                0x000022f4       0x20 .\CortexM0\ARM_GCC_473\Debug\Lticker.a(PWM_2.o)
                0x000022f4                PWM_2_ReadStatusRegister
 .text.PWM_2_ReadCapture
                0x00002314       0x14 .\CortexM0\ARM_GCC_473\Debug\Lticker.a(PWM_2.o)
                0x00002314                PWM_2_ReadCapture
 .text          0x00002328       0x20 .\CortexM0\ARM_GCC_473\Debug\Lticker.a(CyBootAsmGnu.o)
                0x00002328                CyDelayCycles
                0x0000233a                CyEnterCriticalSection
                0x00002342                CyExitCriticalSection
 .text.CalibrateOneDAC_P4_v2_0
                0x00002348       0x44 C:\Program Files (x86)\Cypress\PSoC Creator\3.0\PSoC Creator\psoc\content\cycomponentlibrary\CyComponentLibrary.cylib\CortexM0\ARM_GCC_473\Debug\CyComponentLibrary.a(CSD_P4_SmartSense_v2_0.o)
                0x00002348                CalibrateOneDAC_P4_v2_0
 .text.CalibrateSensors_P4_v2_0
                0x0000238c       0x22 C:\Program Files (x86)\Cypress\PSoC Creator\3.0\PSoC Creator\psoc\content\cycomponentlibrary\CyComponentLibrary.cylib\CortexM0\ARM_GCC_473\Debug\CyComponentLibrary.a(CSD_P4_SmartSense_v2_0.o)
                0x0000238c                CalibrateSensors_P4_v2_0
 *fill*         0x000023ae        0x2 00
 .text.TunePrescalers_P4_v2_0
                0x000023b0       0x48 C:\Program Files (x86)\Cypress\PSoC Creator\3.0\PSoC Creator\psoc\content\cycomponentlibrary\CyComponentLibrary.cylib\CortexM0\ARM_GCC_473\Debug\CyComponentLibrary.a(CSD_P4_SmartSense_v2_0.o)
                0x000023b0                TunePrescalers_P4_v2_0
 .text.TuneSensitivity_P4_v2_0
                0x000023f8      0x100 C:\Program Files (x86)\Cypress\PSoC Creator\3.0\PSoC Creator\psoc\content\cycomponentlibrary\CyComponentLibrary.cylib\CortexM0\ARM_GCC_473\Debug\CyComponentLibrary.a(CSD_P4_SmartSense_v2_0.o)
                0x000023f8                TuneSensitivity_P4_v2_0
 .text.MeasureNoiseEnvelope_P4_v2_0
                0x000024f8      0x118 C:\Program Files (x86)\Cypress\PSoC Creator\3.0\PSoC Creator\psoc\content\cycomponentlibrary\CyComponentLibrary.cylib\CortexM0\ARM_GCC_473\Debug\CyComponentLibrary.a(CSD_P4_SmartSense_v2_0.o)
                0x000024f8                MeasureNoiseEnvelope_P4_v2_0
 .text          0x00002610       0x9c c:/program files (x86)/cypress/psoc creator/3.0/psoc creator/import/gnu_cs/arm/4.7.3/bin/../lib/gcc/arm-none-eabi/4.7.3/armv6-m\libgcc.a(_udivsi3.o)
                0x00002610                __aeabi_uidiv
                0x00002610                __udivsi3
                0x00002698                __aeabi_uidivmod
 .text          0x000026ac       0xc0 c:/program files (x86)/cypress/psoc creator/3.0/psoc creator/import/gnu_cs/arm/4.7.3/bin/../lib/gcc/arm-none-eabi/4.7.3/armv6-m\libgcc.a(_divsi3.o)
                0x000026ac                __divsi3
                0x000026ac                __aeabi_idiv
                0x00002758                __aeabi_idivmod
 .text          0x0000276c        0x4 c:/program files (x86)/cypress/psoc creator/3.0/psoc creator/import/gnu_cs/arm/4.7.3/bin/../lib/gcc/arm-none-eabi/4.7.3/armv6-m\libgcc.a(_dvmd_tls.o)
                0x0000276c                __aeabi_idiv0
                0x0000276c                __aeabi_ldiv0
 .text.__libc_init_array
                0x00002770       0x4c c:/program files (x86)/cypress/psoc creator/3.0/psoc creator/import/gnu_cs/arm/4.7.3/bin/../lib/gcc/arm-none-eabi/4.7.3/../../../../arm-none-eabi/lib/armv6-m\libc_s.a(lib_a-init.o)
                0x00002770                __libc_init_array
 .text.memcpy   0x000027bc       0x12 c:/program files (x86)/cypress/psoc creator/3.0/psoc creator/import/gnu_cs/arm/4.7.3/bin/../lib/gcc/arm-none-eabi/4.7.3/../../../../arm-none-eabi/lib/armv6-m\libc_s.a(lib_a-memcpy.o)
                0x000027bc                memcpy
 .text.memset   0x000027ce       0x12 c:/program files (x86)/cypress/psoc creator/3.0/psoc creator/import/gnu_cs/arm/4.7.3/bin/../lib/gcc/arm-none-eabi/4.7.3/../../../../arm-none-eabi/lib/armv6-m\libc_s.a(lib_a-memset.o)
                0x000027ce                memset
 *(.plt)
 *(.gnu.warning)
 *(.glue_7t)
 .glue_7t       0x00000000        0x0 linker stubs
 *(.glue_7)
 .glue_7        0x00000000        0x0 linker stubs
 *(.vfp11_veneer)
 .vfp11_veneer  0x00000000        0x0 linker stubs
 *(.bootloader)
 *(.ARM.extab* .gnu.linkonce.armextab.*)
 *(.gcc_except_table)

.v4_bx          0x000027e0        0x0
 .v4_bx         0x00000000        0x0 linker stubs

.iplt           0x000027e0        0x0
 .iplt          0x00000000        0x0 c:/program files (x86)/cypress/psoc creator/3.0/psoc creator/import/gnu_cs/arm/4.7.3/bin/../lib/gcc/arm-none-eabi/4.7.3/armv6-m/crtbegin.o

.eh_frame_hdr
 *(.eh_frame_hdr)

.eh_frame       0x000027e0        0x4
 *(.eh_frame)
 .eh_frame      0x000027e0        0x0 c:/program files (x86)/cypress/psoc creator/3.0/psoc creator/import/gnu_cs/arm/4.7.3/bin/../lib/gcc/arm-none-eabi/4.7.3/armv6-m/crtbegin.o
 .eh_frame      0x000027e0        0x4 c:/program files (x86)/cypress/psoc creator/3.0/psoc creator/import/gnu_cs/arm/4.7.3/bin/../lib/gcc/arm-none-eabi/4.7.3/armv6-m/crtend.o
                0x000027e4                PROVIDE (__exidx_start, .)

.ARM.exidx
 *(.ARM.exidx* .gnu.linkonce.armexidx.*)
                0x000027e4                __exidx_end = .

.rodata         0x000027e4      0x3bc
 *(.rodata .rodata.* .gnu.linkonce.r.*)
 .rodata        0x000027e4      0x2c8 .\CortexM0\ARM_GCC_473\Debug\Lticker.a(cyfitter_cfg.o)
 .rodata        0x00002aac       0x68 .\CortexM0\ARM_GCC_473\Debug\Lticker.a(CapSense_1.o)
                0x00002aac                CapSense_1_portTable
                0x00002ab4                CapSense_1_maskTable
                0x00002ac8                CapSense_1_pinShiftTbl
                0x00002ad0                CapSense_1_widgetNumber
                0x00002ad8                CapSense_1_prtSelTbl
                0x00002aec                CapSense_1_prtCfgTbl
                0x00002b00                CapSense_1_prtDRTbl
 .rodata        0x00002b14       0x10 .\CortexM0\ARM_GCC_473\Debug\Lticker.a(CapSense_1_CSHL.o)
                0x00002b14                CapSense_1_rawDataIndex
                0x00002b18                CapSense_1_numberOfSensors
 .rodata        0x00002b24       0x48 .\CortexM0\ARM_GCC_473\Debug\Lticker.a(CapSense_1_SMS.o)
                0x00002b24                prescalerTable
                0x00002b34                CapSense_1_configPointers
                0x00002b6c                . = ALIGN (0x4)
 *(.init)
 .init          0x00002b6c        0x4 c:/program files (x86)/cypress/psoc creator/3.0/psoc creator/import/gnu_cs/arm/4.7.3/bin/../lib/gcc/arm-none-eabi/4.7.3/armv6-m/crti.o
                0x00002b6c                _init
 .init          0x00002b70        0x8 c:/program files (x86)/cypress/psoc creator/3.0/psoc creator/import/gnu_cs/arm/4.7.3/bin/../lib/gcc/arm-none-eabi/4.7.3/armv6-m/crtn.o
                0x00002b78                . = ALIGN (0x4)
                0x00002b78                __preinit_array_start = .
 *(.preinit_array)
                0x00002b78                __preinit_array_end = .
                0x00002b78                . = ALIGN (0x4)
                0x00002b78                __init_array_start = .
 *(SORT(.init_array.*))
 *(.init_array)
 .init_array    0x00002b78        0x4 c:/program files (x86)/cypress/psoc creator/3.0/psoc creator/import/gnu_cs/arm/4.7.3/bin/../lib/gcc/arm-none-eabi/4.7.3/armv6-m/crtbegin.o
 .init_array    0x00002b7c        0x4 .\CortexM0\ARM_GCC_473\Debug\Cm0Start.o
                0x00002b80                __init_array_end = .
                0x00002b80                . = ALIGN (0x4)
 *(.fini)
 .fini          0x00002b80        0x4 c:/program files (x86)/cypress/psoc creator/3.0/psoc creator/import/gnu_cs/arm/4.7.3/bin/../lib/gcc/arm-none-eabi/4.7.3/armv6-m/crti.o
                0x00002b80                _fini
 .fini          0x00002b84        0x8 c:/program files (x86)/cypress/psoc creator/3.0/psoc creator/import/gnu_cs/arm/4.7.3/bin/../lib/gcc/arm-none-eabi/4.7.3/armv6-m/crtn.o
                0x00002b8c                . = ALIGN (0x4)
                0x00002b8c                __fini_array_start = .
 *(.fini_array)
 .fini_array    0x00002b8c        0x4 c:/program files (x86)/cypress/psoc creator/3.0/psoc creator/import/gnu_cs/arm/4.7.3/bin/../lib/gcc/arm-none-eabi/4.7.3/armv6-m/crtbegin.o
 *(SORT(.fini_array.*))
                0x00002b90                __fini_array_end = .
                0x00002b90                . = ALIGN (0x4)
 *crtbegin.o(.ctors)
 *(EXCLUDE_FILE(*crtend.o) .ctors)
 *(SORT(.ctors.*))
 *crtend.o(.ctors)
                0x00002b90                . = ALIGN (0x4)
 *crtbegin.o(.dtors)
 *(EXCLUDE_FILE(*crtend.o) .dtors)
 *(SORT(.dtors.*))
 *crtend.o(.dtors)
                0x00002b90                . = ALIGN (0x4)
                0x00002b90                __cy_regions = .
                0x00002b90        0x4 LONG 0x2ba0 __cy_region_init_ram
                0x00002b94        0x4 LONG 0x200000c8 __cy_region_start_data
                0x00002b98        0x4 LONG 0x70 __cy_region_init_size_ram
                0x00002b9c        0x4 LONG 0x130 __cy_region_zero_size_ram
                0x00002ba0                __cy_regions_end = .
                0x00002ba0                . = ALIGN (0x8)
                0x00002ba0                _etext = .

.ramvectors     0x20000000       0xc0
                0x20000000                __cy_region_start_ram = .
 *(.ramvectors)
 .ramvectors    0x20000000       0xc0 .\CortexM0\ARM_GCC_473\Debug\Cm0Start.o
                0x20000000                CyRamVectors

.noinit         0x200000c0        0x4
 *(.noinit)
 .noinit        0x200000c0        0x4 .\CortexM0\ARM_GCC_473\Debug\Cm0Start.o

.data           0x200000c8       0x70 load address 0x00002ba0
                0x200000c8                __cy_region_start_data = .
 *(.jcr)
 .jcr           0x200000c8        0x0 c:/program files (x86)/cypress/psoc creator/3.0/psoc creator/import/gnu_cs/arm/4.7.3/bin/../lib/gcc/arm-none-eabi/4.7.3/armv6-m/crtbegin.o
 .jcr           0x200000c8        0x4 c:/program files (x86)/cypress/psoc creator/3.0/psoc creator/import/gnu_cs/arm/4.7.3/bin/../lib/gcc/arm-none-eabi/4.7.3/armv6-m/crtend.o
 *(.got.plt)
 *(.got)
 *(.shdata)
 *(.data .data.* .gnu.linkonce.d.*)
 .data          0x200000cc       0x20 .\CortexM0\ARM_GCC_473\Debug\main.o
                0x200000cc                initLed
 .data          0x200000ec        0x4 .\CortexM0\ARM_GCC_473\Debug\Lticker.a(cyfitter_cfg.o)
 .data          0x200000f0       0x10 .\CortexM0\ARM_GCC_473\Debug\Lticker.a(CyLib.o)
                0x200000f0                cydelayFreqHz
                0x200000f4                cydelayFreqKhz
                0x200000f8                cydelayFreqMhz
                0x200000fc                cydelay32kMs
 .data          0x20000100       0x1c .\CortexM0\ARM_GCC_473\Debug\Lticker.a(CapSense_1.o)
                0x20000100                CapSense_1_sensorEnableMask
                0x20000104                CapSense_1_pcTable
                0x20000118                CapSense_1_widgetResolution
 .data          0x2000011c       0x14 .\CortexM0\ARM_GCC_473\Debug\Lticker.a(CapSense_1_CSHL.o)
                0x2000011c                CapSense_1_lowBaselineReset
                0x20000124                CapSense_1_fingerThreshold
                0x20000128                CapSense_1_debounce
 .data          0x20000130        0x8 .\CortexM0\ARM_GCC_473\Debug\Lticker.a(CapSense_1_SMS.o)
                0x20000130                SMS_LIB_SensorSensitivity
                0x20000138                . = ALIGN (0x8)
 *(.ram)
                0x20000138                _edata = .

.igot.plt       0x20000138        0x0 load address 0x00002c10
 .igot.plt      0x00000000        0x0 c:/program files (x86)/cypress/psoc creator/3.0/psoc creator/import/gnu_cs/arm/4.7.3/bin/../lib/gcc/arm-none-eabi/4.7.3/armv6-m/crtbegin.o

.bss            0x20000138      0x130 load address 0x00002c10
                0x20000138                PROVIDE (__bss_start__, .)
 *(.shbss)
 *(.bss .bss.* .gnu.linkonce.b.*)
 .bss           0x20000138       0x1c c:/program files (x86)/cypress/psoc creator/3.0/psoc creator/import/gnu_cs/arm/4.7.3/bin/../lib/gcc/arm-none-eabi/4.7.3/armv6-m/crtbegin.o
 .bss           0x20000154        0x8 .\CortexM0\ARM_GCC_473\Debug\main.o
                0x20000154                sampleTimeout
                0x20000158                buttonTimeout
                0x20000159                mode
 .bss           0x2000015c        0x1 .\CortexM0\ARM_GCC_473\Debug\Lticker.a(PWM_1.o)
                0x2000015c                PWM_1_initVar
 *fill*         0x2000015d        0x3 00
 .bss           0x20000160       0x10 .\CortexM0\ARM_GCC_473\Debug\Lticker.a(CapSense_1.o)
                0x20000160                CapSense_1_lowLevelTuningDone
                0x20000162                CapSense_1_csdStatusVar
                0x20000163                CapSense_1_sensorIndex
                0x20000164                CapSense_1_sensorRaw
 .bss           0x20000170       0x28 .\CortexM0\ARM_GCC_473\Debug\Lticker.a(CapSense_1_CSHL.o)
                0x20000170                CapSense_1_sensorBaseline
                0x2000017c                CapSense_1_sensorBaselineLow
                0x20000184                CapSense_1_sensorSignal
                0x2000018c                CapSense_1_sensorOnMask
 .bss           0x20000198        0x1 .\CortexM0\ARM_GCC_473\Debug\Lticker.a(CapSense_1_INT.o)
 .bss           0x20000199        0x1 .\CortexM0\ARM_GCC_473\Debug\Lticker.a(PWM_2.o)
                0x20000199                PWM_2_initVar
 *(COMMON)
 *fill*         0x2000019a        0x2 00
 COMMON         0x2000019c       0x26 .\CortexM0\ARM_GCC_473\Debug\main.o
                0x2000019c                curPos
                0x200001a0                onboardLED
                0x200001a4                led
 *fill*         0x200001c2        0x2 00
 COMMON         0x200001c4       0x29 .\CortexM0\ARM_GCC_473\Debug\Lticker.a(CapSense_1.o)
                0x200001c4                CapSense_1_sensorEnableMaskBackup
                0x200001c5                CapSense_1_csdTrim1
                0x200001c8                CapSense_1_unscannedSnsDriveMode
                0x200001d0                CapSense_1_sampleClkDividerVal
                0x200001d8                CapSense_1_modulationIDAC
                0x200001e0                CapSense_1_senseClkDividerVal
                0x200001e8                CapSense_1_compensationIDAC
 *fill*         0x200001ed        0x3 00
 COMMON         0x200001f0       0x1d .\CortexM0\ARM_GCC_473\Debug\Lticker.a(CapSense_1_CSHL.o)
                0x200001f0                CapSense_1_rawFilterData1
                0x200001fc                CapSense_1_noiseThreshold
                0x20000200                CapSense_1_negativeNoiseThreshold
                0x20000204                CapSense_1_lowBaselineResetCnt
                0x2000020c                CapSense_1_hysteresis
 *fill*         0x2000020d        0x3 00
 COMMON         0x20000210       0x51 .\CortexM0\ARM_GCC_473\Debug\Lticker.a(CapSense_1_SMS.o)
                0x20000210                signRegisterTbl
                0x20000218                runningDifferenceTbl
                0x20000220                CapSense_1_config
                0x2000022c                sampleMinTbl
                0x20000238                scanSpeedTbl
                0x2000023c                previousSampleTbl
                0x20000248                kValueTbl
                0x20000250                sampleMaxTbl
                0x2000025c                noiseEnvelopeTbl
                0x20000268                . = ALIGN (0x8)
 *fill*         0x20000261        0x7 00
 *(.ram.b)
                0x20000268                _end = .
                0x20000268                __end = .
                0x20000268                PROVIDE (end, .)
                0x20000268                PROVIDE (__bss_end__, .)
                0x00002ba0                __cy_region_init_ram = LOADADDR (.data)
                0x00000070                __cy_region_init_size_ram = (_edata - ADDR (.data))
                0x00000130                __cy_region_zero_size_ram = (_end - _edata)

.heap           0x20000268      0x100 load address 0x00002c10
                0x20000268                . = _end
                0x20000368                . = (. + 0x100)
 *fill*         0x20000268      0x100 00
                0x20000368                __cy_heap_limit = .

.stack          0x20000c00      0x400
                0x20000c00                __cy_stack_limit = .
                0x20001000                . = (. + 0x400)
 *fill*         0x20000c00      0x400 00
                0x00000001                ASSERT ((__cy_stack_limit >= __cy_heap_limit), region RAM overflowed with stack)

.cyloadermeta
 *(.cyloadermeta)

.cyloadablemeta
 *(.cyloadablemeta)

.cyflashprotect
                0x90400000       0x20
 *(.cyflashprotect)
 .cyflashprotect
                0x90400000       0x20 .\CortexM0\ARM_GCC_473\Debug\cymetadata.o
                0x90400000                cy_meta_flashprotect

.cymeta         0x90500000        0xc
 *(.cymeta)
 .cymeta        0x90500000        0xc .\CortexM0\ARM_GCC_473\Debug\cymetadata.o
                0x90500000                cy_metadata

.cychipprotect  0x90600000        0x4
 *(.cychipprotect)
 .cychipprotect
                0x90600000        0x4 .\CortexM0\ARM_GCC_473\Debug\cymetadata.o
                0x90600000                cy_meta_chipprotect

.rel.dyn        0x00002c10        0x0 load address 0x90600004
 .rel.iplt      0x00000000        0x0 c:/program files (x86)/cypress/psoc creator/3.0/psoc creator/import/gnu_cs/arm/4.7.3/bin/../lib/gcc/arm-none-eabi/4.7.3/armv6-m/crtbegin.o

.stab
 *(.stab)

.stabstr
 *(.stabstr)

.debug
 *(.debug)

.line
 *(.line)

.debug_srcinfo
 *(.debug_srcinfo)

.debug_sfnames
 *(.debug_sfnames)

.debug_aranges  0x00000000      0x868
 *(.debug_aranges)
 .debug_aranges
                0x00000000       0x60 .\CortexM0\ARM_GCC_473\Debug\main.o
 .debug_aranges
                0x00000060       0x18 .\CortexM0\ARM_GCC_473\Debug\cymetadata.o
 .debug_aranges
                0x00000078       0x40 .\CortexM0\ARM_GCC_473\Debug\Cm0Start.o
 .debug_aranges
                0x000000b8       0x60 .\CortexM0\ARM_GCC_473\Debug\Lticker.a(cyfitter_cfg.o)
 .debug_aranges
                0x00000118      0x1a0 .\CortexM0\ARM_GCC_473\Debug\Lticker.a(CyLib.o)
 .debug_aranges
                0x000002b8       0xa8 .\CortexM0\ARM_GCC_473\Debug\Lticker.a(PWM_1.o)
 .debug_aranges
                0x00000360       0x40 .\CortexM0\ARM_GCC_473\Debug\Lticker.a(Status_Reg_1.o)
 .debug_aranges
                0x000003a0      0x150 .\CortexM0\ARM_GCC_473\Debug\Lticker.a(CapSense_1.o)
 .debug_aranges
                0x000004f0      0x130 .\CortexM0\ARM_GCC_473\Debug\Lticker.a(CapSense_1_CSHL.o)
 .debug_aranges
                0x00000620       0x20 .\CortexM0\ARM_GCC_473\Debug\Lticker.a(CapSense_1_INT.o)
 .debug_aranges
                0x00000640       0x68 .\CortexM0\ARM_GCC_473\Debug\Lticker.a(CapSense_1_SMS.o)
 .debug_aranges
                0x000006a8       0x40 .\CortexM0\ARM_GCC_473\Debug\Lticker.a(CapSense_1_SampleClk.o)
 .debug_aranges
                0x000006e8       0x40 .\CortexM0\ARM_GCC_473\Debug\Lticker.a(CapSense_1_SenseClk.o)
 .debug_aranges
                0x00000728       0x40 .\CortexM0\ARM_GCC_473\Debug\Lticker.a(Pin_SW.o)
 .debug_aranges
                0x00000768       0x98 .\CortexM0\ARM_GCC_473\Debug\Lticker.a(PWM_2.o)
 .debug_aranges
                0x00000800       0x20 .\CortexM0\ARM_GCC_473\Debug\Lticker.a(CyBootAsmGnu.o)
 .debug_aranges
                0x00000820       0x48 C:\Program Files (x86)\Cypress\PSoC Creator\3.0\PSoC Creator\psoc\content\cycomponentlibrary\CyComponentLibrary.cylib\CortexM0\ARM_GCC_473\Debug\CyComponentLibrary.a(CSD_P4_SmartSense_v2_0.o)

.debug_pubnames
 *(.debug_pubnames)

.debug_info     0x00000000     0x4dc7
 *(.debug_info .gnu.linkonce.wi.*)
 .debug_info    0x00000000      0x590 .\CortexM0\ARM_GCC_473\Debug\main.o
 .debug_info    0x00000590      0x100 .\CortexM0\ARM_GCC_473\Debug\cymetadata.o
 .debug_info    0x00000690      0x2c0 .\CortexM0\ARM_GCC_473\Debug\Cm0Start.o
 .debug_info    0x00000950      0x4c0 .\CortexM0\ARM_GCC_473\Debug\Lticker.a(cyfitter_cfg.o)
 .debug_info    0x00000e10      0xac5 .\CortexM0\ARM_GCC_473\Debug\Lticker.a(CyLib.o)
 .debug_info    0x000018d5      0x330 .\CortexM0\ARM_GCC_473\Debug\Lticker.a(PWM_1.o)
 .debug_info    0x00001c05      0x156 .\CortexM0\ARM_GCC_473\Debug\Lticker.a(Status_Reg_1.o)
 .debug_info    0x00001d5b      0xc58 .\CortexM0\ARM_GCC_473\Debug\Lticker.a(CapSense_1.o)
 .debug_info    0x000029b3      0xe1e .\CortexM0\ARM_GCC_473\Debug\Lticker.a(CapSense_1_CSHL.o)
 .debug_info    0x000037d1      0x122 .\CortexM0\ARM_GCC_473\Debug\Lticker.a(CapSense_1_INT.o)
 .debug_info    0x000038f3      0x6ce .\CortexM0\ARM_GCC_473\Debug\Lticker.a(CapSense_1_SMS.o)
 .debug_info    0x00003fc1      0x169 .\CortexM0\ARM_GCC_473\Debug\Lticker.a(CapSense_1_SampleClk.o)
 .debug_info    0x0000412a      0x169 .\CortexM0\ARM_GCC_473\Debug\Lticker.a(CapSense_1_SenseClk.o)
 .debug_info    0x00004293      0x168 .\CortexM0\ARM_GCC_473\Debug\Lticker.a(Pin_SW.o)
 .debug_info    0x000043fb      0x2ea .\CortexM0\ARM_GCC_473\Debug\Lticker.a(PWM_2.o)
 .debug_info    0x000046e5       0x97 .\CortexM0\ARM_GCC_473\Debug\Lticker.a(CyBootAsmGnu.o)
 .debug_info    0x0000477c      0x64b C:\Program Files (x86)\Cypress\PSoC Creator\3.0\PSoC Creator\psoc\content\cycomponentlibrary\CyComponentLibrary.cylib\CortexM0\ARM_GCC_473\Debug\CyComponentLibrary.a(CSD_P4_SmartSense_v2_0.o)

.debug_abbrev   0x00000000     0x12bb
 *(.debug_abbrev)
 .debug_abbrev  0x00000000      0x1e7 .\CortexM0\ARM_GCC_473\Debug\main.o
 .debug_abbrev  0x000001e7       0x5d .\CortexM0\ARM_GCC_473\Debug\cymetadata.o
 .debug_abbrev  0x00000244      0x164 .\CortexM0\ARM_GCC_473\Debug\Cm0Start.o
 .debug_abbrev  0x000003a8      0x1be .\CortexM0\ARM_GCC_473\Debug\Lticker.a(cyfitter_cfg.o)
 .debug_abbrev  0x00000566      0x1a2 .\CortexM0\ARM_GCC_473\Debug\Lticker.a(CyLib.o)
 .debug_abbrev  0x00000708      0x130 .\CortexM0\ARM_GCC_473\Debug\Lticker.a(PWM_1.o)
 .debug_abbrev  0x00000838       0xac .\CortexM0\ARM_GCC_473\Debug\Lticker.a(Status_Reg_1.o)
 .debug_abbrev  0x000008e4      0x16e .\CortexM0\ARM_GCC_473\Debug\Lticker.a(CapSense_1.o)
 .debug_abbrev  0x00000a52      0x194 .\CortexM0\ARM_GCC_473\Debug\Lticker.a(CapSense_1_CSHL.o)
 .debug_abbrev  0x00000be6       0x86 .\CortexM0\ARM_GCC_473\Debug\Lticker.a(CapSense_1_INT.o)
 .debug_abbrev  0x00000c6c      0x1af .\CortexM0\ARM_GCC_473\Debug\Lticker.a(CapSense_1_SMS.o)
 .debug_abbrev  0x00000e1b       0xaa .\CortexM0\ARM_GCC_473\Debug\Lticker.a(CapSense_1_SampleClk.o)
 .debug_abbrev  0x00000ec5       0xaa .\CortexM0\ARM_GCC_473\Debug\Lticker.a(CapSense_1_SenseClk.o)
 .debug_abbrev  0x00000f6f       0xac .\CortexM0\ARM_GCC_473\Debug\Lticker.a(Pin_SW.o)
 .debug_abbrev  0x0000101b      0x130 .\CortexM0\ARM_GCC_473\Debug\Lticker.a(PWM_2.o)
 .debug_abbrev  0x0000114b       0x14 .\CortexM0\ARM_GCC_473\Debug\Lticker.a(CyBootAsmGnu.o)
 .debug_abbrev  0x0000115f      0x15c C:\Program Files (x86)\Cypress\PSoC Creator\3.0\PSoC Creator\psoc\content\cycomponentlibrary\CyComponentLibrary.cylib\CortexM0\ARM_GCC_473\Debug\CyComponentLibrary.a(CSD_P4_SmartSense_v2_0.o)

.debug_line     0x00000000     0x1eaa
 *(.debug_line)
 .debug_line    0x00000000      0x26e .\CortexM0\ARM_GCC_473\Debug\main.o
 .debug_line    0x0000026e       0x53 .\CortexM0\ARM_GCC_473\Debug\cymetadata.o
 .debug_line    0x000002c1      0x19b .\CortexM0\ARM_GCC_473\Debug\Cm0Start.o
 .debug_line    0x0000045c      0x1e0 .\CortexM0\ARM_GCC_473\Debug\Lticker.a(cyfitter_cfg.o)
 .debug_line    0x0000063c      0x541 .\CortexM0\ARM_GCC_473\Debug\Lticker.a(CyLib.o)
 .debug_line    0x00000b7d      0x1b0 .\CortexM0\ARM_GCC_473\Debug\Lticker.a(PWM_1.o)
 .debug_line    0x00000d2d       0xb2 .\CortexM0\ARM_GCC_473\Debug\Lticker.a(Status_Reg_1.o)
 .debug_line    0x00000ddf      0x46d .\CortexM0\ARM_GCC_473\Debug\Lticker.a(CapSense_1.o)
 .debug_line    0x0000124c      0x446 .\CortexM0\ARM_GCC_473\Debug\Lticker.a(CapSense_1_CSHL.o)
 .debug_line    0x00001692       0x82 .\CortexM0\ARM_GCC_473\Debug\Lticker.a(CapSense_1_INT.o)
 .debug_line    0x00001714      0x1b6 .\CortexM0\ARM_GCC_473\Debug\Lticker.a(CapSense_1_SMS.o)
 .debug_line    0x000018ca       0xbd .\CortexM0\ARM_GCC_473\Debug\Lticker.a(CapSense_1_SampleClk.o)
 .debug_line    0x00001987       0xbc .\CortexM0\ARM_GCC_473\Debug\Lticker.a(CapSense_1_SenseClk.o)
 .debug_line    0x00001a43       0xac .\CortexM0\ARM_GCC_473\Debug\Lticker.a(Pin_SW.o)
 .debug_line    0x00001aef      0x18d .\CortexM0\ARM_GCC_473\Debug\Lticker.a(PWM_2.o)
 .debug_line    0x00001c7c       0x68 .\CortexM0\ARM_GCC_473\Debug\Lticker.a(CyBootAsmGnu.o)
 .debug_line    0x00001ce4      0x1c6 C:\Program Files (x86)\Cypress\PSoC Creator\3.0\PSoC Creator\psoc\content\cycomponentlibrary\CyComponentLibrary.cylib\CortexM0\ARM_GCC_473\Debug\CyComponentLibrary.a(CSD_P4_SmartSense_v2_0.o)

.debug_frame    0x00000000     0x1cf0
 *(.debug_frame)
 .debug_frame   0x00000000      0x13c .\CortexM0\ARM_GCC_473\Debug\main.o
 .debug_frame   0x0000013c       0xa8 .\CortexM0\ARM_GCC_473\Debug\Cm0Start.o
 .debug_frame   0x000001e4      0x128 .\CortexM0\ARM_GCC_473\Debug\Lticker.a(cyfitter_cfg.o)
 .debug_frame   0x0000030c      0x628 .\CortexM0\ARM_GCC_473\Debug\Lticker.a(CyLib.o)
 .debug_frame   0x00000934      0x230 .\CortexM0\ARM_GCC_473\Debug\Lticker.a(PWM_1.o)
 .debug_frame   0x00000b64       0xb0 .\CortexM0\ARM_GCC_473\Debug\Lticker.a(Status_Reg_1.o)
 .debug_frame   0x00000c14      0x4e8 .\CortexM0\ARM_GCC_473\Debug\Lticker.a(CapSense_1.o)
 .debug_frame   0x000010fc      0x480 .\CortexM0\ARM_GCC_473\Debug\Lticker.a(CapSense_1_CSHL.o)
 .debug_frame   0x0000157c       0x2c .\CortexM0\ARM_GCC_473\Debug\Lticker.a(CapSense_1_INT.o)
 .debug_frame   0x000015a8      0x14c .\CortexM0\ARM_GCC_473\Debug\Lticker.a(CapSense_1_SMS.o)
 .debug_frame   0x000016f4       0xa0 .\CortexM0\ARM_GCC_473\Debug\Lticker.a(CapSense_1_SampleClk.o)
 .debug_frame   0x00001794       0xa0 .\CortexM0\ARM_GCC_473\Debug\Lticker.a(CapSense_1_SenseClk.o)
 .debug_frame   0x00001834       0xa8 .\CortexM0\ARM_GCC_473\Debug\Lticker.a(Pin_SW.o)
 .debug_frame   0x000018dc      0x1f4 .\CortexM0\ARM_GCC_473\Debug\Lticker.a(PWM_2.o)
 .debug_frame   0x00001ad0       0xe8 C:\Program Files (x86)\Cypress\PSoC Creator\3.0\PSoC Creator\psoc\content\cycomponentlibrary\CyComponentLibrary.cylib\CortexM0\ARM_GCC_473\Debug\CyComponentLibrary.a(CSD_P4_SmartSense_v2_0.o)
 .debug_frame   0x00001bb8       0x20 c:/program files (x86)/cypress/psoc creator/3.0/psoc creator/import/gnu_cs/arm/4.7.3/bin/../lib/gcc/arm-none-eabi/4.7.3/armv6-m\libgcc.a(_udivsi3.o)
 .debug_frame   0x00001bd8       0x20 c:/program files (x86)/cypress/psoc creator/3.0/psoc creator/import/gnu_cs/arm/4.7.3/bin/../lib/gcc/arm-none-eabi/4.7.3/armv6-m\libgcc.a(_divsi3.o)
 .debug_frame   0x00001bf8       0x28 c:/program files (x86)/cypress/psoc creator/3.0/psoc creator/import/gnu_cs/arm/4.7.3/bin/../lib/gcc/arm-none-eabi/4.7.3/../../../../arm-none-eabi/lib/armv6-m\libc_s.a(lib_a-__atexit2.o)
 .debug_frame   0x00001c20       0x28 c:/program files (x86)/cypress/psoc creator/3.0/psoc creator/import/gnu_cs/arm/4.7.3/bin/../lib/gcc/arm-none-eabi/4.7.3/../../../../arm-none-eabi/lib/armv6-m\libc_s.a(lib_a-exit.o)
 .debug_frame   0x00001c48       0x2c c:/program files (x86)/cypress/psoc creator/3.0/psoc creator/import/gnu_cs/arm/4.7.3/bin/../lib/gcc/arm-none-eabi/4.7.3/../../../../arm-none-eabi/lib/armv6-m\libc_s.a(lib_a-fini.o)
 .debug_frame   0x00001c74       0x2c c:/program files (x86)/cypress/psoc creator/3.0/psoc creator/import/gnu_cs/arm/4.7.3/bin/../lib/gcc/arm-none-eabi/4.7.3/../../../../arm-none-eabi/lib/armv6-m\libc_s.a(lib_a-init.o)
 .debug_frame   0x00001ca0       0x28 c:/program files (x86)/cypress/psoc creator/3.0/psoc creator/import/gnu_cs/arm/4.7.3/bin/../lib/gcc/arm-none-eabi/4.7.3/../../../../arm-none-eabi/lib/armv6-m\libc_s.a(lib_a-memcpy.o)
 .debug_frame   0x00001cc8       0x28 c:/program files (x86)/cypress/psoc creator/3.0/psoc creator/import/gnu_cs/arm/4.7.3/bin/../lib/gcc/arm-none-eabi/4.7.3/../../../../arm-none-eabi/lib/armv6-m\libc_s.a(lib_a-memset.o)

.debug_str      0x00000000     0x2666
 *(.debug_str)
 .debug_str     0x00000000      0x310 .\CortexM0\ARM_GCC_473\Debug\main.o
                                0x34e (size before relaxing)
 .debug_str     0x00000310       0x5b .\CortexM0\ARM_GCC_473\Debug\cymetadata.o
                                0x190 (size before relaxing)
 .debug_str     0x0000036b      0x110 .\CortexM0\ARM_GCC_473\Debug\Cm0Start.o
                                0x259 (size before relaxing)
 .debug_str     0x0000047b      0x1c8 .\CortexM0\ARM_GCC_473\Debug\Lticker.a(cyfitter_cfg.o)
                                0x345 (size before relaxing)
 .debug_str     0x00000643      0x4d1 .\CortexM0\ARM_GCC_473\Debug\Lticker.a(CyLib.o)
                                0x66c (size before relaxing)
 .debug_str     0x00000b14      0x1c9 .\CortexM0\ARM_GCC_473\Debug\Lticker.a(PWM_1.o)
                                0x303 (size before relaxing)
 .debug_str     0x00000cdd       0xa2 .\CortexM0\ARM_GCC_473\Debug\Lticker.a(Status_Reg_1.o)
                                0x1f0 (size before relaxing)
 .debug_str     0x00000d7f      0x7e8 .\CortexM0\ARM_GCC_473\Debug\Lticker.a(CapSense_1.o)
                                0x961 (size before relaxing)
 .debug_str     0x00001567      0x7ef .\CortexM0\ARM_GCC_473\Debug\Lticker.a(CapSense_1_CSHL.o)
                                0xa58 (size before relaxing)
 .debug_str     0x00001d56       0x50 .\CortexM0\ARM_GCC_473\Debug\Lticker.a(CapSense_1_INT.o)
                                0x1ff (size before relaxing)
 .debug_str     0x00001da6      0x245 .\CortexM0\ARM_GCC_473\Debug\Lticker.a(CapSense_1_SMS.o)
                                0x6e3 (size before relaxing)
 .debug_str     0x00001feb      0x119 .\CortexM0\ARM_GCC_473\Debug\Lticker.a(CapSense_1_SampleClk.o)
                                0x259 (size before relaxing)
 .debug_str     0x00002104       0xeb .\CortexM0\ARM_GCC_473\Debug\Lticker.a(CapSense_1_SenseClk.o)
                                0x253 (size before relaxing)
 .debug_str     0x000021ef       0x8b .\CortexM0\ARM_GCC_473\Debug\Lticker.a(Pin_SW.o)
                                0x1cf (size before relaxing)
 .debug_str     0x0000227a      0x167 .\CortexM0\ARM_GCC_473\Debug\Lticker.a(PWM_2.o)
                                0x2da (size before relaxing)
 .debug_str     0x000023e1      0x285 C:\Program Files (x86)\Cypress\PSoC Creator\3.0\PSoC Creator\psoc\content\cycomponentlibrary\CyComponentLibrary.cylib\CortexM0\ARM_GCC_473\Debug\CyComponentLibrary.a(CSD_P4_SmartSense_v2_0.o)
                                0x51f (size before relaxing)

.debug_loc      0x00000000     0x3338
 *(.debug_loc)
 .debug_loc     0x00000000      0x1ec .\CortexM0\ARM_GCC_473\Debug\main.o
 .debug_loc     0x000001ec      0x100 .\CortexM0\ARM_GCC_473\Debug\Cm0Start.o
 .debug_loc     0x000002ec      0x1e0 .\CortexM0\ARM_GCC_473\Debug\Lticker.a(cyfitter_cfg.o)
 .debug_loc     0x000004cc      0xa34 .\CortexM0\ARM_GCC_473\Debug\Lticker.a(CyLib.o)
 .debug_loc     0x00000f00      0x384 .\CortexM0\ARM_GCC_473\Debug\Lticker.a(PWM_1.o)
 .debug_loc     0x00001284      0x100 .\CortexM0\ARM_GCC_473\Debug\Lticker.a(Status_Reg_1.o)
 .debug_loc     0x00001384      0x840 .\CortexM0\ARM_GCC_473\Debug\Lticker.a(CapSense_1.o)
 .debug_loc     0x00001bc4      0x7a8 .\CortexM0\ARM_GCC_473\Debug\Lticker.a(CapSense_1_CSHL.o)
 .debug_loc     0x0000236c       0x2c .\CortexM0\ARM_GCC_473\Debug\Lticker.a(CapSense_1_INT.o)
 .debug_loc     0x00002398      0x224 .\CortexM0\ARM_GCC_473\Debug\Lticker.a(CapSense_1_SMS.o)
 .debug_loc     0x000025bc       0xe8 .\CortexM0\ARM_GCC_473\Debug\Lticker.a(CapSense_1_SampleClk.o)
 .debug_loc     0x000026a4       0xe8 .\CortexM0\ARM_GCC_473\Debug\Lticker.a(CapSense_1_SenseClk.o)
 .debug_loc     0x0000278c      0x100 .\CortexM0\ARM_GCC_473\Debug\Lticker.a(Pin_SW.o)
 .debug_loc     0x0000288c      0x320 .\CortexM0\ARM_GCC_473\Debug\Lticker.a(PWM_2.o)
 .debug_loc     0x00002bac      0x78c C:\Program Files (x86)\Cypress\PSoC Creator\3.0\PSoC Creator\psoc\content\cycomponentlibrary\CyComponentLibrary.cylib\CortexM0\ARM_GCC_473\Debug\CyComponentLibrary.a(CSD_P4_SmartSense_v2_0.o)

.debug_macinfo
 *(.debug_macinfo)

.debug_ranges   0x00000000      0x740
 *(.debug_ranges)
 .debug_ranges  0x00000000       0x50 .\CortexM0\ARM_GCC_473\Debug\main.o
 .debug_ranges  0x00000050       0x30 .\CortexM0\ARM_GCC_473\Debug\Cm0Start.o
 .debug_ranges  0x00000080       0x50 .\CortexM0\ARM_GCC_473\Debug\Lticker.a(cyfitter_cfg.o)
 .debug_ranges  0x000000d0      0x190 .\CortexM0\ARM_GCC_473\Debug\Lticker.a(CyLib.o)
 .debug_ranges  0x00000260       0x98 .\CortexM0\ARM_GCC_473\Debug\Lticker.a(PWM_1.o)
 .debug_ranges  0x000002f8       0x30 .\CortexM0\ARM_GCC_473\Debug\Lticker.a(Status_Reg_1.o)
 .debug_ranges  0x00000328      0x140 .\CortexM0\ARM_GCC_473\Debug\Lticker.a(CapSense_1.o)
 .debug_ranges  0x00000468      0x120 .\CortexM0\ARM_GCC_473\Debug\Lticker.a(CapSense_1_CSHL.o)
 .debug_ranges  0x00000588       0x10 .\CortexM0\ARM_GCC_473\Debug\Lticker.a(CapSense_1_INT.o)
 .debug_ranges  0x00000598       0x58 .\CortexM0\ARM_GCC_473\Debug\Lticker.a(CapSense_1_SMS.o)
 .debug_ranges  0x000005f0       0x30 .\CortexM0\ARM_GCC_473\Debug\Lticker.a(CapSense_1_SampleClk.o)
 .debug_ranges  0x00000620       0x30 .\CortexM0\ARM_GCC_473\Debug\Lticker.a(CapSense_1_SenseClk.o)
 .debug_ranges  0x00000650       0x30 .\CortexM0\ARM_GCC_473\Debug\Lticker.a(Pin_SW.o)
 .debug_ranges  0x00000680       0x88 .\CortexM0\ARM_GCC_473\Debug\Lticker.a(PWM_2.o)
 .debug_ranges  0x00000708       0x38 C:\Program Files (x86)\Cypress\PSoC Creator\3.0\PSoC Creator\psoc\content\cycomponentlibrary\CyComponentLibrary.cylib\CortexM0\ARM_GCC_473\Debug\CyComponentLibrary.a(CSD_P4_SmartSense_v2_0.o)

.comment        0x00000000       0x70
 .comment       0x00000000       0x70 .\CortexM0\ARM_GCC_473\Debug\main.o
                                 0x71 (size before relaxing)
 .comment       0x00000000       0x71 .\CortexM0\ARM_GCC_473\Debug\cymetadata.o
 .comment       0x00000000       0x71 .\CortexM0\ARM_GCC_473\Debug\Cm0Start.o
 .comment       0x00000000       0x71 .\CortexM0\ARM_GCC_473\Debug\Lticker.a(cyfitter_cfg.o)
 .comment       0x00000000       0x71 .\CortexM0\ARM_GCC_473\Debug\Lticker.a(CyLib.o)
 .comment       0x00000000       0x71 .\CortexM0\ARM_GCC_473\Debug\Lticker.a(PWM_1.o)
 .comment       0x00000000       0x71 .\CortexM0\ARM_GCC_473\Debug\Lticker.a(Status_Reg_1.o)
 .comment       0x00000000       0x71 .\CortexM0\ARM_GCC_473\Debug\Lticker.a(CapSense_1.o)
 .comment       0x00000000       0x71 .\CortexM0\ARM_GCC_473\Debug\Lticker.a(CapSense_1_CSHL.o)
 .comment       0x00000000       0x71 .\CortexM0\ARM_GCC_473\Debug\Lticker.a(CapSense_1_INT.o)
 .comment       0x00000000       0x71 .\CortexM0\ARM_GCC_473\Debug\Lticker.a(CapSense_1_SMS.o)
 .comment       0x00000000       0x71 .\CortexM0\ARM_GCC_473\Debug\Lticker.a(CapSense_1_SampleClk.o)
 .comment       0x00000000       0x71 .\CortexM0\ARM_GCC_473\Debug\Lticker.a(CapSense_1_SenseClk.o)
 .comment       0x00000000       0x71 .\CortexM0\ARM_GCC_473\Debug\Lticker.a(Pin_SW.o)
 .comment       0x00000000       0x71 .\CortexM0\ARM_GCC_473\Debug\Lticker.a(PWM_2.o)
 .comment       0x00000000       0x71 C:\Program Files (x86)\Cypress\PSoC Creator\3.0\PSoC Creator\psoc\content\cycomponentlibrary\CyComponentLibrary.cylib\CortexM0\ARM_GCC_473\Debug\CyComponentLibrary.a(CSD_P4_SmartSense_v2_0.o)

.debug_weaknames
 *(.debug_weaknames)

.debug_funcnames
 *(.debug_funcnames)

.debug_typenames
 *(.debug_typenames)

.debug_varnames
 *(.debug_varnames)

.note.gnu.arm.ident
 *(.note.gnu.arm.ident)

.ARM.attributes
                0x00000000       0x28
 *(.ARM.attributes)
 .ARM.attributes
                0x00000000       0x1e c:/program files (x86)/cypress/psoc creator/3.0/psoc creator/import/gnu_cs/arm/4.7.3/bin/../lib/gcc/arm-none-eabi/4.7.3/armv6-m/crti.o
 .ARM.attributes
                0x0000001e       0x2c c:/program files (x86)/cypress/psoc creator/3.0/psoc creator/import/gnu_cs/arm/4.7.3/bin/../lib/gcc/arm-none-eabi/4.7.3/armv6-m/crtbegin.o
 .ARM.attributes
                0x0000004a       0x1c c:/program files (x86)/cypress/psoc creator/3.0/psoc creator/import/gnu_cs/arm/4.7.3/bin/../lib/gcc/arm-none-eabi/4.7.3/../../../../arm-none-eabi/lib/armv6-m/crt0.o
 .ARM.attributes
                0x00000066       0x31 .\CortexM0\ARM_GCC_473\Debug\main.o
 .ARM.attributes
                0x00000097       0x31 .\CortexM0\ARM_GCC_473\Debug\cymetadata.o
 .ARM.attributes
                0x000000c8       0x31 .\CortexM0\ARM_GCC_473\Debug\Cm0Start.o
 .ARM.attributes
                0x000000f9       0x31 .\CortexM0\ARM_GCC_473\Debug\Lticker.a(cyfitter_cfg.o)
 .ARM.attributes
                0x0000012a       0x31 .\CortexM0\ARM_GCC_473\Debug\Lticker.a(CyLib.o)
 .ARM.attributes
                0x0000015b       0x31 .\CortexM0\ARM_GCC_473\Debug\Lticker.a(PWM_1.o)
 .ARM.attributes
                0x0000018c       0x31 .\CortexM0\ARM_GCC_473\Debug\Lticker.a(Status_Reg_1.o)
 .ARM.attributes
                0x000001bd       0x31 .\CortexM0\ARM_GCC_473\Debug\Lticker.a(CapSense_1.o)
 .ARM.attributes
                0x000001ee       0x31 .\CortexM0\ARM_GCC_473\Debug\Lticker.a(CapSense_1_CSHL.o)
 .ARM.attributes
                0x0000021f       0x31 .\CortexM0\ARM_GCC_473\Debug\Lticker.a(CapSense_1_INT.o)
 .ARM.attributes
                0x00000250       0x31 .\CortexM0\ARM_GCC_473\Debug\Lticker.a(CapSense_1_SMS.o)
 .ARM.attributes
                0x00000281       0x31 .\CortexM0\ARM_GCC_473\Debug\Lticker.a(CapSense_1_SampleClk.o)
 .ARM.attributes
                0x000002b2       0x31 .\CortexM0\ARM_GCC_473\Debug\Lticker.a(CapSense_1_SenseClk.o)
 .ARM.attributes
                0x000002e3       0x31 .\CortexM0\ARM_GCC_473\Debug\Lticker.a(Pin_SW.o)
 .ARM.attributes
                0x00000314       0x31 .\CortexM0\ARM_GCC_473\Debug\Lticker.a(PWM_2.o)
 .ARM.attributes
                0x00000345       0x21 .\CortexM0\ARM_GCC_473\Debug\Lticker.a(CyBootAsmGnu.o)
 .ARM.attributes
                0x00000366       0x31 C:\Program Files (x86)\Cypress\PSoC Creator\3.0\PSoC Creator\psoc\content\cycomponentlibrary\CyComponentLibrary.cylib\CortexM0\ARM_GCC_473\Debug\CyComponentLibrary.a(CSD_P4_SmartSense_v2_0.o)
 .ARM.attributes
                0x00000397       0x1e c:/program files (x86)/cypress/psoc creator/3.0/psoc creator/import/gnu_cs/arm/4.7.3/bin/../lib/gcc/arm-none-eabi/4.7.3/armv6-m\libgcc.a(_udivsi3.o)
 .ARM.attributes
                0x000003b5       0x1e c:/program files (x86)/cypress/psoc creator/3.0/psoc creator/import/gnu_cs/arm/4.7.3/bin/../lib/gcc/arm-none-eabi/4.7.3/armv6-m\libgcc.a(_divsi3.o)
 .ARM.attributes
                0x000003d3       0x1e c:/program files (x86)/cypress/psoc creator/3.0/psoc creator/import/gnu_cs/arm/4.7.3/bin/../lib/gcc/arm-none-eabi/4.7.3/armv6-m\libgcc.a(_dvmd_tls.o)
 .ARM.attributes
                0x000003f1       0x2c c:/program files (x86)/cypress/psoc creator/3.0/psoc creator/import/gnu_cs/arm/4.7.3/bin/../lib/gcc/arm-none-eabi/4.7.3/../../../../arm-none-eabi/lib/armv6-m\libc_s.a(lib_a-__atexit2.o)
 .ARM.attributes
                0x0000041d       0x2c c:/program files (x86)/cypress/psoc creator/3.0/psoc creator/import/gnu_cs/arm/4.7.3/bin/../lib/gcc/arm-none-eabi/4.7.3/../../../../arm-none-eabi/lib/armv6-m\libc_s.a(lib_a-exit.o)
 .ARM.attributes
                0x00000449       0x2c c:/program files (x86)/cypress/psoc creator/3.0/psoc creator/import/gnu_cs/arm/4.7.3/bin/../lib/gcc/arm-none-eabi/4.7.3/../../../../arm-none-eabi/lib/armv6-m\libc_s.a(lib_a-fini.o)
 .ARM.attributes
                0x00000475       0x2c c:/program files (x86)/cypress/psoc creator/3.0/psoc creator/import/gnu_cs/arm/4.7.3/bin/../lib/gcc/arm-none-eabi/4.7.3/../../../../arm-none-eabi/lib/armv6-m\libc_s.a(lib_a-impure.o)
 .ARM.attributes
                0x000004a1       0x2c c:/program files (x86)/cypress/psoc creator/3.0/psoc creator/import/gnu_cs/arm/4.7.3/bin/../lib/gcc/arm-none-eabi/4.7.3/../../../../arm-none-eabi/lib/armv6-m\libc_s.a(lib_a-init.o)
 .ARM.attributes
                0x000004cd       0x2c c:/program files (x86)/cypress/psoc creator/3.0/psoc creator/import/gnu_cs/arm/4.7.3/bin/../lib/gcc/arm-none-eabi/4.7.3/../../../../arm-none-eabi/lib/armv6-m\libc_s.a(lib_a-memcpy.o)
 .ARM.attributes
                0x000004f9       0x2c c:/program files (x86)/cypress/psoc creator/3.0/psoc creator/import/gnu_cs/arm/4.7.3/bin/../lib/gcc/arm-none-eabi/4.7.3/../../../../arm-none-eabi/lib/armv6-m\libc_s.a(lib_a-memset.o)
 .ARM.attributes
                0x00000525       0x2c c:/program files (x86)/cypress/psoc creator/3.0/psoc creator/import/gnu_cs/arm/4.7.3/bin/../lib/gcc/arm-none-eabi/4.7.3/armv6-m/crtend.o
 .ARM.attributes
                0x00000551       0x1e c:/program files (x86)/cypress/psoc creator/3.0/psoc creator/import/gnu_cs/arm/4.7.3/bin/../lib/gcc/arm-none-eabi/4.7.3/armv6-m/crtn.o

/DISCARD/
 *(.note.GNU-stack)
OUTPUT(.\CortexM0\ARM_GCC_473\Debug\Lticker.elf elf32-littlearm)
