Archive member included because of file (symbol)

.\CortexM0\ARM_GCC_473\Debug\Lticker.a(cyfitter_cfg.o)
                              .\CortexM0\ARM_GCC_473\Debug\Cm0Start.o (cyfitter_cfg)
.\CortexM0\ARM_GCC_473\Debug\Lticker.a(CyLib.o)
                              .\CortexM0\ARM_GCC_473\Debug\Lticker.a(cyfitter_cfg.o) (CyDelayUs)
.\CortexM0\ARM_GCC_473\Debug\Lticker.a(WS2812driver_1.o)
                              .\CortexM0\ARM_GCC_473\Debug\main.o (WS2812driver_1_write2fifo)
.\CortexM0\ARM_GCC_473\Debug\Lticker.a(isr_fifo_empty.o)
                              .\CortexM0\ARM_GCC_473\Debug\main.o (isr_fifo_empty_StartEx)
.\CortexM0\ARM_GCC_473\Debug\Lticker.a(isr_reset_done.o)
                              .\CortexM0\ARM_GCC_473\Debug\main.o (isr_reset_done_StartEx)
.\CortexM0\ARM_GCC_473\Debug\Lticker.a(Counter_reset_gen.o)
                              .\CortexM0\ARM_GCC_473\Debug\main.o (Counter_reset_gen_Start)
.\CortexM0\ARM_GCC_473\Debug\Lticker.a(CyBootAsmGnu.o)
                              .\CortexM0\ARM_GCC_473\Debug\Lticker.a(CyLib.o) (CyDelayCycles)
c:/program files (x86)/cypress/psoc creator/3.0/psoc creator/import/gnu_cs/arm/4.7.3/bin/../lib/gcc/arm-none-eabi/4.7.3/armv6-m\libgcc.a(_udivsi3.o)
                              .\CortexM0\ARM_GCC_473\Debug\Lticker.a(CyLib.o) (__aeabi_uidiv)
c:/program files (x86)/cypress/psoc creator/3.0/psoc creator/import/gnu_cs/arm/4.7.3/bin/../lib/gcc/arm-none-eabi/4.7.3/armv6-m\libgcc.a(_divsi3.o)
                              .\CortexM0\ARM_GCC_473\Debug\Cm0Start.o (__aeabi_idiv)
c:/program files (x86)/cypress/psoc creator/3.0/psoc creator/import/gnu_cs/arm/4.7.3/bin/../lib/gcc/arm-none-eabi/4.7.3/armv6-m\libgcc.a(_dvmd_tls.o)
                              c:/program files (x86)/cypress/psoc creator/3.0/psoc creator/import/gnu_cs/arm/4.7.3/bin/../lib/gcc/arm-none-eabi/4.7.3/armv6-m\libgcc.a(_udivsi3.o) (__aeabi_idiv0)
c:/program files (x86)/cypress/psoc creator/3.0/psoc creator/import/gnu_cs/arm/4.7.3/bin/../lib/gcc/arm-none-eabi/4.7.3/../../../../arm-none-eabi/lib/armv6-m\libc_s.a(lib_a-__atexit2.o)
                              c:/program files (x86)/cypress/psoc creator/3.0/psoc creator/import/gnu_cs/arm/4.7.3/bin/../lib/gcc/arm-none-eabi/4.7.3/../../../../arm-none-eabi/lib/armv6-m/crt0.o (__register_exitproc)
c:/program files (x86)/cypress/psoc creator/3.0/psoc creator/import/gnu_cs/arm/4.7.3/bin/../lib/gcc/arm-none-eabi/4.7.3/../../../../arm-none-eabi/lib/armv6-m\libc_s.a(lib_a-exit.o)
                              c:/program files (x86)/cypress/psoc creator/3.0/psoc creator/import/gnu_cs/arm/4.7.3/bin/../lib/gcc/arm-none-eabi/4.7.3/../../../../arm-none-eabi/lib/armv6-m/crt0.o (exit)
c:/program files (x86)/cypress/psoc creator/3.0/psoc creator/import/gnu_cs/arm/4.7.3/bin/../lib/gcc/arm-none-eabi/4.7.3/../../../../arm-none-eabi/lib/armv6-m\libc_s.a(lib_a-fini.o)
                              c:/program files (x86)/cypress/psoc creator/3.0/psoc creator/import/gnu_cs/arm/4.7.3/bin/../lib/gcc/arm-none-eabi/4.7.3/../../../../arm-none-eabi/lib/armv6-m/crt0.o (__libc_fini_array)
c:/program files (x86)/cypress/psoc creator/3.0/psoc creator/import/gnu_cs/arm/4.7.3/bin/../lib/gcc/arm-none-eabi/4.7.3/../../../../arm-none-eabi/lib/armv6-m\libc_s.a(lib_a-impure.o)
                              c:/program files (x86)/cypress/psoc creator/3.0/psoc creator/import/gnu_cs/arm/4.7.3/bin/../lib/gcc/arm-none-eabi/4.7.3/../../../../arm-none-eabi/lib/armv6-m\libc_s.a(lib_a-exit.o) (_global_impure_ptr)
c:/program files (x86)/cypress/psoc creator/3.0/psoc creator/import/gnu_cs/arm/4.7.3/bin/../lib/gcc/arm-none-eabi/4.7.3/../../../../arm-none-eabi/lib/armv6-m\libc_s.a(lib_a-init.o)
                              c:/program files (x86)/cypress/psoc creator/3.0/psoc creator/import/gnu_cs/arm/4.7.3/bin/../lib/gcc/arm-none-eabi/4.7.3/../../../../arm-none-eabi/lib/armv6-m/crt0.o (__libc_init_array)
c:/program files (x86)/cypress/psoc creator/3.0/psoc creator/import/gnu_cs/arm/4.7.3/bin/../lib/gcc/arm-none-eabi/4.7.3/../../../../arm-none-eabi/lib/armv6-m\libc_s.a(lib_a-memcpy.o)
                              .\CortexM0\ARM_GCC_473\Debug\Lticker.a(cyfitter_cfg.o) (memcpy)
c:/program files (x86)/cypress/psoc creator/3.0/psoc creator/import/gnu_cs/arm/4.7.3/bin/../lib/gcc/arm-none-eabi/4.7.3/../../../../arm-none-eabi/lib/armv6-m\libc_s.a(lib_a-memset.o)
                              c:/program files (x86)/cypress/psoc creator/3.0/psoc creator/import/gnu_cs/arm/4.7.3/bin/../lib/gcc/arm-none-eabi/4.7.3/../../../../arm-none-eabi/lib/armv6-m/crt0.o (memset)

Allocating common symbols
Common symbol       size              file

rgb                 0x300             .\CortexM0\ARM_GCC_473\Debug\main.o
tick                0x4               .\CortexM0\ARM_GCC_473\Debug\main.o
current_led         0x4               .\CortexM0\ARM_GCC_473\Debug\main.o

Discarded input sections

 .text          0x00000000        0x0 c:/program files (x86)/cypress/psoc creator/3.0/psoc creator/import/gnu_cs/arm/4.7.3/bin/../lib/gcc/arm-none-eabi/4.7.3/armv6-m/crti.o
 .data          0x00000000        0x0 c:/program files (x86)/cypress/psoc creator/3.0/psoc creator/import/gnu_cs/arm/4.7.3/bin/../lib/gcc/arm-none-eabi/4.7.3/armv6-m/crti.o
 .bss           0x00000000        0x0 c:/program files (x86)/cypress/psoc creator/3.0/psoc creator/import/gnu_cs/arm/4.7.3/bin/../lib/gcc/arm-none-eabi/4.7.3/armv6-m/crti.o
 .data          0x00000000        0x4 c:/program files (x86)/cypress/psoc creator/3.0/psoc creator/import/gnu_cs/arm/4.7.3/bin/../lib/gcc/arm-none-eabi/4.7.3/armv6-m/crtbegin.o
 .text          0x00000000       0x74 c:/program files (x86)/cypress/psoc creator/3.0/psoc creator/import/gnu_cs/arm/4.7.3/bin/../lib/gcc/arm-none-eabi/4.7.3/../../../../arm-none-eabi/lib/armv6-m/crt0.o
 .data          0x00000000        0x0 c:/program files (x86)/cypress/psoc creator/3.0/psoc creator/import/gnu_cs/arm/4.7.3/bin/../lib/gcc/arm-none-eabi/4.7.3/../../../../arm-none-eabi/lib/armv6-m/crt0.o
 .bss           0x00000000        0x0 c:/program files (x86)/cypress/psoc creator/3.0/psoc creator/import/gnu_cs/arm/4.7.3/bin/../lib/gcc/arm-none-eabi/4.7.3/../../../../arm-none-eabi/lib/armv6-m/crt0.o
 .ARM.extab     0x00000000        0x0 c:/program files (x86)/cypress/psoc creator/3.0/psoc creator/import/gnu_cs/arm/4.7.3/bin/../lib/gcc/arm-none-eabi/4.7.3/../../../../arm-none-eabi/lib/armv6-m/crt0.o
 .ARM.exidx     0x00000000        0x8 c:/program files (x86)/cypress/psoc creator/3.0/psoc creator/import/gnu_cs/arm/4.7.3/bin/../lib/gcc/arm-none-eabi/4.7.3/../../../../arm-none-eabi/lib/armv6-m/crt0.o
 .text          0x00000000        0x0 .\CortexM0\ARM_GCC_473\Debug\main.o
 .data          0x00000000        0x0 .\CortexM0\ARM_GCC_473\Debug\main.o
 .text          0x00000000        0x0 .\CortexM0\ARM_GCC_473\Debug\cymetadata.o
 .data          0x00000000        0x0 .\CortexM0\ARM_GCC_473\Debug\cymetadata.o
 .bss           0x00000000        0x0 .\CortexM0\ARM_GCC_473\Debug\cymetadata.o
 .text          0x00000000        0x0 .\CortexM0\ARM_GCC_473\Debug\Cm0Start.o
 .data          0x00000000        0x0 .\CortexM0\ARM_GCC_473\Debug\Cm0Start.o
 .bss           0x00000000        0x0 .\CortexM0\ARM_GCC_473\Debug\Cm0Start.o
 .text._exit    0x00000000       0x28 .\CortexM0\ARM_GCC_473\Debug\Cm0Start.o
 .text          0x00000000        0x0 .\CortexM0\ARM_GCC_473\Debug\Lticker.a(cyfitter_cfg.o)
 .bss           0x00000000        0x0 .\CortexM0\ARM_GCC_473\Debug\Lticker.a(cyfitter_cfg.o)
 .text.CYCONFIGCPY
                0x00000000       0x24 .\CortexM0\ARM_GCC_473\Debug\Lticker.a(cyfitter_cfg.o)
 .text          0x00000000        0x0 .\CortexM0\ARM_GCC_473\Debug\Lticker.a(CyLib.o)
 .bss           0x00000000        0x0 .\CortexM0\ARM_GCC_473\Debug\Lticker.a(CyLib.o)
 .text.CySysClkImoStart
                0x00000000       0x1c .\CortexM0\ARM_GCC_473\Debug\Lticker.a(CyLib.o)
 .text.CySysClkImoStop
                0x00000000       0x18 .\CortexM0\ARM_GCC_473\Debug\Lticker.a(CyLib.o)
 .text.CySysClkIloStart
                0x00000000       0x1c .\CortexM0\ARM_GCC_473\Debug\Lticker.a(CyLib.o)
 .text.CySysClkIloStop
                0x00000000       0x18 .\CortexM0\ARM_GCC_473\Debug\Lticker.a(CyLib.o)
 .text.CySysClkWriteHfclkDirect
                0x00000000       0x44 .\CortexM0\ARM_GCC_473\Debug\Lticker.a(CyLib.o)
 .text.CySysClkWriteSysclkDiv
                0x00000000       0x44 .\CortexM0\ARM_GCC_473\Debug\Lticker.a(CyLib.o)
 .text.CySysClkWriteImoFreq
                0x00000000      0x200 .\CortexM0\ARM_GCC_473\Debug\Lticker.a(CyLib.o)
 .text.CySysWdtLock
                0x00000000       0x44 .\CortexM0\ARM_GCC_473\Debug\Lticker.a(CyLib.o)
 .text.CySysWdtUnlock
                0x00000000       0x5c .\CortexM0\ARM_GCC_473\Debug\Lticker.a(CyLib.o)
 .text.CySysWdtReadEnabledStatus
                0x00000000       0x30 .\CortexM0\ARM_GCC_473\Debug\Lticker.a(CyLib.o)
 .text.CySysWdtWriteMode
                0x00000000       0x70 .\CortexM0\ARM_GCC_473\Debug\Lticker.a(CyLib.o)
 .text.CySysWdtReadMode
                0x00000000       0x24 .\CortexM0\ARM_GCC_473\Debug\Lticker.a(CyLib.o)
 .text.CySysWdtWriteClearOnMatch
                0x00000000       0x68 .\CortexM0\ARM_GCC_473\Debug\Lticker.a(CyLib.o)
 .text.CySysWdtReadClearOnMatch
                0x00000000       0x40 .\CortexM0\ARM_GCC_473\Debug\Lticker.a(CyLib.o)
 .text.CySysWdtEnable
                0x00000000       0x30 .\CortexM0\ARM_GCC_473\Debug\Lticker.a(CyLib.o)
 .text.CySysWdtDisable
                0x00000000       0x30 .\CortexM0\ARM_GCC_473\Debug\Lticker.a(CyLib.o)
 .text.CySysWdtWriteCascade
                0x00000000       0x68 .\CortexM0\ARM_GCC_473\Debug\Lticker.a(CyLib.o)
 .text.CySysWdtReadCascade
                0x00000000       0x1c .\CortexM0\ARM_GCC_473\Debug\Lticker.a(CyLib.o)
 .text.CySysWdtWriteMatch
                0x00000000       0x74 .\CortexM0\ARM_GCC_473\Debug\Lticker.a(CyLib.o)
 .text.CySysWdtWriteToggleBit
                0x00000000       0x54 .\CortexM0\ARM_GCC_473\Debug\Lticker.a(CyLib.o)
 .text.CySysWdtReadToggleBit
                0x00000000       0x18 .\CortexM0\ARM_GCC_473\Debug\Lticker.a(CyLib.o)
 .text.CySysWdtReadMatch
                0x00000000       0x44 .\CortexM0\ARM_GCC_473\Debug\Lticker.a(CyLib.o)
 .text.CySysWdtReadCount
                0x00000000       0x54 .\CortexM0\ARM_GCC_473\Debug\Lticker.a(CyLib.o)
 .text.CySysWdtGetInterruptSource
                0x00000000       0x1c .\CortexM0\ARM_GCC_473\Debug\Lticker.a(CyLib.o)
 .text.CySysWdtClearInterrupt
                0x00000000       0xb8 .\CortexM0\ARM_GCC_473\Debug\Lticker.a(CyLib.o)
 .text.CySysWdtResetCounters
                0x00000000       0x38 .\CortexM0\ARM_GCC_473\Debug\Lticker.a(CyLib.o)
 .text.CySysLvdEnable
                0x00000000       0x48 .\CortexM0\ARM_GCC_473\Debug\Lticker.a(CyLib.o)
 .text.CySysLvdDisable
                0x00000000       0x28 .\CortexM0\ARM_GCC_473\Debug\Lticker.a(CyLib.o)
 .text.CySysLvdGetInterruptSource
                0x00000000       0x18 .\CortexM0\ARM_GCC_473\Debug\Lticker.a(CyLib.o)
 .text.CySysLvdClearInterrupt
                0x00000000       0x14 .\CortexM0\ARM_GCC_473\Debug\Lticker.a(CyLib.o)
 .text.CySysGetResetReason
                0x00000000       0x30 .\CortexM0\ARM_GCC_473\Debug\Lticker.a(CyLib.o)
 .text.CyDisableInts
                0x00000000       0x24 .\CortexM0\ARM_GCC_473\Debug\Lticker.a(CyLib.o)
 .text.CyEnableInts
                0x00000000       0x18 .\CortexM0\ARM_GCC_473\Debug\Lticker.a(CyLib.o)
 .text.CyIntGetSysVector
                0x00000000       0x34 .\CortexM0\ARM_GCC_473\Debug\Lticker.a(CyLib.o)
 .text.CyIntSetVector
                0x00000000       0x4c .\CortexM0\ARM_GCC_473\Debug\Lticker.a(CyLib.o)
 .text.CyIntGetVector
                0x00000000       0x38 .\CortexM0\ARM_GCC_473\Debug\Lticker.a(CyLib.o)
 .text.CyIntSetPriority
                0x00000000       0xa8 .\CortexM0\ARM_GCC_473\Debug\Lticker.a(CyLib.o)
 .text.CyIntGetPriority
                0x00000000       0x58 .\CortexM0\ARM_GCC_473\Debug\Lticker.a(CyLib.o)
 .text.CyIntEnable
                0x00000000       0x2c .\CortexM0\ARM_GCC_473\Debug\Lticker.a(CyLib.o)
 .text.CyIntGetState
                0x00000000       0x34 .\CortexM0\ARM_GCC_473\Debug\Lticker.a(CyLib.o)
 .text.CyIntDisable
                0x00000000       0x2c .\CortexM0\ARM_GCC_473\Debug\Lticker.a(CyLib.o)
 .text.CyIntSetPending
                0x00000000       0x2c .\CortexM0\ARM_GCC_473\Debug\Lticker.a(CyLib.o)
 .text.CyIntClearPending
                0x00000000       0x2c .\CortexM0\ARM_GCC_473\Debug\Lticker.a(CyLib.o)
 .text.CySoftwareReset
                0x00000000       0x20 .\CortexM0\ARM_GCC_473\Debug\Lticker.a(CyLib.o)
 .text.CyDelay  0x00000000       0x48 .\CortexM0\ARM_GCC_473\Debug\Lticker.a(CyLib.o)
 .text.CyDelayFreq
                0x00000000       0x80 .\CortexM0\ARM_GCC_473\Debug\Lticker.a(CyLib.o)
 .rodata        0x00000000       0x30 .\CortexM0\ARM_GCC_473\Debug\Lticker.a(CyLib.o)
 .text          0x00000000        0x0 .\CortexM0\ARM_GCC_473\Debug\Lticker.a(WS2812driver_1.o)
 .data          0x00000000        0x0 .\CortexM0\ARM_GCC_473\Debug\Lticker.a(WS2812driver_1.o)
 .bss           0x00000000        0x0 .\CortexM0\ARM_GCC_473\Debug\Lticker.a(WS2812driver_1.o)
 .text          0x00000000        0x0 .\CortexM0\ARM_GCC_473\Debug\Lticker.a(isr_fifo_empty.o)
 .data          0x00000000        0x0 .\CortexM0\ARM_GCC_473\Debug\Lticker.a(isr_fifo_empty.o)
 .bss           0x00000000        0x0 .\CortexM0\ARM_GCC_473\Debug\Lticker.a(isr_fifo_empty.o)
 .text.isr_fifo_empty_Start
                0x00000000       0x24 .\CortexM0\ARM_GCC_473\Debug\Lticker.a(isr_fifo_empty.o)
 .text.isr_fifo_empty_Stop
                0x00000000       0x18 .\CortexM0\ARM_GCC_473\Debug\Lticker.a(isr_fifo_empty.o)
 .text.isr_fifo_empty_Interrupt
                0x00000000        0x8 .\CortexM0\ARM_GCC_473\Debug\Lticker.a(isr_fifo_empty.o)
 .text.isr_fifo_empty_GetVector
                0x00000000       0x14 .\CortexM0\ARM_GCC_473\Debug\Lticker.a(isr_fifo_empty.o)
 .text.isr_fifo_empty_GetPriority
                0x00000000       0x2c .\CortexM0\ARM_GCC_473\Debug\Lticker.a(isr_fifo_empty.o)
 .text.isr_fifo_empty_GetState
                0x00000000       0x1c .\CortexM0\ARM_GCC_473\Debug\Lticker.a(isr_fifo_empty.o)
 .text.isr_fifo_empty_SetPending
                0x00000000       0x14 .\CortexM0\ARM_GCC_473\Debug\Lticker.a(isr_fifo_empty.o)
 .text.isr_fifo_empty_ClearPending
                0x00000000       0x14 .\CortexM0\ARM_GCC_473\Debug\Lticker.a(isr_fifo_empty.o)
 .text          0x00000000        0x0 .\CortexM0\ARM_GCC_473\Debug\Lticker.a(isr_reset_done.o)
 .data          0x00000000        0x0 .\CortexM0\ARM_GCC_473\Debug\Lticker.a(isr_reset_done.o)
 .bss           0x00000000        0x0 .\CortexM0\ARM_GCC_473\Debug\Lticker.a(isr_reset_done.o)
 .text.isr_reset_done_Start
                0x00000000       0x24 .\CortexM0\ARM_GCC_473\Debug\Lticker.a(isr_reset_done.o)
 .text.isr_reset_done_Stop
                0x00000000       0x18 .\CortexM0\ARM_GCC_473\Debug\Lticker.a(isr_reset_done.o)
 .text.isr_reset_done_Interrupt
                0x00000000        0x8 .\CortexM0\ARM_GCC_473\Debug\Lticker.a(isr_reset_done.o)
 .text.isr_reset_done_GetVector
                0x00000000       0x14 .\CortexM0\ARM_GCC_473\Debug\Lticker.a(isr_reset_done.o)
 .text.isr_reset_done_GetPriority
                0x00000000       0x30 .\CortexM0\ARM_GCC_473\Debug\Lticker.a(isr_reset_done.o)
 .text.isr_reset_done_SetPending
                0x00000000       0x14 .\CortexM0\ARM_GCC_473\Debug\Lticker.a(isr_reset_done.o)
 .text          0x00000000        0x0 .\CortexM0\ARM_GCC_473\Debug\Lticker.a(Counter_reset_gen.o)
 .data          0x00000000        0x0 .\CortexM0\ARM_GCC_473\Debug\Lticker.a(Counter_reset_gen.o)
 .text.Counter_reset_gen_Stop
                0x00000000        0x8 .\CortexM0\ARM_GCC_473\Debug\Lticker.a(Counter_reset_gen.o)
 .text.Counter_reset_gen_ReadCounter
                0x00000000       0x1c .\CortexM0\ARM_GCC_473\Debug\Lticker.a(Counter_reset_gen.o)
 .text.Counter_reset_gen_ReadPeriod
                0x00000000       0x14 .\CortexM0\ARM_GCC_473\Debug\Lticker.a(Counter_reset_gen.o)
 .text.Counter_reset_gen_ReadCompare
                0x00000000       0x14 .\CortexM0\ARM_GCC_473\Debug\Lticker.a(Counter_reset_gen.o)
 .data          0x00000000        0x0 .\CortexM0\ARM_GCC_473\Debug\Lticker.a(CyBootAsmGnu.o)
 .bss           0x00000000        0x0 .\CortexM0\ARM_GCC_473\Debug\Lticker.a(CyBootAsmGnu.o)
 .text          0x00000000       0x9c c:/program files (x86)/cypress/psoc creator/3.0/psoc creator/import/gnu_cs/arm/4.7.3/bin/../lib/gcc/arm-none-eabi/4.7.3/armv6-m\libgcc.a(_udivsi3.o)
 .data          0x00000000        0x0 c:/program files (x86)/cypress/psoc creator/3.0/psoc creator/import/gnu_cs/arm/4.7.3/bin/../lib/gcc/arm-none-eabi/4.7.3/armv6-m\libgcc.a(_udivsi3.o)
 .bss           0x00000000        0x0 c:/program files (x86)/cypress/psoc creator/3.0/psoc creator/import/gnu_cs/arm/4.7.3/bin/../lib/gcc/arm-none-eabi/4.7.3/armv6-m\libgcc.a(_udivsi3.o)
 .text          0x00000000       0xc0 c:/program files (x86)/cypress/psoc creator/3.0/psoc creator/import/gnu_cs/arm/4.7.3/bin/../lib/gcc/arm-none-eabi/4.7.3/armv6-m\libgcc.a(_divsi3.o)
 .data          0x00000000        0x0 c:/program files (x86)/cypress/psoc creator/3.0/psoc creator/import/gnu_cs/arm/4.7.3/bin/../lib/gcc/arm-none-eabi/4.7.3/armv6-m\libgcc.a(_divsi3.o)
 .bss           0x00000000        0x0 c:/program files (x86)/cypress/psoc creator/3.0/psoc creator/import/gnu_cs/arm/4.7.3/bin/../lib/gcc/arm-none-eabi/4.7.3/armv6-m\libgcc.a(_divsi3.o)
 .text          0x00000000        0x4 c:/program files (x86)/cypress/psoc creator/3.0/psoc creator/import/gnu_cs/arm/4.7.3/bin/../lib/gcc/arm-none-eabi/4.7.3/armv6-m\libgcc.a(_dvmd_tls.o)
 .data          0x00000000        0x0 c:/program files (x86)/cypress/psoc creator/3.0/psoc creator/import/gnu_cs/arm/4.7.3/bin/../lib/gcc/arm-none-eabi/4.7.3/armv6-m\libgcc.a(_dvmd_tls.o)
 .bss           0x00000000        0x0 c:/program files (x86)/cypress/psoc creator/3.0/psoc creator/import/gnu_cs/arm/4.7.3/bin/../lib/gcc/arm-none-eabi/4.7.3/armv6-m\libgcc.a(_dvmd_tls.o)
 .text          0x00000000        0x0 c:/program files (x86)/cypress/psoc creator/3.0/psoc creator/import/gnu_cs/arm/4.7.3/bin/../lib/gcc/arm-none-eabi/4.7.3/../../../../arm-none-eabi/lib/armv6-m\libc_s.a(lib_a-__atexit2.o)
 .data          0x00000000        0x0 c:/program files (x86)/cypress/psoc creator/3.0/psoc creator/import/gnu_cs/arm/4.7.3/bin/../lib/gcc/arm-none-eabi/4.7.3/../../../../arm-none-eabi/lib/armv6-m\libc_s.a(lib_a-__atexit2.o)
 .bss           0x00000000        0x0 c:/program files (x86)/cypress/psoc creator/3.0/psoc creator/import/gnu_cs/arm/4.7.3/bin/../lib/gcc/arm-none-eabi/4.7.3/../../../../arm-none-eabi/lib/armv6-m\libc_s.a(lib_a-__atexit2.o)
 .text.__register_exitproc
                0x00000000       0x18 c:/program files (x86)/cypress/psoc creator/3.0/psoc creator/import/gnu_cs/arm/4.7.3/bin/../lib/gcc/arm-none-eabi/4.7.3/../../../../arm-none-eabi/lib/armv6-m\libc_s.a(lib_a-__atexit2.o)
 .text          0x00000000        0x0 c:/program files (x86)/cypress/psoc creator/3.0/psoc creator/import/gnu_cs/arm/4.7.3/bin/../lib/gcc/arm-none-eabi/4.7.3/../../../../arm-none-eabi/lib/armv6-m\libc_s.a(lib_a-exit.o)
 .data          0x00000000        0x0 c:/program files (x86)/cypress/psoc creator/3.0/psoc creator/import/gnu_cs/arm/4.7.3/bin/../lib/gcc/arm-none-eabi/4.7.3/../../../../arm-none-eabi/lib/armv6-m\libc_s.a(lib_a-exit.o)
 .bss           0x00000000        0x0 c:/program files (x86)/cypress/psoc creator/3.0/psoc creator/import/gnu_cs/arm/4.7.3/bin/../lib/gcc/arm-none-eabi/4.7.3/../../../../arm-none-eabi/lib/armv6-m\libc_s.a(lib_a-exit.o)
 .text.exit     0x00000000       0x30 c:/program files (x86)/cypress/psoc creator/3.0/psoc creator/import/gnu_cs/arm/4.7.3/bin/../lib/gcc/arm-none-eabi/4.7.3/../../../../arm-none-eabi/lib/armv6-m\libc_s.a(lib_a-exit.o)
 .text          0x00000000        0x0 c:/program files (x86)/cypress/psoc creator/3.0/psoc creator/import/gnu_cs/arm/4.7.3/bin/../lib/gcc/arm-none-eabi/4.7.3/../../../../arm-none-eabi/lib/armv6-m\libc_s.a(lib_a-fini.o)
 .data          0x00000000        0x0 c:/program files (x86)/cypress/psoc creator/3.0/psoc creator/import/gnu_cs/arm/4.7.3/bin/../lib/gcc/arm-none-eabi/4.7.3/../../../../arm-none-eabi/lib/armv6-m\libc_s.a(lib_a-fini.o)
 .bss           0x00000000        0x0 c:/program files (x86)/cypress/psoc creator/3.0/psoc creator/import/gnu_cs/arm/4.7.3/bin/../lib/gcc/arm-none-eabi/4.7.3/../../../../arm-none-eabi/lib/armv6-m\libc_s.a(lib_a-fini.o)
 .text.__libc_fini_array
                0x00000000       0x2c c:/program files (x86)/cypress/psoc creator/3.0/psoc creator/import/gnu_cs/arm/4.7.3/bin/../lib/gcc/arm-none-eabi/4.7.3/../../../../arm-none-eabi/lib/armv6-m\libc_s.a(lib_a-fini.o)
 .text          0x00000000        0x0 c:/program files (x86)/cypress/psoc creator/3.0/psoc creator/import/gnu_cs/arm/4.7.3/bin/../lib/gcc/arm-none-eabi/4.7.3/../../../../arm-none-eabi/lib/armv6-m\libc_s.a(lib_a-impure.o)
 .data          0x00000000        0x0 c:/program files (x86)/cypress/psoc creator/3.0/psoc creator/import/gnu_cs/arm/4.7.3/bin/../lib/gcc/arm-none-eabi/4.7.3/../../../../arm-none-eabi/lib/armv6-m\libc_s.a(lib_a-impure.o)
 .bss           0x00000000        0x0 c:/program files (x86)/cypress/psoc creator/3.0/psoc creator/import/gnu_cs/arm/4.7.3/bin/../lib/gcc/arm-none-eabi/4.7.3/../../../../arm-none-eabi/lib/armv6-m\libc_s.a(lib_a-impure.o)
 .data.impure_data
                0x00000000       0x64 c:/program files (x86)/cypress/psoc creator/3.0/psoc creator/import/gnu_cs/arm/4.7.3/bin/../lib/gcc/arm-none-eabi/4.7.3/../../../../arm-none-eabi/lib/armv6-m\libc_s.a(lib_a-impure.o)
 .data._impure_ptr
                0x00000000        0x4 c:/program files (x86)/cypress/psoc creator/3.0/psoc creator/import/gnu_cs/arm/4.7.3/bin/../lib/gcc/arm-none-eabi/4.7.3/../../../../arm-none-eabi/lib/armv6-m\libc_s.a(lib_a-impure.o)
 .rodata.str1.1
                0x00000000        0x2 c:/program files (x86)/cypress/psoc creator/3.0/psoc creator/import/gnu_cs/arm/4.7.3/bin/../lib/gcc/arm-none-eabi/4.7.3/../../../../arm-none-eabi/lib/armv6-m\libc_s.a(lib_a-impure.o)
 .rodata._global_impure_ptr
                0x00000000        0x4 c:/program files (x86)/cypress/psoc creator/3.0/psoc creator/import/gnu_cs/arm/4.7.3/bin/../lib/gcc/arm-none-eabi/4.7.3/../../../../arm-none-eabi/lib/armv6-m\libc_s.a(lib_a-impure.o)
 .text          0x00000000        0x0 c:/program files (x86)/cypress/psoc creator/3.0/psoc creator/import/gnu_cs/arm/4.7.3/bin/../lib/gcc/arm-none-eabi/4.7.3/../../../../arm-none-eabi/lib/armv6-m\libc_s.a(lib_a-init.o)
 .data          0x00000000        0x0 c:/program files (x86)/cypress/psoc creator/3.0/psoc creator/import/gnu_cs/arm/4.7.3/bin/../lib/gcc/arm-none-eabi/4.7.3/../../../../arm-none-eabi/lib/armv6-m\libc_s.a(lib_a-init.o)
 .bss           0x00000000        0x0 c:/program files (x86)/cypress/psoc creator/3.0/psoc creator/import/gnu_cs/arm/4.7.3/bin/../lib/gcc/arm-none-eabi/4.7.3/../../../../arm-none-eabi/lib/armv6-m\libc_s.a(lib_a-init.o)
 .text          0x00000000        0x0 c:/program files (x86)/cypress/psoc creator/3.0/psoc creator/import/gnu_cs/arm/4.7.3/bin/../lib/gcc/arm-none-eabi/4.7.3/../../../../arm-none-eabi/lib/armv6-m\libc_s.a(lib_a-memcpy.o)
 .data          0x00000000        0x0 c:/program files (x86)/cypress/psoc creator/3.0/psoc creator/import/gnu_cs/arm/4.7.3/bin/../lib/gcc/arm-none-eabi/4.7.3/../../../../arm-none-eabi/lib/armv6-m\libc_s.a(lib_a-memcpy.o)
 .bss           0x00000000        0x0 c:/program files (x86)/cypress/psoc creator/3.0/psoc creator/import/gnu_cs/arm/4.7.3/bin/../lib/gcc/arm-none-eabi/4.7.3/../../../../arm-none-eabi/lib/armv6-m\libc_s.a(lib_a-memcpy.o)
 .text          0x00000000        0x0 c:/program files (x86)/cypress/psoc creator/3.0/psoc creator/import/gnu_cs/arm/4.7.3/bin/../lib/gcc/arm-none-eabi/4.7.3/../../../../arm-none-eabi/lib/armv6-m\libc_s.a(lib_a-memset.o)
 .data          0x00000000        0x0 c:/program files (x86)/cypress/psoc creator/3.0/psoc creator/import/gnu_cs/arm/4.7.3/bin/../lib/gcc/arm-none-eabi/4.7.3/../../../../arm-none-eabi/lib/armv6-m\libc_s.a(lib_a-memset.o)
 .bss           0x00000000        0x0 c:/program files (x86)/cypress/psoc creator/3.0/psoc creator/import/gnu_cs/arm/4.7.3/bin/../lib/gcc/arm-none-eabi/4.7.3/../../../../arm-none-eabi/lib/armv6-m\libc_s.a(lib_a-memset.o)
 .text          0x00000000        0x0 c:/program files (x86)/cypress/psoc creator/3.0/psoc creator/import/gnu_cs/arm/4.7.3/bin/../lib/gcc/arm-none-eabi/4.7.3/armv6-m/crtend.o
 .data          0x00000000        0x0 c:/program files (x86)/cypress/psoc creator/3.0/psoc creator/import/gnu_cs/arm/4.7.3/bin/../lib/gcc/arm-none-eabi/4.7.3/armv6-m/crtend.o
 .bss           0x00000000        0x0 c:/program files (x86)/cypress/psoc creator/3.0/psoc creator/import/gnu_cs/arm/4.7.3/bin/../lib/gcc/arm-none-eabi/4.7.3/armv6-m/crtend.o
 .text          0x00000000        0x0 c:/program files (x86)/cypress/psoc creator/3.0/psoc creator/import/gnu_cs/arm/4.7.3/bin/../lib/gcc/arm-none-eabi/4.7.3/armv6-m/crtn.o
 .data          0x00000000        0x0 c:/program files (x86)/cypress/psoc creator/3.0/psoc creator/import/gnu_cs/arm/4.7.3/bin/../lib/gcc/arm-none-eabi/4.7.3/armv6-m/crtn.o
 .bss           0x00000000        0x0 c:/program files (x86)/cypress/psoc creator/3.0/psoc creator/import/gnu_cs/arm/4.7.3/bin/../lib/gcc/arm-none-eabi/4.7.3/armv6-m/crtn.o

Memory Configuration

Name             Origin             Length             Attributes
rom              0x00000000         0x00008000         xr
ram              0x20000000         0x00001000         xrw
*default*        0x00000000         0xffffffff

Linker script and memory map

LOAD c:/program files (x86)/cypress/psoc creator/3.0/psoc creator/import/gnu_cs/arm/4.7.3/bin/../lib/gcc/arm-none-eabi/4.7.3/armv6-m/crti.o
LOAD c:/program files (x86)/cypress/psoc creator/3.0/psoc creator/import/gnu_cs/arm/4.7.3/bin/../lib/gcc/arm-none-eabi/4.7.3/armv6-m/crtbegin.o
LOAD c:/program files (x86)/cypress/psoc creator/3.0/psoc creator/import/gnu_cs/arm/4.7.3/bin/../lib/gcc/arm-none-eabi/4.7.3/../../../../arm-none-eabi/lib/armv6-m/crt0.o
START GROUP
LOAD .\CortexM0\ARM_GCC_473\Debug\main.o
LOAD .\CortexM0\ARM_GCC_473\Debug\cymetadata.o
LOAD .\CortexM0\ARM_GCC_473\Debug\Cm0Start.o
LOAD .\CortexM0\ARM_GCC_473\Debug\Lticker.a
LOAD C:\Program Files (x86)\Cypress\PSoC Creator\3.0\PSoC Creator\psoc\content\cycomponentlibrary\CyComponentLibrary.cylib\CortexM0\ARM_GCC_473\Debug\CyComponentLibrary.a
END GROUP
START GROUP
LOAD c:/program files (x86)/cypress/psoc creator/3.0/psoc creator/import/gnu_cs/arm/4.7.3/bin/../lib/gcc/arm-none-eabi/4.7.3/armv6-m\libgcc.a
LOAD c:/program files (x86)/cypress/psoc creator/3.0/psoc creator/import/gnu_cs/arm/4.7.3/bin/../lib/gcc/arm-none-eabi/4.7.3/../../../../arm-none-eabi/lib/armv6-m\libc_s.a
END GROUP
LOAD c:/program files (x86)/cypress/psoc creator/3.0/psoc creator/import/gnu_cs/arm/4.7.3/bin/../lib/gcc/arm-none-eabi/4.7.3/armv6-m/crtend.o
LOAD c:/program files (x86)/cypress/psoc creator/3.0/psoc creator/import/gnu_cs/arm/4.7.3/bin/../lib/gcc/arm-none-eabi/4.7.3/armv6-m/crtn.o
START GROUP
LOAD c:/program files (x86)/cypress/psoc creator/3.0/psoc creator/import/gnu_cs/arm/4.7.3/bin/../lib/gcc/arm-none-eabi/4.7.3/armv6-m\libgcc.a
LOAD c:/program files (x86)/cypress/psoc creator/3.0/psoc creator/import/gnu_cs/arm/4.7.3/bin/../lib/gcc/arm-none-eabi/4.7.3/../../../../arm-none-eabi/lib/armv6-m\libc.a
LOAD c:/program files (x86)/cypress/psoc creator/3.0/psoc creator/import/gnu_cs/arm/4.7.3/bin/../lib/gcc/arm-none-eabi/4.7.3/../../../../arm-none-eabi/lib/armv6-m\libnosys.a
END GROUP
                0x00000000                CY_APPL_ORIGIN = 0x0
                0x00000080                CY_FLASH_ROW_SIZE = 0x80
                0x00000001                CY_APPL_NUM = 0x1
                0x00000040                CY_METADATA_SIZE = 0x40
                0x20000408                PROVIDE (__cy_heap_start, _end)
                0x00000001                PROVIDE (__cy_region_num, ((__cy_regions_end - __cy_regions) / 0x10))
                0x20001000                PROVIDE (__cy_stack, (ORIGIN (ram) + 0x1000))
                0x20000c00                PROVIDE (__cy_heap_end, (__cy_stack - 0x400))

.cybootloader   0x00000000        0x0
 *(.cybootloader)
                0x00000000                appl1_start = CY_APPL_ORIGIN?CY_APPL_ORIGIN:ALIGN (CY_FLASH_ROW_SIZE)
                0x00003f80                appl2_start = (appl1_start + ALIGN ((((0x8000 - appl1_start) - (0x2 * CY_FLASH_ROW_SIZE)) / 0x2), CY_FLASH_ROW_SIZE))
                0x00000000                appl_start = (CY_APPL_NUM == 0x1)?appl1_start:appl2_start

.text           0x00000000      0xd58
 CREATE_OBJECT_SYMBOLS
                0x00000000                PROVIDE (__cy_interrupt_vector, RomVectors)
 *(.romvectors)
 .romvectors    0x00000000       0x10 .\CortexM0\ARM_GCC_473\Debug\Cm0Start.o
                0x00000000                RomVectors
                0x00000001                ASSERT ((. != __cy_interrupt_vector), No interrupt vector)
                0x00000001                ASSERT (CY_APPL_ORIGIN?(SIZEOF (.cybootloader) <= CY_APPL_ORIGIN):0x1, Wrong image location)
                0x00000010                PROVIDE (__cy_reset, Reset)
 *(.text.Reset)
 .text.Reset    0x00000010        0x8 .\CortexM0\ARM_GCC_473\Debug\Cm0Start.o
                0x00000010                Reset
                0x00000001                ASSERT ((. != __cy_reset), No reset code)
 *(.psocinit)
 .psocinit      0x00000018      0x318 .\CortexM0\ARM_GCC_473\Debug\Lticker.a(cyfitter_cfg.o)
                0x0000015c                cyfitter_cfg
                0x00000330                . = MAX (., 0x100)
 *(.text .text.* .gnu.linkonce.t.*)
 .text          0x00000330       0x60 c:/program files (x86)/cypress/psoc creator/3.0/psoc creator/import/gnu_cs/arm/4.7.3/bin/../lib/gcc/arm-none-eabi/4.7.3/armv6-m/crtbegin.o
 .text.NVIC_SetPriority
                0x00000390       0xe0 .\CortexM0\ARM_GCC_473\Debug\main.o
 .text.SysTick_Config
                0x00000470       0x48 .\CortexM0\ARM_GCC_473\Debug\main.o
 .text.main     0x000004b8       0x58 .\CortexM0\ARM_GCC_473\Debug\main.o
                0x000004b8                main
 .text.isr_systick
                0x00000510       0x24 .\CortexM0\ARM_GCC_473\Debug\main.o
                0x00000510                isr_systick
 .text.isr_reset
                0x00000534        0x8 .\CortexM0\ARM_GCC_473\Debug\main.o
                0x00000534                isr_reset
 .text.isr_fifo_empty
                0x0000053c       0x18 .\CortexM0\ARM_GCC_473\Debug\main.o
                0x0000053c                isr_fifo_empty
 .text.transfer_LEDdriver
                0x00000554       0x74 .\CortexM0\ARM_GCC_473\Debug\main.o
                0x00000554                transfer_LEDdriver
 .text.set_next_color
                0x000005c8      0x114 .\CortexM0\ARM_GCC_473\Debug\main.o
                0x000005c8                set_next_color
 .text.IntDefaultHandler
                0x000006dc        0x8 .\CortexM0\ARM_GCC_473\Debug\Cm0Start.o
                0x000006dc                IntDefaultHandler
 .text.Start_c  0x000006e4       0xa4 .\CortexM0\ARM_GCC_473\Debug\Cm0Start.o
                0x000006e4                Start_c
 .text.initialize_psoc
                0x00000788       0x64 .\CortexM0\ARM_GCC_473\Debug\Cm0Start.o
                0x00000788                initialize_psoc
 .text.CYMEMZERO
                0x000007ec       0x20 .\CortexM0\ARM_GCC_473\Debug\Lticker.a(cyfitter_cfg.o)
 .text.CYCONFIGCPYCODE
                0x0000080c       0x24 .\CortexM0\ARM_GCC_473\Debug\Lticker.a(cyfitter_cfg.o)
 .text.cfg_write_bytes32
                0x00000830       0x80 .\CortexM0\ARM_GCC_473\Debug\Lticker.a(cyfitter_cfg.o)
 .text.AnalogSetDefault
                0x000008b0        0x8 .\CortexM0\ARM_GCC_473\Debug\Lticker.a(cyfitter_cfg.o)
 .text.CyIntSetSysVector
                0x000008b8       0x48 .\CortexM0\ARM_GCC_473\Debug\Lticker.a(CyLib.o)
                0x000008b8                CyIntSetSysVector
 .text.CyHalt   0x00000900       0x14 .\CortexM0\ARM_GCC_473\Debug\Lticker.a(CyLib.o)
                0x00000900                CyHalt
 .text.CyDelayUs
                0x00000914       0x28 .\CortexM0\ARM_GCC_473\Debug\Lticker.a(CyLib.o)
                0x00000914                CyDelayUs
 .text.WS2812driver_1_write_byte
                0x0000093c       0x3c .\CortexM0\ARM_GCC_473\Debug\Lticker.a(WS2812driver_1.o)
                0x0000093c                WS2812driver_1_write_byte
 .text.WS2812driver_1_write2fifo
                0x00000978       0x70 .\CortexM0\ARM_GCC_473\Debug\Lticker.a(WS2812driver_1.o)
                0x00000978                WS2812driver_1_write2fifo
 .text.isr_fifo_empty_StartEx
                0x000009e8       0x24 .\CortexM0\ARM_GCC_473\Debug\Lticker.a(isr_fifo_empty.o)
                0x000009e8                isr_fifo_empty_StartEx
 .text.isr_fifo_empty_SetVector
                0x00000a0c       0x18 .\CortexM0\ARM_GCC_473\Debug\Lticker.a(isr_fifo_empty.o)
                0x00000a0c                isr_fifo_empty_SetVector
 .text.isr_fifo_empty_SetPriority
                0x00000a24       0x50 .\CortexM0\ARM_GCC_473\Debug\Lticker.a(isr_fifo_empty.o)
                0x00000a24                isr_fifo_empty_SetPriority
 .text.isr_fifo_empty_Enable
                0x00000a74       0x14 .\CortexM0\ARM_GCC_473\Debug\Lticker.a(isr_fifo_empty.o)
                0x00000a74                isr_fifo_empty_Enable
 .text.isr_fifo_empty_Disable
                0x00000a88       0x14 .\CortexM0\ARM_GCC_473\Debug\Lticker.a(isr_fifo_empty.o)
                0x00000a88                isr_fifo_empty_Disable
 .text.isr_reset_done_StartEx
                0x00000a9c       0x24 .\CortexM0\ARM_GCC_473\Debug\Lticker.a(isr_reset_done.o)
                0x00000a9c                isr_reset_done_StartEx
 .text.isr_reset_done_SetVector
                0x00000ac0       0x18 .\CortexM0\ARM_GCC_473\Debug\Lticker.a(isr_reset_done.o)
                0x00000ac0                isr_reset_done_SetVector
 .text.isr_reset_done_SetPriority
                0x00000ad8       0x50 .\CortexM0\ARM_GCC_473\Debug\Lticker.a(isr_reset_done.o)
                0x00000ad8                isr_reset_done_SetPriority
 .text.isr_reset_done_Enable
                0x00000b28       0x14 .\CortexM0\ARM_GCC_473\Debug\Lticker.a(isr_reset_done.o)
                0x00000b28                isr_reset_done_Enable
 .text.isr_reset_done_GetState
                0x00000b3c       0x20 .\CortexM0\ARM_GCC_473\Debug\Lticker.a(isr_reset_done.o)
                0x00000b3c                isr_reset_done_GetState
 .text.isr_reset_done_Disable
                0x00000b5c       0x14 .\CortexM0\ARM_GCC_473\Debug\Lticker.a(isr_reset_done.o)
                0x00000b5c                isr_reset_done_Disable
 .text.isr_reset_done_ClearPending
                0x00000b70       0x14 .\CortexM0\ARM_GCC_473\Debug\Lticker.a(isr_reset_done.o)
                0x00000b70                isr_reset_done_ClearPending
 .text.Counter_reset_gen_Init
                0x00000b84       0x54 .\CortexM0\ARM_GCC_473\Debug\Lticker.a(Counter_reset_gen.o)
                0x00000b84                Counter_reset_gen_Init
 .text.Counter_reset_gen_Enable
                0x00000bd8        0x8 .\CortexM0\ARM_GCC_473\Debug\Lticker.a(Counter_reset_gen.o)
                0x00000bd8                Counter_reset_gen_Enable
 .text.Counter_reset_gen_Start
                0x00000be0       0x24 .\CortexM0\ARM_GCC_473\Debug\Lticker.a(Counter_reset_gen.o)
                0x00000be0                Counter_reset_gen_Start
 .text.Counter_reset_gen_SetInterruptMode
                0x00000c04       0x20 .\CortexM0\ARM_GCC_473\Debug\Lticker.a(Counter_reset_gen.o)
                0x00000c04                Counter_reset_gen_SetInterruptMode
 .text.Counter_reset_gen_ReadStatusRegister
                0x00000c24       0x14 .\CortexM0\ARM_GCC_473\Debug\Lticker.a(Counter_reset_gen.o)
                0x00000c24                Counter_reset_gen_ReadStatusRegister
 .text.Counter_reset_gen_WriteCounter
                0x00000c38       0x20 .\CortexM0\ARM_GCC_473\Debug\Lticker.a(Counter_reset_gen.o)
                0x00000c38                Counter_reset_gen_WriteCounter
 .text.Counter_reset_gen_ReadCapture
                0x00000c58       0x14 .\CortexM0\ARM_GCC_473\Debug\Lticker.a(Counter_reset_gen.o)
                0x00000c58                Counter_reset_gen_ReadCapture
 .text.Counter_reset_gen_WritePeriod
                0x00000c6c       0x20 .\CortexM0\ARM_GCC_473\Debug\Lticker.a(Counter_reset_gen.o)
                0x00000c6c                Counter_reset_gen_WritePeriod
 .text.Counter_reset_gen_WriteCompare
                0x00000c8c       0x20 .\CortexM0\ARM_GCC_473\Debug\Lticker.a(Counter_reset_gen.o)
                0x00000c8c                Counter_reset_gen_WriteCompare
 .text.Counter_reset_gen_ClearFIFO
                0x00000cac       0x1c .\CortexM0\ARM_GCC_473\Debug\Lticker.a(Counter_reset_gen.o)
                0x00000cac                Counter_reset_gen_ClearFIFO
 .text          0x00000cc8       0x20 .\CortexM0\ARM_GCC_473\Debug\Lticker.a(CyBootAsmGnu.o)
                0x00000cc8                CyDelayCycles
                0x00000cda                CyEnterCriticalSection
                0x00000ce2                CyExitCriticalSection
 .text.__libc_init_array
                0x00000ce8       0x4c c:/program files (x86)/cypress/psoc creator/3.0/psoc creator/import/gnu_cs/arm/4.7.3/bin/../lib/gcc/arm-none-eabi/4.7.3/../../../../arm-none-eabi/lib/armv6-m\libc_s.a(lib_a-init.o)
                0x00000ce8                __libc_init_array
 .text.memcpy   0x00000d34       0x12 c:/program files (x86)/cypress/psoc creator/3.0/psoc creator/import/gnu_cs/arm/4.7.3/bin/../lib/gcc/arm-none-eabi/4.7.3/../../../../arm-none-eabi/lib/armv6-m\libc_s.a(lib_a-memcpy.o)
                0x00000d34                memcpy
 .text.memset   0x00000d46       0x12 c:/program files (x86)/cypress/psoc creator/3.0/psoc creator/import/gnu_cs/arm/4.7.3/bin/../lib/gcc/arm-none-eabi/4.7.3/../../../../arm-none-eabi/lib/armv6-m\libc_s.a(lib_a-memset.o)
                0x00000d46                memset
 *(.plt)
 *(.gnu.warning)
 *(.glue_7t)
 .glue_7t       0x00000000        0x0 linker stubs
 *(.glue_7)
 .glue_7        0x00000000        0x0 linker stubs
 *(.vfp11_veneer)
 .vfp11_veneer  0x00000000        0x0 linker stubs
 *(.bootloader)
 *(.ARM.extab* .gnu.linkonce.armextab.*)
 *(.gcc_except_table)

.v4_bx          0x00000d58        0x0
 .v4_bx         0x00000000        0x0 linker stubs

.iplt           0x00000d58        0x0
 .iplt          0x00000000        0x0 c:/program files (x86)/cypress/psoc creator/3.0/psoc creator/import/gnu_cs/arm/4.7.3/bin/../lib/gcc/arm-none-eabi/4.7.3/armv6-m/crtbegin.o

.eh_frame_hdr
 *(.eh_frame_hdr)

.eh_frame       0x00000d58        0x4
 *(.eh_frame)
 .eh_frame      0x00000d58        0x0 c:/program files (x86)/cypress/psoc creator/3.0/psoc creator/import/gnu_cs/arm/4.7.3/bin/../lib/gcc/arm-none-eabi/4.7.3/armv6-m/crtbegin.o
 .eh_frame      0x00000d58        0x4 c:/program files (x86)/cypress/psoc creator/3.0/psoc creator/import/gnu_cs/arm/4.7.3/bin/../lib/gcc/arm-none-eabi/4.7.3/armv6-m/crtend.o
                0x00000d5c                PROVIDE (__exidx_start, .)

.ARM.exidx
 *(.ARM.exidx* .gnu.linkonce.armexidx.*)
                0x00000d5c                __exidx_end = .

.rodata         0x00000d5c      0x33c
 *(.rodata .rodata.* .gnu.linkonce.r.*)
 .rodata        0x00000d5c      0x308 .\CortexM0\ARM_GCC_473\Debug\Lticker.a(cyfitter_cfg.o)
                0x00001064                . = ALIGN (0x4)
 *(.init)
 .init          0x00001064        0x4 c:/program files (x86)/cypress/psoc creator/3.0/psoc creator/import/gnu_cs/arm/4.7.3/bin/../lib/gcc/arm-none-eabi/4.7.3/armv6-m/crti.o
                0x00001064                _init
 .init          0x00001068        0x8 c:/program files (x86)/cypress/psoc creator/3.0/psoc creator/import/gnu_cs/arm/4.7.3/bin/../lib/gcc/arm-none-eabi/4.7.3/armv6-m/crtn.o
                0x00001070                . = ALIGN (0x4)
                0x00001070                __preinit_array_start = .
 *(.preinit_array)
                0x00001070                __preinit_array_end = .
                0x00001070                . = ALIGN (0x4)
                0x00001070                __init_array_start = .
 *(SORT(.init_array.*))
 *(.init_array)
 .init_array    0x00001070        0x4 c:/program files (x86)/cypress/psoc creator/3.0/psoc creator/import/gnu_cs/arm/4.7.3/bin/../lib/gcc/arm-none-eabi/4.7.3/armv6-m/crtbegin.o
 .init_array    0x00001074        0x4 .\CortexM0\ARM_GCC_473\Debug\Cm0Start.o
                0x00001078                __init_array_end = .
                0x00001078                . = ALIGN (0x4)
 *(.fini)
 .fini          0x00001078        0x4 c:/program files (x86)/cypress/psoc creator/3.0/psoc creator/import/gnu_cs/arm/4.7.3/bin/../lib/gcc/arm-none-eabi/4.7.3/armv6-m/crti.o
                0x00001078                _fini
 .fini          0x0000107c        0x8 c:/program files (x86)/cypress/psoc creator/3.0/psoc creator/import/gnu_cs/arm/4.7.3/bin/../lib/gcc/arm-none-eabi/4.7.3/armv6-m/crtn.o
                0x00001084                . = ALIGN (0x4)
                0x00001084                __fini_array_start = .
 *(.fini_array)
 .fini_array    0x00001084        0x4 c:/program files (x86)/cypress/psoc creator/3.0/psoc creator/import/gnu_cs/arm/4.7.3/bin/../lib/gcc/arm-none-eabi/4.7.3/armv6-m/crtbegin.o
 *(SORT(.fini_array.*))
                0x00001088                __fini_array_end = .
                0x00001088                . = ALIGN (0x4)
 *crtbegin.o(.ctors)
 *(EXCLUDE_FILE(*crtend.o) .ctors)
 *(SORT(.ctors.*))
 *crtend.o(.ctors)
                0x00001088                . = ALIGN (0x4)
 *crtbegin.o(.dtors)
 *(EXCLUDE_FILE(*crtend.o) .dtors)
 *(SORT(.dtors.*))
 *crtend.o(.dtors)
                0x00001088                . = ALIGN (0x4)
                0x00001088                __cy_regions = .
                0x00001088        0x4 LONG 0x1098 __cy_region_init_ram
                0x0000108c        0x4 LONG 0x200000c8 __cy_region_start_data
                0x00001090        0x4 LONG 0x18 __cy_region_init_size_ram
                0x00001094        0x4 LONG 0x328 __cy_region_zero_size_ram
                0x00001098                __cy_regions_end = .
                0x00001098                . = ALIGN (0x8)
                0x00001098                _etext = .

.ramvectors     0x20000000       0xc0
                0x20000000                __cy_region_start_ram = .
 *(.ramvectors)
 .ramvectors    0x20000000       0xc0 .\CortexM0\ARM_GCC_473\Debug\Cm0Start.o
                0x20000000                CyRamVectors

.noinit         0x200000c0        0x4
 *(.noinit)
 .noinit        0x200000c0        0x4 .\CortexM0\ARM_GCC_473\Debug\Cm0Start.o

.data           0x200000c8       0x18 load address 0x00001098
                0x200000c8                __cy_region_start_data = .
 *(.jcr)
 .jcr           0x200000c8        0x0 c:/program files (x86)/cypress/psoc creator/3.0/psoc creator/import/gnu_cs/arm/4.7.3/bin/../lib/gcc/arm-none-eabi/4.7.3/armv6-m/crtbegin.o
 .jcr           0x200000c8        0x4 c:/program files (x86)/cypress/psoc creator/3.0/psoc creator/import/gnu_cs/arm/4.7.3/bin/../lib/gcc/arm-none-eabi/4.7.3/armv6-m/crtend.o
 *(.got.plt)
 *(.got)
 *(.shdata)
 *(.data .data.* .gnu.linkonce.d.*)
 .data          0x200000cc        0x4 .\CortexM0\ARM_GCC_473\Debug\Lticker.a(cyfitter_cfg.o)
 .data          0x200000d0       0x10 .\CortexM0\ARM_GCC_473\Debug\Lticker.a(CyLib.o)
                0x200000d0                cydelayFreqHz
                0x200000d4                cydelayFreqKhz
                0x200000d8                cydelayFreqMhz
                0x200000dc                cydelay32kMs
                0x200000e0                . = ALIGN (0x8)
 *(.ram)
                0x200000e0                _edata = .

.igot.plt       0x200000e0        0x0 load address 0x000010b0
 .igot.plt      0x00000000        0x0 c:/program files (x86)/cypress/psoc creator/3.0/psoc creator/import/gnu_cs/arm/4.7.3/bin/../lib/gcc/arm-none-eabi/4.7.3/armv6-m/crtbegin.o

.bss            0x200000e0      0x328 load address 0x000010b0
                0x200000e0                PROVIDE (__bss_start__, .)
 *(.shbss)
 *(.bss .bss.* .gnu.linkonce.b.*)
 .bss           0x200000e0       0x1c c:/program files (x86)/cypress/psoc creator/3.0/psoc creator/import/gnu_cs/arm/4.7.3/bin/../lib/gcc/arm-none-eabi/4.7.3/armv6-m/crtbegin.o
 .bss           0x200000fc        0x1 .\CortexM0\ARM_GCC_473\Debug\main.o
 .bss           0x200000fd        0x1 .\CortexM0\ARM_GCC_473\Debug\Lticker.a(Counter_reset_gen.o)
                0x200000fd                Counter_reset_gen_initVar
 *(COMMON)
 *fill*         0x200000fe        0x2 00
 COMMON         0x20000100      0x308 .\CortexM0\ARM_GCC_473\Debug\main.o
                0x20000100                rgb
                0x20000400                tick
                0x20000404                current_led
                0x20000408                . = ALIGN (0x8)
 *(.ram.b)
                0x20000408                _end = .
                0x20000408                __end = .
                0x20000408                PROVIDE (end, .)
                0x20000408                PROVIDE (__bss_end__, .)
                0x00001098                __cy_region_init_ram = LOADADDR (.data)
                0x00000018                __cy_region_init_size_ram = (_edata - ADDR (.data))
                0x00000328                __cy_region_zero_size_ram = (_end - _edata)

.heap           0x20000408      0x100 load address 0x000010b0
                0x20000408                . = _end
                0x20000508                . = (. + 0x100)
 *fill*         0x20000408      0x100 00
                0x20000508                __cy_heap_limit = .

.stack          0x20000c00      0x400
                0x20000c00                __cy_stack_limit = .
                0x20001000                . = (. + 0x400)
 *fill*         0x20000c00      0x400 00
                0x00000001                ASSERT ((__cy_stack_limit >= __cy_heap_limit), region RAM overflowed with stack)

.cyloadermeta
 *(.cyloadermeta)

.cyloadablemeta
 *(.cyloadablemeta)

.cyflashprotect
                0x90400000       0x20
 *(.cyflashprotect)
 .cyflashprotect
                0x90400000       0x20 .\CortexM0\ARM_GCC_473\Debug\cymetadata.o
                0x90400000                cy_meta_flashprotect

.cymeta         0x90500000        0xc
 *(.cymeta)
 .cymeta        0x90500000        0xc .\CortexM0\ARM_GCC_473\Debug\cymetadata.o
                0x90500000                cy_metadata

.cychipprotect  0x90600000        0x4
 *(.cychipprotect)
 .cychipprotect
                0x90600000        0x4 .\CortexM0\ARM_GCC_473\Debug\cymetadata.o
                0x90600000                cy_meta_chipprotect

.rel.dyn        0x000010b0        0x0 load address 0x90600004
 .rel.iplt      0x00000000        0x0 c:/program files (x86)/cypress/psoc creator/3.0/psoc creator/import/gnu_cs/arm/4.7.3/bin/../lib/gcc/arm-none-eabi/4.7.3/armv6-m/crtbegin.o

.stab
 *(.stab)

.stabstr
 *(.stabstr)

.debug
 *(.debug)

.line
 *(.line)

.debug_srcinfo
 *(.debug_srcinfo)

.debug_sfnames
 *(.debug_sfnames)

.debug_aranges  0x00000000      0x478
 *(.debug_aranges)
 .debug_aranges
                0x00000000       0x58 .\CortexM0\ARM_GCC_473\Debug\main.o
 .debug_aranges
                0x00000058       0x18 .\CortexM0\ARM_GCC_473\Debug\cymetadata.o
 .debug_aranges
                0x00000070       0x40 .\CortexM0\ARM_GCC_473\Debug\Cm0Start.o
 .debug_aranges
                0x000000b0       0x58 .\CortexM0\ARM_GCC_473\Debug\Lticker.a(cyfitter_cfg.o)
 .debug_aranges
                0x00000108      0x1a0 .\CortexM0\ARM_GCC_473\Debug\Lticker.a(CyLib.o)
 .debug_aranges
                0x000002a8       0x28 .\CortexM0\ARM_GCC_473\Debug\Lticker.a(WS2812driver_1.o)
 .debug_aranges
                0x000002d0       0x80 .\CortexM0\ARM_GCC_473\Debug\Lticker.a(isr_fifo_empty.o)
 .debug_aranges
                0x00000350       0x80 .\CortexM0\ARM_GCC_473\Debug\Lticker.a(isr_reset_done.o)
 .debug_aranges
                0x000003d0       0x88 .\CortexM0\ARM_GCC_473\Debug\Lticker.a(Counter_reset_gen.o)
 .debug_aranges
                0x00000458       0x20 .\CortexM0\ARM_GCC_473\Debug\Lticker.a(CyBootAsmGnu.o)

.debug_pubnames
 *(.debug_pubnames)

.debug_info     0x00000000     0x219b
 *(.debug_info .gnu.linkonce.wi.*)
 .debug_info    0x00000000      0x488 .\CortexM0\ARM_GCC_473\Debug\main.o
 .debug_info    0x00000488      0x100 .\CortexM0\ARM_GCC_473\Debug\cymetadata.o
 .debug_info    0x00000588      0x2c0 .\CortexM0\ARM_GCC_473\Debug\Cm0Start.o
 .debug_info    0x00000848      0x55b .\CortexM0\ARM_GCC_473\Debug\Lticker.a(cyfitter_cfg.o)
 .debug_info    0x00000da3      0xac5 .\CortexM0\ARM_GCC_473\Debug\Lticker.a(CyLib.o)
 .debug_info    0x00001868      0x120 .\CortexM0\ARM_GCC_473\Debug\Lticker.a(WS2812driver_1.o)
 .debug_info    0x00001988      0x288 .\CortexM0\ARM_GCC_473\Debug\Lticker.a(isr_fifo_empty.o)
 .debug_info    0x00001c10      0x288 .\CortexM0\ARM_GCC_473\Debug\Lticker.a(isr_reset_done.o)
 .debug_info    0x00001e98      0x26c .\CortexM0\ARM_GCC_473\Debug\Lticker.a(Counter_reset_gen.o)
 .debug_info    0x00002104       0x97 .\CortexM0\ARM_GCC_473\Debug\Lticker.a(CyBootAsmGnu.o)

.debug_abbrev   0x00000000      0xb74
 *(.debug_abbrev)
 .debug_abbrev  0x00000000      0x1a2 .\CortexM0\ARM_GCC_473\Debug\main.o
 .debug_abbrev  0x000001a2       0x5d .\CortexM0\ARM_GCC_473\Debug\cymetadata.o
 .debug_abbrev  0x000001ff      0x164 .\CortexM0\ARM_GCC_473\Debug\Cm0Start.o
 .debug_abbrev  0x00000363      0x1af .\CortexM0\ARM_GCC_473\Debug\Lticker.a(cyfitter_cfg.o)
 .debug_abbrev  0x00000512      0x1a2 .\CortexM0\ARM_GCC_473\Debug\Lticker.a(CyLib.o)
 .debug_abbrev  0x000006b4       0xaa .\CortexM0\ARM_GCC_473\Debug\Lticker.a(WS2812driver_1.o)
 .debug_abbrev  0x0000075e      0x16a .\CortexM0\ARM_GCC_473\Debug\Lticker.a(isr_fifo_empty.o)
 .debug_abbrev  0x000008c8      0x16a .\CortexM0\ARM_GCC_473\Debug\Lticker.a(isr_reset_done.o)
 .debug_abbrev  0x00000a32      0x12e .\CortexM0\ARM_GCC_473\Debug\Lticker.a(Counter_reset_gen.o)
 .debug_abbrev  0x00000b60       0x14 .\CortexM0\ARM_GCC_473\Debug\Lticker.a(CyBootAsmGnu.o)

.debug_line     0x00000000     0x1013
 *(.debug_line)
 .debug_line    0x00000000      0x201 .\CortexM0\ARM_GCC_473\Debug\main.o
 .debug_line    0x00000201       0x53 .\CortexM0\ARM_GCC_473\Debug\cymetadata.o
 .debug_line    0x00000254      0x19b .\CortexM0\ARM_GCC_473\Debug\Cm0Start.o
 .debug_line    0x000003ef      0x1de .\CortexM0\ARM_GCC_473\Debug\Lticker.a(cyfitter_cfg.o)
 .debug_line    0x000005cd      0x541 .\CortexM0\ARM_GCC_473\Debug\Lticker.a(CyLib.o)
 .debug_line    0x00000b0e       0x86 .\CortexM0\ARM_GCC_473\Debug\Lticker.a(WS2812driver_1.o)
 .debug_line    0x00000b94      0x14d .\CortexM0\ARM_GCC_473\Debug\Lticker.a(isr_fifo_empty.o)
 .debug_line    0x00000ce1      0x15d .\CortexM0\ARM_GCC_473\Debug\Lticker.a(isr_reset_done.o)
 .debug_line    0x00000e3e      0x16d .\CortexM0\ARM_GCC_473\Debug\Lticker.a(Counter_reset_gen.o)
 .debug_line    0x00000fab       0x68 .\CortexM0\ARM_GCC_473\Debug\Lticker.a(CyBootAsmGnu.o)

.debug_frame    0x00000000      0xf38
 *(.debug_frame)
 .debug_frame   0x00000000      0x108 .\CortexM0\ARM_GCC_473\Debug\main.o
 .debug_frame   0x00000108       0xa8 .\CortexM0\ARM_GCC_473\Debug\Cm0Start.o
 .debug_frame   0x000001b0      0x108 .\CortexM0\ARM_GCC_473\Debug\Lticker.a(cyfitter_cfg.o)
 .debug_frame   0x000002b8      0x628 .\CortexM0\ARM_GCC_473\Debug\Lticker.a(CyLib.o)
 .debug_frame   0x000008e0       0x50 .\CortexM0\ARM_GCC_473\Debug\Lticker.a(WS2812driver_1.o)
 .debug_frame   0x00000930      0x190 .\CortexM0\ARM_GCC_473\Debug\Lticker.a(isr_fifo_empty.o)
 .debug_frame   0x00000ac0      0x190 .\CortexM0\ARM_GCC_473\Debug\Lticker.a(isr_reset_done.o)
 .debug_frame   0x00000c50      0x1b0 .\CortexM0\ARM_GCC_473\Debug\Lticker.a(Counter_reset_gen.o)
 .debug_frame   0x00000e00       0x20 c:/program files (x86)/cypress/psoc creator/3.0/psoc creator/import/gnu_cs/arm/4.7.3/bin/../lib/gcc/arm-none-eabi/4.7.3/armv6-m\libgcc.a(_udivsi3.o)
 .debug_frame   0x00000e20       0x20 c:/program files (x86)/cypress/psoc creator/3.0/psoc creator/import/gnu_cs/arm/4.7.3/bin/../lib/gcc/arm-none-eabi/4.7.3/armv6-m\libgcc.a(_divsi3.o)
 .debug_frame   0x00000e40       0x28 c:/program files (x86)/cypress/psoc creator/3.0/psoc creator/import/gnu_cs/arm/4.7.3/bin/../lib/gcc/arm-none-eabi/4.7.3/../../../../arm-none-eabi/lib/armv6-m\libc_s.a(lib_a-__atexit2.o)
 .debug_frame   0x00000e68       0x28 c:/program files (x86)/cypress/psoc creator/3.0/psoc creator/import/gnu_cs/arm/4.7.3/bin/../lib/gcc/arm-none-eabi/4.7.3/../../../../arm-none-eabi/lib/armv6-m\libc_s.a(lib_a-exit.o)
 .debug_frame   0x00000e90       0x2c c:/program files (x86)/cypress/psoc creator/3.0/psoc creator/import/gnu_cs/arm/4.7.3/bin/../lib/gcc/arm-none-eabi/4.7.3/../../../../arm-none-eabi/lib/armv6-m\libc_s.a(lib_a-fini.o)
 .debug_frame   0x00000ebc       0x2c c:/program files (x86)/cypress/psoc creator/3.0/psoc creator/import/gnu_cs/arm/4.7.3/bin/../lib/gcc/arm-none-eabi/4.7.3/../../../../arm-none-eabi/lib/armv6-m\libc_s.a(lib_a-init.o)
 .debug_frame   0x00000ee8       0x28 c:/program files (x86)/cypress/psoc creator/3.0/psoc creator/import/gnu_cs/arm/4.7.3/bin/../lib/gcc/arm-none-eabi/4.7.3/../../../../arm-none-eabi/lib/armv6-m\libc_s.a(lib_a-memcpy.o)
 .debug_frame   0x00000f10       0x28 c:/program files (x86)/cypress/psoc creator/3.0/psoc creator/import/gnu_cs/arm/4.7.3/bin/../lib/gcc/arm-none-eabi/4.7.3/../../../../arm-none-eabi/lib/armv6-m\libc_s.a(lib_a-memset.o)

.debug_str      0x00000000     0x102e
 *(.debug_str)
 .debug_str     0x00000000      0x288 .\CortexM0\ARM_GCC_473\Debug\main.o
                                0x2cb (size before relaxing)
 .debug_str     0x00000288       0x61 .\CortexM0\ARM_GCC_473\Debug\cymetadata.o
                                0x190 (size before relaxing)
 .debug_str     0x000002e9      0x117 .\CortexM0\ARM_GCC_473\Debug\Cm0Start.o
                                0x259 (size before relaxing)
 .debug_str     0x00000400      0x1ed .\CortexM0\ARM_GCC_473\Debug\Lticker.a(cyfitter_cfg.o)
                                0x365 (size before relaxing)
 .debug_str     0x000005ed      0x4df .\CortexM0\ARM_GCC_473\Debug\Lticker.a(CyLib.o)
                                0x66c (size before relaxing)
 .debug_str     0x00000acc       0x63 .\CortexM0\ARM_GCC_473\Debug\Lticker.a(WS2812driver_1.o)
                                0x199 (size before relaxing)
 .debug_str     0x00000b2f      0x175 .\CortexM0\ARM_GCC_473\Debug\Lticker.a(isr_fifo_empty.o)
                                0x2f1 (size before relaxing)
 .debug_str     0x00000ca4      0x166 .\CortexM0\ARM_GCC_473\Debug\Lticker.a(isr_reset_done.o)
                                0x2f1 (size before relaxing)
 .debug_str     0x00000e0a      0x224 .\CortexM0\ARM_GCC_473\Debug\Lticker.a(Counter_reset_gen.o)
                                0x35e (size before relaxing)

.debug_loc      0x00000000     0x1658
 *(.debug_loc)
 .debug_loc     0x00000000      0x190 .\CortexM0\ARM_GCC_473\Debug\main.o
 .debug_loc     0x00000190      0x100 .\CortexM0\ARM_GCC_473\Debug\Cm0Start.o
 .debug_loc     0x00000290      0x1a8 .\CortexM0\ARM_GCC_473\Debug\Lticker.a(cyfitter_cfg.o)
 .debug_loc     0x00000438      0xa34 .\CortexM0\ARM_GCC_473\Debug\Lticker.a(CyLib.o)
 .debug_loc     0x00000e6c       0x70 .\CortexM0\ARM_GCC_473\Debug\Lticker.a(WS2812driver_1.o)
 .debug_loc     0x00000edc      0x26c .\CortexM0\ARM_GCC_473\Debug\Lticker.a(isr_fifo_empty.o)
 .debug_loc     0x00001148      0x26c .\CortexM0\ARM_GCC_473\Debug\Lticker.a(isr_reset_done.o)
 .debug_loc     0x000013b4      0x2a4 .\CortexM0\ARM_GCC_473\Debug\Lticker.a(Counter_reset_gen.o)

.debug_macinfo
 *(.debug_macinfo)

.debug_ranges   0x00000000      0x3c0
 *(.debug_ranges)
 .debug_ranges  0x00000000       0x48 .\CortexM0\ARM_GCC_473\Debug\main.o
 .debug_ranges  0x00000048       0x30 .\CortexM0\ARM_GCC_473\Debug\Cm0Start.o
 .debug_ranges  0x00000078       0x48 .\CortexM0\ARM_GCC_473\Debug\Lticker.a(cyfitter_cfg.o)
 .debug_ranges  0x000000c0      0x190 .\CortexM0\ARM_GCC_473\Debug\Lticker.a(CyLib.o)
 .debug_ranges  0x00000250       0x18 .\CortexM0\ARM_GCC_473\Debug\Lticker.a(WS2812driver_1.o)
 .debug_ranges  0x00000268       0x70 .\CortexM0\ARM_GCC_473\Debug\Lticker.a(isr_fifo_empty.o)
 .debug_ranges  0x000002d8       0x70 .\CortexM0\ARM_GCC_473\Debug\Lticker.a(isr_reset_done.o)
 .debug_ranges  0x00000348       0x78 .\CortexM0\ARM_GCC_473\Debug\Lticker.a(Counter_reset_gen.o)

.comment        0x00000000       0x70
 .comment       0x00000000       0x70 .\CortexM0\ARM_GCC_473\Debug\main.o
                                 0x71 (size before relaxing)
 .comment       0x00000000       0x71 .\CortexM0\ARM_GCC_473\Debug\cymetadata.o
 .comment       0x00000000       0x71 .\CortexM0\ARM_GCC_473\Debug\Cm0Start.o
 .comment       0x00000000       0x71 .\CortexM0\ARM_GCC_473\Debug\Lticker.a(cyfitter_cfg.o)
 .comment       0x00000000       0x71 .\CortexM0\ARM_GCC_473\Debug\Lticker.a(CyLib.o)
 .comment       0x00000000       0x71 .\CortexM0\ARM_GCC_473\Debug\Lticker.a(WS2812driver_1.o)
 .comment       0x00000000       0x71 .\CortexM0\ARM_GCC_473\Debug\Lticker.a(isr_fifo_empty.o)
 .comment       0x00000000       0x71 .\CortexM0\ARM_GCC_473\Debug\Lticker.a(isr_reset_done.o)
 .comment       0x00000000       0x71 .\CortexM0\ARM_GCC_473\Debug\Lticker.a(Counter_reset_gen.o)

.debug_weaknames
 *(.debug_weaknames)

.debug_funcnames
 *(.debug_funcnames)

.debug_typenames
 *(.debug_typenames)

.debug_varnames
 *(.debug_varnames)

.note.gnu.arm.ident
 *(.note.gnu.arm.ident)

.ARM.attributes
                0x00000000       0x28
 *(.ARM.attributes)
 .ARM.attributes
                0x00000000       0x1e c:/program files (x86)/cypress/psoc creator/3.0/psoc creator/import/gnu_cs/arm/4.7.3/bin/../lib/gcc/arm-none-eabi/4.7.3/armv6-m/crti.o
 .ARM.attributes
                0x0000001e       0x2c c:/program files (x86)/cypress/psoc creator/3.0/psoc creator/import/gnu_cs/arm/4.7.3/bin/../lib/gcc/arm-none-eabi/4.7.3/armv6-m/crtbegin.o
 .ARM.attributes
                0x0000004a       0x1c c:/program files (x86)/cypress/psoc creator/3.0/psoc creator/import/gnu_cs/arm/4.7.3/bin/../lib/gcc/arm-none-eabi/4.7.3/../../../../arm-none-eabi/lib/armv6-m/crt0.o
 .ARM.attributes
                0x00000066       0x31 .\CortexM0\ARM_GCC_473\Debug\main.o
 .ARM.attributes
                0x00000097       0x31 .\CortexM0\ARM_GCC_473\Debug\cymetadata.o
 .ARM.attributes
                0x000000c8       0x31 .\CortexM0\ARM_GCC_473\Debug\Cm0Start.o
 .ARM.attributes
                0x000000f9       0x31 .\CortexM0\ARM_GCC_473\Debug\Lticker.a(cyfitter_cfg.o)
 .ARM.attributes
                0x0000012a       0x31 .\CortexM0\ARM_GCC_473\Debug\Lticker.a(CyLib.o)
 .ARM.attributes
                0x0000015b       0x31 .\CortexM0\ARM_GCC_473\Debug\Lticker.a(WS2812driver_1.o)
 .ARM.attributes
                0x0000018c       0x31 .\CortexM0\ARM_GCC_473\Debug\Lticker.a(isr_fifo_empty.o)
 .ARM.attributes
                0x000001bd       0x31 .\CortexM0\ARM_GCC_473\Debug\Lticker.a(isr_reset_done.o)
 .ARM.attributes
                0x000001ee       0x31 .\CortexM0\ARM_GCC_473\Debug\Lticker.a(Counter_reset_gen.o)
 .ARM.attributes
                0x0000021f       0x21 .\CortexM0\ARM_GCC_473\Debug\Lticker.a(CyBootAsmGnu.o)
 .ARM.attributes
                0x00000240       0x1e c:/program files (x86)/cypress/psoc creator/3.0/psoc creator/import/gnu_cs/arm/4.7.3/bin/../lib/gcc/arm-none-eabi/4.7.3/armv6-m\libgcc.a(_udivsi3.o)
 .ARM.attributes
                0x0000025e       0x1e c:/program files (x86)/cypress/psoc creator/3.0/psoc creator/import/gnu_cs/arm/4.7.3/bin/../lib/gcc/arm-none-eabi/4.7.3/armv6-m\libgcc.a(_divsi3.o)
 .ARM.attributes
                0x0000027c       0x1e c:/program files (x86)/cypress/psoc creator/3.0/psoc creator/import/gnu_cs/arm/4.7.3/bin/../lib/gcc/arm-none-eabi/4.7.3/armv6-m\libgcc.a(_dvmd_tls.o)
 .ARM.attributes
                0x0000029a       0x2c c:/program files (x86)/cypress/psoc creator/3.0/psoc creator/import/gnu_cs/arm/4.7.3/bin/../lib/gcc/arm-none-eabi/4.7.3/../../../../arm-none-eabi/lib/armv6-m\libc_s.a(lib_a-__atexit2.o)
 .ARM.attributes
                0x000002c6       0x2c c:/program files (x86)/cypress/psoc creator/3.0/psoc creator/import/gnu_cs/arm/4.7.3/bin/../lib/gcc/arm-none-eabi/4.7.3/../../../../arm-none-eabi/lib/armv6-m\libc_s.a(lib_a-exit.o)
 .ARM.attributes
                0x000002f2       0x2c c:/program files (x86)/cypress/psoc creator/3.0/psoc creator/import/gnu_cs/arm/4.7.3/bin/../lib/gcc/arm-none-eabi/4.7.3/../../../../arm-none-eabi/lib/armv6-m\libc_s.a(lib_a-fini.o)
 .ARM.attributes
                0x0000031e       0x2c c:/program files (x86)/cypress/psoc creator/3.0/psoc creator/import/gnu_cs/arm/4.7.3/bin/../lib/gcc/arm-none-eabi/4.7.3/../../../../arm-none-eabi/lib/armv6-m\libc_s.a(lib_a-impure.o)
 .ARM.attributes
                0x0000034a       0x2c c:/program files (x86)/cypress/psoc creator/3.0/psoc creator/import/gnu_cs/arm/4.7.3/bin/../lib/gcc/arm-none-eabi/4.7.3/../../../../arm-none-eabi/lib/armv6-m\libc_s.a(lib_a-init.o)
 .ARM.attributes
                0x00000376       0x2c c:/program files (x86)/cypress/psoc creator/3.0/psoc creator/import/gnu_cs/arm/4.7.3/bin/../lib/gcc/arm-none-eabi/4.7.3/../../../../arm-none-eabi/lib/armv6-m\libc_s.a(lib_a-memcpy.o)
 .ARM.attributes
                0x000003a2       0x2c c:/program files (x86)/cypress/psoc creator/3.0/psoc creator/import/gnu_cs/arm/4.7.3/bin/../lib/gcc/arm-none-eabi/4.7.3/../../../../arm-none-eabi/lib/armv6-m\libc_s.a(lib_a-memset.o)
 .ARM.attributes
                0x000003ce       0x2c c:/program files (x86)/cypress/psoc creator/3.0/psoc creator/import/gnu_cs/arm/4.7.3/bin/../lib/gcc/arm-none-eabi/4.7.3/armv6-m/crtend.o
 .ARM.attributes
                0x000003fa       0x1e c:/program files (x86)/cypress/psoc creator/3.0/psoc creator/import/gnu_cs/arm/4.7.3/bin/../lib/gcc/arm-none-eabi/4.7.3/armv6-m/crtn.o

/DISCARD/
 *(.note.GNU-stack)
OUTPUT(.\CortexM0\ARM_GCC_473\Debug\Lticker.elf elf32-littlearm)
