ARM GAS  C:\Users\TSUBAS~1\AppData\Local\Temp\ccsCsJmN.s 			page 1


   1              		.cpu cortex-m0
   2              		.fpu softvfp
   3              		.eabi_attribute 20, 1
   4              		.eabi_attribute 21, 1
   5              		.eabi_attribute 23, 3
   6              		.eabi_attribute 24, 1
   7              		.eabi_attribute 25, 1
   8              		.eabi_attribute 26, 1
   9              		.eabi_attribute 30, 6
  10              		.eabi_attribute 34, 0
  11              		.eabi_attribute 18, 4
  12              		.code	16
  13              		.file	"UART_1_PM.c"
  14              		.text
  15              	.Ltext0:
  16              		.cfi_sections	.debug_frame
  17              		.bss
  18              		.align	2
  19              	UART_1_backup:
  20 0000 0000     		.space	2
  21 0002 0000     		.section	.text.UART_1_SaveConfig,"ax",%progbits
  22              		.align	2
  23              		.global	UART_1_SaveConfig
  24              		.code	16
  25              		.thumb_func
  26              		.type	UART_1_SaveConfig, %function
  27              	UART_1_SaveConfig:
  28              	.LFB0:
  29              		.file 1 ".\\Generated_Source\\PSoC4\\UART_1_PM.c"
   1:.\Generated_Source\PSoC4/UART_1_PM.c **** /*******************************************************************************
   2:.\Generated_Source\PSoC4/UART_1_PM.c **** * File Name: UART_1_PM.c
   3:.\Generated_Source\PSoC4/UART_1_PM.c **** * Version 2.30
   4:.\Generated_Source\PSoC4/UART_1_PM.c **** *
   5:.\Generated_Source\PSoC4/UART_1_PM.c **** * Description:
   6:.\Generated_Source\PSoC4/UART_1_PM.c **** *  This file provides Sleep/WakeUp APIs functionality.
   7:.\Generated_Source\PSoC4/UART_1_PM.c **** *
   8:.\Generated_Source\PSoC4/UART_1_PM.c **** * Note:
   9:.\Generated_Source\PSoC4/UART_1_PM.c **** *
  10:.\Generated_Source\PSoC4/UART_1_PM.c **** ********************************************************************************
  11:.\Generated_Source\PSoC4/UART_1_PM.c **** * Copyright 2008-2012, Cypress Semiconductor Corporation.  All rights reserved.
  12:.\Generated_Source\PSoC4/UART_1_PM.c **** * You may use this file only in accordance with the license, terms, conditions,
  13:.\Generated_Source\PSoC4/UART_1_PM.c **** * disclaimers, and limitations in the end user license agreement accompanying
  14:.\Generated_Source\PSoC4/UART_1_PM.c **** * the software package with which this file was provided.
  15:.\Generated_Source\PSoC4/UART_1_PM.c **** *******************************************************************************/
  16:.\Generated_Source\PSoC4/UART_1_PM.c **** 
  17:.\Generated_Source\PSoC4/UART_1_PM.c **** #include "UART_1.h"
  18:.\Generated_Source\PSoC4/UART_1_PM.c **** 
  19:.\Generated_Source\PSoC4/UART_1_PM.c **** 
  20:.\Generated_Source\PSoC4/UART_1_PM.c **** /***************************************
  21:.\Generated_Source\PSoC4/UART_1_PM.c **** * Local data allocation
  22:.\Generated_Source\PSoC4/UART_1_PM.c **** ***************************************/
  23:.\Generated_Source\PSoC4/UART_1_PM.c **** 
  24:.\Generated_Source\PSoC4/UART_1_PM.c **** static UART_1_BACKUP_STRUCT  UART_1_backup =
  25:.\Generated_Source\PSoC4/UART_1_PM.c **** {
  26:.\Generated_Source\PSoC4/UART_1_PM.c ****     /* enableState - disabled */
  27:.\Generated_Source\PSoC4/UART_1_PM.c ****     0u,
  28:.\Generated_Source\PSoC4/UART_1_PM.c **** };
ARM GAS  C:\Users\TSUBAS~1\AppData\Local\Temp\ccsCsJmN.s 			page 2


  29:.\Generated_Source\PSoC4/UART_1_PM.c **** 
  30:.\Generated_Source\PSoC4/UART_1_PM.c **** 
  31:.\Generated_Source\PSoC4/UART_1_PM.c **** 
  32:.\Generated_Source\PSoC4/UART_1_PM.c **** /*******************************************************************************
  33:.\Generated_Source\PSoC4/UART_1_PM.c **** * Function Name: UART_1_SaveConfig
  34:.\Generated_Source\PSoC4/UART_1_PM.c **** ********************************************************************************
  35:.\Generated_Source\PSoC4/UART_1_PM.c **** *
  36:.\Generated_Source\PSoC4/UART_1_PM.c **** * Summary:
  37:.\Generated_Source\PSoC4/UART_1_PM.c **** *  Saves the current user configuration.
  38:.\Generated_Source\PSoC4/UART_1_PM.c **** *
  39:.\Generated_Source\PSoC4/UART_1_PM.c **** * Parameters:
  40:.\Generated_Source\PSoC4/UART_1_PM.c **** *  None.
  41:.\Generated_Source\PSoC4/UART_1_PM.c **** *
  42:.\Generated_Source\PSoC4/UART_1_PM.c **** * Return:
  43:.\Generated_Source\PSoC4/UART_1_PM.c **** *  None.
  44:.\Generated_Source\PSoC4/UART_1_PM.c **** *
  45:.\Generated_Source\PSoC4/UART_1_PM.c **** * Global Variables:
  46:.\Generated_Source\PSoC4/UART_1_PM.c **** *  UART_1_backup - modified when non-retention registers are saved.
  47:.\Generated_Source\PSoC4/UART_1_PM.c **** *
  48:.\Generated_Source\PSoC4/UART_1_PM.c **** * Reentrant:
  49:.\Generated_Source\PSoC4/UART_1_PM.c **** *  No.
  50:.\Generated_Source\PSoC4/UART_1_PM.c **** *
  51:.\Generated_Source\PSoC4/UART_1_PM.c **** *******************************************************************************/
  52:.\Generated_Source\PSoC4/UART_1_PM.c **** void UART_1_SaveConfig(void)
  53:.\Generated_Source\PSoC4/UART_1_PM.c **** {
  30              		.loc 1 53 0
  31              		.cfi_startproc
  32 0000 80B5     		push	{r7, lr}
  33              	.LCFI0:
  34              		.cfi_def_cfa_offset 8
  35              		.cfi_offset 7, -8
  36              		.cfi_offset 14, -4
  37 0002 00AF     		add	r7, sp, #0
  38              	.LCFI1:
  39              		.cfi_def_cfa_register 7
  54:.\Generated_Source\PSoC4/UART_1_PM.c ****     #if (CY_UDB_V0)
  55:.\Generated_Source\PSoC4/UART_1_PM.c **** 
  56:.\Generated_Source\PSoC4/UART_1_PM.c ****         #if(UART_1_CONTROL_REG_REMOVED == 0u)
  57:.\Generated_Source\PSoC4/UART_1_PM.c ****             UART_1_backup.cr = UART_1_CONTROL_REG;
  58:.\Generated_Source\PSoC4/UART_1_PM.c ****         #endif /* End UART_1_CONTROL_REG_REMOVED */
  59:.\Generated_Source\PSoC4/UART_1_PM.c **** 
  60:.\Generated_Source\PSoC4/UART_1_PM.c ****         #if( (UART_1_RX_ENABLED) || (UART_1_HD_ENABLED) )
  61:.\Generated_Source\PSoC4/UART_1_PM.c ****             UART_1_backup.rx_period = UART_1_RXBITCTR_PERIOD_REG;
  62:.\Generated_Source\PSoC4/UART_1_PM.c ****             UART_1_backup.rx_mask = UART_1_RXSTATUS_MASK_REG;
  63:.\Generated_Source\PSoC4/UART_1_PM.c ****             #if (UART_1_RXHW_ADDRESS_ENABLED)
  64:.\Generated_Source\PSoC4/UART_1_PM.c ****                 UART_1_backup.rx_addr1 = UART_1_RXADDRESS1_REG;
  65:.\Generated_Source\PSoC4/UART_1_PM.c ****                 UART_1_backup.rx_addr2 = UART_1_RXADDRESS2_REG;
  66:.\Generated_Source\PSoC4/UART_1_PM.c ****             #endif /* End UART_1_RXHW_ADDRESS_ENABLED */
  67:.\Generated_Source\PSoC4/UART_1_PM.c ****         #endif /* End UART_1_RX_ENABLED | UART_1_HD_ENABLED*/
  68:.\Generated_Source\PSoC4/UART_1_PM.c **** 
  69:.\Generated_Source\PSoC4/UART_1_PM.c ****         #if(UART_1_TX_ENABLED)
  70:.\Generated_Source\PSoC4/UART_1_PM.c ****             #if(UART_1_TXCLKGEN_DP)
  71:.\Generated_Source\PSoC4/UART_1_PM.c ****                 UART_1_backup.tx_clk_ctr = UART_1_TXBITCLKGEN_CTR_REG;
  72:.\Generated_Source\PSoC4/UART_1_PM.c ****                 UART_1_backup.tx_clk_compl = UART_1_TXBITCLKTX_COMPLETE_REG;
  73:.\Generated_Source\PSoC4/UART_1_PM.c ****             #else
  74:.\Generated_Source\PSoC4/UART_1_PM.c ****                 UART_1_backup.tx_period = UART_1_TXBITCTR_PERIOD_REG;
  75:.\Generated_Source\PSoC4/UART_1_PM.c ****             #endif /*End UART_1_TXCLKGEN_DP */
ARM GAS  C:\Users\TSUBAS~1\AppData\Local\Temp\ccsCsJmN.s 			page 3


  76:.\Generated_Source\PSoC4/UART_1_PM.c ****             UART_1_backup.tx_mask = UART_1_TXSTATUS_MASK_REG;
  77:.\Generated_Source\PSoC4/UART_1_PM.c ****         #endif /*End UART_1_TX_ENABLED */
  78:.\Generated_Source\PSoC4/UART_1_PM.c **** 
  79:.\Generated_Source\PSoC4/UART_1_PM.c **** 
  80:.\Generated_Source\PSoC4/UART_1_PM.c ****     #else /* CY_UDB_V1 */
  81:.\Generated_Source\PSoC4/UART_1_PM.c **** 
  82:.\Generated_Source\PSoC4/UART_1_PM.c ****         #if(UART_1_CONTROL_REG_REMOVED == 0u)
  83:.\Generated_Source\PSoC4/UART_1_PM.c ****             UART_1_backup.cr = UART_1_CONTROL_REG;
  84:.\Generated_Source\PSoC4/UART_1_PM.c ****         #endif /* End UART_1_CONTROL_REG_REMOVED */
  85:.\Generated_Source\PSoC4/UART_1_PM.c **** 
  86:.\Generated_Source\PSoC4/UART_1_PM.c ****     #endif  /* End CY_UDB_V0 */
  87:.\Generated_Source\PSoC4/UART_1_PM.c **** }
  40              		.loc 1 87 0
  41 0004 BD46     		mov	sp, r7
  42              		@ sp needed for prologue
  43 0006 80BD     		pop	{r7, pc}
  44              		.cfi_endproc
  45              	.LFE0:
  46              		.size	UART_1_SaveConfig, .-UART_1_SaveConfig
  47              		.section	.text.UART_1_RestoreConfig,"ax",%progbits
  48              		.align	2
  49              		.global	UART_1_RestoreConfig
  50              		.code	16
  51              		.thumb_func
  52              		.type	UART_1_RestoreConfig, %function
  53              	UART_1_RestoreConfig:
  54              	.LFB1:
  88:.\Generated_Source\PSoC4/UART_1_PM.c **** 
  89:.\Generated_Source\PSoC4/UART_1_PM.c **** 
  90:.\Generated_Source\PSoC4/UART_1_PM.c **** /*******************************************************************************
  91:.\Generated_Source\PSoC4/UART_1_PM.c **** * Function Name: UART_1_RestoreConfig
  92:.\Generated_Source\PSoC4/UART_1_PM.c **** ********************************************************************************
  93:.\Generated_Source\PSoC4/UART_1_PM.c **** *
  94:.\Generated_Source\PSoC4/UART_1_PM.c **** * Summary:
  95:.\Generated_Source\PSoC4/UART_1_PM.c **** *  Restores the current user configuration.
  96:.\Generated_Source\PSoC4/UART_1_PM.c **** *
  97:.\Generated_Source\PSoC4/UART_1_PM.c **** * Parameters:
  98:.\Generated_Source\PSoC4/UART_1_PM.c **** *  None.
  99:.\Generated_Source\PSoC4/UART_1_PM.c **** *
 100:.\Generated_Source\PSoC4/UART_1_PM.c **** * Return:
 101:.\Generated_Source\PSoC4/UART_1_PM.c **** *  None.
 102:.\Generated_Source\PSoC4/UART_1_PM.c **** *
 103:.\Generated_Source\PSoC4/UART_1_PM.c **** * Global Variables:
 104:.\Generated_Source\PSoC4/UART_1_PM.c **** *  UART_1_backup - used when non-retention registers are restored.
 105:.\Generated_Source\PSoC4/UART_1_PM.c **** *
 106:.\Generated_Source\PSoC4/UART_1_PM.c **** * Reentrant:
 107:.\Generated_Source\PSoC4/UART_1_PM.c **** *  No.
 108:.\Generated_Source\PSoC4/UART_1_PM.c **** *
 109:.\Generated_Source\PSoC4/UART_1_PM.c **** *******************************************************************************/
 110:.\Generated_Source\PSoC4/UART_1_PM.c **** void UART_1_RestoreConfig(void)
 111:.\Generated_Source\PSoC4/UART_1_PM.c **** {
  55              		.loc 1 111 0
  56              		.cfi_startproc
  57 0000 80B5     		push	{r7, lr}
  58              	.LCFI2:
  59              		.cfi_def_cfa_offset 8
  60              		.cfi_offset 7, -8
ARM GAS  C:\Users\TSUBAS~1\AppData\Local\Temp\ccsCsJmN.s 			page 4


  61              		.cfi_offset 14, -4
  62 0002 00AF     		add	r7, sp, #0
  63              	.LCFI3:
  64              		.cfi_def_cfa_register 7
 112:.\Generated_Source\PSoC4/UART_1_PM.c **** 
 113:.\Generated_Source\PSoC4/UART_1_PM.c ****     #if (CY_UDB_V0)
 114:.\Generated_Source\PSoC4/UART_1_PM.c **** 
 115:.\Generated_Source\PSoC4/UART_1_PM.c ****         #if(UART_1_CONTROL_REG_REMOVED == 0u)
 116:.\Generated_Source\PSoC4/UART_1_PM.c ****             UART_1_CONTROL_REG = UART_1_backup.cr;
 117:.\Generated_Source\PSoC4/UART_1_PM.c ****         #endif /* End UART_1_CONTROL_REG_REMOVED */
 118:.\Generated_Source\PSoC4/UART_1_PM.c **** 
 119:.\Generated_Source\PSoC4/UART_1_PM.c ****         #if( (UART_1_RX_ENABLED) || (UART_1_HD_ENABLED) )
 120:.\Generated_Source\PSoC4/UART_1_PM.c ****             UART_1_RXBITCTR_PERIOD_REG = UART_1_backup.rx_period;
 121:.\Generated_Source\PSoC4/UART_1_PM.c ****             UART_1_RXSTATUS_MASK_REG = UART_1_backup.rx_mask;
 122:.\Generated_Source\PSoC4/UART_1_PM.c ****             #if (UART_1_RXHW_ADDRESS_ENABLED)
 123:.\Generated_Source\PSoC4/UART_1_PM.c ****                 UART_1_RXADDRESS1_REG = UART_1_backup.rx_addr1;
 124:.\Generated_Source\PSoC4/UART_1_PM.c ****                 UART_1_RXADDRESS2_REG = UART_1_backup.rx_addr2;
 125:.\Generated_Source\PSoC4/UART_1_PM.c ****             #endif /* End UART_1_RXHW_ADDRESS_ENABLED */
 126:.\Generated_Source\PSoC4/UART_1_PM.c ****         #endif  /* End (UART_1_RX_ENABLED) || (UART_1_HD_ENABLED) */
 127:.\Generated_Source\PSoC4/UART_1_PM.c **** 
 128:.\Generated_Source\PSoC4/UART_1_PM.c ****         #if(UART_1_TX_ENABLED)
 129:.\Generated_Source\PSoC4/UART_1_PM.c ****             #if(UART_1_TXCLKGEN_DP)
 130:.\Generated_Source\PSoC4/UART_1_PM.c ****                 UART_1_TXBITCLKGEN_CTR_REG = UART_1_backup.tx_clk_ctr;
 131:.\Generated_Source\PSoC4/UART_1_PM.c ****                 UART_1_TXBITCLKTX_COMPLETE_REG = UART_1_backup.tx_clk_compl;
 132:.\Generated_Source\PSoC4/UART_1_PM.c ****             #else
 133:.\Generated_Source\PSoC4/UART_1_PM.c ****                 UART_1_TXBITCTR_PERIOD_REG = UART_1_backup.tx_period;
 134:.\Generated_Source\PSoC4/UART_1_PM.c ****             #endif /*End UART_1_TXCLKGEN_DP */
 135:.\Generated_Source\PSoC4/UART_1_PM.c ****             UART_1_TXSTATUS_MASK_REG = UART_1_backup.tx_mask;
 136:.\Generated_Source\PSoC4/UART_1_PM.c ****         #endif /*End UART_1_TX_ENABLED */
 137:.\Generated_Source\PSoC4/UART_1_PM.c **** 
 138:.\Generated_Source\PSoC4/UART_1_PM.c ****     #else /* CY_UDB_V1 */
 139:.\Generated_Source\PSoC4/UART_1_PM.c **** 
 140:.\Generated_Source\PSoC4/UART_1_PM.c ****         #if(UART_1_CONTROL_REG_REMOVED == 0u)
 141:.\Generated_Source\PSoC4/UART_1_PM.c ****             UART_1_CONTROL_REG = UART_1_backup.cr;
 142:.\Generated_Source\PSoC4/UART_1_PM.c ****         #endif /* End UART_1_CONTROL_REG_REMOVED */
 143:.\Generated_Source\PSoC4/UART_1_PM.c **** 
 144:.\Generated_Source\PSoC4/UART_1_PM.c ****     #endif  /* End CY_UDB_V0 */
 145:.\Generated_Source\PSoC4/UART_1_PM.c **** }
  65              		.loc 1 145 0
  66 0004 BD46     		mov	sp, r7
  67              		@ sp needed for prologue
  68 0006 80BD     		pop	{r7, pc}
  69              		.cfi_endproc
  70              	.LFE1:
  71              		.size	UART_1_RestoreConfig, .-UART_1_RestoreConfig
  72              		.section	.text.UART_1_Sleep,"ax",%progbits
  73              		.align	2
  74              		.global	UART_1_Sleep
  75              		.code	16
  76              		.thumb_func
  77              		.type	UART_1_Sleep, %function
  78              	UART_1_Sleep:
  79              	.LFB2:
 146:.\Generated_Source\PSoC4/UART_1_PM.c **** 
 147:.\Generated_Source\PSoC4/UART_1_PM.c **** 
 148:.\Generated_Source\PSoC4/UART_1_PM.c **** /*******************************************************************************
 149:.\Generated_Source\PSoC4/UART_1_PM.c **** * Function Name: UART_1_Sleep
ARM GAS  C:\Users\TSUBAS~1\AppData\Local\Temp\ccsCsJmN.s 			page 5


 150:.\Generated_Source\PSoC4/UART_1_PM.c **** ********************************************************************************
 151:.\Generated_Source\PSoC4/UART_1_PM.c **** *
 152:.\Generated_Source\PSoC4/UART_1_PM.c **** * Summary:
 153:.\Generated_Source\PSoC4/UART_1_PM.c **** *  Stops and saves the user configuration. Should be called
 154:.\Generated_Source\PSoC4/UART_1_PM.c **** *  just prior to entering sleep.
 155:.\Generated_Source\PSoC4/UART_1_PM.c **** *
 156:.\Generated_Source\PSoC4/UART_1_PM.c **** *
 157:.\Generated_Source\PSoC4/UART_1_PM.c **** * Parameters:
 158:.\Generated_Source\PSoC4/UART_1_PM.c **** *  None.
 159:.\Generated_Source\PSoC4/UART_1_PM.c **** *
 160:.\Generated_Source\PSoC4/UART_1_PM.c **** * Return:
 161:.\Generated_Source\PSoC4/UART_1_PM.c **** *  None.
 162:.\Generated_Source\PSoC4/UART_1_PM.c **** *
 163:.\Generated_Source\PSoC4/UART_1_PM.c **** * Global Variables:
 164:.\Generated_Source\PSoC4/UART_1_PM.c **** *  UART_1_backup - modified when non-retention registers are saved.
 165:.\Generated_Source\PSoC4/UART_1_PM.c **** *
 166:.\Generated_Source\PSoC4/UART_1_PM.c **** * Reentrant:
 167:.\Generated_Source\PSoC4/UART_1_PM.c **** *  No.
 168:.\Generated_Source\PSoC4/UART_1_PM.c **** *
 169:.\Generated_Source\PSoC4/UART_1_PM.c **** *******************************************************************************/
 170:.\Generated_Source\PSoC4/UART_1_PM.c **** void UART_1_Sleep(void)
 171:.\Generated_Source\PSoC4/UART_1_PM.c **** {
  80              		.loc 1 171 0
  81              		.cfi_startproc
  82 0000 80B5     		push	{r7, lr}
  83              	.LCFI4:
  84              		.cfi_def_cfa_offset 8
  85              		.cfi_offset 7, -8
  86              		.cfi_offset 14, -4
  87 0002 00AF     		add	r7, sp, #0
  88              	.LCFI5:
  89              		.cfi_def_cfa_register 7
 172:.\Generated_Source\PSoC4/UART_1_PM.c **** 
 173:.\Generated_Source\PSoC4/UART_1_PM.c ****     #if(UART_1_RX_ENABLED || UART_1_HD_ENABLED)
 174:.\Generated_Source\PSoC4/UART_1_PM.c ****         if((UART_1_RXSTATUS_ACTL_REG  & UART_1_INT_ENABLE) != 0u)
 175:.\Generated_Source\PSoC4/UART_1_PM.c ****         {
 176:.\Generated_Source\PSoC4/UART_1_PM.c ****             UART_1_backup.enableState = 1u;
 177:.\Generated_Source\PSoC4/UART_1_PM.c ****         }
 178:.\Generated_Source\PSoC4/UART_1_PM.c ****         else
 179:.\Generated_Source\PSoC4/UART_1_PM.c ****         {
 180:.\Generated_Source\PSoC4/UART_1_PM.c ****             UART_1_backup.enableState = 0u;
 181:.\Generated_Source\PSoC4/UART_1_PM.c ****         }
 182:.\Generated_Source\PSoC4/UART_1_PM.c ****     #else
 183:.\Generated_Source\PSoC4/UART_1_PM.c ****         if((UART_1_TXSTATUS_ACTL_REG  & UART_1_INT_ENABLE) !=0u)
  90              		.loc 1 183 0
  91 0004 094B     		ldr	r3, .L6
  92 0006 1B78     		ldrb	r3, [r3]
  93 0008 DBB2     		uxtb	r3, r3
  94 000a 1A1C     		mov	r2, r3
  95 000c 1023     		mov	r3, #16
  96 000e 1340     		and	r3, r2
  97 0010 03D0     		beq	.L4
 184:.\Generated_Source\PSoC4/UART_1_PM.c ****         {
 185:.\Generated_Source\PSoC4/UART_1_PM.c ****             UART_1_backup.enableState = 1u;
  98              		.loc 1 185 0
  99 0012 074B     		ldr	r3, .L6+4
 100 0014 0122     		mov	r2, #1
ARM GAS  C:\Users\TSUBAS~1\AppData\Local\Temp\ccsCsJmN.s 			page 6


 101 0016 1A70     		strb	r2, [r3]
 102 0018 02E0     		b	.L5
 103              	.L4:
 186:.\Generated_Source\PSoC4/UART_1_PM.c ****         }
 187:.\Generated_Source\PSoC4/UART_1_PM.c ****         else
 188:.\Generated_Source\PSoC4/UART_1_PM.c ****         {
 189:.\Generated_Source\PSoC4/UART_1_PM.c ****             UART_1_backup.enableState = 0u;
 104              		.loc 1 189 0
 105 001a 054B     		ldr	r3, .L6+4
 106 001c 0022     		mov	r2, #0
 107 001e 1A70     		strb	r2, [r3]
 108              	.L5:
 190:.\Generated_Source\PSoC4/UART_1_PM.c ****         }
 191:.\Generated_Source\PSoC4/UART_1_PM.c ****     #endif /* End UART_1_RX_ENABLED || UART_1_HD_ENABLED*/
 192:.\Generated_Source\PSoC4/UART_1_PM.c **** 
 193:.\Generated_Source\PSoC4/UART_1_PM.c ****     UART_1_Stop();
 109              		.loc 1 193 0
 110 0020 FFF7FEFF 		bl	UART_1_Stop
 194:.\Generated_Source\PSoC4/UART_1_PM.c ****     UART_1_SaveConfig();
 111              		.loc 1 194 0
 112 0024 FFF7FEFF 		bl	UART_1_SaveConfig
 195:.\Generated_Source\PSoC4/UART_1_PM.c **** }
 113              		.loc 1 195 0
 114 0028 BD46     		mov	sp, r7
 115              		@ sp needed for prologue
 116 002a 80BD     		pop	{r7, pc}
 117              	.L7:
 118              		.align	2
 119              	.L6:
 120 002c 92000F40 		.word	1074725010
 121 0030 00000000 		.word	UART_1_backup
 122              		.cfi_endproc
 123              	.LFE2:
 124              		.size	UART_1_Sleep, .-UART_1_Sleep
 125              		.section	.text.UART_1_Wakeup,"ax",%progbits
 126              		.align	2
 127              		.global	UART_1_Wakeup
 128              		.code	16
 129              		.thumb_func
 130              		.type	UART_1_Wakeup, %function
 131              	UART_1_Wakeup:
 132              	.LFB3:
 196:.\Generated_Source\PSoC4/UART_1_PM.c **** 
 197:.\Generated_Source\PSoC4/UART_1_PM.c **** 
 198:.\Generated_Source\PSoC4/UART_1_PM.c **** /*******************************************************************************
 199:.\Generated_Source\PSoC4/UART_1_PM.c **** * Function Name: UART_1_Wakeup
 200:.\Generated_Source\PSoC4/UART_1_PM.c **** ********************************************************************************
 201:.\Generated_Source\PSoC4/UART_1_PM.c **** *
 202:.\Generated_Source\PSoC4/UART_1_PM.c **** * Summary:
 203:.\Generated_Source\PSoC4/UART_1_PM.c **** *  Restores and enables the user configuration. Should be called
 204:.\Generated_Source\PSoC4/UART_1_PM.c **** *  just after awaking from sleep.
 205:.\Generated_Source\PSoC4/UART_1_PM.c **** *
 206:.\Generated_Source\PSoC4/UART_1_PM.c **** * Parameters:
 207:.\Generated_Source\PSoC4/UART_1_PM.c **** *  None.
 208:.\Generated_Source\PSoC4/UART_1_PM.c **** *
 209:.\Generated_Source\PSoC4/UART_1_PM.c **** * Return:
 210:.\Generated_Source\PSoC4/UART_1_PM.c **** *  None.
ARM GAS  C:\Users\TSUBAS~1\AppData\Local\Temp\ccsCsJmN.s 			page 7


 211:.\Generated_Source\PSoC4/UART_1_PM.c **** *
 212:.\Generated_Source\PSoC4/UART_1_PM.c **** * Global Variables:
 213:.\Generated_Source\PSoC4/UART_1_PM.c **** *  UART_1_backup - used when non-retention registers are restored.
 214:.\Generated_Source\PSoC4/UART_1_PM.c **** *
 215:.\Generated_Source\PSoC4/UART_1_PM.c **** * Reentrant:
 216:.\Generated_Source\PSoC4/UART_1_PM.c **** *  No.
 217:.\Generated_Source\PSoC4/UART_1_PM.c **** *
 218:.\Generated_Source\PSoC4/UART_1_PM.c **** *******************************************************************************/
 219:.\Generated_Source\PSoC4/UART_1_PM.c **** void UART_1_Wakeup(void)
 220:.\Generated_Source\PSoC4/UART_1_PM.c **** {
 133              		.loc 1 220 0
 134              		.cfi_startproc
 135 0000 80B5     		push	{r7, lr}
 136              	.LCFI6:
 137              		.cfi_def_cfa_offset 8
 138              		.cfi_offset 7, -8
 139              		.cfi_offset 14, -4
 140 0002 00AF     		add	r7, sp, #0
 141              	.LCFI7:
 142              		.cfi_def_cfa_register 7
 221:.\Generated_Source\PSoC4/UART_1_PM.c ****     UART_1_RestoreConfig();
 143              		.loc 1 221 0
 144 0004 FFF7FEFF 		bl	UART_1_RestoreConfig
 222:.\Generated_Source\PSoC4/UART_1_PM.c ****     #if( (UART_1_RX_ENABLED) || (UART_1_HD_ENABLED) )
 223:.\Generated_Source\PSoC4/UART_1_PM.c ****         UART_1_ClearRxBuffer();
 224:.\Generated_Source\PSoC4/UART_1_PM.c ****     #endif /* End (UART_1_RX_ENABLED) || (UART_1_HD_ENABLED) */
 225:.\Generated_Source\PSoC4/UART_1_PM.c ****     #if(UART_1_TX_ENABLED || UART_1_HD_ENABLED)
 226:.\Generated_Source\PSoC4/UART_1_PM.c ****         UART_1_ClearTxBuffer();
 145              		.loc 1 226 0
 146 0008 FFF7FEFF 		bl	UART_1_ClearTxBuffer
 227:.\Generated_Source\PSoC4/UART_1_PM.c ****     #endif /* End UART_1_TX_ENABLED || UART_1_HD_ENABLED */
 228:.\Generated_Source\PSoC4/UART_1_PM.c **** 
 229:.\Generated_Source\PSoC4/UART_1_PM.c ****     if(UART_1_backup.enableState != 0u)
 147              		.loc 1 229 0
 148 000c 034B     		ldr	r3, .L10
 149 000e 1B78     		ldrb	r3, [r3]
 150 0010 002B     		cmp	r3, #0
 151 0012 01D0     		beq	.L8
 230:.\Generated_Source\PSoC4/UART_1_PM.c ****     {
 231:.\Generated_Source\PSoC4/UART_1_PM.c ****         UART_1_Enable();
 152              		.loc 1 231 0
 153 0014 FFF7FEFF 		bl	UART_1_Enable
 154              	.L8:
 232:.\Generated_Source\PSoC4/UART_1_PM.c ****     }
 233:.\Generated_Source\PSoC4/UART_1_PM.c **** }
 155              		.loc 1 233 0
 156 0018 BD46     		mov	sp, r7
 157              		@ sp needed for prologue
 158 001a 80BD     		pop	{r7, pc}
 159              	.L11:
 160              		.align	2
 161              	.L10:
 162 001c 00000000 		.word	UART_1_backup
 163              		.cfi_endproc
 164              	.LFE3:
 165              		.size	UART_1_Wakeup, .-UART_1_Wakeup
 166              		.text
ARM GAS  C:\Users\TSUBAS~1\AppData\Local\Temp\ccsCsJmN.s 			page 8


 167              	.Letext0:
 168              		.file 2 ".\\Generated_Source\\PSoC4\\cytypes.h"
 169              		.file 3 ".\\Generated_Source\\PSoC4\\UART_1.h"
 170              		.section	.debug_info,"",%progbits
 171              	.Ldebug_info0:
 172 0000 40010000 		.4byte	0x140
 173 0004 0200     		.2byte	0x2
 174 0006 00000000 		.4byte	.Ldebug_abbrev0
 175 000a 04       		.byte	0x4
 176 000b 01       		.uleb128 0x1
 177 000c 7B000000 		.4byte	.LASF22
 178 0010 01       		.byte	0x1
 179 0011 1E010000 		.4byte	.LASF23
 180 0015 34000000 		.4byte	.LASF24
 181 0019 00000000 		.4byte	.Ldebug_ranges0+0
 182 001d 00000000 		.4byte	0
 183 0021 00000000 		.4byte	0
 184 0025 00000000 		.4byte	.Ldebug_line0
 185 0029 02       		.uleb128 0x2
 186 002a 01       		.byte	0x1
 187 002b 06       		.byte	0x6
 188 002c 8E010000 		.4byte	.LASF0
 189 0030 02       		.uleb128 0x2
 190 0031 01       		.byte	0x1
 191 0032 08       		.byte	0x8
 192 0033 10010000 		.4byte	.LASF1
 193 0037 02       		.uleb128 0x2
 194 0038 02       		.byte	0x2
 195 0039 05       		.byte	0x5
 196 003a B5010000 		.4byte	.LASF2
 197 003e 02       		.uleb128 0x2
 198 003f 02       		.byte	0x2
 199 0040 07       		.byte	0x7
 200 0041 7B010000 		.4byte	.LASF3
 201 0045 02       		.uleb128 0x2
 202 0046 04       		.byte	0x4
 203 0047 05       		.byte	0x5
 204 0048 48010000 		.4byte	.LASF4
 205 004c 02       		.uleb128 0x2
 206 004d 04       		.byte	0x4
 207 004e 07       		.byte	0x7
 208 004f CA000000 		.4byte	.LASF5
 209 0053 02       		.uleb128 0x2
 210 0054 08       		.byte	0x8
 211 0055 05       		.byte	0x5
 212 0056 00000000 		.4byte	.LASF6
 213 005a 02       		.uleb128 0x2
 214 005b 08       		.byte	0x8
 215 005c 07       		.byte	0x7
 216 005d EE000000 		.4byte	.LASF7
 217 0061 03       		.uleb128 0x3
 218 0062 04       		.byte	0x4
 219 0063 05       		.byte	0x5
 220 0064 696E7400 		.ascii	"int\000"
 221 0068 02       		.uleb128 0x2
 222 0069 04       		.byte	0x4
 223 006a 07       		.byte	0x7
ARM GAS  C:\Users\TSUBAS~1\AppData\Local\Temp\ccsCsJmN.s 			page 9


 224 006b 1A000000 		.4byte	.LASF8
 225 006f 04       		.uleb128 0x4
 226 0070 C4000000 		.4byte	.LASF12
 227 0074 02       		.byte	0x2
 228 0075 5B       		.byte	0x5b
 229 0076 30000000 		.4byte	0x30
 230 007a 02       		.uleb128 0x2
 231 007b 04       		.byte	0x4
 232 007c 04       		.byte	0x4
 233 007d AF010000 		.4byte	.LASF9
 234 0081 02       		.uleb128 0x2
 235 0082 08       		.byte	0x8
 236 0083 04       		.byte	0x4
 237 0084 51010000 		.4byte	.LASF10
 238 0088 02       		.uleb128 0x2
 239 0089 01       		.byte	0x1
 240 008a 08       		.byte	0x8
 241 008b 43010000 		.4byte	.LASF11
 242 008f 04       		.uleb128 0x4
 243 0090 BF010000 		.4byte	.LASF13
 244 0094 02       		.byte	0x2
 245 0095 F0       		.byte	0xf0
 246 0096 9A000000 		.4byte	0x9a
 247 009a 05       		.uleb128 0x5
 248 009b 6F000000 		.4byte	0x6f
 249 009f 02       		.uleb128 0x2
 250 00a0 04       		.byte	0x4
 251 00a1 07       		.byte	0x7
 252 00a2 D2010000 		.4byte	.LASF14
 253 00a6 06       		.uleb128 0x6
 254 00a7 66010000 		.4byte	.LASF25
 255 00ab 02       		.byte	0x2
 256 00ac 03       		.byte	0x3
 257 00ad 45       		.byte	0x45
 258 00ae CF000000 		.4byte	0xcf
 259 00b2 07       		.uleb128 0x7
 260 00b3 0E000000 		.4byte	.LASF15
 261 00b7 03       		.byte	0x3
 262 00b8 47       		.byte	0x47
 263 00b9 6F000000 		.4byte	0x6f
 264 00bd 02       		.byte	0x2
 265 00be 23       		.byte	0x23
 266 00bf 00       		.uleb128 0
 267 00c0 07       		.uleb128 0x7
 268 00c1 05010000 		.4byte	.LASF16
 269 00c5 03       		.byte	0x3
 270 00c6 59       		.byte	0x59
 271 00c7 6F000000 		.4byte	0x6f
 272 00cb 02       		.byte	0x2
 273 00cc 23       		.byte	0x23
 274 00cd 01       		.uleb128 0x1
 275 00ce 00       		.byte	0
 276 00cf 04       		.uleb128 0x4
 277 00d0 DB010000 		.4byte	.LASF17
 278 00d4 03       		.byte	0x3
 279 00d5 64       		.byte	0x64
 280 00d6 A6000000 		.4byte	0xa6
ARM GAS  C:\Users\TSUBAS~1\AppData\Local\Temp\ccsCsJmN.s 			page 10


 281 00da 08       		.uleb128 0x8
 282 00db 01       		.byte	0x1
 283 00dc DC000000 		.4byte	.LASF18
 284 00e0 01       		.byte	0x1
 285 00e1 34       		.byte	0x34
 286 00e2 01       		.byte	0x1
 287 00e3 00000000 		.4byte	.LFB0
 288 00e7 08000000 		.4byte	.LFE0
 289 00eb 00000000 		.4byte	.LLST0
 290 00ef 01       		.byte	0x1
 291 00f0 08       		.uleb128 0x8
 292 00f1 01       		.byte	0x1
 293 00f2 9A010000 		.4byte	.LASF19
 294 00f6 01       		.byte	0x1
 295 00f7 6E       		.byte	0x6e
 296 00f8 01       		.byte	0x1
 297 00f9 00000000 		.4byte	.LFB1
 298 00fd 08000000 		.4byte	.LFE1
 299 0101 2C000000 		.4byte	.LLST1
 300 0105 01       		.byte	0x1
 301 0106 09       		.uleb128 0x9
 302 0107 01       		.byte	0x1
 303 0108 27000000 		.4byte	.LASF20
 304 010c 01       		.byte	0x1
 305 010d AA       		.byte	0xaa
 306 010e 01       		.byte	0x1
 307 010f 00000000 		.4byte	.LFB2
 308 0113 34000000 		.4byte	.LFE2
 309 0117 58000000 		.4byte	.LLST2
 310 011b 01       		.byte	0x1
 311 011c 09       		.uleb128 0x9
 312 011d 01       		.byte	0x1
 313 011e C4010000 		.4byte	.LASF21
 314 0122 01       		.byte	0x1
 315 0123 DB       		.byte	0xdb
 316 0124 01       		.byte	0x1
 317 0125 00000000 		.4byte	.LFB3
 318 0129 20000000 		.4byte	.LFE3
 319 012d 84000000 		.4byte	.LLST3
 320 0131 01       		.byte	0x1
 321 0132 0A       		.uleb128 0xa
 322 0133 58010000 		.4byte	.LASF26
 323 0137 01       		.byte	0x1
 324 0138 18       		.byte	0x18
 325 0139 CF000000 		.4byte	0xcf
 326 013d 05       		.byte	0x5
 327 013e 03       		.byte	0x3
 328 013f 00000000 		.4byte	UART_1_backup
 329 0143 00       		.byte	0
 330              		.section	.debug_abbrev,"",%progbits
 331              	.Ldebug_abbrev0:
 332 0000 01       		.uleb128 0x1
 333 0001 11       		.uleb128 0x11
 334 0002 01       		.byte	0x1
 335 0003 25       		.uleb128 0x25
 336 0004 0E       		.uleb128 0xe
 337 0005 13       		.uleb128 0x13
ARM GAS  C:\Users\TSUBAS~1\AppData\Local\Temp\ccsCsJmN.s 			page 11


 338 0006 0B       		.uleb128 0xb
 339 0007 03       		.uleb128 0x3
 340 0008 0E       		.uleb128 0xe
 341 0009 1B       		.uleb128 0x1b
 342 000a 0E       		.uleb128 0xe
 343 000b 55       		.uleb128 0x55
 344 000c 06       		.uleb128 0x6
 345 000d 11       		.uleb128 0x11
 346 000e 01       		.uleb128 0x1
 347 000f 52       		.uleb128 0x52
 348 0010 01       		.uleb128 0x1
 349 0011 10       		.uleb128 0x10
 350 0012 06       		.uleb128 0x6
 351 0013 00       		.byte	0
 352 0014 00       		.byte	0
 353 0015 02       		.uleb128 0x2
 354 0016 24       		.uleb128 0x24
 355 0017 00       		.byte	0
 356 0018 0B       		.uleb128 0xb
 357 0019 0B       		.uleb128 0xb
 358 001a 3E       		.uleb128 0x3e
 359 001b 0B       		.uleb128 0xb
 360 001c 03       		.uleb128 0x3
 361 001d 0E       		.uleb128 0xe
 362 001e 00       		.byte	0
 363 001f 00       		.byte	0
 364 0020 03       		.uleb128 0x3
 365 0021 24       		.uleb128 0x24
 366 0022 00       		.byte	0
 367 0023 0B       		.uleb128 0xb
 368 0024 0B       		.uleb128 0xb
 369 0025 3E       		.uleb128 0x3e
 370 0026 0B       		.uleb128 0xb
 371 0027 03       		.uleb128 0x3
 372 0028 08       		.uleb128 0x8
 373 0029 00       		.byte	0
 374 002a 00       		.byte	0
 375 002b 04       		.uleb128 0x4
 376 002c 16       		.uleb128 0x16
 377 002d 00       		.byte	0
 378 002e 03       		.uleb128 0x3
 379 002f 0E       		.uleb128 0xe
 380 0030 3A       		.uleb128 0x3a
 381 0031 0B       		.uleb128 0xb
 382 0032 3B       		.uleb128 0x3b
 383 0033 0B       		.uleb128 0xb
 384 0034 49       		.uleb128 0x49
 385 0035 13       		.uleb128 0x13
 386 0036 00       		.byte	0
 387 0037 00       		.byte	0
 388 0038 05       		.uleb128 0x5
 389 0039 35       		.uleb128 0x35
 390 003a 00       		.byte	0
 391 003b 49       		.uleb128 0x49
 392 003c 13       		.uleb128 0x13
 393 003d 00       		.byte	0
 394 003e 00       		.byte	0
ARM GAS  C:\Users\TSUBAS~1\AppData\Local\Temp\ccsCsJmN.s 			page 12


 395 003f 06       		.uleb128 0x6
 396 0040 13       		.uleb128 0x13
 397 0041 01       		.byte	0x1
 398 0042 03       		.uleb128 0x3
 399 0043 0E       		.uleb128 0xe
 400 0044 0B       		.uleb128 0xb
 401 0045 0B       		.uleb128 0xb
 402 0046 3A       		.uleb128 0x3a
 403 0047 0B       		.uleb128 0xb
 404 0048 3B       		.uleb128 0x3b
 405 0049 0B       		.uleb128 0xb
 406 004a 01       		.uleb128 0x1
 407 004b 13       		.uleb128 0x13
 408 004c 00       		.byte	0
 409 004d 00       		.byte	0
 410 004e 07       		.uleb128 0x7
 411 004f 0D       		.uleb128 0xd
 412 0050 00       		.byte	0
 413 0051 03       		.uleb128 0x3
 414 0052 0E       		.uleb128 0xe
 415 0053 3A       		.uleb128 0x3a
 416 0054 0B       		.uleb128 0xb
 417 0055 3B       		.uleb128 0x3b
 418 0056 0B       		.uleb128 0xb
 419 0057 49       		.uleb128 0x49
 420 0058 13       		.uleb128 0x13
 421 0059 38       		.uleb128 0x38
 422 005a 0A       		.uleb128 0xa
 423 005b 00       		.byte	0
 424 005c 00       		.byte	0
 425 005d 08       		.uleb128 0x8
 426 005e 2E       		.uleb128 0x2e
 427 005f 00       		.byte	0
 428 0060 3F       		.uleb128 0x3f
 429 0061 0C       		.uleb128 0xc
 430 0062 03       		.uleb128 0x3
 431 0063 0E       		.uleb128 0xe
 432 0064 3A       		.uleb128 0x3a
 433 0065 0B       		.uleb128 0xb
 434 0066 3B       		.uleb128 0x3b
 435 0067 0B       		.uleb128 0xb
 436 0068 27       		.uleb128 0x27
 437 0069 0C       		.uleb128 0xc
 438 006a 11       		.uleb128 0x11
 439 006b 01       		.uleb128 0x1
 440 006c 12       		.uleb128 0x12
 441 006d 01       		.uleb128 0x1
 442 006e 40       		.uleb128 0x40
 443 006f 06       		.uleb128 0x6
 444 0070 9742     		.uleb128 0x2117
 445 0072 0C       		.uleb128 0xc
 446 0073 00       		.byte	0
 447 0074 00       		.byte	0
 448 0075 09       		.uleb128 0x9
 449 0076 2E       		.uleb128 0x2e
 450 0077 00       		.byte	0
 451 0078 3F       		.uleb128 0x3f
ARM GAS  C:\Users\TSUBAS~1\AppData\Local\Temp\ccsCsJmN.s 			page 13


 452 0079 0C       		.uleb128 0xc
 453 007a 03       		.uleb128 0x3
 454 007b 0E       		.uleb128 0xe
 455 007c 3A       		.uleb128 0x3a
 456 007d 0B       		.uleb128 0xb
 457 007e 3B       		.uleb128 0x3b
 458 007f 0B       		.uleb128 0xb
 459 0080 27       		.uleb128 0x27
 460 0081 0C       		.uleb128 0xc
 461 0082 11       		.uleb128 0x11
 462 0083 01       		.uleb128 0x1
 463 0084 12       		.uleb128 0x12
 464 0085 01       		.uleb128 0x1
 465 0086 40       		.uleb128 0x40
 466 0087 06       		.uleb128 0x6
 467 0088 9642     		.uleb128 0x2116
 468 008a 0C       		.uleb128 0xc
 469 008b 00       		.byte	0
 470 008c 00       		.byte	0
 471 008d 0A       		.uleb128 0xa
 472 008e 34       		.uleb128 0x34
 473 008f 00       		.byte	0
 474 0090 03       		.uleb128 0x3
 475 0091 0E       		.uleb128 0xe
 476 0092 3A       		.uleb128 0x3a
 477 0093 0B       		.uleb128 0xb
 478 0094 3B       		.uleb128 0x3b
 479 0095 0B       		.uleb128 0xb
 480 0096 49       		.uleb128 0x49
 481 0097 13       		.uleb128 0x13
 482 0098 02       		.uleb128 0x2
 483 0099 0A       		.uleb128 0xa
 484 009a 00       		.byte	0
 485 009b 00       		.byte	0
 486 009c 00       		.byte	0
 487              		.section	.debug_loc,"",%progbits
 488              	.Ldebug_loc0:
 489              	.LLST0:
 490 0000 00000000 		.4byte	.LFB0
 491 0004 02000000 		.4byte	.LCFI0
 492 0008 0200     		.2byte	0x2
 493 000a 7D       		.byte	0x7d
 494 000b 00       		.sleb128 0
 495 000c 02000000 		.4byte	.LCFI0
 496 0010 04000000 		.4byte	.LCFI1
 497 0014 0200     		.2byte	0x2
 498 0016 7D       		.byte	0x7d
 499 0017 08       		.sleb128 8
 500 0018 04000000 		.4byte	.LCFI1
 501 001c 08000000 		.4byte	.LFE0
 502 0020 0200     		.2byte	0x2
 503 0022 77       		.byte	0x77
 504 0023 08       		.sleb128 8
 505 0024 00000000 		.4byte	0
 506 0028 00000000 		.4byte	0
 507              	.LLST1:
 508 002c 00000000 		.4byte	.LFB1
ARM GAS  C:\Users\TSUBAS~1\AppData\Local\Temp\ccsCsJmN.s 			page 14


 509 0030 02000000 		.4byte	.LCFI2
 510 0034 0200     		.2byte	0x2
 511 0036 7D       		.byte	0x7d
 512 0037 00       		.sleb128 0
 513 0038 02000000 		.4byte	.LCFI2
 514 003c 04000000 		.4byte	.LCFI3
 515 0040 0200     		.2byte	0x2
 516 0042 7D       		.byte	0x7d
 517 0043 08       		.sleb128 8
 518 0044 04000000 		.4byte	.LCFI3
 519 0048 08000000 		.4byte	.LFE1
 520 004c 0200     		.2byte	0x2
 521 004e 77       		.byte	0x77
 522 004f 08       		.sleb128 8
 523 0050 00000000 		.4byte	0
 524 0054 00000000 		.4byte	0
 525              	.LLST2:
 526 0058 00000000 		.4byte	.LFB2
 527 005c 02000000 		.4byte	.LCFI4
 528 0060 0200     		.2byte	0x2
 529 0062 7D       		.byte	0x7d
 530 0063 00       		.sleb128 0
 531 0064 02000000 		.4byte	.LCFI4
 532 0068 04000000 		.4byte	.LCFI5
 533 006c 0200     		.2byte	0x2
 534 006e 7D       		.byte	0x7d
 535 006f 08       		.sleb128 8
 536 0070 04000000 		.4byte	.LCFI5
 537 0074 34000000 		.4byte	.LFE2
 538 0078 0200     		.2byte	0x2
 539 007a 77       		.byte	0x77
 540 007b 08       		.sleb128 8
 541 007c 00000000 		.4byte	0
 542 0080 00000000 		.4byte	0
 543              	.LLST3:
 544 0084 00000000 		.4byte	.LFB3
 545 0088 02000000 		.4byte	.LCFI6
 546 008c 0200     		.2byte	0x2
 547 008e 7D       		.byte	0x7d
 548 008f 00       		.sleb128 0
 549 0090 02000000 		.4byte	.LCFI6
 550 0094 04000000 		.4byte	.LCFI7
 551 0098 0200     		.2byte	0x2
 552 009a 7D       		.byte	0x7d
 553 009b 08       		.sleb128 8
 554 009c 04000000 		.4byte	.LCFI7
 555 00a0 20000000 		.4byte	.LFE3
 556 00a4 0200     		.2byte	0x2
 557 00a6 77       		.byte	0x77
 558 00a7 08       		.sleb128 8
 559 00a8 00000000 		.4byte	0
 560 00ac 00000000 		.4byte	0
 561              		.section	.debug_aranges,"",%progbits
 562 0000 34000000 		.4byte	0x34
 563 0004 0200     		.2byte	0x2
 564 0006 00000000 		.4byte	.Ldebug_info0
 565 000a 04       		.byte	0x4
ARM GAS  C:\Users\TSUBAS~1\AppData\Local\Temp\ccsCsJmN.s 			page 15


 566 000b 00       		.byte	0
 567 000c 0000     		.2byte	0
 568 000e 0000     		.2byte	0
 569 0010 00000000 		.4byte	.LFB0
 570 0014 08000000 		.4byte	.LFE0-.LFB0
 571 0018 00000000 		.4byte	.LFB1
 572 001c 08000000 		.4byte	.LFE1-.LFB1
 573 0020 00000000 		.4byte	.LFB2
 574 0024 34000000 		.4byte	.LFE2-.LFB2
 575 0028 00000000 		.4byte	.LFB3
 576 002c 20000000 		.4byte	.LFE3-.LFB3
 577 0030 00000000 		.4byte	0
 578 0034 00000000 		.4byte	0
 579              		.section	.debug_ranges,"",%progbits
 580              	.Ldebug_ranges0:
 581 0000 00000000 		.4byte	.LFB0
 582 0004 08000000 		.4byte	.LFE0
 583 0008 00000000 		.4byte	.LFB1
 584 000c 08000000 		.4byte	.LFE1
 585 0010 00000000 		.4byte	.LFB2
 586 0014 34000000 		.4byte	.LFE2
 587 0018 00000000 		.4byte	.LFB3
 588 001c 20000000 		.4byte	.LFE3
 589 0020 00000000 		.4byte	0
 590 0024 00000000 		.4byte	0
 591              		.section	.debug_line,"",%progbits
 592              	.Ldebug_line0:
 593 0000 AC000000 		.section	.debug_str,"MS",%progbits,1
 593      02005400 
 593      00000201 
 593      FB0E0D00 
 593      01010101 
 594              	.LASF6:
 595 0000 6C6F6E67 		.ascii	"long long int\000"
 595      206C6F6E 
 595      6720696E 
 595      7400
 596              	.LASF15:
 597 000e 656E6162 		.ascii	"enableState\000"
 597      6C655374 
 597      61746500 
 598              	.LASF8:
 599 001a 756E7369 		.ascii	"unsigned int\000"
 599      676E6564 
 599      20696E74 
 599      00
 600              	.LASF20:
 601 0027 55415254 		.ascii	"UART_1_Sleep\000"
 601      5F315F53 
 601      6C656570 
 601      00
 602              	.LASF24:
 603 0034 433A5C55 		.ascii	"C:\\Users\\Tsubasa Maruyama\\Documents\\PSoC Creato"
 603      73657273 
 603      5C547375 
 603      62617361 
 603      204D6172 
ARM GAS  C:\Users\TSUBAS~1\AppData\Local\Temp\ccsCsJmN.s 			page 16


 604 0063 725C4C74 		.ascii	"r\\Lticker\\Lticker.cydsn\000"
 604      69636B65 
 604      725C4C74 
 604      69636B65 
 604      722E6379 
 605              	.LASF22:
 606 007b 474E5520 		.ascii	"GNU C 4.7.3 20130312 (release) [ARM/embedded-4_7-br"
 606      4320342E 
 606      372E3320 
 606      32303133 
 606      30333132 
 607 00ae 616E6368 		.ascii	"anch revision 196615]\000"
 607      20726576 
 607      6973696F 
 607      6E203139 
 607      36363135 
 608              	.LASF12:
 609 00c4 75696E74 		.ascii	"uint8\000"
 609      3800
 610              	.LASF5:
 611 00ca 6C6F6E67 		.ascii	"long unsigned int\000"
 611      20756E73 
 611      69676E65 
 611      6420696E 
 611      7400
 612              	.LASF18:
 613 00dc 55415254 		.ascii	"UART_1_SaveConfig\000"
 613      5F315F53 
 613      61766543 
 613      6F6E6669 
 613      6700
 614              	.LASF7:
 615 00ee 6C6F6E67 		.ascii	"long long unsigned int\000"
 615      206C6F6E 
 615      6720756E 
 615      7369676E 
 615      65642069 
 616              	.LASF16:
 617 0105 74785F63 		.ascii	"tx_clk_ctr\000"
 617      6C6B5F63 
 617      747200
 618              	.LASF1:
 619 0110 756E7369 		.ascii	"unsigned char\000"
 619      676E6564 
 619      20636861 
 619      7200
 620              	.LASF23:
 621 011e 2E5C4765 		.ascii	".\\Generated_Source\\PSoC4\\UART_1_PM.c\000"
 621      6E657261 
 621      7465645F 
 621      536F7572 
 621      63655C50 
 622              	.LASF11:
 623 0143 63686172 		.ascii	"char\000"
 623      00
 624              	.LASF4:
 625 0148 6C6F6E67 		.ascii	"long int\000"
ARM GAS  C:\Users\TSUBAS~1\AppData\Local\Temp\ccsCsJmN.s 			page 17


 625      20696E74 
 625      00
 626              	.LASF10:
 627 0151 646F7562 		.ascii	"double\000"
 627      6C6500
 628              	.LASF26:
 629 0158 55415254 		.ascii	"UART_1_backup\000"
 629      5F315F62 
 629      61636B75 
 629      7000
 630              	.LASF25:
 631 0166 55415254 		.ascii	"UART_1_backupStruct_\000"
 631      5F315F62 
 631      61636B75 
 631      70537472 
 631      7563745F 
 632              	.LASF3:
 633 017b 73686F72 		.ascii	"short unsigned int\000"
 633      7420756E 
 633      7369676E 
 633      65642069 
 633      6E7400
 634              	.LASF0:
 635 018e 7369676E 		.ascii	"signed char\000"
 635      65642063 
 635      68617200 
 636              	.LASF19:
 637 019a 55415254 		.ascii	"UART_1_RestoreConfig\000"
 637      5F315F52 
 637      6573746F 
 637      7265436F 
 637      6E666967 
 638              	.LASF9:
 639 01af 666C6F61 		.ascii	"float\000"
 639      7400
 640              	.LASF2:
 641 01b5 73686F72 		.ascii	"short int\000"
 641      7420696E 
 641      7400
 642              	.LASF13:
 643 01bf 72656738 		.ascii	"reg8\000"
 643      00
 644              	.LASF21:
 645 01c4 55415254 		.ascii	"UART_1_Wakeup\000"
 645      5F315F57 
 645      616B6575 
 645      7000
 646              	.LASF14:
 647 01d2 73697A65 		.ascii	"sizetype\000"
 647      74797065 
 647      00
 648              	.LASF17:
 649 01db 55415254 		.ascii	"UART_1_BACKUP_STRUCT\000"
 649      5F315F42 
 649      41434B55 
 649      505F5354 
 649      52554354 
ARM GAS  C:\Users\TSUBAS~1\AppData\Local\Temp\ccsCsJmN.s 			page 18


 650              		.ident	"GCC: (GNU Tools for ARM Embedded Processors) 4.7.3 20130312 (release) [ARM/embedded-4_7-br
