<html>
<body>
<pre>
<h1>µVision Build Log</h1>
<h2>Project:</h2>
C:\Users\Tsubasa Maruyama\Documents\PSoC Creator\Lticker\Lticker.cydsn\Lticker.uvproj
Project File Date:  09/10/2014

<h2>Output:</h2>
Rebuild target 'Lticker'
compiling Clock_1.c...
compiling Cm0Start.c...
compiling CyFlash.c...
compiling CyLib.c...
compiling Pin_1.c...
compiling Pin_2.c...
compiling Pin_3.c...
compiling cyPm.c...
compiling cyfitter_cfg.c...
compiling cymetadata.c...
compiling cyutils.c...
assembling CyBootAsmRv.s...
compiling main.c...
linking...
Program Size: Code=3230 RO-data=498 RW-data=212 ZI-data=1284  
FromELF: creating hex file...
After Build - User command #1: .\Generated_Source\PSoC4\postbuild.bat "C:\Users\Tsubasa Maruyama\Documents\PSoC Creator\Lticker\Lticker.cydsn\UVBuild\Lticker.axf"
C:\Users\Tsubasa Maruyama\Documents\PSoC Creator\Lticker\Lticker.cydsn>chdir .\Generated_Source\PSoC4 
C:\Users\Tsubasa Maruyama\Documents\PSoC Creator\Lticker\Lticker.cydsn\Generated_Source\PSoC4>CyElfTool.exe -C "C:\Users\Tsubasa Maruyama\Documents\PSoC Creator\Lticker\Lticker.cydsn\UVBuild\Lticker.axf" --flash_row_size 128 --flash_size 32768 
".\UVBuild\Lticker.axf" - 0 Error(s), 0 Warning(s).
Load "C:\\Users\\Tsubasa Maruyama\\Documents\\PSoC Creator\\Lticker\\Lticker.cydsn\\UVBuild\\Lticker.axf" 
RDDI-DAP Error
RDDI-DAP Error
Error: Flash Download failed  -  Target DLL has been cancelled
Load "C:\\Users\\Tsubasa Maruyama\\Documents\\PSoC Creator\\Lticker\\Lticker.cydsn\\UVBuild\\Lticker.axf" 
RDDI-DAP Error
RDDI-DAP Error
Error: Flash Download failed  -  Target DLL has been cancelled
</pre>
</body>
</html>
