Archive member included because of file (symbol)

.\CortexM0\ARM_GCC_473\Debug\CapSense_CSD_P4_Design01.a(cyfitter_cfg.o)
                              .\CortexM0\ARM_GCC_473\Debug\Cm0Start.o (cyfitter_cfg)
.\CortexM0\ARM_GCC_473\Debug\CapSense_CSD_P4_Design01.a(CapSense_CSD.o)
                              .\CortexM0\ARM_GCC_473\Debug\main.o (CapSense_CSD_Start)
.\CortexM0\ARM_GCC_473\Debug\CapSense_CSD_P4_Design01.a(CapSense_CSD_CSHL.o)
                              .\CortexM0\ARM_GCC_473\Debug\CapSense_CSD_P4_Design01.a(CapSense_CSD.o) (CapSense_CSD_rawDataIndex)
.\CortexM0\ARM_GCC_473\Debug\CapSense_CSD_P4_Design01.a(CapSense_CSD_INT.o)
                              .\CortexM0\ARM_GCC_473\Debug\CapSense_CSD_P4_Design01.a(CapSense_CSD.o) (CapSense_CSD_ISR)
.\CortexM0\ARM_GCC_473\Debug\CapSense_CSD_P4_Design01.a(CapSense_CSD_SMS.o)
                              .\CortexM0\ARM_GCC_473\Debug\CapSense_CSD_P4_Design01.a(CapSense_CSD_CSHL.o) (CapSense_CSD_config)
.\CortexM0\ARM_GCC_473\Debug\CapSense_CSD_P4_Design01.a(LED_CONTROL.o)
                              .\CortexM0\ARM_GCC_473\Debug\main.o (LED_CONTROL_WriteCompare)
.\CortexM0\ARM_GCC_473\Debug\CapSense_CSD_P4_Design01.a(CapSense_CSD_SampleClk.o)
                              .\CortexM0\ARM_GCC_473\Debug\CapSense_CSD_P4_Design01.a(CapSense_CSD.o) (CapSense_CSD_SampleClk_Start)
.\CortexM0\ARM_GCC_473\Debug\CapSense_CSD_P4_Design01.a(CapSense_CSD_SenseClk.o)
                              .\CortexM0\ARM_GCC_473\Debug\CapSense_CSD_P4_Design01.a(CapSense_CSD.o) (CapSense_CSD_SenseClk_Start)
.\CortexM0\ARM_GCC_473\Debug\CapSense_CSD_P4_Design01.a(CyBootAsmGnu.o)
                              .\CortexM0\ARM_GCC_473\Debug\CapSense_CSD_P4_Design01.a(cyfitter_cfg.o) (CyDelayCycles)
.\CortexM0\ARM_GCC_473\Debug\CapSense_CSD_P4_Design01.a(CyLib.o)
                              .\CortexM0\ARM_GCC_473\Debug\CapSense_CSD_P4_Design01.a(cyfitter_cfg.o) (CyDelayUs)
C:\Program Files (x86)\Cypress\PSoC Creator\3.0\PSoC Creator\psoc\content\cycomponentlibrary\CyComponentLibrary.cylib\CortexM0\ARM_GCC_473\Debug\CyComponentLibrary.a(CSD_P4_SmartSense_v2_0.o)
                              .\CortexM0\ARM_GCC_473\Debug\CapSense_CSD_P4_Design01.a(CapSense_CSD_SMS.o) (CalibrateSensors_P4_v2_0)
c:/program files (x86)/cypress/psoc creator/3.0/psoc creator/import/gnu_cs/arm/4.7.3/bin/../lib/gcc/arm-none-eabi/4.7.3/armv6-m\libgcc.a(_udivsi3.o)
                              .\CortexM0\ARM_GCC_473\Debug\CapSense_CSD_P4_Design01.a(CapSense_CSD_SMS.o) (__aeabi_uidiv)
c:/program files (x86)/cypress/psoc creator/3.0/psoc creator/import/gnu_cs/arm/4.7.3/bin/../lib/gcc/arm-none-eabi/4.7.3/armv6-m\libgcc.a(_divsi3.o)
                              .\CortexM0\ARM_GCC_473\Debug\Cm0Start.o (__aeabi_idiv)
c:/program files (x86)/cypress/psoc creator/3.0/psoc creator/import/gnu_cs/arm/4.7.3/bin/../lib/gcc/arm-none-eabi/4.7.3/armv6-m\libgcc.a(_dvmd_tls.o)
                              c:/program files (x86)/cypress/psoc creator/3.0/psoc creator/import/gnu_cs/arm/4.7.3/bin/../lib/gcc/arm-none-eabi/4.7.3/armv6-m\libgcc.a(_udivsi3.o) (__aeabi_idiv0)
c:/program files (x86)/cypress/psoc creator/3.0/psoc creator/import/gnu_cs/arm/4.7.3/bin/../lib/gcc/arm-none-eabi/4.7.3/../../../../arm-none-eabi/lib/armv6-m\libc_s.a(lib_a-__atexit2.o)
                              c:/program files (x86)/cypress/psoc creator/3.0/psoc creator/import/gnu_cs/arm/4.7.3/bin/../lib/gcc/arm-none-eabi/4.7.3/../../../../arm-none-eabi/lib/armv6-m/crt0.o (__register_exitproc)
c:/program files (x86)/cypress/psoc creator/3.0/psoc creator/import/gnu_cs/arm/4.7.3/bin/../lib/gcc/arm-none-eabi/4.7.3/../../../../arm-none-eabi/lib/armv6-m\libc_s.a(lib_a-exit.o)
                              c:/program files (x86)/cypress/psoc creator/3.0/psoc creator/import/gnu_cs/arm/4.7.3/bin/../lib/gcc/arm-none-eabi/4.7.3/../../../../arm-none-eabi/lib/armv6-m/crt0.o (exit)
c:/program files (x86)/cypress/psoc creator/3.0/psoc creator/import/gnu_cs/arm/4.7.3/bin/../lib/gcc/arm-none-eabi/4.7.3/../../../../arm-none-eabi/lib/armv6-m\libc_s.a(lib_a-fini.o)
                              c:/program files (x86)/cypress/psoc creator/3.0/psoc creator/import/gnu_cs/arm/4.7.3/bin/../lib/gcc/arm-none-eabi/4.7.3/../../../../arm-none-eabi/lib/armv6-m/crt0.o (__libc_fini_array)
c:/program files (x86)/cypress/psoc creator/3.0/psoc creator/import/gnu_cs/arm/4.7.3/bin/../lib/gcc/arm-none-eabi/4.7.3/../../../../arm-none-eabi/lib/armv6-m\libc_s.a(lib_a-impure.o)
                              c:/program files (x86)/cypress/psoc creator/3.0/psoc creator/import/gnu_cs/arm/4.7.3/bin/../lib/gcc/arm-none-eabi/4.7.3/../../../../arm-none-eabi/lib/armv6-m\libc_s.a(lib_a-exit.o) (_global_impure_ptr)
c:/program files (x86)/cypress/psoc creator/3.0/psoc creator/import/gnu_cs/arm/4.7.3/bin/../lib/gcc/arm-none-eabi/4.7.3/../../../../arm-none-eabi/lib/armv6-m\libc_s.a(lib_a-init.o)
                              c:/program files (x86)/cypress/psoc creator/3.0/psoc creator/import/gnu_cs/arm/4.7.3/bin/../lib/gcc/arm-none-eabi/4.7.3/../../../../arm-none-eabi/lib/armv6-m/crt0.o (__libc_init_array)
c:/program files (x86)/cypress/psoc creator/3.0/psoc creator/import/gnu_cs/arm/4.7.3/bin/../lib/gcc/arm-none-eabi/4.7.3/../../../../arm-none-eabi/lib/armv6-m\libc_s.a(lib_a-memcpy.o)
                              .\CortexM0\ARM_GCC_473\Debug\CapSense_CSD_P4_Design01.a(cyfitter_cfg.o) (memcpy)
c:/program files (x86)/cypress/psoc creator/3.0/psoc creator/import/gnu_cs/arm/4.7.3/bin/../lib/gcc/arm-none-eabi/4.7.3/../../../../arm-none-eabi/lib/armv6-m\libc_s.a(lib_a-memset.o)
                              c:/program files (x86)/cypress/psoc creator/3.0/psoc creator/import/gnu_cs/arm/4.7.3/bin/../lib/gcc/arm-none-eabi/4.7.3/../../../../arm-none-eabi/lib/armv6-m/crt0.o (memset)

Allocating common symbols
Common symbol       size              file

curPos              0x2               .\CortexM0\ARM_GCC_473\Debug\main.o
signRegisterTbl     0x5               .\CortexM0\ARM_GCC_473\Debug\CapSense_CSD_P4_Design01.a(CapSense_CSD_SMS.o)
CapSense_CSD_fingerThreshold
                    0x1               .\CortexM0\ARM_GCC_473\Debug\CapSense_CSD_P4_Design01.a(CapSense_CSD_CSHL.o)
runningDifferenceTbl
                    0x5               .\CortexM0\ARM_GCC_473\Debug\CapSense_CSD_P4_Design01.a(CapSense_CSD_SMS.o)
CapSense_CSD_config
                    0xc               .\CortexM0\ARM_GCC_473\Debug\CapSense_CSD_P4_Design01.a(CapSense_CSD_SMS.o)
sampleMinTbl        0xa               .\CortexM0\ARM_GCC_473\Debug\CapSense_CSD_P4_Design01.a(CapSense_CSD_SMS.o)
CapSense_CSD_negativeNoiseThreshold
                    0x1               .\CortexM0\ARM_GCC_473\Debug\CapSense_CSD_P4_Design01.a(CapSense_CSD_CSHL.o)
CapSense_CSD_csdTrim1
                    0x1               .\CortexM0\ARM_GCC_473\Debug\CapSense_CSD_P4_Design01.a(CapSense_CSD.o)
scanSpeedTbl        0x1               .\CortexM0\ARM_GCC_473\Debug\CapSense_CSD_P4_Design01.a(CapSense_CSD_SMS.o)
CapSense_CSD_hysteresis
                    0x1               .\CortexM0\ARM_GCC_473\Debug\CapSense_CSD_P4_Design01.a(CapSense_CSD_CSHL.o)
oldPos              0x2               .\CortexM0\ARM_GCC_473\Debug\main.o
CapSense_CSD_rawFilterData1
                    0xa               .\CortexM0\ARM_GCC_473\Debug\CapSense_CSD_P4_Design01.a(CapSense_CSD_CSHL.o)
previousSampleTbl   0xa               .\CortexM0\ARM_GCC_473\Debug\CapSense_CSD_P4_Design01.a(CapSense_CSD_SMS.o)
CapSense_CSD_compensationIDAC
                    0x5               .\CortexM0\ARM_GCC_473\Debug\CapSense_CSD_P4_Design01.a(CapSense_CSD.o)
kValueTbl           0x5               .\CortexM0\ARM_GCC_473\Debug\CapSense_CSD_P4_Design01.a(CapSense_CSD_SMS.o)
CapSense_CSD_senseClkDividerVal
                    0x5               .\CortexM0\ARM_GCC_473\Debug\CapSense_CSD_P4_Design01.a(CapSense_CSD.o)
CapSense_CSD_sensorEnableMaskBackup
                    0x1               .\CortexM0\ARM_GCC_473\Debug\CapSense_CSD_P4_Design01.a(CapSense_CSD.o)
sampleMaxTbl        0xa               .\CortexM0\ARM_GCC_473\Debug\CapSense_CSD_P4_Design01.a(CapSense_CSD_SMS.o)
CapSense_CSD_unscannedSnsDriveMode
                    0x5               .\CortexM0\ARM_GCC_473\Debug\CapSense_CSD_P4_Design01.a(CapSense_CSD.o)
CapSense_CSD_noiseThreshold
                    0x1               .\CortexM0\ARM_GCC_473\Debug\CapSense_CSD_P4_Design01.a(CapSense_CSD_CSHL.o)
CapSense_CSD_lowBaselineResetCnt
                    0x5               .\CortexM0\ARM_GCC_473\Debug\CapSense_CSD_P4_Design01.a(CapSense_CSD_CSHL.o)
CapSense_CSD_modulationIDAC
                    0x5               .\CortexM0\ARM_GCC_473\Debug\CapSense_CSD_P4_Design01.a(CapSense_CSD.o)
noiseEnvelopeTbl    0x5               .\CortexM0\ARM_GCC_473\Debug\CapSense_CSD_P4_Design01.a(CapSense_CSD_SMS.o)
CapSense_CSD_sampleClkDividerVal
                    0x5               .\CortexM0\ARM_GCC_473\Debug\CapSense_CSD_P4_Design01.a(CapSense_CSD.o)

Discarded input sections

 .text          0x00000000        0x0 c:/program files (x86)/cypress/psoc creator/3.0/psoc creator/import/gnu_cs/arm/4.7.3/bin/../lib/gcc/arm-none-eabi/4.7.3/armv6-m/crti.o
 .data          0x00000000        0x0 c:/program files (x86)/cypress/psoc creator/3.0/psoc creator/import/gnu_cs/arm/4.7.3/bin/../lib/gcc/arm-none-eabi/4.7.3/armv6-m/crti.o
 .bss           0x00000000        0x0 c:/program files (x86)/cypress/psoc creator/3.0/psoc creator/import/gnu_cs/arm/4.7.3/bin/../lib/gcc/arm-none-eabi/4.7.3/armv6-m/crti.o
 .data          0x00000000        0x4 c:/program files (x86)/cypress/psoc creator/3.0/psoc creator/import/gnu_cs/arm/4.7.3/bin/../lib/gcc/arm-none-eabi/4.7.3/armv6-m/crtbegin.o
 .text          0x00000000       0x74 c:/program files (x86)/cypress/psoc creator/3.0/psoc creator/import/gnu_cs/arm/4.7.3/bin/../lib/gcc/arm-none-eabi/4.7.3/../../../../arm-none-eabi/lib/armv6-m/crt0.o
 .data          0x00000000        0x0 c:/program files (x86)/cypress/psoc creator/3.0/psoc creator/import/gnu_cs/arm/4.7.3/bin/../lib/gcc/arm-none-eabi/4.7.3/../../../../arm-none-eabi/lib/armv6-m/crt0.o
 .bss           0x00000000        0x0 c:/program files (x86)/cypress/psoc creator/3.0/psoc creator/import/gnu_cs/arm/4.7.3/bin/../lib/gcc/arm-none-eabi/4.7.3/../../../../arm-none-eabi/lib/armv6-m/crt0.o
 .ARM.extab     0x00000000        0x0 c:/program files (x86)/cypress/psoc creator/3.0/psoc creator/import/gnu_cs/arm/4.7.3/bin/../lib/gcc/arm-none-eabi/4.7.3/../../../../arm-none-eabi/lib/armv6-m/crt0.o
 .ARM.exidx     0x00000000        0x8 c:/program files (x86)/cypress/psoc creator/3.0/psoc creator/import/gnu_cs/arm/4.7.3/bin/../lib/gcc/arm-none-eabi/4.7.3/../../../../arm-none-eabi/lib/armv6-m/crt0.o
 .text          0x00000000        0x0 .\CortexM0\ARM_GCC_473\Debug\main.o
 .data          0x00000000        0x0 .\CortexM0\ARM_GCC_473\Debug\main.o
 .bss           0x00000000        0x0 .\CortexM0\ARM_GCC_473\Debug\main.o
 .text          0x00000000        0x0 .\CortexM0\ARM_GCC_473\Debug\cymetadata.o
 .data          0x00000000        0x0 .\CortexM0\ARM_GCC_473\Debug\cymetadata.o
 .bss           0x00000000        0x0 .\CortexM0\ARM_GCC_473\Debug\cymetadata.o
 .text          0x00000000        0x0 .\CortexM0\ARM_GCC_473\Debug\Cm0Start.o
 .data          0x00000000        0x0 .\CortexM0\ARM_GCC_473\Debug\Cm0Start.o
 .bss           0x00000000        0x0 .\CortexM0\ARM_GCC_473\Debug\Cm0Start.o
 .text._exit    0x00000000       0x28 .\CortexM0\ARM_GCC_473\Debug\Cm0Start.o
 .text          0x00000000        0x0 .\CortexM0\ARM_GCC_473\Debug\CapSense_CSD_P4_Design01.a(cyfitter_cfg.o)
 .bss           0x00000000        0x0 .\CortexM0\ARM_GCC_473\Debug\CapSense_CSD_P4_Design01.a(cyfitter_cfg.o)
 .text.CYCONFIGCPY
                0x00000000       0x24 .\CortexM0\ARM_GCC_473\Debug\CapSense_CSD_P4_Design01.a(cyfitter_cfg.o)
 .text.CYCONFIGCPYCODE
                0x00000000       0x24 .\CortexM0\ARM_GCC_473\Debug\CapSense_CSD_P4_Design01.a(cyfitter_cfg.o)
 .text          0x00000000        0x0 .\CortexM0\ARM_GCC_473\Debug\CapSense_CSD_P4_Design01.a(CapSense_CSD.o)
 .text.CapSense_CSD_Stop
                0x00000000       0x38 .\CortexM0\ARM_GCC_473\Debug\CapSense_CSD_P4_Design01.a(CapSense_CSD.o)
 .text.CapSense_CSD_ScanWidget
                0x00000000       0xdc .\CortexM0\ARM_GCC_473\Debug\CapSense_CSD_P4_Design01.a(CapSense_CSD.o)
 .text.CapSense_CSD_WriteSensorRaw
                0x00000000       0x24 .\CortexM0\ARM_GCC_473\Debug\CapSense_CSD_P4_Design01.a(CapSense_CSD.o)
 .text.CapSense_CSD_SetScanResolution
                0x00000000       0x20 .\CortexM0\ARM_GCC_473\Debug\CapSense_CSD_P4_Design01.a(CapSense_CSD.o)
 .text.CapSense_CSD_GetScanResolution
                0x00000000       0x1c .\CortexM0\ARM_GCC_473\Debug\CapSense_CSD_P4_Design01.a(CapSense_CSD.o)
 .text.CapSense_CSD_SetDriveModeAllPins
                0x00000000       0x58 .\CortexM0\ARM_GCC_473\Debug\CapSense_CSD_P4_Design01.a(CapSense_CSD.o)
 .text.CapSense_CSD_RestoreDriveModeAllPins
                0x00000000       0x38 .\CortexM0\ARM_GCC_473\Debug\CapSense_CSD_P4_Design01.a(CapSense_CSD.o)
 .text.CapSense_CSD_SetPinDriveMode
                0x00000000       0x5c .\CortexM0\ARM_GCC_473\Debug\CapSense_CSD_P4_Design01.a(CapSense_CSD.o)
 .text.CapSense_CSD_EnableShieldElectrode
                0x00000000       0x80 .\CortexM0\ARM_GCC_473\Debug\CapSense_CSD_P4_Design01.a(CapSense_CSD.o)
 .text.CapSense_CSD_ReadCurrentScanningSensor
                0x00000000       0x2c .\CortexM0\ARM_GCC_473\Debug\CapSense_CSD_P4_Design01.a(CapSense_CSD.o)
 .text.CapSense_CSD_GetSenseClkDivider
                0x00000000       0x1c .\CortexM0\ARM_GCC_473\Debug\CapSense_CSD_P4_Design01.a(CapSense_CSD.o)
 .text.CapSense_CSD_SetSenseClkDivider
                0x00000000       0x20 .\CortexM0\ARM_GCC_473\Debug\CapSense_CSD_P4_Design01.a(CapSense_CSD.o)
 .text.CapSense_CSD_GetModulatorClkDivider
                0x00000000       0x1c .\CortexM0\ARM_GCC_473\Debug\CapSense_CSD_P4_Design01.a(CapSense_CSD.o)
 .text.CapSense_CSD_SetModulatorClkDivider
                0x00000000       0x20 .\CortexM0\ARM_GCC_473\Debug\CapSense_CSD_P4_Design01.a(CapSense_CSD.o)
 .text.CapSense_CSD_GetModulationIDAC
                0x00000000       0x1c .\CortexM0\ARM_GCC_473\Debug\CapSense_CSD_P4_Design01.a(CapSense_CSD.o)
 .text.CapSense_CSD_SetModulationIDAC
                0x00000000       0x20 .\CortexM0\ARM_GCC_473\Debug\CapSense_CSD_P4_Design01.a(CapSense_CSD.o)
 .text.CapSense_CSD_GetCompensationIDAC
                0x00000000       0x1c .\CortexM0\ARM_GCC_473\Debug\CapSense_CSD_P4_Design01.a(CapSense_CSD.o)
 .text.CapSense_CSD_SetCompensationIDAC
                0x00000000       0x20 .\CortexM0\ARM_GCC_473\Debug\CapSense_CSD_P4_Design01.a(CapSense_CSD.o)
 .text.CapSense_CSD_GetIDACRange
                0x00000000       0x20 .\CortexM0\ARM_GCC_473\Debug\CapSense_CSD_P4_Design01.a(CapSense_CSD.o)
 .text.CapSense_CSD_SetIDACRange
                0x00000000       0x3c .\CortexM0\ARM_GCC_473\Debug\CapSense_CSD_P4_Design01.a(CapSense_CSD.o)
 .text.CapSense_CSD_SetUnscannedSensorState
                0x00000000       0x20 .\CortexM0\ARM_GCC_473\Debug\CapSense_CSD_P4_Design01.a(CapSense_CSD.o)
 .text          0x00000000        0x0 .\CortexM0\ARM_GCC_473\Debug\CapSense_CSD_P4_Design01.a(CapSense_CSD_CSHL.o)
 .text.CapSense_CSD_InitializeEnabledBaselines
                0x00000000       0x50 .\CortexM0\ARM_GCC_473\Debug\CapSense_CSD_P4_Design01.a(CapSense_CSD_CSHL.o)
 .text.CapSense_CSD_GetBaselineData
                0x00000000       0x1c .\CortexM0\ARM_GCC_473\Debug\CapSense_CSD_P4_Design01.a(CapSense_CSD_CSHL.o)
 .text.CapSense_CSD_SetBaselineData
                0x00000000       0x24 .\CortexM0\ARM_GCC_473\Debug\CapSense_CSD_P4_Design01.a(CapSense_CSD_CSHL.o)
 .text.CapSense_CSD_GetDiffCountData
                0x00000000       0x1c .\CortexM0\ARM_GCC_473\Debug\CapSense_CSD_P4_Design01.a(CapSense_CSD_CSHL.o)
 .text.CapSense_CSD_SetDiffCountData
                0x00000000       0x24 .\CortexM0\ARM_GCC_473\Debug\CapSense_CSD_P4_Design01.a(CapSense_CSD_CSHL.o)
 .text.CapSense_CSD_GetFingerThreshold
                0x00000000       0x1c .\CortexM0\ARM_GCC_473\Debug\CapSense_CSD_P4_Design01.a(CapSense_CSD_CSHL.o)
 .text.CapSense_CSD_GetNoiseThreshold
                0x00000000       0x1c .\CortexM0\ARM_GCC_473\Debug\CapSense_CSD_P4_Design01.a(CapSense_CSD_CSHL.o)
 .text.CapSense_CSD_GetFingerHysteresis
                0x00000000       0x1c .\CortexM0\ARM_GCC_473\Debug\CapSense_CSD_P4_Design01.a(CapSense_CSD_CSHL.o)
 .text.CapSense_CSD_GetNegativeNoiseThreshold
                0x00000000       0x1c .\CortexM0\ARM_GCC_473\Debug\CapSense_CSD_P4_Design01.a(CapSense_CSD_CSHL.o)
 .text.CapSense_CSD_SetFingerThreshold
                0x00000000       0x24 .\CortexM0\ARM_GCC_473\Debug\CapSense_CSD_P4_Design01.a(CapSense_CSD_CSHL.o)
 .text.CapSense_CSD_SetNoiseThreshold
                0x00000000       0x24 .\CortexM0\ARM_GCC_473\Debug\CapSense_CSD_P4_Design01.a(CapSense_CSD_CSHL.o)
 .text.CapSense_CSD_SetFingerHysteresis
                0x00000000       0x24 .\CortexM0\ARM_GCC_473\Debug\CapSense_CSD_P4_Design01.a(CapSense_CSD_CSHL.o)
 .text.CapSense_CSD_SetNegativeNoiseThreshold
                0x00000000       0x24 .\CortexM0\ARM_GCC_473\Debug\CapSense_CSD_P4_Design01.a(CapSense_CSD_CSHL.o)
 .text.CapSense_CSD_SetDebounce
                0x00000000       0x24 .\CortexM0\ARM_GCC_473\Debug\CapSense_CSD_P4_Design01.a(CapSense_CSD_CSHL.o)
 .text.CapSense_CSD_SetLowBaselineReset
                0x00000000       0x24 .\CortexM0\ARM_GCC_473\Debug\CapSense_CSD_P4_Design01.a(CapSense_CSD_CSHL.o)
 .text.CapSense_CSD_CheckIsSensorActive
                0x00000000      0x140 .\CortexM0\ARM_GCC_473\Debug\CapSense_CSD_P4_Design01.a(CapSense_CSD_CSHL.o)
 .text.CapSense_CSD_CheckIsWidgetActive
                0x00000000       0x58 .\CortexM0\ARM_GCC_473\Debug\CapSense_CSD_P4_Design01.a(CapSense_CSD_CSHL.o)
 .text.CapSense_CSD_CheckIsAnyWidgetActive
                0x00000000       0x38 .\CortexM0\ARM_GCC_473\Debug\CapSense_CSD_P4_Design01.a(CapSense_CSD_CSHL.o)
 .text.CapSense_CSD_EnableWidget
                0x00000000       0x70 .\CortexM0\ARM_GCC_473\Debug\CapSense_CSD_P4_Design01.a(CapSense_CSD_CSHL.o)
 .text.CapSense_CSD_DisableWidget
                0x00000000       0x70 .\CortexM0\ARM_GCC_473\Debug\CapSense_CSD_P4_Design01.a(CapSense_CSD_CSHL.o)
 .text.CapSense_CSD_GetRadialCentroidPos
                0x00000000       0xb4 .\CortexM0\ARM_GCC_473\Debug\CapSense_CSD_P4_Design01.a(CapSense_CSD_CSHL.o)
 .text.CapSense_CSD_MedianFilter
                0x00000000       0x6c .\CortexM0\ARM_GCC_473\Debug\CapSense_CSD_P4_Design01.a(CapSense_CSD_CSHL.o)
 .text.CapSense_CSD_GetWidgetNumber
                0x00000000       0x1c .\CortexM0\ARM_GCC_473\Debug\CapSense_CSD_P4_Design01.a(CapSense_CSD_CSHL.o)
 .text.CapSense_CSD_GetLowBaselineReset
                0x00000000       0x1c .\CortexM0\ARM_GCC_473\Debug\CapSense_CSD_P4_Design01.a(CapSense_CSD_CSHL.o)
 .text.CapSense_CSD_GetDebounce
                0x00000000       0x1c .\CortexM0\ARM_GCC_473\Debug\CapSense_CSD_P4_Design01.a(CapSense_CSD_CSHL.o)
 .text          0x00000000        0x0 .\CortexM0\ARM_GCC_473\Debug\CapSense_CSD_P4_Design01.a(CapSense_CSD_INT.o)
 .data          0x00000000        0x0 .\CortexM0\ARM_GCC_473\Debug\CapSense_CSD_P4_Design01.a(CapSense_CSD_INT.o)
 .text          0x00000000        0x0 .\CortexM0\ARM_GCC_473\Debug\CapSense_CSD_P4_Design01.a(CapSense_CSD_SMS.o)
 .bss           0x00000000        0x0 .\CortexM0\ARM_GCC_473\Debug\CapSense_CSD_P4_Design01.a(CapSense_CSD_SMS.o)
 .text.CapSense_CSD_SetSensitivity
                0x00000000       0x4c .\CortexM0\ARM_GCC_473\Debug\CapSense_CSD_P4_Design01.a(CapSense_CSD_SMS.o)
 .text.CapSense_CSD_GetSensitivityCoefficient
                0x00000000       0x1c .\CortexM0\ARM_GCC_473\Debug\CapSense_CSD_P4_Design01.a(CapSense_CSD_SMS.o)
 .text.CapSense_CSD_GetNoiseEnvelope
                0x00000000       0x24 .\CortexM0\ARM_GCC_473\Debug\CapSense_CSD_P4_Design01.a(CapSense_CSD_SMS.o)
 .text.CapSense_CSD_GetNormalizedDiffCountData
                0x00000000       0x38 .\CortexM0\ARM_GCC_473\Debug\CapSense_CSD_P4_Design01.a(CapSense_CSD_SMS.o)
 .text          0x00000000        0x0 .\CortexM0\ARM_GCC_473\Debug\CapSense_CSD_P4_Design01.a(LED_CONTROL.o)
 .data          0x00000000        0x0 .\CortexM0\ARM_GCC_473\Debug\CapSense_CSD_P4_Design01.a(LED_CONTROL.o)
 .text.LED_CONTROL_Stop
                0x00000000       0x30 .\CortexM0\ARM_GCC_473\Debug\CapSense_CSD_P4_Design01.a(LED_CONTROL.o)
 .text.LED_CONTROL_SetMode
                0x00000000       0x48 .\CortexM0\ARM_GCC_473\Debug\CapSense_CSD_P4_Design01.a(LED_CONTROL.o)
 .text.LED_CONTROL_SetQDMode
                0x00000000       0x48 .\CortexM0\ARM_GCC_473\Debug\CapSense_CSD_P4_Design01.a(LED_CONTROL.o)
 .text.LED_CONTROL_SetPrescaler
                0x00000000       0x48 .\CortexM0\ARM_GCC_473\Debug\CapSense_CSD_P4_Design01.a(LED_CONTROL.o)
 .text.LED_CONTROL_SetOneShot
                0x00000000       0x4c .\CortexM0\ARM_GCC_473\Debug\CapSense_CSD_P4_Design01.a(LED_CONTROL.o)
 .text.LED_CONTROL_SetPWMMode
                0x00000000       0x1c .\CortexM0\ARM_GCC_473\Debug\CapSense_CSD_P4_Design01.a(LED_CONTROL.o)
 .text.LED_CONTROL_SetPWMSyncKill
                0x00000000       0x48 .\CortexM0\ARM_GCC_473\Debug\CapSense_CSD_P4_Design01.a(LED_CONTROL.o)
 .text.LED_CONTROL_SetPWMStopOnKill
                0x00000000       0x48 .\CortexM0\ARM_GCC_473\Debug\CapSense_CSD_P4_Design01.a(LED_CONTROL.o)
 .text.LED_CONTROL_SetPWMDeadTime
                0x00000000       0x4c .\CortexM0\ARM_GCC_473\Debug\CapSense_CSD_P4_Design01.a(LED_CONTROL.o)
 .text.LED_CONTROL_SetPWMInvert
                0x00000000       0x48 .\CortexM0\ARM_GCC_473\Debug\CapSense_CSD_P4_Design01.a(LED_CONTROL.o)
 .text.LED_CONTROL_WriteCounter
                0x00000000       0x1c .\CortexM0\ARM_GCC_473\Debug\CapSense_CSD_P4_Design01.a(LED_CONTROL.o)
 .text.LED_CONTROL_ReadCounter
                0x00000000       0x18 .\CortexM0\ARM_GCC_473\Debug\CapSense_CSD_P4_Design01.a(LED_CONTROL.o)
 .text.LED_CONTROL_SetCounterMode
                0x00000000       0x48 .\CortexM0\ARM_GCC_473\Debug\CapSense_CSD_P4_Design01.a(LED_CONTROL.o)
 .text.LED_CONTROL_ReadPeriod
                0x00000000       0x18 .\CortexM0\ARM_GCC_473\Debug\CapSense_CSD_P4_Design01.a(LED_CONTROL.o)
 .text.LED_CONTROL_SetCompareSwap
                0x00000000       0x48 .\CortexM0\ARM_GCC_473\Debug\CapSense_CSD_P4_Design01.a(LED_CONTROL.o)
 .text.LED_CONTROL_WritePeriodBuf
                0x00000000       0x1c .\CortexM0\ARM_GCC_473\Debug\CapSense_CSD_P4_Design01.a(LED_CONTROL.o)
 .text.LED_CONTROL_ReadPeriodBuf
                0x00000000       0x18 .\CortexM0\ARM_GCC_473\Debug\CapSense_CSD_P4_Design01.a(LED_CONTROL.o)
 .text.LED_CONTROL_SetPeriodSwap
                0x00000000       0x48 .\CortexM0\ARM_GCC_473\Debug\CapSense_CSD_P4_Design01.a(LED_CONTROL.o)
 .text.LED_CONTROL_ReadCompare
                0x00000000       0x18 .\CortexM0\ARM_GCC_473\Debug\CapSense_CSD_P4_Design01.a(LED_CONTROL.o)
 .text.LED_CONTROL_WriteCompareBuf
                0x00000000       0x1c .\CortexM0\ARM_GCC_473\Debug\CapSense_CSD_P4_Design01.a(LED_CONTROL.o)
 .text.LED_CONTROL_ReadCompareBuf
                0x00000000       0x18 .\CortexM0\ARM_GCC_473\Debug\CapSense_CSD_P4_Design01.a(LED_CONTROL.o)
 .text.LED_CONTROL_ReadCapture
                0x00000000       0x18 .\CortexM0\ARM_GCC_473\Debug\CapSense_CSD_P4_Design01.a(LED_CONTROL.o)
 .text.LED_CONTROL_ReadCaptureBuf
                0x00000000       0x18 .\CortexM0\ARM_GCC_473\Debug\CapSense_CSD_P4_Design01.a(LED_CONTROL.o)
 .text.LED_CONTROL_SetCaptureMode
                0x00000000       0x44 .\CortexM0\ARM_GCC_473\Debug\CapSense_CSD_P4_Design01.a(LED_CONTROL.o)
 .text.LED_CONTROL_SetReloadMode
                0x00000000       0x44 .\CortexM0\ARM_GCC_473\Debug\CapSense_CSD_P4_Design01.a(LED_CONTROL.o)
 .text.LED_CONTROL_SetStartMode
                0x00000000       0x48 .\CortexM0\ARM_GCC_473\Debug\CapSense_CSD_P4_Design01.a(LED_CONTROL.o)
 .text.LED_CONTROL_SetStopMode
                0x00000000       0x44 .\CortexM0\ARM_GCC_473\Debug\CapSense_CSD_P4_Design01.a(LED_CONTROL.o)
 .text.LED_CONTROL_SetCountMode
                0x00000000       0x44 .\CortexM0\ARM_GCC_473\Debug\CapSense_CSD_P4_Design01.a(LED_CONTROL.o)
 .text.LED_CONTROL_ReadStatus
                0x00000000       0x20 .\CortexM0\ARM_GCC_473\Debug\CapSense_CSD_P4_Design01.a(LED_CONTROL.o)
 .text.LED_CONTROL_GetInterruptSourceMasked
                0x00000000       0x14 .\CortexM0\ARM_GCC_473\Debug\CapSense_CSD_P4_Design01.a(LED_CONTROL.o)
 .text.LED_CONTROL_GetInterruptSource
                0x00000000       0x14 .\CortexM0\ARM_GCC_473\Debug\CapSense_CSD_P4_Design01.a(LED_CONTROL.o)
 .text.LED_CONTROL_ClearInterrupt
                0x00000000       0x18 .\CortexM0\ARM_GCC_473\Debug\CapSense_CSD_P4_Design01.a(LED_CONTROL.o)
 .text.LED_CONTROL_SetInterrupt
                0x00000000       0x18 .\CortexM0\ARM_GCC_473\Debug\CapSense_CSD_P4_Design01.a(LED_CONTROL.o)
 .text          0x00000000        0x0 .\CortexM0\ARM_GCC_473\Debug\CapSense_CSD_P4_Design01.a(CapSense_CSD_SampleClk.o)
 .data          0x00000000        0x0 .\CortexM0\ARM_GCC_473\Debug\CapSense_CSD_P4_Design01.a(CapSense_CSD_SampleClk.o)
 .bss           0x00000000        0x0 .\CortexM0\ARM_GCC_473\Debug\CapSense_CSD_P4_Design01.a(CapSense_CSD_SampleClk.o)
 .text.CapSense_CSD_SampleClk_GetDividerRegister
                0x00000000       0x14 .\CortexM0\ARM_GCC_473\Debug\CapSense_CSD_P4_Design01.a(CapSense_CSD_SampleClk.o)
 .text.CapSense_CSD_SampleClk_GetFractionalDividerRegister
                0x00000000        0xc .\CortexM0\ARM_GCC_473\Debug\CapSense_CSD_P4_Design01.a(CapSense_CSD_SampleClk.o)
 .text          0x00000000        0x0 .\CortexM0\ARM_GCC_473\Debug\CapSense_CSD_P4_Design01.a(CapSense_CSD_SenseClk.o)
 .data          0x00000000        0x0 .\CortexM0\ARM_GCC_473\Debug\CapSense_CSD_P4_Design01.a(CapSense_CSD_SenseClk.o)
 .bss           0x00000000        0x0 .\CortexM0\ARM_GCC_473\Debug\CapSense_CSD_P4_Design01.a(CapSense_CSD_SenseClk.o)
 .text.CapSense_CSD_SenseClk_GetDividerRegister
                0x00000000       0x14 .\CortexM0\ARM_GCC_473\Debug\CapSense_CSD_P4_Design01.a(CapSense_CSD_SenseClk.o)
 .text.CapSense_CSD_SenseClk_GetFractionalDividerRegister
                0x00000000        0xc .\CortexM0\ARM_GCC_473\Debug\CapSense_CSD_P4_Design01.a(CapSense_CSD_SenseClk.o)
 .data          0x00000000        0x0 .\CortexM0\ARM_GCC_473\Debug\CapSense_CSD_P4_Design01.a(CyBootAsmGnu.o)
 .bss           0x00000000        0x0 .\CortexM0\ARM_GCC_473\Debug\CapSense_CSD_P4_Design01.a(CyBootAsmGnu.o)
 .text          0x00000000        0x0 .\CortexM0\ARM_GCC_473\Debug\CapSense_CSD_P4_Design01.a(CyLib.o)
 .bss           0x00000000        0x0 .\CortexM0\ARM_GCC_473\Debug\CapSense_CSD_P4_Design01.a(CyLib.o)
 .text.CySysClkImoStart
                0x00000000       0x1c .\CortexM0\ARM_GCC_473\Debug\CapSense_CSD_P4_Design01.a(CyLib.o)
 .text.CySysClkImoStop
                0x00000000       0x18 .\CortexM0\ARM_GCC_473\Debug\CapSense_CSD_P4_Design01.a(CyLib.o)
 .text.CySysClkIloStart
                0x00000000       0x1c .\CortexM0\ARM_GCC_473\Debug\CapSense_CSD_P4_Design01.a(CyLib.o)
 .text.CySysClkIloStop
                0x00000000       0x18 .\CortexM0\ARM_GCC_473\Debug\CapSense_CSD_P4_Design01.a(CyLib.o)
 .text.CySysClkWriteHfclkDirect
                0x00000000       0x44 .\CortexM0\ARM_GCC_473\Debug\CapSense_CSD_P4_Design01.a(CyLib.o)
 .text.CySysClkWriteSysclkDiv
                0x00000000       0x44 .\CortexM0\ARM_GCC_473\Debug\CapSense_CSD_P4_Design01.a(CyLib.o)
 .text.CySysClkWriteImoFreq
                0x00000000      0x200 .\CortexM0\ARM_GCC_473\Debug\CapSense_CSD_P4_Design01.a(CyLib.o)
 .text.CySysWdtLock
                0x00000000       0x44 .\CortexM0\ARM_GCC_473\Debug\CapSense_CSD_P4_Design01.a(CyLib.o)
 .text.CySysWdtUnlock
                0x00000000       0x5c .\CortexM0\ARM_GCC_473\Debug\CapSense_CSD_P4_Design01.a(CyLib.o)
 .text.CySysWdtReadEnabledStatus
                0x00000000       0x30 .\CortexM0\ARM_GCC_473\Debug\CapSense_CSD_P4_Design01.a(CyLib.o)
 .text.CySysWdtWriteMode
                0x00000000       0x70 .\CortexM0\ARM_GCC_473\Debug\CapSense_CSD_P4_Design01.a(CyLib.o)
 .text.CySysWdtReadMode
                0x00000000       0x24 .\CortexM0\ARM_GCC_473\Debug\CapSense_CSD_P4_Design01.a(CyLib.o)
 .text.CySysWdtWriteClearOnMatch
                0x00000000       0x68 .\CortexM0\ARM_GCC_473\Debug\CapSense_CSD_P4_Design01.a(CyLib.o)
 .text.CySysWdtReadClearOnMatch
                0x00000000       0x40 .\CortexM0\ARM_GCC_473\Debug\CapSense_CSD_P4_Design01.a(CyLib.o)
 .text.CySysWdtEnable
                0x00000000       0x30 .\CortexM0\ARM_GCC_473\Debug\CapSense_CSD_P4_Design01.a(CyLib.o)
 .text.CySysWdtDisable
                0x00000000       0x30 .\CortexM0\ARM_GCC_473\Debug\CapSense_CSD_P4_Design01.a(CyLib.o)
 .text.CySysWdtWriteCascade
                0x00000000       0x68 .\CortexM0\ARM_GCC_473\Debug\CapSense_CSD_P4_Design01.a(CyLib.o)
 .text.CySysWdtReadCascade
                0x00000000       0x1c .\CortexM0\ARM_GCC_473\Debug\CapSense_CSD_P4_Design01.a(CyLib.o)
 .text.CySysWdtWriteMatch
                0x00000000       0x74 .\CortexM0\ARM_GCC_473\Debug\CapSense_CSD_P4_Design01.a(CyLib.o)
 .text.CySysWdtWriteToggleBit
                0x00000000       0x54 .\CortexM0\ARM_GCC_473\Debug\CapSense_CSD_P4_Design01.a(CyLib.o)
 .text.CySysWdtReadToggleBit
                0x00000000       0x18 .\CortexM0\ARM_GCC_473\Debug\CapSense_CSD_P4_Design01.a(CyLib.o)
 .text.CySysWdtReadMatch
                0x00000000       0x44 .\CortexM0\ARM_GCC_473\Debug\CapSense_CSD_P4_Design01.a(CyLib.o)
 .text.CySysWdtReadCount
                0x00000000       0x54 .\CortexM0\ARM_GCC_473\Debug\CapSense_CSD_P4_Design01.a(CyLib.o)
 .text.CySysWdtGetInterruptSource
                0x00000000       0x1c .\CortexM0\ARM_GCC_473\Debug\CapSense_CSD_P4_Design01.a(CyLib.o)
 .text.CySysWdtClearInterrupt
                0x00000000       0xb8 .\CortexM0\ARM_GCC_473\Debug\CapSense_CSD_P4_Design01.a(CyLib.o)
 .text.CySysWdtResetCounters
                0x00000000       0x38 .\CortexM0\ARM_GCC_473\Debug\CapSense_CSD_P4_Design01.a(CyLib.o)
 .text.CySysLvdEnable
                0x00000000       0x48 .\CortexM0\ARM_GCC_473\Debug\CapSense_CSD_P4_Design01.a(CyLib.o)
 .text.CySysLvdDisable
                0x00000000       0x28 .\CortexM0\ARM_GCC_473\Debug\CapSense_CSD_P4_Design01.a(CyLib.o)
 .text.CySysLvdGetInterruptSource
                0x00000000       0x18 .\CortexM0\ARM_GCC_473\Debug\CapSense_CSD_P4_Design01.a(CyLib.o)
 .text.CySysLvdClearInterrupt
                0x00000000       0x14 .\CortexM0\ARM_GCC_473\Debug\CapSense_CSD_P4_Design01.a(CyLib.o)
 .text.CySysGetResetReason
                0x00000000       0x30 .\CortexM0\ARM_GCC_473\Debug\CapSense_CSD_P4_Design01.a(CyLib.o)
 .text.CyDisableInts
                0x00000000       0x24 .\CortexM0\ARM_GCC_473\Debug\CapSense_CSD_P4_Design01.a(CyLib.o)
 .text.CyEnableInts
                0x00000000       0x18 .\CortexM0\ARM_GCC_473\Debug\CapSense_CSD_P4_Design01.a(CyLib.o)
 .text.CyIntSetSysVector
                0x00000000       0x48 .\CortexM0\ARM_GCC_473\Debug\CapSense_CSD_P4_Design01.a(CyLib.o)
 .text.CyIntGetSysVector
                0x00000000       0x34 .\CortexM0\ARM_GCC_473\Debug\CapSense_CSD_P4_Design01.a(CyLib.o)
 .text.CyIntGetVector
                0x00000000       0x38 .\CortexM0\ARM_GCC_473\Debug\CapSense_CSD_P4_Design01.a(CyLib.o)
 .text.CyIntGetPriority
                0x00000000       0x58 .\CortexM0\ARM_GCC_473\Debug\CapSense_CSD_P4_Design01.a(CyLib.o)
 .text.CyIntGetState
                0x00000000       0x34 .\CortexM0\ARM_GCC_473\Debug\CapSense_CSD_P4_Design01.a(CyLib.o)
 .text.CyIntSetPending
                0x00000000       0x2c .\CortexM0\ARM_GCC_473\Debug\CapSense_CSD_P4_Design01.a(CyLib.o)
 .text.CyIntClearPending
                0x00000000       0x2c .\CortexM0\ARM_GCC_473\Debug\CapSense_CSD_P4_Design01.a(CyLib.o)
 .text.CySoftwareReset
                0x00000000       0x20 .\CortexM0\ARM_GCC_473\Debug\CapSense_CSD_P4_Design01.a(CyLib.o)
 .text.CyDelay  0x00000000       0x48 .\CortexM0\ARM_GCC_473\Debug\CapSense_CSD_P4_Design01.a(CyLib.o)
 .text.CyDelayFreq
                0x00000000       0x80 .\CortexM0\ARM_GCC_473\Debug\CapSense_CSD_P4_Design01.a(CyLib.o)
 .rodata        0x00000000       0x30 .\CortexM0\ARM_GCC_473\Debug\CapSense_CSD_P4_Design01.a(CyLib.o)
 .text          0x00000000        0x0 C:\Program Files (x86)\Cypress\PSoC Creator\3.0\PSoC Creator\psoc\content\cycomponentlibrary\CyComponentLibrary.cylib\CortexM0\ARM_GCC_473\Debug\CyComponentLibrary.a(CSD_P4_SmartSense_v2_0.o)
 .data          0x00000000        0x0 C:\Program Files (x86)\Cypress\PSoC Creator\3.0\PSoC Creator\psoc\content\cycomponentlibrary\CyComponentLibrary.cylib\CortexM0\ARM_GCC_473\Debug\CyComponentLibrary.a(CSD_P4_SmartSense_v2_0.o)
 .bss           0x00000000        0x0 C:\Program Files (x86)\Cypress\PSoC Creator\3.0\PSoC Creator\psoc\content\cycomponentlibrary\CyComponentLibrary.cylib\CortexM0\ARM_GCC_473\Debug\CyComponentLibrary.a(CSD_P4_SmartSense_v2_0.o)
 .data          0x00000000        0x0 c:/program files (x86)/cypress/psoc creator/3.0/psoc creator/import/gnu_cs/arm/4.7.3/bin/../lib/gcc/arm-none-eabi/4.7.3/armv6-m\libgcc.a(_udivsi3.o)
 .bss           0x00000000        0x0 c:/program files (x86)/cypress/psoc creator/3.0/psoc creator/import/gnu_cs/arm/4.7.3/bin/../lib/gcc/arm-none-eabi/4.7.3/armv6-m\libgcc.a(_udivsi3.o)
 .data          0x00000000        0x0 c:/program files (x86)/cypress/psoc creator/3.0/psoc creator/import/gnu_cs/arm/4.7.3/bin/../lib/gcc/arm-none-eabi/4.7.3/armv6-m\libgcc.a(_divsi3.o)
 .bss           0x00000000        0x0 c:/program files (x86)/cypress/psoc creator/3.0/psoc creator/import/gnu_cs/arm/4.7.3/bin/../lib/gcc/arm-none-eabi/4.7.3/armv6-m\libgcc.a(_divsi3.o)
 .data          0x00000000        0x0 c:/program files (x86)/cypress/psoc creator/3.0/psoc creator/import/gnu_cs/arm/4.7.3/bin/../lib/gcc/arm-none-eabi/4.7.3/armv6-m\libgcc.a(_dvmd_tls.o)
 .bss           0x00000000        0x0 c:/program files (x86)/cypress/psoc creator/3.0/psoc creator/import/gnu_cs/arm/4.7.3/bin/../lib/gcc/arm-none-eabi/4.7.3/armv6-m\libgcc.a(_dvmd_tls.o)
 .text          0x00000000        0x0 c:/program files (x86)/cypress/psoc creator/3.0/psoc creator/import/gnu_cs/arm/4.7.3/bin/../lib/gcc/arm-none-eabi/4.7.3/../../../../arm-none-eabi/lib/armv6-m\libc_s.a(lib_a-__atexit2.o)
 .data          0x00000000        0x0 c:/program files (x86)/cypress/psoc creator/3.0/psoc creator/import/gnu_cs/arm/4.7.3/bin/../lib/gcc/arm-none-eabi/4.7.3/../../../../arm-none-eabi/lib/armv6-m\libc_s.a(lib_a-__atexit2.o)
 .bss           0x00000000        0x0 c:/program files (x86)/cypress/psoc creator/3.0/psoc creator/import/gnu_cs/arm/4.7.3/bin/../lib/gcc/arm-none-eabi/4.7.3/../../../../arm-none-eabi/lib/armv6-m\libc_s.a(lib_a-__atexit2.o)
 .text.__register_exitproc
                0x00000000       0x18 c:/program files (x86)/cypress/psoc creator/3.0/psoc creator/import/gnu_cs/arm/4.7.3/bin/../lib/gcc/arm-none-eabi/4.7.3/../../../../arm-none-eabi/lib/armv6-m\libc_s.a(lib_a-__atexit2.o)
 .text          0x00000000        0x0 c:/program files (x86)/cypress/psoc creator/3.0/psoc creator/import/gnu_cs/arm/4.7.3/bin/../lib/gcc/arm-none-eabi/4.7.3/../../../../arm-none-eabi/lib/armv6-m\libc_s.a(lib_a-exit.o)
 .data          0x00000000        0x0 c:/program files (x86)/cypress/psoc creator/3.0/psoc creator/import/gnu_cs/arm/4.7.3/bin/../lib/gcc/arm-none-eabi/4.7.3/../../../../arm-none-eabi/lib/armv6-m\libc_s.a(lib_a-exit.o)
 .bss           0x00000000        0x0 c:/program files (x86)/cypress/psoc creator/3.0/psoc creator/import/gnu_cs/arm/4.7.3/bin/../lib/gcc/arm-none-eabi/4.7.3/../../../../arm-none-eabi/lib/armv6-m\libc_s.a(lib_a-exit.o)
 .text.exit     0x00000000       0x30 c:/program files (x86)/cypress/psoc creator/3.0/psoc creator/import/gnu_cs/arm/4.7.3/bin/../lib/gcc/arm-none-eabi/4.7.3/../../../../arm-none-eabi/lib/armv6-m\libc_s.a(lib_a-exit.o)
 .text          0x00000000        0x0 c:/program files (x86)/cypress/psoc creator/3.0/psoc creator/import/gnu_cs/arm/4.7.3/bin/../lib/gcc/arm-none-eabi/4.7.3/../../../../arm-none-eabi/lib/armv6-m\libc_s.a(lib_a-fini.o)
 .data          0x00000000        0x0 c:/program files (x86)/cypress/psoc creator/3.0/psoc creator/import/gnu_cs/arm/4.7.3/bin/../lib/gcc/arm-none-eabi/4.7.3/../../../../arm-none-eabi/lib/armv6-m\libc_s.a(lib_a-fini.o)
 .bss           0x00000000        0x0 c:/program files (x86)/cypress/psoc creator/3.0/psoc creator/import/gnu_cs/arm/4.7.3/bin/../lib/gcc/arm-none-eabi/4.7.3/../../../../arm-none-eabi/lib/armv6-m\libc_s.a(lib_a-fini.o)
 .text.__libc_fini_array
                0x00000000       0x2c c:/program files (x86)/cypress/psoc creator/3.0/psoc creator/import/gnu_cs/arm/4.7.3/bin/../lib/gcc/arm-none-eabi/4.7.3/../../../../arm-none-eabi/lib/armv6-m\libc_s.a(lib_a-fini.o)
 .text          0x00000000        0x0 c:/program files (x86)/cypress/psoc creator/3.0/psoc creator/import/gnu_cs/arm/4.7.3/bin/../lib/gcc/arm-none-eabi/4.7.3/../../../../arm-none-eabi/lib/armv6-m\libc_s.a(lib_a-impure.o)
 .data          0x00000000        0x0 c:/program files (x86)/cypress/psoc creator/3.0/psoc creator/import/gnu_cs/arm/4.7.3/bin/../lib/gcc/arm-none-eabi/4.7.3/../../../../arm-none-eabi/lib/armv6-m\libc_s.a(lib_a-impure.o)
 .bss           0x00000000        0x0 c:/program files (x86)/cypress/psoc creator/3.0/psoc creator/import/gnu_cs/arm/4.7.3/bin/../lib/gcc/arm-none-eabi/4.7.3/../../../../arm-none-eabi/lib/armv6-m\libc_s.a(lib_a-impure.o)
 .data.impure_data
                0x00000000       0x64 c:/program files (x86)/cypress/psoc creator/3.0/psoc creator/import/gnu_cs/arm/4.7.3/bin/../lib/gcc/arm-none-eabi/4.7.3/../../../../arm-none-eabi/lib/armv6-m\libc_s.a(lib_a-impure.o)
 .data._impure_ptr
                0x00000000        0x4 c:/program files (x86)/cypress/psoc creator/3.0/psoc creator/import/gnu_cs/arm/4.7.3/bin/../lib/gcc/arm-none-eabi/4.7.3/../../../../arm-none-eabi/lib/armv6-m\libc_s.a(lib_a-impure.o)
 .rodata.str1.1
                0x00000000        0x2 c:/program files (x86)/cypress/psoc creator/3.0/psoc creator/import/gnu_cs/arm/4.7.3/bin/../lib/gcc/arm-none-eabi/4.7.3/../../../../arm-none-eabi/lib/armv6-m\libc_s.a(lib_a-impure.o)
 .rodata._global_impure_ptr
                0x00000000        0x4 c:/program files (x86)/cypress/psoc creator/3.0/psoc creator/import/gnu_cs/arm/4.7.3/bin/../lib/gcc/arm-none-eabi/4.7.3/../../../../arm-none-eabi/lib/armv6-m\libc_s.a(lib_a-impure.o)
 .text          0x00000000        0x0 c:/program files (x86)/cypress/psoc creator/3.0/psoc creator/import/gnu_cs/arm/4.7.3/bin/../lib/gcc/arm-none-eabi/4.7.3/../../../../arm-none-eabi/lib/armv6-m\libc_s.a(lib_a-init.o)
 .data          0x00000000        0x0 c:/program files (x86)/cypress/psoc creator/3.0/psoc creator/import/gnu_cs/arm/4.7.3/bin/../lib/gcc/arm-none-eabi/4.7.3/../../../../arm-none-eabi/lib/armv6-m\libc_s.a(lib_a-init.o)
 .bss           0x00000000        0x0 c:/program files (x86)/cypress/psoc creator/3.0/psoc creator/import/gnu_cs/arm/4.7.3/bin/../lib/gcc/arm-none-eabi/4.7.3/../../../../arm-none-eabi/lib/armv6-m\libc_s.a(lib_a-init.o)
 .text          0x00000000        0x0 c:/program files (x86)/cypress/psoc creator/3.0/psoc creator/import/gnu_cs/arm/4.7.3/bin/../lib/gcc/arm-none-eabi/4.7.3/../../../../arm-none-eabi/lib/armv6-m\libc_s.a(lib_a-memcpy.o)
 .data          0x00000000        0x0 c:/program files (x86)/cypress/psoc creator/3.0/psoc creator/import/gnu_cs/arm/4.7.3/bin/../lib/gcc/arm-none-eabi/4.7.3/../../../../arm-none-eabi/lib/armv6-m\libc_s.a(lib_a-memcpy.o)
 .bss           0x00000000        0x0 c:/program files (x86)/cypress/psoc creator/3.0/psoc creator/import/gnu_cs/arm/4.7.3/bin/../lib/gcc/arm-none-eabi/4.7.3/../../../../arm-none-eabi/lib/armv6-m\libc_s.a(lib_a-memcpy.o)
 .text.memcpy   0x00000000       0x12 c:/program files (x86)/cypress/psoc creator/3.0/psoc creator/import/gnu_cs/arm/4.7.3/bin/../lib/gcc/arm-none-eabi/4.7.3/../../../../arm-none-eabi/lib/armv6-m\libc_s.a(lib_a-memcpy.o)
 .text          0x00000000        0x0 c:/program files (x86)/cypress/psoc creator/3.0/psoc creator/import/gnu_cs/arm/4.7.3/bin/../lib/gcc/arm-none-eabi/4.7.3/../../../../arm-none-eabi/lib/armv6-m\libc_s.a(lib_a-memset.o)
 .data          0x00000000        0x0 c:/program files (x86)/cypress/psoc creator/3.0/psoc creator/import/gnu_cs/arm/4.7.3/bin/../lib/gcc/arm-none-eabi/4.7.3/../../../../arm-none-eabi/lib/armv6-m\libc_s.a(lib_a-memset.o)
 .bss           0x00000000        0x0 c:/program files (x86)/cypress/psoc creator/3.0/psoc creator/import/gnu_cs/arm/4.7.3/bin/../lib/gcc/arm-none-eabi/4.7.3/../../../../arm-none-eabi/lib/armv6-m\libc_s.a(lib_a-memset.o)
 .text          0x00000000        0x0 c:/program files (x86)/cypress/psoc creator/3.0/psoc creator/import/gnu_cs/arm/4.7.3/bin/../lib/gcc/arm-none-eabi/4.7.3/armv6-m/crtend.o
 .data          0x00000000        0x0 c:/program files (x86)/cypress/psoc creator/3.0/psoc creator/import/gnu_cs/arm/4.7.3/bin/../lib/gcc/arm-none-eabi/4.7.3/armv6-m/crtend.o
 .bss           0x00000000        0x0 c:/program files (x86)/cypress/psoc creator/3.0/psoc creator/import/gnu_cs/arm/4.7.3/bin/../lib/gcc/arm-none-eabi/4.7.3/armv6-m/crtend.o
 .text          0x00000000        0x0 c:/program files (x86)/cypress/psoc creator/3.0/psoc creator/import/gnu_cs/arm/4.7.3/bin/../lib/gcc/arm-none-eabi/4.7.3/armv6-m/crtn.o
 .data          0x00000000        0x0 c:/program files (x86)/cypress/psoc creator/3.0/psoc creator/import/gnu_cs/arm/4.7.3/bin/../lib/gcc/arm-none-eabi/4.7.3/armv6-m/crtn.o
 .bss           0x00000000        0x0 c:/program files (x86)/cypress/psoc creator/3.0/psoc creator/import/gnu_cs/arm/4.7.3/bin/../lib/gcc/arm-none-eabi/4.7.3/armv6-m/crtn.o

Memory Configuration

Name             Origin             Length             Attributes
rom              0x00000000         0x00008000         xr
ram              0x20000000         0x00001000         xrw
*default*        0x00000000         0xffffffff

Linker script and memory map

LOAD c:/program files (x86)/cypress/psoc creator/3.0/psoc creator/import/gnu_cs/arm/4.7.3/bin/../lib/gcc/arm-none-eabi/4.7.3/armv6-m/crti.o
LOAD c:/program files (x86)/cypress/psoc creator/3.0/psoc creator/import/gnu_cs/arm/4.7.3/bin/../lib/gcc/arm-none-eabi/4.7.3/armv6-m/crtbegin.o
LOAD c:/program files (x86)/cypress/psoc creator/3.0/psoc creator/import/gnu_cs/arm/4.7.3/bin/../lib/gcc/arm-none-eabi/4.7.3/../../../../arm-none-eabi/lib/armv6-m/crt0.o
START GROUP
LOAD .\CortexM0\ARM_GCC_473\Debug\main.o
LOAD .\CortexM0\ARM_GCC_473\Debug\cymetadata.o
LOAD .\CortexM0\ARM_GCC_473\Debug\Cm0Start.o
LOAD .\CortexM0\ARM_GCC_473\Debug\CapSense_CSD_P4_Design01.a
LOAD C:\Program Files (x86)\Cypress\PSoC Creator\3.0\PSoC Creator\psoc\content\cycomponentlibrary\CyComponentLibrary.cylib\CortexM0\ARM_GCC_473\Debug\CyComponentLibrary.a
END GROUP
START GROUP
LOAD c:/program files (x86)/cypress/psoc creator/3.0/psoc creator/import/gnu_cs/arm/4.7.3/bin/../lib/gcc/arm-none-eabi/4.7.3/armv6-m\libgcc.a
LOAD c:/program files (x86)/cypress/psoc creator/3.0/psoc creator/import/gnu_cs/arm/4.7.3/bin/../lib/gcc/arm-none-eabi/4.7.3/../../../../arm-none-eabi/lib/armv6-m\libc_s.a
END GROUP
LOAD c:/program files (x86)/cypress/psoc creator/3.0/psoc creator/import/gnu_cs/arm/4.7.3/bin/../lib/gcc/arm-none-eabi/4.7.3/armv6-m/crtend.o
LOAD c:/program files (x86)/cypress/psoc creator/3.0/psoc creator/import/gnu_cs/arm/4.7.3/bin/../lib/gcc/arm-none-eabi/4.7.3/armv6-m/crtn.o
START GROUP
LOAD c:/program files (x86)/cypress/psoc creator/3.0/psoc creator/import/gnu_cs/arm/4.7.3/bin/../lib/gcc/arm-none-eabi/4.7.3/armv6-m\libgcc.a
LOAD c:/program files (x86)/cypress/psoc creator/3.0/psoc creator/import/gnu_cs/arm/4.7.3/bin/../lib/gcc/arm-none-eabi/4.7.3/../../../../arm-none-eabi/lib/armv6-m\libc.a
LOAD c:/program files (x86)/cypress/psoc creator/3.0/psoc creator/import/gnu_cs/arm/4.7.3/bin/../lib/gcc/arm-none-eabi/4.7.3/../../../../arm-none-eabi/lib/armv6-m\libnosys.a
END GROUP
                0x00000000                CY_APPL_ORIGIN = 0x0
                0x00000080                CY_FLASH_ROW_SIZE = 0x80
                0x00000001                CY_APPL_NUM = 0x1
                0x00000040                CY_METADATA_SIZE = 0x40
                0x20000220                PROVIDE (__cy_heap_start, _end)
                0x00000001                PROVIDE (__cy_region_num, ((__cy_regions_end - __cy_regions) / 0x10))
                0x20001000                PROVIDE (__cy_stack, (ORIGIN (ram) + 0x1000))
                0x20000c00                PROVIDE (__cy_heap_end, (__cy_stack - 0x400))

.cybootloader   0x00000000        0x0
 *(.cybootloader)
                0x00000000                appl1_start = CY_APPL_ORIGIN?CY_APPL_ORIGIN:ALIGN (CY_FLASH_ROW_SIZE)
                0x00003f80                appl2_start = (appl1_start + ALIGN ((((0x8000 - appl1_start) - (0x2 * CY_FLASH_ROW_SIZE)) / 0x2), CY_FLASH_ROW_SIZE))
                0x00000000                appl_start = (CY_APPL_NUM == 0x1)?appl1_start:appl2_start

.text           0x00000000     0x21aa
 CREATE_OBJECT_SYMBOLS
                0x00000000                PROVIDE (__cy_interrupt_vector, RomVectors)
 *(.romvectors)
 .romvectors    0x00000000       0x10 .\CortexM0\ARM_GCC_473\Debug\Cm0Start.o
                0x00000000                RomVectors
                0x00000001                ASSERT ((. != __cy_interrupt_vector), No interrupt vector)
                0x00000001                ASSERT (CY_APPL_ORIGIN?(SIZEOF (.cybootloader) <= CY_APPL_ORIGIN):0x1, Wrong image location)
                0x00000010                PROVIDE (__cy_reset, Reset)
 *(.text.Reset)
 .text.Reset    0x00000010        0x8 .\CortexM0\ARM_GCC_473\Debug\Cm0Start.o
                0x00000010                Reset
                0x00000001                ASSERT ((. != __cy_reset), No reset code)
 *(.psocinit)
 .psocinit      0x00000018      0x2c8 .\CortexM0\ARM_GCC_473\Debug\CapSense_CSD_P4_Design01.a(cyfitter_cfg.o)
                0x00000180                cyfitter_cfg
                0x000002e0                . = MAX (., 0x100)
 *(.text .text.* .gnu.linkonce.t.*)
 .text          0x000002e0       0x60 c:/program files (x86)/cypress/psoc creator/3.0/psoc creator/import/gnu_cs/arm/4.7.3/bin/../lib/gcc/arm-none-eabi/4.7.3/armv6-m/crtbegin.o
 .text.main     0x00000340       0x2c .\CortexM0\ARM_GCC_473\Debug\main.o
                0x00000340                main
 .text.CapSense_DisplayState
                0x0000036c       0x5c .\CortexM0\ARM_GCC_473\Debug\main.o
                0x0000036c                CapSense_DisplayState
 .text.IntDefaultHandler
                0x000003c8        0x8 .\CortexM0\ARM_GCC_473\Debug\Cm0Start.o
                0x000003c8                IntDefaultHandler
 .text.Start_c  0x000003d0       0xa4 .\CortexM0\ARM_GCC_473\Debug\Cm0Start.o
                0x000003d0                Start_c
 .text.initialize_psoc
                0x00000474       0x64 .\CortexM0\ARM_GCC_473\Debug\Cm0Start.o
                0x00000474                initialize_psoc
 .text.CYMEMZERO
                0x000004d8       0x20 .\CortexM0\ARM_GCC_473\Debug\CapSense_CSD_P4_Design01.a(cyfitter_cfg.o)
 .text.cfg_write_bytes32
                0x000004f8       0x80 .\CortexM0\ARM_GCC_473\Debug\CapSense_CSD_P4_Design01.a(cyfitter_cfg.o)
 .text.AnalogSetDefault
                0x00000578       0x10 .\CortexM0\ARM_GCC_473\Debug\CapSense_CSD_P4_Design01.a(cyfitter_cfg.o)
 .text.SetAnalogRoutingPumps
                0x00000588       0x70 .\CortexM0\ARM_GCC_473\Debug\CapSense_CSD_P4_Design01.a(cyfitter_cfg.o)
                0x00000588                SetAnalogRoutingPumps
 .text.CapSense_CSD_Init
                0x000005f8       0x3c .\CortexM0\ARM_GCC_473\Debug\CapSense_CSD_P4_Design01.a(CapSense_CSD.o)
                0x000005f8                CapSense_CSD_Init
 .text.CapSense_CSD_CsdHwBlockInit
                0x00000634       0xc0 .\CortexM0\ARM_GCC_473\Debug\CapSense_CSD_P4_Design01.a(CapSense_CSD.o)
                0x00000634                CapSense_CSD_CsdHwBlockInit
 .text.CapSense_CSD_Enable
                0x000006f4       0x50 .\CortexM0\ARM_GCC_473\Debug\CapSense_CSD_P4_Design01.a(CapSense_CSD.o)
                0x000006f4                CapSense_CSD_Enable
 .text.CapSense_CSD_Start
                0x00000744       0x44 .\CortexM0\ARM_GCC_473\Debug\CapSense_CSD_P4_Design01.a(CapSense_CSD.o)
                0x00000744                CapSense_CSD_Start
 .text.CapSense_CSD_FindNextSensor
                0x00000788       0x4c .\CortexM0\ARM_GCC_473\Debug\CapSense_CSD_P4_Design01.a(CapSense_CSD.o)
                0x00000788                CapSense_CSD_FindNextSensor
 .text.CapSense_CSD_ScanSensor
                0x000007d4       0x34 .\CortexM0\ARM_GCC_473\Debug\CapSense_CSD_P4_Design01.a(CapSense_CSD.o)
                0x000007d4                CapSense_CSD_ScanSensor
 .text.CapSense_CSD_ScanEnabledWidgets
                0x00000808       0x58 .\CortexM0\ARM_GCC_473\Debug\CapSense_CSD_P4_Design01.a(CapSense_CSD.o)
                0x00000808                CapSense_CSD_ScanEnabledWidgets
 .text.CapSense_CSD_IsBusy
                0x00000860       0x1c .\CortexM0\ARM_GCC_473\Debug\CapSense_CSD_P4_Design01.a(CapSense_CSD.o)
                0x00000860                CapSense_CSD_IsBusy
 .text.CapSense_CSD_ReadSensorRaw
                0x0000087c       0x1c .\CortexM0\ARM_GCC_473\Debug\CapSense_CSD_P4_Design01.a(CapSense_CSD.o)
                0x0000087c                CapSense_CSD_ReadSensorRaw
 .text.CapSense_CSD_ClearSensors
                0x00000898       0x28 .\CortexM0\ARM_GCC_473\Debug\CapSense_CSD_P4_Design01.a(CapSense_CSD.o)
                0x00000898                CapSense_CSD_ClearSensors
 .text.CapSense_CSD_EnableSensor
                0x000008c0       0xcc .\CortexM0\ARM_GCC_473\Debug\CapSense_CSD_P4_Design01.a(CapSense_CSD.o)
                0x000008c0                CapSense_CSD_EnableSensor
 .text.CapSense_CSD_DisableSensor
                0x0000098c      0x124 .\CortexM0\ARM_GCC_473\Debug\CapSense_CSD_P4_Design01.a(CapSense_CSD.o)
                0x0000098c                CapSense_CSD_DisableSensor
 .text.CapSense_CSD_PreScan
                0x00000ab0      0x134 .\CortexM0\ARM_GCC_473\Debug\CapSense_CSD_P4_Design01.a(CapSense_CSD.o)
                0x00000ab0                CapSense_CSD_PreScan
 .text.CapSense_CSD_PostScan
                0x00000be4       0x74 .\CortexM0\ARM_GCC_473\Debug\CapSense_CSD_P4_Design01.a(CapSense_CSD.o)
                0x00000be4                CapSense_CSD_PostScan
 .text.CapSense_CSD_SetShieldDelay
                0x00000c58       0x30 .\CortexM0\ARM_GCC_473\Debug\CapSense_CSD_P4_Design01.a(CapSense_CSD.o)
                0x00000c58                CapSense_CSD_SetShieldDelay
 .text.CapSense_CSD_GetBitValue
                0x00000c88       0x44 .\CortexM0\ARM_GCC_473\Debug\CapSense_CSD_P4_Design01.a(CapSense_CSD.o)
                0x00000c88                CapSense_CSD_GetBitValue
 .text.CapSense_CSD_SetBitValue
                0x00000ccc       0x68 .\CortexM0\ARM_GCC_473\Debug\CapSense_CSD_P4_Design01.a(CapSense_CSD.o)
                0x00000ccc                CapSense_CSD_SetBitValue
 .text.CapSense_CSD_GetSensorRaw
                0x00000d34       0x50 .\CortexM0\ARM_GCC_473\Debug\CapSense_CSD_P4_Design01.a(CapSense_CSD.o)
                0x00000d34                CapSense_CSD_GetSensorRaw
 .text.CapSense_CSD_BaseInit
                0x00000d84       0x58 .\CortexM0\ARM_GCC_473\Debug\CapSense_CSD_P4_Design01.a(CapSense_CSD_CSHL.o)
                0x00000d84                CapSense_CSD_BaseInit
 .text.CapSense_CSD_InitializeSensorBaseline
                0x00000ddc       0x2c .\CortexM0\ARM_GCC_473\Debug\CapSense_CSD_P4_Design01.a(CapSense_CSD_CSHL.o)
                0x00000ddc                CapSense_CSD_InitializeSensorBaseline
 .text.CapSense_CSD_InitializeAllBaselines
                0x00000e08       0x28 .\CortexM0\ARM_GCC_473\Debug\CapSense_CSD_P4_Design01.a(CapSense_CSD_CSHL.o)
                0x00000e08                CapSense_CSD_InitializeAllBaselines
 .text.CapSense_CSD_UpdateBaselineNoThreshold
                0x00000e30      0x210 .\CortexM0\ARM_GCC_473\Debug\CapSense_CSD_P4_Design01.a(CapSense_CSD_CSHL.o)
                0x00000e30                CapSense_CSD_UpdateBaselineNoThreshold
 .text.CapSense_CSD_UpdateSensorBaseline
                0x00001040       0x20 .\CortexM0\ARM_GCC_473\Debug\CapSense_CSD_P4_Design01.a(CapSense_CSD_CSHL.o)
                0x00001040                CapSense_CSD_UpdateSensorBaseline
 .text.CapSense_CSD_UpdateEnabledBaselines
                0x00001060       0x40 .\CortexM0\ARM_GCC_473\Debug\CapSense_CSD_P4_Design01.a(CapSense_CSD_CSHL.o)
                0x00001060                CapSense_CSD_UpdateEnabledBaselines
 .text.CapSense_CSD_FindMaximum
                0x000010a0       0xac .\CortexM0\ARM_GCC_473\Debug\CapSense_CSD_P4_Design01.a(CapSense_CSD_CSHL.o)
                0x000010a0                CapSense_CSD_FindMaximum
 .text.CapSense_CSD_CalcCentroid
                0x0000114c      0x19c .\CortexM0\ARM_GCC_473\Debug\CapSense_CSD_P4_Design01.a(CapSense_CSD_CSHL.o)
                0x0000114c                CapSense_CSD_CalcCentroid
 .text.CapSense_CSD_GetCentroidPos
                0x000012e8      0x178 .\CortexM0\ARM_GCC_473\Debug\CapSense_CSD_P4_Design01.a(CapSense_CSD_CSHL.o)
                0x000012e8                CapSense_CSD_GetCentroidPos
 .text.CapSense_CSD_IIR4Filter
                0x00001460       0x3c .\CortexM0\ARM_GCC_473\Debug\CapSense_CSD_P4_Design01.a(CapSense_CSD_CSHL.o)
                0x00001460                CapSense_CSD_IIR4Filter
 .text.CapSense_CSD_JitterFilter
                0x0000149c       0x4c .\CortexM0\ARM_GCC_473\Debug\CapSense_CSD_P4_Design01.a(CapSense_CSD_CSHL.o)
                0x0000149c                CapSense_CSD_JitterFilter
 .text.CapSense_CSD_ISR
                0x000014e8       0xd4 .\CortexM0\ARM_GCC_473\Debug\CapSense_CSD_P4_Design01.a(CapSense_CSD_INT.o)
                0x000014e8                CapSense_CSD_ISR
 .text.CapSense_CSD_AutoTune
                0x000015bc      0x10c .\CortexM0\ARM_GCC_473\Debug\CapSense_CSD_P4_Design01.a(CapSense_CSD_SMS.o)
                0x000015bc                CapSense_CSD_AutoTune
 .text.CapSense_CSD_UpdateThresholds
                0x000016c8       0xec .\CortexM0\ARM_GCC_473\Debug\CapSense_CSD_P4_Design01.a(CapSense_CSD_SMS.o)
                0x000016c8                CapSense_CSD_UpdateThresholds
 .text.CapSense_CSD_NormalizeWidgets
                0x000017b4       0x9c .\CortexM0\ARM_GCC_473\Debug\CapSense_CSD_P4_Design01.a(CapSense_CSD_SMS.o)
                0x000017b4                CapSense_CSD_NormalizeWidgets
 .text.CapSense_CSD_SetAnalogSwitchesSrcDirect
                0x00001850       0x18 .\CortexM0\ARM_GCC_473\Debug\CapSense_CSD_P4_Design01.a(CapSense_CSD_SMS.o)
                0x00001850                CapSense_CSD_SetAnalogSwitchesSrcDirect
 .text.CapSense_CSD_DisableBaselineIDAC
                0x00001868       0x34 .\CortexM0\ARM_GCC_473\Debug\CapSense_CSD_P4_Design01.a(CapSense_CSD_SMS.o)
                0x00001868                CapSense_CSD_DisableBaselineIDAC
 .text.CapSense_CSD_EnableBaselineIDAC
                0x0000189c       0x8c .\CortexM0\ARM_GCC_473\Debug\CapSense_CSD_P4_Design01.a(CapSense_CSD_SMS.o)
                0x0000189c                CapSense_CSD_EnableBaselineIDAC
 .text.LED_CONTROL_Init
                0x00001928       0x50 .\CortexM0\ARM_GCC_473\Debug\CapSense_CSD_P4_Design01.a(LED_CONTROL.o)
                0x00001928                LED_CONTROL_Init
 .text.LED_CONTROL_Enable
                0x00001978       0x38 .\CortexM0\ARM_GCC_473\Debug\CapSense_CSD_P4_Design01.a(LED_CONTROL.o)
                0x00001978                LED_CONTROL_Enable
 .text.LED_CONTROL_Start
                0x000019b0       0x24 .\CortexM0\ARM_GCC_473\Debug\CapSense_CSD_P4_Design01.a(LED_CONTROL.o)
                0x000019b0                LED_CONTROL_Start
 .text.LED_CONTROL_WritePeriod
                0x000019d4       0x1c .\CortexM0\ARM_GCC_473\Debug\CapSense_CSD_P4_Design01.a(LED_CONTROL.o)
                0x000019d4                LED_CONTROL_WritePeriod
 .text.LED_CONTROL_WriteCompare
                0x000019f0       0x1c .\CortexM0\ARM_GCC_473\Debug\CapSense_CSD_P4_Design01.a(LED_CONTROL.o)
                0x000019f0                LED_CONTROL_WriteCompare
 .text.LED_CONTROL_TriggerCommand
                0x00001a0c       0x3c .\CortexM0\ARM_GCC_473\Debug\CapSense_CSD_P4_Design01.a(LED_CONTROL.o)
                0x00001a0c                LED_CONTROL_TriggerCommand
 .text.LED_CONTROL_SetInterruptMode
                0x00001a48       0x18 .\CortexM0\ARM_GCC_473\Debug\CapSense_CSD_P4_Design01.a(LED_CONTROL.o)
                0x00001a48                LED_CONTROL_SetInterruptMode
 .text.CapSense_CSD_SampleClk_Start
                0x00001a60       0x1c .\CortexM0\ARM_GCC_473\Debug\CapSense_CSD_P4_Design01.a(CapSense_CSD_SampleClk.o)
                0x00001a60                CapSense_CSD_SampleClk_Start
 .text.CapSense_CSD_SampleClk_Stop
                0x00001a7c       0x18 .\CortexM0\ARM_GCC_473\Debug\CapSense_CSD_P4_Design01.a(CapSense_CSD_SampleClk.o)
                0x00001a7c                CapSense_CSD_SampleClk_Stop
 .text.CapSense_CSD_SampleClk_SetFractionalDividerRegister
                0x00001a94       0x38 .\CortexM0\ARM_GCC_473\Debug\CapSense_CSD_P4_Design01.a(CapSense_CSD_SampleClk.o)
                0x00001a94                CapSense_CSD_SampleClk_SetFractionalDividerRegister
 .text.CapSense_CSD_SenseClk_Start
                0x00001acc       0x1c .\CortexM0\ARM_GCC_473\Debug\CapSense_CSD_P4_Design01.a(CapSense_CSD_SenseClk.o)
                0x00001acc                CapSense_CSD_SenseClk_Start
 .text.CapSense_CSD_SenseClk_Stop
                0x00001ae8       0x18 .\CortexM0\ARM_GCC_473\Debug\CapSense_CSD_P4_Design01.a(CapSense_CSD_SenseClk.o)
                0x00001ae8                CapSense_CSD_SenseClk_Stop
 .text.CapSense_CSD_SenseClk_SetFractionalDividerRegister
                0x00001b00       0x38 .\CortexM0\ARM_GCC_473\Debug\CapSense_CSD_P4_Design01.a(CapSense_CSD_SenseClk.o)
                0x00001b00                CapSense_CSD_SenseClk_SetFractionalDividerRegister
 .text          0x00001b38       0x20 .\CortexM0\ARM_GCC_473\Debug\CapSense_CSD_P4_Design01.a(CyBootAsmGnu.o)
                0x00001b38                CyDelayCycles
                0x00001b4a                CyEnterCriticalSection
                0x00001b52                CyExitCriticalSection
 .text.CyIntSetVector
                0x00001b58       0x4c .\CortexM0\ARM_GCC_473\Debug\CapSense_CSD_P4_Design01.a(CyLib.o)
                0x00001b58                CyIntSetVector
 .text.CyIntSetPriority
                0x00001ba4       0xa8 .\CortexM0\ARM_GCC_473\Debug\CapSense_CSD_P4_Design01.a(CyLib.o)
                0x00001ba4                CyIntSetPriority
 .text.CyIntEnable
                0x00001c4c       0x2c .\CortexM0\ARM_GCC_473\Debug\CapSense_CSD_P4_Design01.a(CyLib.o)
                0x00001c4c                CyIntEnable
 .text.CyIntDisable
                0x00001c78       0x2c .\CortexM0\ARM_GCC_473\Debug\CapSense_CSD_P4_Design01.a(CyLib.o)
                0x00001c78                CyIntDisable
 .text.CyHalt   0x00001ca4       0x14 .\CortexM0\ARM_GCC_473\Debug\CapSense_CSD_P4_Design01.a(CyLib.o)
                0x00001ca4                CyHalt
 .text.CyDelayUs
                0x00001cb8       0x28 .\CortexM0\ARM_GCC_473\Debug\CapSense_CSD_P4_Design01.a(CyLib.o)
                0x00001cb8                CyDelayUs
 .text.CalibrateOneDAC_P4_v2_0
                0x00001ce0       0x44 C:\Program Files (x86)\Cypress\PSoC Creator\3.0\PSoC Creator\psoc\content\cycomponentlibrary\CyComponentLibrary.cylib\CortexM0\ARM_GCC_473\Debug\CyComponentLibrary.a(CSD_P4_SmartSense_v2_0.o)
                0x00001ce0                CalibrateOneDAC_P4_v2_0
 .text.CalibrateSensors_P4_v2_0
                0x00001d24       0x22 C:\Program Files (x86)\Cypress\PSoC Creator\3.0\PSoC Creator\psoc\content\cycomponentlibrary\CyComponentLibrary.cylib\CortexM0\ARM_GCC_473\Debug\CyComponentLibrary.a(CSD_P4_SmartSense_v2_0.o)
                0x00001d24                CalibrateSensors_P4_v2_0
 *fill*         0x00001d46        0x2 00
 .text.TunePrescalers_P4_v2_0
                0x00001d48       0x48 C:\Program Files (x86)\Cypress\PSoC Creator\3.0\PSoC Creator\psoc\content\cycomponentlibrary\CyComponentLibrary.cylib\CortexM0\ARM_GCC_473\Debug\CyComponentLibrary.a(CSD_P4_SmartSense_v2_0.o)
                0x00001d48                TunePrescalers_P4_v2_0
 .text.TuneSensitivity_P4_v2_0
                0x00001d90      0x100 C:\Program Files (x86)\Cypress\PSoC Creator\3.0\PSoC Creator\psoc\content\cycomponentlibrary\CyComponentLibrary.cylib\CortexM0\ARM_GCC_473\Debug\CyComponentLibrary.a(CSD_P4_SmartSense_v2_0.o)
                0x00001d90                TuneSensitivity_P4_v2_0
 .text.MeasureNoiseEnvelope_P4_v2_0
                0x00001e90      0x118 C:\Program Files (x86)\Cypress\PSoC Creator\3.0\PSoC Creator\psoc\content\cycomponentlibrary\CyComponentLibrary.cylib\CortexM0\ARM_GCC_473\Debug\CyComponentLibrary.a(CSD_P4_SmartSense_v2_0.o)
                0x00001e90                MeasureNoiseEnvelope_P4_v2_0
 .text.CalculateThresholds_P4_v2_0
                0x00001fa8       0x44 C:\Program Files (x86)\Cypress\PSoC Creator\3.0\PSoC Creator\psoc\content\cycomponentlibrary\CyComponentLibrary.cylib\CortexM0\ARM_GCC_473\Debug\CyComponentLibrary.a(CSD_P4_SmartSense_v2_0.o)
                0x00001fa8                CalculateThresholds_P4_v2_0
 .text          0x00001fec       0x9c c:/program files (x86)/cypress/psoc creator/3.0/psoc creator/import/gnu_cs/arm/4.7.3/bin/../lib/gcc/arm-none-eabi/4.7.3/armv6-m\libgcc.a(_udivsi3.o)
                0x00001fec                __aeabi_uidiv
                0x00001fec                __udivsi3
                0x00002074                __aeabi_uidivmod
 .text          0x00002088       0xc0 c:/program files (x86)/cypress/psoc creator/3.0/psoc creator/import/gnu_cs/arm/4.7.3/bin/../lib/gcc/arm-none-eabi/4.7.3/armv6-m\libgcc.a(_divsi3.o)
                0x00002088                __divsi3
                0x00002088                __aeabi_idiv
                0x00002134                __aeabi_idivmod
 .text          0x00002148        0x4 c:/program files (x86)/cypress/psoc creator/3.0/psoc creator/import/gnu_cs/arm/4.7.3/bin/../lib/gcc/arm-none-eabi/4.7.3/armv6-m\libgcc.a(_dvmd_tls.o)
                0x00002148                __aeabi_idiv0
                0x00002148                __aeabi_ldiv0
 .text.__libc_init_array
                0x0000214c       0x4c c:/program files (x86)/cypress/psoc creator/3.0/psoc creator/import/gnu_cs/arm/4.7.3/bin/../lib/gcc/arm-none-eabi/4.7.3/../../../../arm-none-eabi/lib/armv6-m\libc_s.a(lib_a-init.o)
                0x0000214c                __libc_init_array
 .text.memset   0x00002198       0x12 c:/program files (x86)/cypress/psoc creator/3.0/psoc creator/import/gnu_cs/arm/4.7.3/bin/../lib/gcc/arm-none-eabi/4.7.3/../../../../arm-none-eabi/lib/armv6-m\libc_s.a(lib_a-memset.o)
                0x00002198                memset
 *(.plt)
 *(.gnu.warning)
 *(.glue_7t)
 .glue_7t       0x00000000        0x0 linker stubs
 *(.glue_7)
 .glue_7        0x00000000        0x0 linker stubs
 *(.vfp11_veneer)
 .vfp11_veneer  0x00000000        0x0 linker stubs
 *(.bootloader)
 *(.ARM.extab* .gnu.linkonce.armextab.*)
 *(.gcc_except_table)

.v4_bx          0x000021ac        0x0
 .v4_bx         0x00000000        0x0 linker stubs

.iplt           0x000021ac        0x0
 .iplt          0x00000000        0x0 c:/program files (x86)/cypress/psoc creator/3.0/psoc creator/import/gnu_cs/arm/4.7.3/bin/../lib/gcc/arm-none-eabi/4.7.3/armv6-m/crtbegin.o

.eh_frame_hdr
 *(.eh_frame_hdr)

.eh_frame       0x000021ac        0x4
 *(.eh_frame)
 .eh_frame      0x000021ac        0x0 c:/program files (x86)/cypress/psoc creator/3.0/psoc creator/import/gnu_cs/arm/4.7.3/bin/../lib/gcc/arm-none-eabi/4.7.3/armv6-m/crtbegin.o
 .eh_frame      0x000021ac        0x4 c:/program files (x86)/cypress/psoc creator/3.0/psoc creator/import/gnu_cs/arm/4.7.3/bin/../lib/gcc/arm-none-eabi/4.7.3/armv6-m/crtend.o
                0x000021b0                PROVIDE (__exidx_start, .)

.ARM.exidx
 *(.ARM.exidx* .gnu.linkonce.armexidx.*)
                0x000021b0                __exidx_end = .

.rodata         0x000021b0      0x160
 *(.rodata .rodata.* .gnu.linkonce.r.*)
 .rodata        0x000021b0       0x6c .\CortexM0\ARM_GCC_473\Debug\CapSense_CSD_P4_Design01.a(cyfitter_cfg.o)
 .rodata        0x0000221c       0x68 .\CortexM0\ARM_GCC_473\Debug\CapSense_CSD_P4_Design01.a(CapSense_CSD.o)
                0x0000221c                CapSense_CSD_portTable
                0x00002224                CapSense_CSD_maskTable
                0x00002238                CapSense_CSD_pinShiftTbl
                0x00002240                CapSense_CSD_widgetNumber
                0x00002248                CapSense_CSD_prtSelTbl
                0x0000225c                CapSense_CSD_prtCfgTbl
                0x00002270                CapSense_CSD_prtDRTbl
 .rodata        0x00002284       0x10 .\CortexM0\ARM_GCC_473\Debug\CapSense_CSD_P4_Design01.a(CapSense_CSD_CSHL.o)
                0x00002284                CapSense_CSD_rawDataIndex
                0x00002288                CapSense_CSD_numberOfSensors
 .rodata        0x00002294       0x48 .\CortexM0\ARM_GCC_473\Debug\CapSense_CSD_P4_Design01.a(CapSense_CSD_SMS.o)
                0x00002294                prescalerTable
                0x000022a4                CapSense_CSD_configPointers
                0x000022dc                . = ALIGN (0x4)
 *(.init)
 .init          0x000022dc        0x4 c:/program files (x86)/cypress/psoc creator/3.0/psoc creator/import/gnu_cs/arm/4.7.3/bin/../lib/gcc/arm-none-eabi/4.7.3/armv6-m/crti.o
                0x000022dc                _init
 .init          0x000022e0        0x8 c:/program files (x86)/cypress/psoc creator/3.0/psoc creator/import/gnu_cs/arm/4.7.3/bin/../lib/gcc/arm-none-eabi/4.7.3/armv6-m/crtn.o
                0x000022e8                . = ALIGN (0x4)
                0x000022e8                __preinit_array_start = .
 *(.preinit_array)
                0x000022e8                __preinit_array_end = .
                0x000022e8                . = ALIGN (0x4)
                0x000022e8                __init_array_start = .
 *(SORT(.init_array.*))
 *(.init_array)
 .init_array    0x000022e8        0x4 c:/program files (x86)/cypress/psoc creator/3.0/psoc creator/import/gnu_cs/arm/4.7.3/bin/../lib/gcc/arm-none-eabi/4.7.3/armv6-m/crtbegin.o
 .init_array    0x000022ec        0x4 .\CortexM0\ARM_GCC_473\Debug\Cm0Start.o
                0x000022f0                __init_array_end = .
                0x000022f0                . = ALIGN (0x4)
 *(.fini)
 .fini          0x000022f0        0x4 c:/program files (x86)/cypress/psoc creator/3.0/psoc creator/import/gnu_cs/arm/4.7.3/bin/../lib/gcc/arm-none-eabi/4.7.3/armv6-m/crti.o
                0x000022f0                _fini
 .fini          0x000022f4        0x8 c:/program files (x86)/cypress/psoc creator/3.0/psoc creator/import/gnu_cs/arm/4.7.3/bin/../lib/gcc/arm-none-eabi/4.7.3/armv6-m/crtn.o
                0x000022fc                . = ALIGN (0x4)
                0x000022fc                __fini_array_start = .
 *(.fini_array)
 .fini_array    0x000022fc        0x4 c:/program files (x86)/cypress/psoc creator/3.0/psoc creator/import/gnu_cs/arm/4.7.3/bin/../lib/gcc/arm-none-eabi/4.7.3/armv6-m/crtbegin.o
 *(SORT(.fini_array.*))
                0x00002300                __fini_array_end = .
                0x00002300                . = ALIGN (0x4)
 *crtbegin.o(.ctors)
 *(EXCLUDE_FILE(*crtend.o) .ctors)
 *(SORT(.ctors.*))
 *crtend.o(.ctors)
                0x00002300                . = ALIGN (0x4)
 *crtbegin.o(.dtors)
 *(EXCLUDE_FILE(*crtend.o) .dtors)
 *(SORT(.dtors.*))
 *crtend.o(.dtors)
                0x00002300                . = ALIGN (0x4)
                0x00002300                __cy_regions = .
                0x00002300        0x4 LONG 0x2310 __cy_region_init_ram
                0x00002304        0x4 LONG 0x200000c8 __cy_region_start_data
                0x00002308        0x4 LONG 0x50 __cy_region_init_size_ram
                0x0000230c        0x4 LONG 0x108 __cy_region_zero_size_ram
                0x00002310                __cy_regions_end = .
                0x00002310                . = ALIGN (0x8)
                0x00002310                _etext = .

.ramvectors     0x20000000       0xc0
                0x20000000                __cy_region_start_ram = .
 *(.ramvectors)
 .ramvectors    0x20000000       0xc0 .\CortexM0\ARM_GCC_473\Debug\Cm0Start.o
                0x20000000                CyRamVectors

.noinit         0x200000c0        0x4
 *(.noinit)
 .noinit        0x200000c0        0x4 .\CortexM0\ARM_GCC_473\Debug\Cm0Start.o

.data           0x200000c8       0x50 load address 0x00002310
                0x200000c8                __cy_region_start_data = .
 *(.jcr)
 .jcr           0x200000c8        0x0 c:/program files (x86)/cypress/psoc creator/3.0/psoc creator/import/gnu_cs/arm/4.7.3/bin/../lib/gcc/arm-none-eabi/4.7.3/armv6-m/crtbegin.o
 .jcr           0x200000c8        0x4 c:/program files (x86)/cypress/psoc creator/3.0/psoc creator/import/gnu_cs/arm/4.7.3/bin/../lib/gcc/arm-none-eabi/4.7.3/armv6-m/crtend.o
 *(.got.plt)
 *(.got)
 *(.shdata)
 *(.data .data.* .gnu.linkonce.d.*)
 .data          0x200000cc        0x4 .\CortexM0\ARM_GCC_473\Debug\CapSense_CSD_P4_Design01.a(cyfitter_cfg.o)
 .data          0x200000d0       0x1c .\CortexM0\ARM_GCC_473\Debug\CapSense_CSD_P4_Design01.a(CapSense_CSD.o)
                0x200000d0                CapSense_CSD_sensorEnableMask
                0x200000d4                CapSense_CSD_pcTable
                0x200000e8                CapSense_CSD_widgetResolution
 .data          0x200000ec       0x10 .\CortexM0\ARM_GCC_473\Debug\CapSense_CSD_P4_Design01.a(CapSense_CSD_CSHL.o)
                0x200000ec                CapSense_CSD_lowBaselineReset
                0x200000f4                CapSense_CSD_debounce
 .data          0x200000fc        0x8 .\CortexM0\ARM_GCC_473\Debug\CapSense_CSD_P4_Design01.a(CapSense_CSD_SMS.o)
                0x200000fc                SMS_LIB_SensorSensitivity
 .data          0x20000104       0x10 .\CortexM0\ARM_GCC_473\Debug\CapSense_CSD_P4_Design01.a(CyLib.o)
                0x20000104                cydelayFreqHz
                0x20000108                cydelayFreqKhz
                0x2000010c                cydelayFreqMhz
                0x20000110                cydelay32kMs
                0x20000118                . = ALIGN (0x8)
 *fill*         0x20000114        0x4 00
 *(.ram)
                0x20000118                _edata = .

.igot.plt       0x20000118        0x0 load address 0x00002360
 .igot.plt      0x00000000        0x0 c:/program files (x86)/cypress/psoc creator/3.0/psoc creator/import/gnu_cs/arm/4.7.3/bin/../lib/gcc/arm-none-eabi/4.7.3/armv6-m/crtbegin.o

.bss            0x20000118      0x108 load address 0x00002360
                0x20000118                PROVIDE (__bss_start__, .)
 *(.shbss)
 *(.bss .bss.* .gnu.linkonce.b.*)
 .bss           0x20000118       0x1c c:/program files (x86)/cypress/psoc creator/3.0/psoc creator/import/gnu_cs/arm/4.7.3/bin/../lib/gcc/arm-none-eabi/4.7.3/armv6-m/crtbegin.o
 .bss           0x20000134       0x14 .\CortexM0\ARM_GCC_473\Debug\CapSense_CSD_P4_Design01.a(CapSense_CSD.o)
                0x20000134                CapSense_CSD_lowLevelTuningDone
                0x20000135                CapSense_CSD_prescalersTuningDone
                0x20000137                CapSense_CSD_csdStatusVar
                0x20000138                CapSense_CSD_sensorIndex
                0x2000013c                CapSense_CSD_sensorRaw
 .bss           0x20000148       0x28 .\CortexM0\ARM_GCC_473\Debug\CapSense_CSD_P4_Design01.a(CapSense_CSD_CSHL.o)
                0x20000148                CapSense_CSD_sensorBaseline
                0x20000154                CapSense_CSD_sensorBaselineLow
                0x2000015c                CapSense_CSD_sensorSignal
                0x20000164                CapSense_CSD_sensorOnMask
 .bss           0x20000170        0x1 .\CortexM0\ARM_GCC_473\Debug\CapSense_CSD_P4_Design01.a(CapSense_CSD_INT.o)
 .bss           0x20000171        0x1 .\CortexM0\ARM_GCC_473\Debug\CapSense_CSD_P4_Design01.a(LED_CONTROL.o)
                0x20000171                LED_CONTROL_initVar
 *(COMMON)
 COMMON         0x20000172        0x4 .\CortexM0\ARM_GCC_473\Debug\main.o
                0x20000172                curPos
                0x20000174                oldPos
 *fill*         0x20000176        0x2 00
 COMMON         0x20000178       0x2d .\CortexM0\ARM_GCC_473\Debug\CapSense_CSD_P4_Design01.a(CapSense_CSD.o)
                0x20000178                CapSense_CSD_csdTrim1
                0x2000017c                CapSense_CSD_compensationIDAC
                0x20000184                CapSense_CSD_senseClkDividerVal
                0x2000018c                CapSense_CSD_sensorEnableMaskBackup
                0x20000190                CapSense_CSD_unscannedSnsDriveMode
                0x20000198                CapSense_CSD_modulationIDAC
                0x200001a0                CapSense_CSD_sampleClkDividerVal
 *fill*         0x200001a5        0x3 00
 COMMON         0x200001a8       0x21 .\CortexM0\ARM_GCC_473\Debug\CapSense_CSD_P4_Design01.a(CapSense_CSD_CSHL.o)
                0x200001a8                CapSense_CSD_fingerThreshold
                0x200001ac                CapSense_CSD_negativeNoiseThreshold
                0x200001b0                CapSense_CSD_hysteresis
                0x200001b4                CapSense_CSD_rawFilterData1
                0x200001c0                CapSense_CSD_noiseThreshold
                0x200001c4                CapSense_CSD_lowBaselineResetCnt
 *fill*         0x200001c9        0x3 00
 COMMON         0x200001cc       0x51 .\CortexM0\ARM_GCC_473\Debug\CapSense_CSD_P4_Design01.a(CapSense_CSD_SMS.o)
                0x200001cc                signRegisterTbl
                0x200001d4                runningDifferenceTbl
                0x200001dc                CapSense_CSD_config
                0x200001e8                sampleMinTbl
                0x200001f4                scanSpeedTbl
                0x200001f8                previousSampleTbl
                0x20000204                kValueTbl
                0x2000020c                sampleMaxTbl
                0x20000218                noiseEnvelopeTbl
                0x20000220                . = ALIGN (0x8)
 *fill*         0x2000021d        0x3 00
 *(.ram.b)
                0x20000220                _end = .
                0x20000220                __end = .
                0x20000220                PROVIDE (end, .)
                0x20000220                PROVIDE (__bss_end__, .)
                0x00002310                __cy_region_init_ram = LOADADDR (.data)
                0x00000050                __cy_region_init_size_ram = (_edata - ADDR (.data))
                0x00000108                __cy_region_zero_size_ram = (_end - _edata)

.heap           0x20000220      0x100 load address 0x00002360
                0x20000220                . = _end
                0x20000320                . = (. + 0x100)
 *fill*         0x20000220      0x100 00
                0x20000320                __cy_heap_limit = .

.stack          0x20000c00      0x400
                0x20000c00                __cy_stack_limit = .
                0x20001000                . = (. + 0x400)
 *fill*         0x20000c00      0x400 00
                0x00000001                ASSERT ((__cy_stack_limit >= __cy_heap_limit), region RAM overflowed with stack)

.cyloadermeta
 *(.cyloadermeta)

.cyloadablemeta
 *(.cyloadablemeta)

.cyflashprotect
                0x90400000       0x20
 *(.cyflashprotect)
 .cyflashprotect
                0x90400000       0x20 .\CortexM0\ARM_GCC_473\Debug\cymetadata.o
                0x90400000                cy_meta_flashprotect

.cymeta         0x90500000        0xc
 *(.cymeta)
 .cymeta        0x90500000        0xc .\CortexM0\ARM_GCC_473\Debug\cymetadata.o
                0x90500000                cy_metadata

.cychipprotect  0x90600000        0x4
 *(.cychipprotect)
 .cychipprotect
                0x90600000        0x4 .\CortexM0\ARM_GCC_473\Debug\cymetadata.o
                0x90600000                cy_meta_chipprotect

.rel.dyn        0x00002360        0x0 load address 0x90600004
 .rel.iplt      0x00000000        0x0 c:/program files (x86)/cypress/psoc creator/3.0/psoc creator/import/gnu_cs/arm/4.7.3/bin/../lib/gcc/arm-none-eabi/4.7.3/armv6-m/crtbegin.o

.stab
 *(.stab)

.stabstr
 *(.stabstr)

.debug
 *(.debug)

.line
 *(.line)

.debug_srcinfo
 *(.debug_srcinfo)

.debug_sfnames
 *(.debug_sfnames)

.debug_aranges  0x00000000      0x7d0
 *(.debug_aranges)
 .debug_aranges
                0x00000000       0x28 .\CortexM0\ARM_GCC_473\Debug\main.o
 .debug_aranges
                0x00000028       0x18 .\CortexM0\ARM_GCC_473\Debug\cymetadata.o
 .debug_aranges
                0x00000040       0x40 .\CortexM0\ARM_GCC_473\Debug\Cm0Start.o
 .debug_aranges
                0x00000080       0x60 .\CortexM0\ARM_GCC_473\Debug\CapSense_CSD_P4_Design01.a(cyfitter_cfg.o)
 .debug_aranges
                0x000000e0      0x150 .\CortexM0\ARM_GCC_473\Debug\CapSense_CSD_P4_Design01.a(CapSense_CSD.o)
 .debug_aranges
                0x00000230      0x138 .\CortexM0\ARM_GCC_473\Debug\CapSense_CSD_P4_Design01.a(CapSense_CSD_CSHL.o)
 .debug_aranges
                0x00000368       0x20 .\CortexM0\ARM_GCC_473\Debug\CapSense_CSD_P4_Design01.a(CapSense_CSD_INT.o)
 .debug_aranges
                0x00000388       0x68 .\CortexM0\ARM_GCC_473\Debug\CapSense_CSD_P4_Design01.a(CapSense_CSD_SMS.o)
 .debug_aranges
                0x000003f0      0x158 .\CortexM0\ARM_GCC_473\Debug\CapSense_CSD_P4_Design01.a(LED_CONTROL.o)
 .debug_aranges
                0x00000548       0x40 .\CortexM0\ARM_GCC_473\Debug\CapSense_CSD_P4_Design01.a(CapSense_CSD_SampleClk.o)
 .debug_aranges
                0x00000588       0x40 .\CortexM0\ARM_GCC_473\Debug\CapSense_CSD_P4_Design01.a(CapSense_CSD_SenseClk.o)
 .debug_aranges
                0x000005c8       0x20 .\CortexM0\ARM_GCC_473\Debug\CapSense_CSD_P4_Design01.a(CyBootAsmGnu.o)
 .debug_aranges
                0x000005e8      0x1a0 .\CortexM0\ARM_GCC_473\Debug\CapSense_CSD_P4_Design01.a(CyLib.o)
 .debug_aranges
                0x00000788       0x48 C:\Program Files (x86)\Cypress\PSoC Creator\3.0\PSoC Creator\psoc\content\cycomponentlibrary\CyComponentLibrary.cylib\CortexM0\ARM_GCC_473\Debug\CyComponentLibrary.a(CSD_P4_SmartSense_v2_0.o)

.debug_pubnames
 *(.debug_pubnames)

.debug_info     0x00000000     0x4841
 *(.debug_info .gnu.linkonce.wi.*)
 .debug_info    0x00000000       0xf5 .\CortexM0\ARM_GCC_473\Debug\main.o
 .debug_info    0x000000f5      0x100 .\CortexM0\ARM_GCC_473\Debug\cymetadata.o
 .debug_info    0x000001f5      0x2c0 .\CortexM0\ARM_GCC_473\Debug\Cm0Start.o
 .debug_info    0x000004b5      0x4af .\CortexM0\ARM_GCC_473\Debug\CapSense_CSD_P4_Design01.a(cyfitter_cfg.o)
 .debug_info    0x00000964      0xc30 .\CortexM0\ARM_GCC_473\Debug\CapSense_CSD_P4_Design01.a(CapSense_CSD.o)
 .debug_info    0x00001594      0xe5a .\CortexM0\ARM_GCC_473\Debug\CapSense_CSD_P4_Design01.a(CapSense_CSD_CSHL.o)
 .debug_info    0x000023ee      0x122 .\CortexM0\ARM_GCC_473\Debug\CapSense_CSD_P4_Design01.a(CapSense_CSD_INT.o)
 .debug_info    0x00002510      0x6db .\CortexM0\ARM_GCC_473\Debug\CapSense_CSD_P4_Design01.a(CapSense_CSD_SMS.o)
 .debug_info    0x00002beb      0x7be .\CortexM0\ARM_GCC_473\Debug\CapSense_CSD_P4_Design01.a(LED_CONTROL.o)
 .debug_info    0x000033a9      0x169 .\CortexM0\ARM_GCC_473\Debug\CapSense_CSD_P4_Design01.a(CapSense_CSD_SampleClk.o)
 .debug_info    0x00003512      0x169 .\CortexM0\ARM_GCC_473\Debug\CapSense_CSD_P4_Design01.a(CapSense_CSD_SenseClk.o)
 .debug_info    0x0000367b       0xb6 .\CortexM0\ARM_GCC_473\Debug\CapSense_CSD_P4_Design01.a(CyBootAsmGnu.o)
 .debug_info    0x00003731      0xac5 .\CortexM0\ARM_GCC_473\Debug\CapSense_CSD_P4_Design01.a(CyLib.o)
 .debug_info    0x000041f6      0x64b C:\Program Files (x86)\Cypress\PSoC Creator\3.0\PSoC Creator\psoc\content\cycomponentlibrary\CyComponentLibrary.cylib\CortexM0\ARM_GCC_473\Debug\CyComponentLibrary.a(CSD_P4_SmartSense_v2_0.o)

.debug_abbrev   0x00000000      0xe71
 *(.debug_abbrev)
 .debug_abbrev  0x00000000       0x7a .\CortexM0\ARM_GCC_473\Debug\main.o
 .debug_abbrev  0x0000007a       0x5d .\CortexM0\ARM_GCC_473\Debug\cymetadata.o
 .debug_abbrev  0x000000d7      0x164 .\CortexM0\ARM_GCC_473\Debug\Cm0Start.o
 .debug_abbrev  0x0000023b      0x1b5 .\CortexM0\ARM_GCC_473\Debug\CapSense_CSD_P4_Design01.a(cyfitter_cfg.o)
 .debug_abbrev  0x000003f0      0x16e .\CortexM0\ARM_GCC_473\Debug\CapSense_CSD_P4_Design01.a(CapSense_CSD.o)
 .debug_abbrev  0x0000055e      0x194 .\CortexM0\ARM_GCC_473\Debug\CapSense_CSD_P4_Design01.a(CapSense_CSD_CSHL.o)
 .debug_abbrev  0x000006f2       0x86 .\CortexM0\ARM_GCC_473\Debug\CapSense_CSD_P4_Design01.a(CapSense_CSD_INT.o)
 .debug_abbrev  0x00000778      0x195 .\CortexM0\ARM_GCC_473\Debug\CapSense_CSD_P4_Design01.a(CapSense_CSD_SMS.o)
 .debug_abbrev  0x0000090d       0xfe .\CortexM0\ARM_GCC_473\Debug\CapSense_CSD_P4_Design01.a(LED_CONTROL.o)
 .debug_abbrev  0x00000a0b       0xaa .\CortexM0\ARM_GCC_473\Debug\CapSense_CSD_P4_Design01.a(CapSense_CSD_SampleClk.o)
 .debug_abbrev  0x00000ab5       0xaa .\CortexM0\ARM_GCC_473\Debug\CapSense_CSD_P4_Design01.a(CapSense_CSD_SenseClk.o)
 .debug_abbrev  0x00000b5f       0x14 .\CortexM0\ARM_GCC_473\Debug\CapSense_CSD_P4_Design01.a(CyBootAsmGnu.o)
 .debug_abbrev  0x00000b73      0x1a2 .\CortexM0\ARM_GCC_473\Debug\CapSense_CSD_P4_Design01.a(CyLib.o)
 .debug_abbrev  0x00000d15      0x15c C:\Program Files (x86)\Cypress\PSoC Creator\3.0\PSoC Creator\psoc\content\cycomponentlibrary\CyComponentLibrary.cylib\CortexM0\ARM_GCC_473\Debug\CyComponentLibrary.a(CSD_P4_SmartSense_v2_0.o)

.debug_line     0x00000000     0x1bd0
 *(.debug_line)
 .debug_line    0x00000000       0x86 .\CortexM0\ARM_GCC_473\Debug\main.o
 .debug_line    0x00000086       0x53 .\CortexM0\ARM_GCC_473\Debug\cymetadata.o
 .debug_line    0x000000d9      0x19b .\CortexM0\ARM_GCC_473\Debug\Cm0Start.o
 .debug_line    0x00000274      0x1d8 .\CortexM0\ARM_GCC_473\Debug\CapSense_CSD_P4_Design01.a(cyfitter_cfg.o)
 .debug_line    0x0000044c      0x472 .\CortexM0\ARM_GCC_473\Debug\CapSense_CSD_P4_Design01.a(CapSense_CSD.o)
 .debug_line    0x000008be      0x460 .\CortexM0\ARM_GCC_473\Debug\CapSense_CSD_P4_Design01.a(CapSense_CSD_CSHL.o)
 .debug_line    0x00000d1e       0x84 .\CortexM0\ARM_GCC_473\Debug\CapSense_CSD_P4_Design01.a(CapSense_CSD_INT.o)
 .debug_line    0x00000da2      0x1c2 .\CortexM0\ARM_GCC_473\Debug\CapSense_CSD_P4_Design01.a(CapSense_CSD_SMS.o)
 .debug_line    0x00000f64      0x380 .\CortexM0\ARM_GCC_473\Debug\CapSense_CSD_P4_Design01.a(LED_CONTROL.o)
 .debug_line    0x000012e4       0xbf .\CortexM0\ARM_GCC_473\Debug\CapSense_CSD_P4_Design01.a(CapSense_CSD_SampleClk.o)
 .debug_line    0x000013a3       0xbe .\CortexM0\ARM_GCC_473\Debug\CapSense_CSD_P4_Design01.a(CapSense_CSD_SenseClk.o)
 .debug_line    0x00001461       0x68 .\CortexM0\ARM_GCC_473\Debug\CapSense_CSD_P4_Design01.a(CyBootAsmGnu.o)
 .debug_line    0x000014c9      0x541 .\CortexM0\ARM_GCC_473\Debug\CapSense_CSD_P4_Design01.a(CyLib.o)
 .debug_line    0x00001a0a      0x1c6 C:\Program Files (x86)\Cypress\PSoC Creator\3.0\PSoC Creator\psoc\content\cycomponentlibrary\CyComponentLibrary.cylib\CortexM0\ARM_GCC_473\Debug\CyComponentLibrary.a(CSD_P4_SmartSense_v2_0.o)

.debug_frame    0x00000000     0x1bd0
 *(.debug_frame)
 .debug_frame   0x00000000       0x48 .\CortexM0\ARM_GCC_473\Debug\main.o
 .debug_frame   0x00000048       0xa8 .\CortexM0\ARM_GCC_473\Debug\Cm0Start.o
 .debug_frame   0x000000f0      0x128 .\CortexM0\ARM_GCC_473\Debug\CapSense_CSD_P4_Design01.a(cyfitter_cfg.o)
 .debug_frame   0x00000218      0x4e8 .\CortexM0\ARM_GCC_473\Debug\CapSense_CSD_P4_Design01.a(CapSense_CSD.o)
 .debug_frame   0x00000700      0x4a0 .\CortexM0\ARM_GCC_473\Debug\CapSense_CSD_P4_Design01.a(CapSense_CSD_CSHL.o)
 .debug_frame   0x00000ba0       0x2c .\CortexM0\ARM_GCC_473\Debug\CapSense_CSD_P4_Design01.a(CapSense_CSD_INT.o)
 .debug_frame   0x00000bcc      0x150 .\CortexM0\ARM_GCC_473\Debug\CapSense_CSD_P4_Design01.a(CapSense_CSD_SMS.o)
 .debug_frame   0x00000d1c      0x52c .\CortexM0\ARM_GCC_473\Debug\CapSense_CSD_P4_Design01.a(LED_CONTROL.o)
 .debug_frame   0x00001248       0xa0 .\CortexM0\ARM_GCC_473\Debug\CapSense_CSD_P4_Design01.a(CapSense_CSD_SampleClk.o)
 .debug_frame   0x000012e8       0xa0 .\CortexM0\ARM_GCC_473\Debug\CapSense_CSD_P4_Design01.a(CapSense_CSD_SenseClk.o)
 .debug_frame   0x00001388      0x628 .\CortexM0\ARM_GCC_473\Debug\CapSense_CSD_P4_Design01.a(CyLib.o)
 .debug_frame   0x000019b0       0xe8 C:\Program Files (x86)\Cypress\PSoC Creator\3.0\PSoC Creator\psoc\content\cycomponentlibrary\CyComponentLibrary.cylib\CortexM0\ARM_GCC_473\Debug\CyComponentLibrary.a(CSD_P4_SmartSense_v2_0.o)
 .debug_frame   0x00001a98       0x20 c:/program files (x86)/cypress/psoc creator/3.0/psoc creator/import/gnu_cs/arm/4.7.3/bin/../lib/gcc/arm-none-eabi/4.7.3/armv6-m\libgcc.a(_udivsi3.o)
 .debug_frame   0x00001ab8       0x20 c:/program files (x86)/cypress/psoc creator/3.0/psoc creator/import/gnu_cs/arm/4.7.3/bin/../lib/gcc/arm-none-eabi/4.7.3/armv6-m\libgcc.a(_divsi3.o)
 .debug_frame   0x00001ad8       0x28 c:/program files (x86)/cypress/psoc creator/3.0/psoc creator/import/gnu_cs/arm/4.7.3/bin/../lib/gcc/arm-none-eabi/4.7.3/../../../../arm-none-eabi/lib/armv6-m\libc_s.a(lib_a-__atexit2.o)
 .debug_frame   0x00001b00       0x28 c:/program files (x86)/cypress/psoc creator/3.0/psoc creator/import/gnu_cs/arm/4.7.3/bin/../lib/gcc/arm-none-eabi/4.7.3/../../../../arm-none-eabi/lib/armv6-m\libc_s.a(lib_a-exit.o)
 .debug_frame   0x00001b28       0x2c c:/program files (x86)/cypress/psoc creator/3.0/psoc creator/import/gnu_cs/arm/4.7.3/bin/../lib/gcc/arm-none-eabi/4.7.3/../../../../arm-none-eabi/lib/armv6-m\libc_s.a(lib_a-fini.o)
 .debug_frame   0x00001b54       0x2c c:/program files (x86)/cypress/psoc creator/3.0/psoc creator/import/gnu_cs/arm/4.7.3/bin/../lib/gcc/arm-none-eabi/4.7.3/../../../../arm-none-eabi/lib/armv6-m\libc_s.a(lib_a-init.o)
 .debug_frame   0x00001b80       0x28 c:/program files (x86)/cypress/psoc creator/3.0/psoc creator/import/gnu_cs/arm/4.7.3/bin/../lib/gcc/arm-none-eabi/4.7.3/../../../../arm-none-eabi/lib/armv6-m\libc_s.a(lib_a-memcpy.o)
 .debug_frame   0x00001ba8       0x28 c:/program files (x86)/cypress/psoc creator/3.0/psoc creator/import/gnu_cs/arm/4.7.3/bin/../lib/gcc/arm-none-eabi/4.7.3/../../../../arm-none-eabi/lib/armv6-m\libc_s.a(lib_a-memset.o)

.debug_str      0x00000000     0x26aa
 *(.debug_str)
 .debug_str     0x00000000      0x155 .\CortexM0\ARM_GCC_473\Debug\main.o
                                0x18e (size before relaxing)
 .debug_str     0x00000155       0x61 .\CortexM0\ARM_GCC_473\Debug\cymetadata.o
                                0x1af (size before relaxing)
 .debug_str     0x000001b6      0x110 .\CortexM0\ARM_GCC_473\Debug\Cm0Start.o
                                0x278 (size before relaxing)
 .debug_str     0x000002c6      0x1c0 .\CortexM0\ARM_GCC_473\Debug\CapSense_CSD_P4_Design01.a(cyfitter_cfg.o)
                                0x35e (size before relaxing)
 .debug_str     0x00000486      0x882 .\CortexM0\ARM_GCC_473\Debug\CapSense_CSD_P4_Design01.a(CapSense_CSD.o)
                                0xa02 (size before relaxing)
 .debug_str     0x00000d08      0x87e .\CortexM0\ARM_GCC_473\Debug\CapSense_CSD_P4_Design01.a(CapSense_CSD_CSHL.o)
                                0xb0b (size before relaxing)
 .debug_str     0x00001586       0x56 .\CortexM0\ARM_GCC_473\Debug\CapSense_CSD_P4_Design01.a(CapSense_CSD_INT.o)
                                0x22c (size before relaxing)
 .debug_str     0x000015dc      0x26a .\CortexM0\ARM_GCC_473\Debug\CapSense_CSD_P4_Design01.a(CapSense_CSD_SMS.o)
                                0x75e (size before relaxing)
 .debug_str     0x00001846      0x4ee .\CortexM0\ARM_GCC_473\Debug\CapSense_CSD_P4_Design01.a(LED_CONTROL.o)
                                0x655 (size before relaxing)
 .debug_str     0x00001d34      0x125 .\CortexM0\ARM_GCC_473\Debug\CapSense_CSD_P4_Design01.a(CapSense_CSD_SampleClk.o)
                                0x284 (size before relaxing)
 .debug_str     0x00001e59       0xf7 .\CortexM0\ARM_GCC_473\Debug\CapSense_CSD_P4_Design01.a(CapSense_CSD_SenseClk.o)
                                0x27e (size before relaxing)
 .debug_str     0x00001f50      0x4d5 .\CortexM0\ARM_GCC_473\Debug\CapSense_CSD_P4_Design01.a(CyLib.o)
                                0x68b (size before relaxing)
 .debug_str     0x00002425      0x285 C:\Program Files (x86)\Cypress\PSoC Creator\3.0\PSoC Creator\psoc\content\cycomponentlibrary\CyComponentLibrary.cylib\CortexM0\ARM_GCC_473\Debug\CyComponentLibrary.a(CSD_P4_SmartSense_v2_0.o)
                                0x51f (size before relaxing)

.debug_loc      0x00000000     0x3168
 *(.debug_loc)
 .debug_loc     0x00000000       0x58 .\CortexM0\ARM_GCC_473\Debug\main.o
 .debug_loc     0x00000058      0x100 .\CortexM0\ARM_GCC_473\Debug\Cm0Start.o
 .debug_loc     0x00000158      0x1e0 .\CortexM0\ARM_GCC_473\Debug\CapSense_CSD_P4_Design01.a(cyfitter_cfg.o)
 .debug_loc     0x00000338      0x840 .\CortexM0\ARM_GCC_473\Debug\CapSense_CSD_P4_Design01.a(CapSense_CSD.o)
 .debug_loc     0x00000b78      0x7e0 .\CortexM0\ARM_GCC_473\Debug\CapSense_CSD_P4_Design01.a(CapSense_CSD_CSHL.o)
 .debug_loc     0x00001358       0x2c .\CortexM0\ARM_GCC_473\Debug\CapSense_CSD_P4_Design01.a(CapSense_CSD_INT.o)
 .debug_loc     0x00001384      0x224 .\CortexM0\ARM_GCC_473\Debug\CapSense_CSD_P4_Design01.a(CapSense_CSD_SMS.o)
 .debug_loc     0x000015a8      0x830 .\CortexM0\ARM_GCC_473\Debug\CapSense_CSD_P4_Design01.a(LED_CONTROL.o)
 .debug_loc     0x00001dd8       0xe8 .\CortexM0\ARM_GCC_473\Debug\CapSense_CSD_P4_Design01.a(CapSense_CSD_SampleClk.o)
 .debug_loc     0x00001ec0       0xe8 .\CortexM0\ARM_GCC_473\Debug\CapSense_CSD_P4_Design01.a(CapSense_CSD_SenseClk.o)
 .debug_loc     0x00001fa8      0xa34 .\CortexM0\ARM_GCC_473\Debug\CapSense_CSD_P4_Design01.a(CyLib.o)
 .debug_loc     0x000029dc      0x78c C:\Program Files (x86)\Cypress\PSoC Creator\3.0\PSoC Creator\psoc\content\cycomponentlibrary\CyComponentLibrary.cylib\CortexM0\ARM_GCC_473\Debug\CyComponentLibrary.a(CSD_P4_SmartSense_v2_0.o)

.debug_macinfo
 *(.debug_macinfo)

.debug_ranges   0x00000000      0x6d8
 *(.debug_ranges)
 .debug_ranges  0x00000000       0x18 .\CortexM0\ARM_GCC_473\Debug\main.o
 .debug_ranges  0x00000018       0x30 .\CortexM0\ARM_GCC_473\Debug\Cm0Start.o
 .debug_ranges  0x00000048       0x50 .\CortexM0\ARM_GCC_473\Debug\CapSense_CSD_P4_Design01.a(cyfitter_cfg.o)
 .debug_ranges  0x00000098      0x140 .\CortexM0\ARM_GCC_473\Debug\CapSense_CSD_P4_Design01.a(CapSense_CSD.o)
 .debug_ranges  0x000001d8      0x128 .\CortexM0\ARM_GCC_473\Debug\CapSense_CSD_P4_Design01.a(CapSense_CSD_CSHL.o)
 .debug_ranges  0x00000300       0x10 .\CortexM0\ARM_GCC_473\Debug\CapSense_CSD_P4_Design01.a(CapSense_CSD_INT.o)
 .debug_ranges  0x00000310       0x58 .\CortexM0\ARM_GCC_473\Debug\CapSense_CSD_P4_Design01.a(CapSense_CSD_SMS.o)
 .debug_ranges  0x00000368      0x148 .\CortexM0\ARM_GCC_473\Debug\CapSense_CSD_P4_Design01.a(LED_CONTROL.o)
 .debug_ranges  0x000004b0       0x30 .\CortexM0\ARM_GCC_473\Debug\CapSense_CSD_P4_Design01.a(CapSense_CSD_SampleClk.o)
 .debug_ranges  0x000004e0       0x30 .\CortexM0\ARM_GCC_473\Debug\CapSense_CSD_P4_Design01.a(CapSense_CSD_SenseClk.o)
 .debug_ranges  0x00000510      0x190 .\CortexM0\ARM_GCC_473\Debug\CapSense_CSD_P4_Design01.a(CyLib.o)
 .debug_ranges  0x000006a0       0x38 C:\Program Files (x86)\Cypress\PSoC Creator\3.0\PSoC Creator\psoc\content\cycomponentlibrary\CyComponentLibrary.cylib\CortexM0\ARM_GCC_473\Debug\CyComponentLibrary.a(CSD_P4_SmartSense_v2_0.o)

.comment        0x00000000       0x70
 .comment       0x00000000       0x70 .\CortexM0\ARM_GCC_473\Debug\main.o
                                 0x71 (size before relaxing)
 .comment       0x00000000       0x71 .\CortexM0\ARM_GCC_473\Debug\cymetadata.o
 .comment       0x00000000       0x71 .\CortexM0\ARM_GCC_473\Debug\Cm0Start.o
 .comment       0x00000000       0x71 .\CortexM0\ARM_GCC_473\Debug\CapSense_CSD_P4_Design01.a(cyfitter_cfg.o)
 .comment       0x00000000       0x71 .\CortexM0\ARM_GCC_473\Debug\CapSense_CSD_P4_Design01.a(CapSense_CSD.o)
 .comment       0x00000000       0x71 .\CortexM0\ARM_GCC_473\Debug\CapSense_CSD_P4_Design01.a(CapSense_CSD_CSHL.o)
 .comment       0x00000000       0x71 .\CortexM0\ARM_GCC_473\Debug\CapSense_CSD_P4_Design01.a(CapSense_CSD_INT.o)
 .comment       0x00000000       0x71 .\CortexM0\ARM_GCC_473\Debug\CapSense_CSD_P4_Design01.a(CapSense_CSD_SMS.o)
 .comment       0x00000000       0x71 .\CortexM0\ARM_GCC_473\Debug\CapSense_CSD_P4_Design01.a(LED_CONTROL.o)
 .comment       0x00000000       0x71 .\CortexM0\ARM_GCC_473\Debug\CapSense_CSD_P4_Design01.a(CapSense_CSD_SampleClk.o)
 .comment       0x00000000       0x71 .\CortexM0\ARM_GCC_473\Debug\CapSense_CSD_P4_Design01.a(CapSense_CSD_SenseClk.o)
 .comment       0x00000000       0x71 .\CortexM0\ARM_GCC_473\Debug\CapSense_CSD_P4_Design01.a(CyLib.o)
 .comment       0x00000000       0x71 C:\Program Files (x86)\Cypress\PSoC Creator\3.0\PSoC Creator\psoc\content\cycomponentlibrary\CyComponentLibrary.cylib\CortexM0\ARM_GCC_473\Debug\CyComponentLibrary.a(CSD_P4_SmartSense_v2_0.o)

.debug_weaknames
 *(.debug_weaknames)

.debug_funcnames
 *(.debug_funcnames)

.debug_typenames
 *(.debug_typenames)

.debug_varnames
 *(.debug_varnames)

.note.gnu.arm.ident
 *(.note.gnu.arm.ident)

.ARM.attributes
                0x00000000       0x28
 *(.ARM.attributes)
 .ARM.attributes
                0x00000000       0x1e c:/program files (x86)/cypress/psoc creator/3.0/psoc creator/import/gnu_cs/arm/4.7.3/bin/../lib/gcc/arm-none-eabi/4.7.3/armv6-m/crti.o
 .ARM.attributes
                0x0000001e       0x2c c:/program files (x86)/cypress/psoc creator/3.0/psoc creator/import/gnu_cs/arm/4.7.3/bin/../lib/gcc/arm-none-eabi/4.7.3/armv6-m/crtbegin.o
 .ARM.attributes
                0x0000004a       0x1c c:/program files (x86)/cypress/psoc creator/3.0/psoc creator/import/gnu_cs/arm/4.7.3/bin/../lib/gcc/arm-none-eabi/4.7.3/../../../../arm-none-eabi/lib/armv6-m/crt0.o
 .ARM.attributes
                0x00000066       0x31 .\CortexM0\ARM_GCC_473\Debug\main.o
 .ARM.attributes
                0x00000097       0x31 .\CortexM0\ARM_GCC_473\Debug\cymetadata.o
 .ARM.attributes
                0x000000c8       0x31 .\CortexM0\ARM_GCC_473\Debug\Cm0Start.o
 .ARM.attributes
                0x000000f9       0x31 .\CortexM0\ARM_GCC_473\Debug\CapSense_CSD_P4_Design01.a(cyfitter_cfg.o)
 .ARM.attributes
                0x0000012a       0x31 .\CortexM0\ARM_GCC_473\Debug\CapSense_CSD_P4_Design01.a(CapSense_CSD.o)
 .ARM.attributes
                0x0000015b       0x31 .\CortexM0\ARM_GCC_473\Debug\CapSense_CSD_P4_Design01.a(CapSense_CSD_CSHL.o)
 .ARM.attributes
                0x0000018c       0x31 .\CortexM0\ARM_GCC_473\Debug\CapSense_CSD_P4_Design01.a(CapSense_CSD_INT.o)
 .ARM.attributes
                0x000001bd       0x31 .\CortexM0\ARM_GCC_473\Debug\CapSense_CSD_P4_Design01.a(CapSense_CSD_SMS.o)
 .ARM.attributes
                0x000001ee       0x31 .\CortexM0\ARM_GCC_473\Debug\CapSense_CSD_P4_Design01.a(LED_CONTROL.o)
 .ARM.attributes
                0x0000021f       0x31 .\CortexM0\ARM_GCC_473\Debug\CapSense_CSD_P4_Design01.a(CapSense_CSD_SampleClk.o)
 .ARM.attributes
                0x00000250       0x31 .\CortexM0\ARM_GCC_473\Debug\CapSense_CSD_P4_Design01.a(CapSense_CSD_SenseClk.o)
 .ARM.attributes
                0x00000281       0x21 .\CortexM0\ARM_GCC_473\Debug\CapSense_CSD_P4_Design01.a(CyBootAsmGnu.o)
 .ARM.attributes
                0x000002a2       0x31 .\CortexM0\ARM_GCC_473\Debug\CapSense_CSD_P4_Design01.a(CyLib.o)
 .ARM.attributes
                0x000002d3       0x31 C:\Program Files (x86)\Cypress\PSoC Creator\3.0\PSoC Creator\psoc\content\cycomponentlibrary\CyComponentLibrary.cylib\CortexM0\ARM_GCC_473\Debug\CyComponentLibrary.a(CSD_P4_SmartSense_v2_0.o)
 .ARM.attributes
                0x00000304       0x1e c:/program files (x86)/cypress/psoc creator/3.0/psoc creator/import/gnu_cs/arm/4.7.3/bin/../lib/gcc/arm-none-eabi/4.7.3/armv6-m\libgcc.a(_udivsi3.o)
 .ARM.attributes
                0x00000322       0x1e c:/program files (x86)/cypress/psoc creator/3.0/psoc creator/import/gnu_cs/arm/4.7.3/bin/../lib/gcc/arm-none-eabi/4.7.3/armv6-m\libgcc.a(_divsi3.o)
 .ARM.attributes
                0x00000340       0x1e c:/program files (x86)/cypress/psoc creator/3.0/psoc creator/import/gnu_cs/arm/4.7.3/bin/../lib/gcc/arm-none-eabi/4.7.3/armv6-m\libgcc.a(_dvmd_tls.o)
 .ARM.attributes
                0x0000035e       0x2c c:/program files (x86)/cypress/psoc creator/3.0/psoc creator/import/gnu_cs/arm/4.7.3/bin/../lib/gcc/arm-none-eabi/4.7.3/../../../../arm-none-eabi/lib/armv6-m\libc_s.a(lib_a-__atexit2.o)
 .ARM.attributes
                0x0000038a       0x2c c:/program files (x86)/cypress/psoc creator/3.0/psoc creator/import/gnu_cs/arm/4.7.3/bin/../lib/gcc/arm-none-eabi/4.7.3/../../../../arm-none-eabi/lib/armv6-m\libc_s.a(lib_a-exit.o)
 .ARM.attributes
                0x000003b6       0x2c c:/program files (x86)/cypress/psoc creator/3.0/psoc creator/import/gnu_cs/arm/4.7.3/bin/../lib/gcc/arm-none-eabi/4.7.3/../../../../arm-none-eabi/lib/armv6-m\libc_s.a(lib_a-fini.o)
 .ARM.attributes
                0x000003e2       0x2c c:/program files (x86)/cypress/psoc creator/3.0/psoc creator/import/gnu_cs/arm/4.7.3/bin/../lib/gcc/arm-none-eabi/4.7.3/../../../../arm-none-eabi/lib/armv6-m\libc_s.a(lib_a-impure.o)
 .ARM.attributes
                0x0000040e       0x2c c:/program files (x86)/cypress/psoc creator/3.0/psoc creator/import/gnu_cs/arm/4.7.3/bin/../lib/gcc/arm-none-eabi/4.7.3/../../../../arm-none-eabi/lib/armv6-m\libc_s.a(lib_a-init.o)
 .ARM.attributes
                0x0000043a       0x2c c:/program files (x86)/cypress/psoc creator/3.0/psoc creator/import/gnu_cs/arm/4.7.3/bin/../lib/gcc/arm-none-eabi/4.7.3/../../../../arm-none-eabi/lib/armv6-m\libc_s.a(lib_a-memcpy.o)
 .ARM.attributes
                0x00000466       0x2c c:/program files (x86)/cypress/psoc creator/3.0/psoc creator/import/gnu_cs/arm/4.7.3/bin/../lib/gcc/arm-none-eabi/4.7.3/../../../../arm-none-eabi/lib/armv6-m\libc_s.a(lib_a-memset.o)
 .ARM.attributes
                0x00000492       0x2c c:/program files (x86)/cypress/psoc creator/3.0/psoc creator/import/gnu_cs/arm/4.7.3/bin/../lib/gcc/arm-none-eabi/4.7.3/armv6-m/crtend.o
 .ARM.attributes
                0x000004be       0x1e c:/program files (x86)/cypress/psoc creator/3.0/psoc creator/import/gnu_cs/arm/4.7.3/bin/../lib/gcc/arm-none-eabi/4.7.3/armv6-m/crtn.o

/DISCARD/
 *(.note.GNU-stack)
OUTPUT(.\CortexM0\ARM_GCC_473\Debug\CapSense_CSD_P4_Design01.elf elf32-littlearm)
