Product: MDK-ARM Lite 5.10
Component: ARM Compiler 5.04 update 1 (build 49)
Tool: armlink [5040049]

==============================================================================

Section Cross References

    cm0start.o(.text) refers to __main.o(!!!main) for __main
    cm0start.o(.text) refers to cyfitter_cfg.o(.psocinit) for cyfitter_cfg
    cm0start.o(.text) refers to main.o(.text) for $Super$$main
    cm0start.o(.text) refers to cm0start.o(.romvectors) for RomVectors
    cm0start.o(.text) refers to cm0start.o(.ramvectors) for CyRamVectors
    cm0start.o(.text) refers to cm0start.o(.noinit) for cySysNoInitDataValid
    cm0start.o(.romvectors) refers to cm0start.o(.text) for Reset
    cyflash.o(.text) refers to rt_memcpy.o(.text) for __aeabi_memcpy
    cyflash.o(.text) refers to cybootasmrv.o(.text) for CyEnterCriticalSection
    cylib.o(.text) refers to cybootasmrv.o(.text) for CyEnterCriticalSection
    cylib.o(.text) refers to cylib.o(.data) for cydelayFreqMhz
    cylib.o(.text) refers to cylib.o(.constdata) for cyImoFreqMhz2Reg
    cylib.o(.text) refers to aeabi_sdiv.o(.text) for __aeabi_uidivmod
    cypm.o(.text) refers to cybootasmrv.o(.text) for CyEnterCriticalSection
    cypm.o(.text) refers to cylib.o(.text) for CySysClkWriteSysclkDiv
    cyfitter_cfg.o(.psocinit) refers to cylib.o(.text) for CyDelayUs
    cyfitter_cfg.o(.psocinit) refers to uread4.o(.text) for __aeabi_uread4
    cyfitter_cfg.o(.psocinit) refers to cyfitter_cfg.o(.text) for CYMEMZERO
    cyfitter_cfg.o(.psocinit) refers to cyfitter_cfg.o(.data) for imo_trim_table
    cyfitter_cfg.o(.psocinit) refers to cyfitter_cfg.o(.constdata) for cfg_memset_list
    cyfitter_cfg.o(.text) refers to rt_memclr.o(.text) for __aeabi_memclr
    cyfitter_cfg.o(.text) refers to rt_memcpy.o(.text) for __aeabi_memcpy
    rt_memcpy.o(.text) refers to rt_memcpy.o(.emb_text) for __aeabi_memcpy4
    __main.o(!!!main) refers to rtentry.o(.ARM.Collect$$rtentry$$00000000) for __rt_entry
    rtentry.o(.ARM.Collect$$rtentry$$00000000) refers (Special) to rtentry2.o(.ARM.Collect$$rtentry$$0000000A) for __rt_entry_li
    rtentry.o(.ARM.Collect$$rtentry$$00000000) refers (Special) to rtentry2.o(.ARM.Collect$$rtentry$$0000000D) for __rt_entry_main
    rtentry.o(.ARM.Collect$$rtentry$$00000000) refers (Special) to rtentry2.o(.ARM.Collect$$rtentry$$0000000C) for __rt_entry_postli_1
    rtentry.o(.ARM.Collect$$rtentry$$00000000) refers (Special) to rtentry2.o(.ARM.Collect$$rtentry$$00000009) for __rt_entry_postsh_1
    rtentry.o(.ARM.Collect$$rtentry$$00000000) refers (Special) to rtentry2.o(.ARM.Collect$$rtentry$$00000002) for __rt_entry_presh_1
    rtentry.o(.ARM.Collect$$rtentry$$00000000) refers (Special) to rtentry7.o(.ARM.Collect$$rtentry$$00000007) for __rt_entry_sh
    aeabi_idiv0_sigfpe.o(.text) refers to rt_div0.o(.text) for __rt_div0
    rtentry2.o(.ARM.Collect$$rtentry$$00000008) refers to boardinit2.o(.text) for _platform_post_stackheap_init
    rtentry2.o(.ARM.Collect$$rtentry$$0000000A) refers to libinit.o(.ARM.Collect$$libinit$$00000000) for __rt_lib_init
    rtentry2.o(.ARM.Collect$$rtentry$$0000000B) refers to boardinit3.o(.text) for _platform_post_lib_init
    rtentry2.o(.ARM.Collect$$rtentry$$0000000D) refers to cm0start.o(.text) for main
    rtentry2.o(.ARM.Collect$$rtentry$$0000000D) refers to exit.o(.text) for exit
    rtentry2.o(.ARM.exidx) refers to rtentry2.o(.ARM.Collect$$rtentry$$00000001) for .ARM.Collect$$rtentry$$00000001
    rtentry2.o(.ARM.exidx) refers to rtentry2.o(.ARM.Collect$$rtentry$$00000008) for .ARM.Collect$$rtentry$$00000008
    rtentry2.o(.ARM.exidx) refers to rtentry2.o(.ARM.Collect$$rtentry$$0000000A) for .ARM.Collect$$rtentry$$0000000A
    rtentry2.o(.ARM.exidx) refers to rtentry2.o(.ARM.Collect$$rtentry$$0000000B) for .ARM.Collect$$rtentry$$0000000B
    rtentry2.o(.ARM.exidx) refers to rtentry2.o(.ARM.Collect$$rtentry$$0000000D) for .ARM.Collect$$rtentry$$0000000D
    rtentry4.o(.ARM.Collect$$rtentry$$00000004) refers to sys_stackheap_outer.o(.text) for __user_setup_stackheap
    rtentry4.o(.ARM.exidx) refers to rtentry4.o(.ARM.Collect$$rtentry$$00000004) for .ARM.Collect$$rtentry$$00000004
    rtentry7.o(.ARM.Collect$$rtentry$$00000007) refers to rtentry7.o(.ARM.Collect$$rtentry$$00002718) for __lit__00000000
    rtentry7.o(__vectab_stack_and_reset_2_area) refers to __main.o(!!!main) for __main
    rtentry7.o(.ARM.exidx) refers to rtentry7.o(.ARM.Collect$$rtentry$$00000007) for .ARM.Collect$$rtentry$$00000007
    rtentry7.o(.ARM.exidx) refers to rtentry7.o(.ARM.Collect$$rtentry$$00002718) for .ARM.Collect$$rtentry$$00002718
    rt_div0.o(.text) refers to defsig_fpe_outer.o(.text) for __rt_SIGFPE
    sys_stackheap_outer.o(.text) refers to libspace.o(.text) for __user_perproc_libspace
    sys_stackheap_outer.o(.text) refers to sys_stackheap.o(.text) for __user_initial_stackheap
    sys_stackheap_outer.o(__vectab_stack_and_reset_area) refers to tempstk.o(.text) for __temporary_stack_top
    sys_stackheap_outer.o(__vectab_stack_and_reset_area) refers to __main.o(!!!main) for __main
    exit.o(.text) refers to rtexit.o(.ARM.Collect$$rtexit$$00000000) for __rt_exit
    defsig_fpe_outer.o(.text) refers to defsig_fpe_inner.o(.text) for __rt_SIGFPE_inner
    defsig_fpe_outer.o(.text) refers to defsig_exit.o(.text) for __sig_exit
    defsig_fpe_formal.o(.text) refers to rt_raise.o(.text) for __rt_raise
    libinit.o(.ARM.Collect$$libinit$$00000000) refers (Special) to libinit2.o(.ARM.Collect$$libinit$$0000002C) for __rt_lib_init_alloca_1
    libinit.o(.ARM.Collect$$libinit$$00000000) refers (Special) to libinit2.o(.ARM.Collect$$libinit$$0000002A) for __rt_lib_init_argv_1
    libinit.o(.ARM.Collect$$libinit$$00000000) refers (Special) to libinit2.o(.ARM.Collect$$libinit$$00000019) for __rt_lib_init_atexit_1
    libinit.o(.ARM.Collect$$libinit$$00000000) refers (Special) to libinit2.o(.ARM.Collect$$libinit$$0000001F) for __rt_lib_init_clock_1
    libinit.o(.ARM.Collect$$libinit$$00000000) refers (Special) to libinit2.o(.ARM.Collect$$libinit$$00000030) for __rt_lib_init_cpp_1
    libinit.o(.ARM.Collect$$libinit$$00000000) refers (Special) to libinit2.o(.ARM.Collect$$libinit$$0000002E) for __rt_lib_init_exceptions_1
    libinit.o(.ARM.Collect$$libinit$$00000000) refers (Special) to libinit2.o(.ARM.Collect$$libinit$$00000001) for __rt_lib_init_fp_1
    libinit.o(.ARM.Collect$$libinit$$00000000) refers (Special) to libinit2.o(.ARM.Collect$$libinit$$0000001D) for __rt_lib_init_fp_trap_1
    libinit.o(.ARM.Collect$$libinit$$00000000) refers (Special) to libinit2.o(.ARM.Collect$$libinit$$00000021) for __rt_lib_init_getenv_1
    libinit.o(.ARM.Collect$$libinit$$00000000) refers (Special) to libinit2.o(.ARM.Collect$$libinit$$00000008) for __rt_lib_init_heap_1
    libinit.o(.ARM.Collect$$libinit$$00000000) refers (Special) to libinit2.o(.ARM.Collect$$libinit$$0000000F) for __rt_lib_init_lc_collate_1
    libinit.o(.ARM.Collect$$libinit$$00000000) refers (Special) to libinit2.o(.ARM.Collect$$libinit$$00000011) for __rt_lib_init_lc_ctype_1
    libinit.o(.ARM.Collect$$libinit$$00000000) refers (Special) to libinit2.o(.ARM.Collect$$libinit$$00000013) for __rt_lib_init_lc_monetary_1
    libinit.o(.ARM.Collect$$libinit$$00000000) refers (Special) to libinit2.o(.ARM.Collect$$libinit$$00000015) for __rt_lib_init_lc_numeric_1
    libinit.o(.ARM.Collect$$libinit$$00000000) refers (Special) to libinit2.o(.ARM.Collect$$libinit$$00000017) for __rt_lib_init_lc_time_1
    libinit.o(.ARM.Collect$$libinit$$00000000) refers (Special) to libinit2.o(.ARM.Collect$$libinit$$0000000C) for __rt_lib_init_rand_1
    libinit.o(.ARM.Collect$$libinit$$00000000) refers (Special) to libinit2.o(.ARM.Collect$$libinit$$00000031) for __rt_lib_init_return
    libinit.o(.ARM.Collect$$libinit$$00000000) refers (Special) to libinit2.o(.ARM.Collect$$libinit$$0000001B) for __rt_lib_init_signal_1
    libinit.o(.ARM.Collect$$libinit$$00000000) refers (Special) to libinit2.o(.ARM.Collect$$libinit$$00000023) for __rt_lib_init_stdio_1
    libinit.o(.ARM.Collect$$libinit$$00000000) refers (Special) to libinit2.o(.ARM.Collect$$libinit$$0000000A) for __rt_lib_init_user_alloc_1
    libspace.o(.text) refers to libspace.o(.bss) for __libspace_start
    sys_stackheap.o(.text) refers (Special) to indicate_semi.o(.text) for __semihosting_library_function
    sys_stackheap.o(.text) refers to use_no_semi.o(.text) for __I$use$semihosting
    rtexit.o(.ARM.Collect$$rtexit$$00000000) refers (Special) to rtexit2.o(.ARM.Collect$$rtexit$$00000004) for __rt_exit_exit
    rtexit.o(.ARM.Collect$$rtexit$$00000000) refers (Special) to rtexit2.o(.ARM.Collect$$rtexit$$00000003) for __rt_exit_ls
    rtexit.o(.ARM.Collect$$rtexit$$00000000) refers (Special) to rtexit2.o(.ARM.Collect$$rtexit$$00000002) for __rt_exit_prels_1
    rtexit.o(.ARM.exidx) refers (Special) to rtexit2.o(.ARM.Collect$$rtexit$$00000004) for __rt_exit_exit
    rtexit.o(.ARM.exidx) refers (Special) to rtexit2.o(.ARM.Collect$$rtexit$$00000003) for __rt_exit_ls
    rtexit.o(.ARM.exidx) refers (Special) to rtexit2.o(.ARM.Collect$$rtexit$$00000002) for __rt_exit_prels_1
    rtexit.o(.ARM.exidx) refers to rtexit.o(.ARM.Collect$$rtexit$$00000000) for .ARM.Collect$$rtexit$$00000000
    rt_raise.o(.text) refers to __raise.o(.text) for __raise
    rt_raise.o(.text) refers to sys_exit.o(.text) for _sys_exit
    defsig_exit.o(.text) refers to sys_exit.o(.text) for _sys_exit
    defsig_fpe_inner.o(.text) refers to defsig_general.o(.text) for __default_signal_display
    libinit2.o(.ARM.Collect$$libinit$$0000000E) refers to libinit2.o(.ARM.Collect$$libinit$$0000000D) for .ARM.Collect$$libinit$$0000000D
    libinit2.o(.ARM.Collect$$libinit$$00000010) refers to libinit2.o(.ARM.Collect$$libinit$$0000000D) for .ARM.Collect$$libinit$$0000000D
    libinit2.o(.ARM.Collect$$libinit$$00000012) refers to libinit2.o(.ARM.Collect$$libinit$$0000000D) for .ARM.Collect$$libinit$$0000000D
    libinit2.o(.ARM.Collect$$libinit$$00000014) refers to libinit2.o(.ARM.Collect$$libinit$$0000000D) for .ARM.Collect$$libinit$$0000000D
    libinit2.o(.ARM.Collect$$libinit$$00000016) refers to libinit2.o(.ARM.Collect$$libinit$$0000000D) for .ARM.Collect$$libinit$$0000000D
    libinit2.o(.ARM.Collect$$libinit$$00000024) refers to argv_veneer.o(.text) for __ARM_argv_veneer
    libinit2.o(.ARM.Collect$$libinit$$00000025) refers to argv_veneer.o(.text) for __ARM_argv_veneer
    libinit5.o(.ARM.Collect$$libinit$$00000006) refers to libinit5.o(.ARM.Collect$$libinit$$00002717) for __lit__00000000
    libinit5.o(.ARM.Collect$$libinit$$00000028) refers to libinit5.o(.ARM.Collect$$libinit$$00002739) for __lit__00000002
    libinit5.o(.ARM.Collect$$libinit$$00000028) refers to argv_veneer.o(.text) for __ARM_argv_veneer
    sys_exit.o(.text) refers (Special) to use_no_semi.o(.text) for __I$use$semihosting
    sys_exit.o(.text) refers (Special) to indicate_semi.o(.text) for __semihosting_library_function
    rtexit2.o(.ARM.Collect$$rtexit$$00000003) refers to libshutdown.o(.ARM.Collect$$libshutdown$$00000000) for __rt_lib_shutdown
    rtexit2.o(.ARM.Collect$$rtexit$$00000004) refers to sys_exit.o(.text) for _sys_exit
    rtexit2.o(.ARM.exidx) refers to rtexit2.o(.ARM.Collect$$rtexit$$00000001) for .ARM.Collect$$rtexit$$00000001
    rtexit2.o(.ARM.exidx) refers to rtexit2.o(.ARM.Collect$$rtexit$$00000003) for .ARM.Collect$$rtexit$$00000003
    rtexit2.o(.ARM.exidx) refers to rtexit2.o(.ARM.Collect$$rtexit$$00000004) for .ARM.Collect$$rtexit$$00000004
    __raise.o(.text) refers to defsig.o(CL$$defsig) for __default_signal_handler
    defsig_general.o(.text) refers to sys_wrch.o(.text) for _ttywrch
    sys_wrch.o(.text) refers (Special) to use_no_semi.o(.text) for __I$use$semihosting
    sys_wrch.o(.text) refers (Special) to indicate_semi.o(.text) for __semihosting_library_function
    defsig.o(CL$$defsig) refers to defsig_fpe_inner.o(.text) for __rt_SIGFPE_inner
    defsig.o(CL$$defsig) refers to defsig_rtmem_inner.o(.text) for __rt_SIGRTMEM_inner
    _get_argv_nomalloc.o(.text) refers (Special) to hrguard.o(.text) for __heap_region$guard
    _get_argv_nomalloc.o(.text) refers to defsig_rtmem_outer.o(.text) for __rt_SIGRTMEM
    _get_argv_nomalloc.o(.text) refers to sys_command.o(.text) for _sys_command_string
    libshutdown.o(.ARM.Collect$$libshutdown$$00000000) refers (Special) to libshutdown2.o(.ARM.Collect$$libshutdown$$00000006) for __rt_lib_shutdown_fp_trap_1
    libshutdown.o(.ARM.Collect$$libshutdown$$00000000) refers (Special) to libshutdown2.o(.ARM.Collect$$libshutdown$$0000000E) for __rt_lib_shutdown_heap_1
    libshutdown.o(.ARM.Collect$$libshutdown$$00000000) refers (Special) to libshutdown2.o(.ARM.Collect$$libshutdown$$0000000F) for __rt_lib_shutdown_return
    libshutdown.o(.ARM.Collect$$libshutdown$$00000000) refers (Special) to libshutdown2.o(.ARM.Collect$$libshutdown$$00000009) for __rt_lib_shutdown_signal_1
    libshutdown.o(.ARM.Collect$$libshutdown$$00000000) refers (Special) to libshutdown2.o(.ARM.Collect$$libshutdown$$00000003) for __rt_lib_shutdown_stdio_1
    libshutdown.o(.ARM.Collect$$libshutdown$$00000000) refers (Special) to libshutdown2.o(.ARM.Collect$$libshutdown$$0000000B) for __rt_lib_shutdown_user_alloc_1
    sys_command.o(.text) refers (Special) to use_no_semi.o(.text) for __I$use$semihosting
    sys_command.o(.text) refers (Special) to indicate_semi.o(.text) for __semihosting_library_function
    defsig_abrt_inner.o(.text) refers to defsig_general.o(.text) for __default_signal_display
    defsig_rtred_inner.o(.text) refers to defsig_general.o(.text) for __default_signal_display
    defsig_rtmem_inner.o(.text) refers to defsig_general.o(.text) for __default_signal_display
    defsig_rtmem_outer.o(.text) refers to defsig_rtmem_inner.o(.text) for __rt_SIGRTMEM_inner
    defsig_rtmem_outer.o(.text) refers to defsig_exit.o(.text) for __sig_exit
    defsig_rtmem_formal.o(.text) refers to rt_raise.o(.text) for __rt_raise
    defsig_stak_inner.o(.text) refers to defsig_general.o(.text) for __default_signal_display
    defsig_pvfn_inner.o(.text) refers to defsig_general.o(.text) for __default_signal_display
    defsig_cppl_inner.o(.text) refers to defsig_general.o(.text) for __default_signal_display
    defsig_segv_inner.o(.text) refers to defsig_general.o(.text) for __default_signal_display
    defsig_other.o(.text) refers to defsig_general.o(.text) for __default_signal_display


==============================================================================

Removing Unused input sections from the image.

    Removing clock_1.o(.text), (72 bytes).
    Removing cyflash.o(.text), (312 bytes).
    Removing pin_1.o(.text), (80 bytes).
    Removing pin_2.o(.text), (92 bytes).
    Removing pin_3.o(.text), (96 bytes).
    Removing cypm.o(.text), (428 bytes).
    Removing cyutils.o(.text), (38 bytes).
    Removing main.o(.rev16_text), (4 bytes).
    Removing main.o(.revsh_text), (4 bytes).

9 unused section(s) (total 1126 bytes) removed from the image.

==============================================================================

Image Symbol Table

    Local Symbols

    Symbol Name                              Value     Ov Type        Size  Object(Section)

    .romvectors                              0x00000000   Section       16  cm0start.o(.romvectors)
    ../clib/angel/boardlib.s                 0x00000000   Number         0  boardinit3.o ABSOLUTE
    ../clib/angel/boardlib.s                 0x00000000   Number         0  boardinit2.o ABSOLUTE
    ../clib/angel/boardlib.s                 0x00000000   Number         0  boardinit1.o ABSOLUTE
    ../clib/angel/boardlib.s                 0x00000000   Number         0  boardshut.o ABSOLUTE
    ../clib/angel/handlers.s                 0x00000000   Number         0  __scatter_copy.o ABSOLUTE
    ../clib/angel/kernel.s                   0x00000000   Number         0  rtentry2.o ABSOLUTE
    ../clib/angel/kernel.s                   0x00000000   Number         0  rtentry.o ABSOLUTE
    ../clib/angel/kernel.s                   0x00000000   Number         0  rtentry7.o ABSOLUTE
    ../clib/angel/kernel.s                   0x00000000   Number         0  rtentry4.o ABSOLUTE
    ../clib/angel/kernel.s                   0x00000000   Number         0  rtexit2.o ABSOLUTE
    ../clib/angel/kernel.s                   0x00000000   Number         0  rtexit.o ABSOLUTE
    ../clib/angel/rt.s                       0x00000000   Number         0  rt_raise.o ABSOLUTE
    ../clib/angel/rt.s                       0x00000000   Number         0  rt_div0.o ABSOLUTE
    ../clib/angel/rt.s                       0x00000000   Number         0  aeabi_idiv0_sigfpe.o ABSOLUTE
    ../clib/angel/rt.s                       0x00000000   Number         0  aeabi_idiv0.o ABSOLUTE
    ../clib/angel/scatterp.s                 0x00000000   Number         0  __scatter.o ABSOLUTE
    ../clib/angel/startup.s                  0x00000000   Number         0  __main.o ABSOLUTE
    ../clib/angel/sys.s                      0x00000000   Number         0  sys_stackheap_outer.o ABSOLUTE
    ../clib/angel/sys.s                      0x00000000   Number         0  indicate_semi.o ABSOLUTE
    ../clib/angel/sys.s                      0x00000000   Number         0  use_no_semi.o ABSOLUTE
    ../clib/angel/sys.s                      0x00000000   Number         0  tempstk.o ABSOLUTE
    ../clib/angel/sys.s                      0x00000000   Number         0  sys_stackheap.o ABSOLUTE
    ../clib/angel/sys.s                      0x00000000   Number         0  libspace.o ABSOLUTE
    ../clib/angel/sysapp.c                   0x00000000   Number         0  sys_command.o ABSOLUTE
    ../clib/angel/sysapp.c                   0x00000000   Number         0  sys_exit.o ABSOLUTE
    ../clib/angel/sysapp.c                   0x00000000   Number         0  sys_wrch.o ABSOLUTE
    ../clib/armsys.c                         0x00000000   Number         0  argv_veneer.o ABSOLUTE
    ../clib/armsys.c                         0x00000000   Number         0  _get_argv_nomalloc.o ABSOLUTE
    ../clib/armsys.c                         0x00000000   Number         0  no_argv.o ABSOLUTE
    ../clib/division.s                       0x00000000   Number         0  aeabi_sdiv_div0.o ABSOLUTE
    ../clib/division.s                       0x00000000   Number         0  aeabi_sdiv.o ABSOLUTE
    ../clib/heapalloc.c                      0x00000000   Number         0  hrguard.o ABSOLUTE
    ../clib/libinit.s                        0x00000000   Number         0  libinit.o ABSOLUTE
    ../clib/libinit.s                        0x00000000   Number         0  libinit5.o ABSOLUTE
    ../clib/libinit.s                        0x00000000   Number         0  libinit2.o ABSOLUTE
    ../clib/libinit.s                        0x00000000   Number         0  libshutdown.o ABSOLUTE
    ../clib/libinit.s                        0x00000000   Number         0  libshutdown2.o ABSOLUTE
    ../clib/memcpset.c                       0x00000000   Number         0  rt_memcpy.o ABSOLUTE
    ../clib/memcpset.c                       0x00000000   Number         0  rt_memclr.o ABSOLUTE
    ../clib/memcpset.c                       0x00000000   Number         0  rt_memcpy.o ABSOLUTE
    ../clib/signal.c                         0x00000000   Number         0  defsig_other.o ABSOLUTE
    ../clib/signal.c                         0x00000000   Number         0  defsig_segv_inner.o ABSOLUTE
    ../clib/signal.c                         0x00000000   Number         0  defsig_cppl_inner.o ABSOLUTE
    ../clib/signal.c                         0x00000000   Number         0  defsig_pvfn_inner.o ABSOLUTE
    ../clib/signal.c                         0x00000000   Number         0  defsig_general.o ABSOLUTE
    ../clib/signal.c                         0x00000000   Number         0  __raise.o ABSOLUTE
    ../clib/signal.c                         0x00000000   Number         0  defsig_rtmem_formal.o ABSOLUTE
    ../clib/signal.c                         0x00000000   Number         0  defsig_rtmem_inner.o ABSOLUTE
    ../clib/signal.c                         0x00000000   Number         0  defsig_abrt_inner.o ABSOLUTE
    ../clib/signal.c                         0x00000000   Number         0  defsig_fpe_inner.o ABSOLUTE
    ../clib/signal.c                         0x00000000   Number         0  defsig_exit.o ABSOLUTE
    ../clib/signal.c                         0x00000000   Number         0  defsig_fpe_formal.o ABSOLUTE
    ../clib/signal.c                         0x00000000   Number         0  defsig_rtred_inner.o ABSOLUTE
    ../clib/signal.c                         0x00000000   Number         0  defsig_rtmem_outer.o ABSOLUTE
    ../clib/signal.c                         0x00000000   Number         0  defsig_fpe_outer.o ABSOLUTE
    ../clib/signal.c                         0x00000000   Number         0  defsig_stak_inner.o ABSOLUTE
    ../clib/signal.s                         0x00000000   Number         0  defsig.o ABSOLUTE
    ../clib/stdlib.c                         0x00000000   Number         0  exit.o ABSOLUTE
    ../clib/unhosted.c                       0x00000000   Number         0  uread4.o ABSOLUTE
    ../fplib/cfplib/fpinit.c                 0x00000000   Number         0  fpinit.o ABSOLUTE
    ./Generated_Source/PSoC4/Clock_1.c       0x00000000   Number         0  clock_1.o ABSOLUTE
    ./Generated_Source/PSoC4/Cm0Start.c      0x00000000   Number         0  cm0start.o ABSOLUTE
    ./Generated_Source/PSoC4/CyBootAsmRv.s   0x00000000   Number         0  cybootasmrv.o ABSOLUTE
    ./Generated_Source/PSoC4/CyFlash.c       0x00000000   Number         0  cyflash.o ABSOLUTE
    ./Generated_Source/PSoC4/CyLib.c         0x00000000   Number         0  cylib.o ABSOLUTE
    ./Generated_Source/PSoC4/Pin_1.c         0x00000000   Number         0  pin_1.o ABSOLUTE
    ./Generated_Source/PSoC4/Pin_2.c         0x00000000   Number         0  pin_2.o ABSOLUTE
    ./Generated_Source/PSoC4/Pin_3.c         0x00000000   Number         0  pin_3.o ABSOLUTE
    ./Generated_Source/PSoC4/cyPm.c          0x00000000   Number         0  cypm.o ABSOLUTE
    ./Generated_Source/PSoC4/cyfitter_cfg.c  0x00000000   Number         0  cyfitter_cfg.o ABSOLUTE
    ./Generated_Source/PSoC4/cymetadata.c    0x00000000   Number         0  cymetadata.o ABSOLUTE
    ./Generated_Source/PSoC4/cyutils.c       0x00000000   Number         0  cyutils.o ABSOLUTE
    ./main.c                                 0x00000000   Number         0  main.o ABSOLUTE
    .\main.c                                 0x00000000   Number         0  main.o ABSOLUTE
    dc.s                                     0x00000000   Number         0  dc.o ABSOLUTE
    .psocinit                                0x00000010   Section        0  cyfitter_cfg.o(.psocinit)
    SetIMOBGTrims                            0x00000011   Thumb Code    66  cyfitter_cfg.o(.psocinit)
    ClockSetup                               0x00000053   Thumb Code    70  cyfitter_cfg.o(.psocinit)
    !!!main                                  0x00000160   Section        8  __main.o(!!!main)
    !!!scatter                               0x00000168   Section       60  __scatter.o(!!!scatter)
    !!handler_copy                           0x000001a4   Section       26  __scatter_copy.o(!!handler_copy)
    .ARM.Collect$$libinit$$00000000          0x000001be   Section        2  libinit.o(.ARM.Collect$$libinit$$00000000)
    .ARM.Collect$$libinit$$00000001          0x000001c0   Section        4  libinit2.o(.ARM.Collect$$libinit$$00000001)
    .ARM.Collect$$libinit$$00000008          0x000001c4   Section        0  libinit2.o(.ARM.Collect$$libinit$$00000008)
    .ARM.Collect$$libinit$$0000000A          0x000001c4   Section        0  libinit2.o(.ARM.Collect$$libinit$$0000000A)
    .ARM.Collect$$libinit$$0000000C          0x000001c4   Section        0  libinit2.o(.ARM.Collect$$libinit$$0000000C)
    .ARM.Collect$$libinit$$0000000F          0x000001c4   Section        0  libinit2.o(.ARM.Collect$$libinit$$0000000F)
    .ARM.Collect$$libinit$$00000011          0x000001c4   Section        0  libinit2.o(.ARM.Collect$$libinit$$00000011)
    .ARM.Collect$$libinit$$00000013          0x000001c4   Section        0  libinit2.o(.ARM.Collect$$libinit$$00000013)
    .ARM.Collect$$libinit$$00000015          0x000001c4   Section        0  libinit2.o(.ARM.Collect$$libinit$$00000015)
    .ARM.Collect$$libinit$$00000017          0x000001c4   Section        0  libinit2.o(.ARM.Collect$$libinit$$00000017)
    .ARM.Collect$$libinit$$00000019          0x000001c4   Section        0  libinit2.o(.ARM.Collect$$libinit$$00000019)
    .ARM.Collect$$libinit$$0000001B          0x000001c4   Section        0  libinit2.o(.ARM.Collect$$libinit$$0000001B)
    .ARM.Collect$$libinit$$0000001D          0x000001c4   Section        0  libinit2.o(.ARM.Collect$$libinit$$0000001D)
    .ARM.Collect$$libinit$$0000001F          0x000001c4   Section        0  libinit2.o(.ARM.Collect$$libinit$$0000001F)
    .ARM.Collect$$libinit$$00000021          0x000001c4   Section        0  libinit2.o(.ARM.Collect$$libinit$$00000021)
    .ARM.Collect$$libinit$$00000023          0x000001c4   Section        0  libinit2.o(.ARM.Collect$$libinit$$00000023)
    .ARM.Collect$$libinit$$0000002A          0x000001c4   Section        0  libinit2.o(.ARM.Collect$$libinit$$0000002A)
    .ARM.Collect$$libinit$$0000002C          0x000001c4   Section        0  libinit2.o(.ARM.Collect$$libinit$$0000002C)
    .ARM.Collect$$libinit$$0000002E          0x000001c4   Section        0  libinit2.o(.ARM.Collect$$libinit$$0000002E)
    .ARM.Collect$$libinit$$00000030          0x000001c4   Section        0  libinit2.o(.ARM.Collect$$libinit$$00000030)
    .ARM.Collect$$libinit$$00000031          0x000001c4   Section        2  libinit2.o(.ARM.Collect$$libinit$$00000031)
    .ARM.Collect$$libshutdown$$00000000      0x000001c6   Section        2  libshutdown.o(.ARM.Collect$$libshutdown$$00000000)
    .ARM.Collect$$libshutdown$$00000003      0x000001c8   Section        0  libshutdown2.o(.ARM.Collect$$libshutdown$$00000003)
    .ARM.Collect$$libshutdown$$00000006      0x000001c8   Section        0  libshutdown2.o(.ARM.Collect$$libshutdown$$00000006)
    .ARM.Collect$$libshutdown$$00000009      0x000001c8   Section        0  libshutdown2.o(.ARM.Collect$$libshutdown$$00000009)
    .ARM.Collect$$libshutdown$$0000000B      0x000001c8   Section        0  libshutdown2.o(.ARM.Collect$$libshutdown$$0000000B)
    .ARM.Collect$$libshutdown$$0000000E      0x000001c8   Section        0  libshutdown2.o(.ARM.Collect$$libshutdown$$0000000E)
    .ARM.Collect$$libshutdown$$0000000F      0x000001c8   Section        2  libshutdown2.o(.ARM.Collect$$libshutdown$$0000000F)
    .ARM.Collect$$rtentry$$00000000          0x000001ca   Section        0  rtentry.o(.ARM.Collect$$rtentry$$00000000)
    .ARM.Collect$$rtentry$$00000002          0x000001ca   Section        0  rtentry2.o(.ARM.Collect$$rtentry$$00000002)
    .ARM.Collect$$rtentry$$00000007          0x000001ca   Section        4  rtentry7.o(.ARM.Collect$$rtentry$$00000007)
    .ARM.Collect$$rtentry$$00000009          0x000001ce   Section        0  rtentry2.o(.ARM.Collect$$rtentry$$00000009)
    .ARM.Collect$$rtentry$$0000000A          0x000001ce   Section        4  rtentry2.o(.ARM.Collect$$rtentry$$0000000A)
    .ARM.Collect$$rtentry$$0000000C          0x000001d2   Section        0  rtentry2.o(.ARM.Collect$$rtentry$$0000000C)
    .ARM.Collect$$rtentry$$0000000D          0x000001d2   Section        8  rtentry2.o(.ARM.Collect$$rtentry$$0000000D)
    .ARM.Collect$$rtentry$$00002718          0x000001dc   Section        4  rtentry7.o(.ARM.Collect$$rtentry$$00002718)
    __lit__00000000                          0x000001dc   Data           4  rtentry7.o(.ARM.Collect$$rtentry$$00002718)
    .ARM.Collect$$rtexit$$00000000           0x000001e0   Section        2  rtexit.o(.ARM.Collect$$rtexit$$00000000)
    .ARM.Collect$$rtexit$$00000002           0x000001e2   Section        0  rtexit2.o(.ARM.Collect$$rtexit$$00000002)
    .ARM.Collect$$rtexit$$00000003           0x000001e2   Section        4  rtexit2.o(.ARM.Collect$$rtexit$$00000003)
    .ARM.Collect$$rtexit$$00000004           0x000001e6   Section        6  rtexit2.o(.ARM.Collect$$rtexit$$00000004)
    .emb_text                                0x000001ec   Section       56  rt_memcpy.o(.emb_text)
    .text                                    0x00000224   Section        0  cm0start.o(.text)
    .text                                    0x00000288   Section        0  cylib.o(.text)
    .text                                    0x0000099c   Section        0  cyfitter_cfg.o(.text)
    CYMEMZERO                                0x0000099d   Thumb Code    16  cyfitter_cfg.o(.text)
    CYCONFIGCPY                              0x000009ad   Thumb Code    20  cyfitter_cfg.o(.text)
    CYCONFIGCPYCODE                          0x000009c1   Thumb Code    20  cyfitter_cfg.o(.text)
    cfg_write_bytes32                        0x000009d5   Thumb Code    52  cyfitter_cfg.o(.text)
    AnalogSetDefault                         0x00000a09   Thumb Code     2  cyfitter_cfg.o(.text)
    .text                                    0x00000a10   Section       32  cybootasmrv.o(.text)
    .text                                    0x00000a30   Section        0  main.o(.text)
    .text                                    0x00000a54   Section        0  rt_memcpy.o(.text)
    .text                                    0x00000ad6   Section        0  rt_memclr.o(.text)
    .text                                    0x00000b16   Section        0  uread4.o(.text)
    .text                                    0x00000b38   Section      346  aeabi_sdiv.o(.text)
    .text                                    0x00000c92   Section        0  exit.o(.text)
    .text                                    0x00000ca0   Section        0  sys_exit.o(.text)
    .text                                    0x00000cac   Section        2  use_no_semi.o(.text)
    .constdata                               0x00000cae   Section       46  cylib.o(.constdata)
    .text                                    0x00000cae   Section        0  indicate_semi.o(.text)
    cyImoFreqMhz2Reg                         0x00000cae   Data          46  cylib.o(.constdata)
    .constdata                               0x00000cdc   Section      356  cyfitter_cfg.o(.constdata)
    cy_cfg_addr_table                        0x00000cdc   Data          24  cyfitter_cfg.o(.constdata)
    cy_cfg_data_table                        0x00000cf4   Data         320  cyfitter_cfg.o(.constdata)
    cfg_memset_list                          0x00000e34   Data          12  cyfitter_cfg.o(.constdata)
    .ramvectors                              0x20000000   Section      192  cm0start.o(.ramvectors)
    .noinit                                  0x200000c0   Section        4  cm0start.o(.noinit)
    cySysNoInitDataValid                     0x200000c0   Data           4  cm0start.o(.noinit)
    .data                                    0x200000c4   Section       16  cylib.o(.data)
    .data                                    0x200000d4   Section        4  cyfitter_cfg.o(.data)
    imo_trim_table                           0x200000d4   Data           4  cyfitter_cfg.o(.data)
    .cyflashprotect                          0x90400000   Section       32  cymetadata.o(.cyflashprotect)
    __tagsym$$used                           0x90400000   Number         0  cymetadata.o(.cyflashprotect)
    .cymeta                                  0x90500000   Section       12  cymetadata.o(.cymeta)
    __tagsym$$used                           0x90500000   Number         0  cymetadata.o(.cymeta)
    .cychipprotect                           0x90600000   Section        1  cymetadata.o(.cychipprotect)
    __tagsym$$used                           0x90600000   Number         0  cymetadata.o(.cychipprotect)

    Global Symbols

    Symbol Name                              Value     Ov Type        Size  Object(Section)

    BuildAttributes$$THM_ISAv3M$S$PE$A:L22$X:L11$S22$IEEE1$IW$USESV6$~STKCKD$USESV7$~SHL$OSPACE$ROPI$EBA8$UX$STANDARDLIB$REQ8$PRES8$EABIv2 0x00000000   Number         0  anon$$obj.o ABSOLUTE
    RomVectors                               0x00000000   Data          16  cm0start.o(.romvectors)
    __ARM_use_no_argv                        0x00000000   Number         0  main.o ABSOLUTE
    Image$$ZI$$Limit                          - Undefined Weak Reference
    __ARM_exceptions_init                     - Undefined Weak Reference
    __alloca_initialize                       - Undefined Weak Reference
    __cpp_initialize__aeabi_                  - Undefined Weak Reference
    __cxa_finalize                            - Undefined Weak Reference
    __rt_locale                               - Undefined Weak Reference
    __sigvec_lookup                           - Undefined Weak Reference
    _atexit_init                              - Undefined Weak Reference
    _call_atexit_fns                          - Undefined Weak Reference
    _clock_init                               - Undefined Weak Reference
    _fp_trap_init                             - Undefined Weak Reference
    _fp_trap_shutdown                         - Undefined Weak Reference
    _get_lc_collate                           - Undefined Weak Reference
    _get_lc_ctype                             - Undefined Weak Reference
    _get_lc_monetary                          - Undefined Weak Reference
    _get_lc_numeric                           - Undefined Weak Reference
    _get_lc_time                              - Undefined Weak Reference
    _getenv_init                              - Undefined Weak Reference
    _handle_redirection                       - Undefined Weak Reference
    _init_alloc                               - Undefined Weak Reference
    _init_user_alloc                          - Undefined Weak Reference
    _initio                                   - Undefined Weak Reference
    _rand_init                                - Undefined Weak Reference
    _signal_finish                            - Undefined Weak Reference
    _signal_init                              - Undefined Weak Reference
    _terminate_alloc                          - Undefined Weak Reference
    _terminate_user_alloc                     - Undefined Weak Reference
    _terminateio                              - Undefined Weak Reference
    cyfitter_cfg                             0x00000099   Thumb Code   136  cyfitter_cfg.o(.psocinit)
    __main                                   0x00000161   Thumb Code     8  __main.o(!!!main)
    __scatterload                            0x00000169   Thumb Code     0  __scatter.o(!!!scatter)
    __scatterload_rt2                        0x00000169   Thumb Code    52  __scatter.o(!!!scatter)
    __scatterload_rt2_thumb_only             0x00000169   Thumb Code     0  __scatter.o(!!!scatter)
    __scatterload_null                       0x00000179   Thumb Code     0  __scatter.o(!!!scatter)
    __scatterload_copy                       0x000001a5   Thumb Code    26  __scatter_copy.o(!!handler_copy)
    __rt_lib_init                            0x000001bf   Thumb Code     0  libinit.o(.ARM.Collect$$libinit$$00000000)
    __rt_lib_init_fp_1                       0x000001c1   Thumb Code     0  libinit2.o(.ARM.Collect$$libinit$$00000001)
    __rt_lib_init_alloca_1                   0x000001c5   Thumb Code     0  libinit2.o(.ARM.Collect$$libinit$$0000002C)
    __rt_lib_init_argv_1                     0x000001c5   Thumb Code     0  libinit2.o(.ARM.Collect$$libinit$$0000002A)
    __rt_lib_init_atexit_1                   0x000001c5   Thumb Code     0  libinit2.o(.ARM.Collect$$libinit$$00000019)
    __rt_lib_init_clock_1                    0x000001c5   Thumb Code     0  libinit2.o(.ARM.Collect$$libinit$$0000001F)
    __rt_lib_init_cpp_1                      0x000001c5   Thumb Code     0  libinit2.o(.ARM.Collect$$libinit$$00000030)
    __rt_lib_init_exceptions_1               0x000001c5   Thumb Code     0  libinit2.o(.ARM.Collect$$libinit$$0000002E)
    __rt_lib_init_fp_trap_1                  0x000001c5   Thumb Code     0  libinit2.o(.ARM.Collect$$libinit$$0000001D)
    __rt_lib_init_getenv_1                   0x000001c5   Thumb Code     0  libinit2.o(.ARM.Collect$$libinit$$00000021)
    __rt_lib_init_heap_1                     0x000001c5   Thumb Code     0  libinit2.o(.ARM.Collect$$libinit$$00000008)
    __rt_lib_init_lc_collate_1               0x000001c5   Thumb Code     0  libinit2.o(.ARM.Collect$$libinit$$0000000F)
    __rt_lib_init_lc_ctype_1                 0x000001c5   Thumb Code     0  libinit2.o(.ARM.Collect$$libinit$$00000011)
    __rt_lib_init_lc_monetary_1              0x000001c5   Thumb Code     0  libinit2.o(.ARM.Collect$$libinit$$00000013)
    __rt_lib_init_lc_numeric_1               0x000001c5   Thumb Code     0  libinit2.o(.ARM.Collect$$libinit$$00000015)
    __rt_lib_init_lc_time_1                  0x000001c5   Thumb Code     0  libinit2.o(.ARM.Collect$$libinit$$00000017)
    __rt_lib_init_rand_1                     0x000001c5   Thumb Code     0  libinit2.o(.ARM.Collect$$libinit$$0000000C)
    __rt_lib_init_return                     0x000001c5   Thumb Code     0  libinit2.o(.ARM.Collect$$libinit$$00000031)
    __rt_lib_init_signal_1                   0x000001c5   Thumb Code     0  libinit2.o(.ARM.Collect$$libinit$$0000001B)
    __rt_lib_init_stdio_1                    0x000001c5   Thumb Code     0  libinit2.o(.ARM.Collect$$libinit$$00000023)
    __rt_lib_init_user_alloc_1               0x000001c5   Thumb Code     0  libinit2.o(.ARM.Collect$$libinit$$0000000A)
    __rt_lib_shutdown                        0x000001c7   Thumb Code     0  libshutdown.o(.ARM.Collect$$libshutdown$$00000000)
    __rt_lib_shutdown_fp_trap_1              0x000001c9   Thumb Code     0  libshutdown2.o(.ARM.Collect$$libshutdown$$00000006)
    __rt_lib_shutdown_heap_1                 0x000001c9   Thumb Code     0  libshutdown2.o(.ARM.Collect$$libshutdown$$0000000E)
    __rt_lib_shutdown_return                 0x000001c9   Thumb Code     0  libshutdown2.o(.ARM.Collect$$libshutdown$$0000000F)
    __rt_lib_shutdown_signal_1               0x000001c9   Thumb Code     0  libshutdown2.o(.ARM.Collect$$libshutdown$$00000009)
    __rt_lib_shutdown_stdio_1                0x000001c9   Thumb Code     0  libshutdown2.o(.ARM.Collect$$libshutdown$$00000003)
    __rt_lib_shutdown_user_alloc_1           0x000001c9   Thumb Code     0  libshutdown2.o(.ARM.Collect$$libshutdown$$0000000B)
    __rt_entry                               0x000001cb   Thumb Code     0  rtentry.o(.ARM.Collect$$rtentry$$00000000)
    __rt_entry_presh_1                       0x000001cb   Thumb Code     0  rtentry2.o(.ARM.Collect$$rtentry$$00000002)
    __rt_entry_sh                            0x000001cb   Thumb Code     0  rtentry7.o(.ARM.Collect$$rtentry$$00000007)
    __rt_entry_li                            0x000001cf   Thumb Code     0  rtentry2.o(.ARM.Collect$$rtentry$$0000000A)
    __rt_entry_postsh_1                      0x000001cf   Thumb Code     0  rtentry2.o(.ARM.Collect$$rtentry$$00000009)
    __rt_entry_main                          0x000001d3   Thumb Code     0  rtentry2.o(.ARM.Collect$$rtentry$$0000000D)
    __rt_entry_postli_1                      0x000001d3   Thumb Code     0  rtentry2.o(.ARM.Collect$$rtentry$$0000000C)
    __rt_exit                                0x000001e1   Thumb Code     0  rtexit.o(.ARM.Collect$$rtexit$$00000000)
    __rt_exit_ls                             0x000001e3   Thumb Code     0  rtexit2.o(.ARM.Collect$$rtexit$$00000003)
    __rt_exit_prels_1                        0x000001e3   Thumb Code     0  rtexit2.o(.ARM.Collect$$rtexit$$00000002)
    __rt_exit_exit                           0x000001e7   Thumb Code     0  rtexit2.o(.ARM.Collect$$rtexit$$00000004)
    __aeabi_memcpy4                          0x000001ed   Thumb Code    56  rt_memcpy.o(.emb_text)
    __aeabi_memcpy8                          0x000001ed   Thumb Code     0  rt_memcpy.o(.emb_text)
    IntDefaultHandler                        0x00000225   Thumb Code     4  cm0start.o(.text)
    Reset                                    0x00000229   Thumb Code     8  cm0start.o(.text)
    initialize_psoc                          0x00000231   Thumb Code    58  cm0start.o(.text)
    main                                     0x0000026b   Thumb Code    12  cm0start.o(.text)
    CySysClkImoStart                         0x00000289   Thumb Code    16  cylib.o(.text)
    CySysClkImoStop                          0x00000299   Thumb Code    14  cylib.o(.text)
    CySysClkIloStart                         0x000002a7   Thumb Code    16  cylib.o(.text)
    CySysClkIloStop                          0x000002b7   Thumb Code    14  cylib.o(.text)
    CySysClkWriteHfclkDirect                 0x000002c5   Thumb Code    36  cylib.o(.text)
    CySysClkWriteSysclkDiv                   0x000002e9   Thumb Code    38  cylib.o(.text)
    CyDelayUs                                0x0000030f   Thumb Code    18  cylib.o(.text)
    CySysClkWriteImoFreq                     0x00000321   Thumb Code   250  cylib.o(.text)
    CySysWdtLock                             0x0000041b   Thumb Code    48  cylib.o(.text)
    CySysWdtUnlock                           0x0000044b   Thumb Code    72  cylib.o(.text)
    CySysWdtReadEnabledStatus                0x00000493   Thumb Code    18  cylib.o(.text)
    CySysWdtWriteMode                        0x000004a5   Thumb Code    62  cylib.o(.text)
    CySysWdtReadMode                         0x000004e3   Thumb Code    16  cylib.o(.text)
    CySysWdtWriteClearOnMatch                0x000004f3   Thumb Code    52  cylib.o(.text)
    CySysWdtReadClearOnMatch                 0x00000527   Thumb Code    18  cylib.o(.text)
    CySysWdtEnable                           0x00000539   Thumb Code    32  cylib.o(.text)
    CySysWdtDisable                          0x00000559   Thumb Code    32  cylib.o(.text)
    CySysWdtWriteCascade                     0x00000579   Thumb Code    70  cylib.o(.text)
    CySysWdtReadCascade                      0x000005bf   Thumb Code    12  cylib.o(.text)
    CySysWdtWriteMatch                       0x000005cb   Thumb Code    58  cylib.o(.text)
    CySysWdtWriteToggleBit                   0x00000605   Thumb Code    56  cylib.o(.text)
    CySysWdtReadToggleBit                    0x0000063d   Thumb Code    10  cylib.o(.text)
    CySysWdtReadMatch                        0x00000647   Thumb Code    14  cylib.o(.text)
    CySysWdtReadCount                        0x00000655   Thumb Code    80  cylib.o(.text)
    CySysWdtGetInterruptSource               0x000006a5   Thumb Code    10  cylib.o(.text)
    CySysWdtClearInterrupt                   0x000006af   Thumb Code   126  cylib.o(.text)
    CySysWdtResetCounters                    0x0000072d   Thumb Code    36  cylib.o(.text)
    CySysLvdEnable                           0x00000751   Thumb Code    46  cylib.o(.text)
    CySysLvdDisable                          0x0000077f   Thumb Code    24  cylib.o(.text)
    CySysLvdGetInterruptSource               0x00000797   Thumb Code    10  cylib.o(.text)
    CySysLvdClearInterrupt                   0x000007a1   Thumb Code     8  cylib.o(.text)
    CySysGetResetReason                      0x000007a9   Thumb Code    22  cylib.o(.text)
    CyDisableInts                            0x000007bf   Thumb Code    12  cylib.o(.text)
    CyEnableInts                             0x000007cb   Thumb Code     8  cylib.o(.text)
    CyIntSetSysVector                        0x000007d3   Thumb Code    18  cylib.o(.text)
    CyIntGetSysVector                        0x000007e5   Thumb Code    12  cylib.o(.text)
    CyIntSetVector                           0x000007f1   Thumb Code    26  cylib.o(.text)
    CyIntGetVector                           0x0000080b   Thumb Code    16  cylib.o(.text)
    CyIntSetPriority                         0x0000081b   Thumb Code    62  cylib.o(.text)
    CyIntGetPriority                         0x00000859   Thumb Code    28  cylib.o(.text)
    CyIntEnable                              0x00000875   Thumb Code    16  cylib.o(.text)
    CyIntGetState                            0x00000885   Thumb Code    30  cylib.o(.text)
    CyIntDisable                             0x000008a3   Thumb Code    14  cylib.o(.text)
    CyIntSetPending                          0x000008b1   Thumb Code    16  cylib.o(.text)
    CyIntClearPending                        0x000008c1   Thumb Code    14  cylib.o(.text)
    CyHalt                                   0x000008cf   Thumb Code     4  cylib.o(.text)
    CySoftwareReset                          0x000008d3   Thumb Code    20  cylib.o(.text)
    CyDelay                                  0x000008e7   Thumb Code    42  cylib.o(.text)
    CyDelayFreq                              0x00000911   Thumb Code    70  cylib.o(.text)
    CyDelayCycles                            0x00000a11   Thumb Code    18  cybootasmrv.o(.text)
    CyEnterCriticalSection                   0x00000a23   Thumb Code     8  cybootasmrv.o(.text)
    CyExitCriticalSection                    0x00000a2b   Thumb Code     6  cybootasmrv.o(.text)
    $Super$$main                             0x00000a31   Thumb Code    32  main.o(.text)
    __aeabi_memcpy                           0x00000a55   Thumb Code   130  rt_memcpy.o(.text)
    __rt_memcpy                              0x00000a55   Thumb Code     0  rt_memcpy.o(.text)
    _memset_w                                0x00000ad7   Thumb Code    26  rt_memclr.o(.text)
    _memset                                  0x00000af1   Thumb Code    30  rt_memclr.o(.text)
    __aeabi_memclr                           0x00000b0f   Thumb Code     4  rt_memclr.o(.text)
    __rt_memclr                              0x00000b0f   Thumb Code     0  rt_memclr.o(.text)
    __aeabi_memclr4                          0x00000b13   Thumb Code     0  rt_memclr.o(.text)
    __aeabi_memclr8                          0x00000b13   Thumb Code     0  rt_memclr.o(.text)
    __rt_memclr_w                            0x00000b13   Thumb Code     4  rt_memclr.o(.text)
    __aeabi_uread4                           0x00000b17   Thumb Code    34  uread4.o(.text)
    __rt_uread4                              0x00000b17   Thumb Code     0  uread4.o(.text)
    __aeabi_uidiv                            0x00000b39   Thumb Code     0  aeabi_sdiv.o(.text)
    __aeabi_uidivmod                         0x00000b39   Thumb Code    20  aeabi_sdiv.o(.text)
    __aeabi_idiv                             0x00000b4d   Thumb Code     0  aeabi_sdiv.o(.text)
    __aeabi_idivmod                          0x00000b4d   Thumb Code   326  aeabi_sdiv.o(.text)
    exit                                     0x00000c93   Thumb Code    12  exit.o(.text)
    _sys_exit                                0x00000ca1   Thumb Code     8  sys_exit.o(.text)
    __I$use$semihosting                      0x00000cad   Thumb Code     0  use_no_semi.o(.text)
    __use_no_semihosting_swi                 0x00000cad   Thumb Code     2  use_no_semi.o(.text)
    __semihosting_library_function           0x00000caf   Thumb Code     0  indicate_semi.o(.text)
    Region$$Table$$Base                      0x00000e40   Number         0  anon$$obj.o(Region$$Table)
    Region$$Table$$Limit                     0x00000e60   Number         0  anon$$obj.o(Region$$Table)
    CyRamVectors                             0x20000000   Data         192  cm0start.o(.ramvectors)
    cydelayFreqHz                            0x200000c4   Data           4  cylib.o(.data)
    cydelayFreqKhz                           0x200000c8   Data           4  cylib.o(.data)
    cydelayFreqMhz                           0x200000cc   Data           1  cylib.o(.data)
    cydelay32kMs                             0x200000d0   Data           4  cylib.o(.data)
    Image$$ARM_LIB_HEAP$$ZI$$Base            0x20000b00   Number         0  anon$$obj.o ABSOLUTE
    Image$$ARM_LIB_HEAP$$ZI$$Limit           0x20000c00   Number         0  anon$$obj.o ABSOLUTE
    Image$$ARM_LIB_STACK$$ZI$$Limit          0x20001000   Number         0  anon$$obj.o ABSOLUTE
    cy_meta_flashprotect                     0x90400000   Data          32  cymetadata.o(.cyflashprotect)
    cy_metadata                              0x90500000   Data          12  cymetadata.o(.cymeta)
    cy_meta_chipprotect                      0x90600000   Data           1  cymetadata.o(.cychipprotect)



==============================================================================

Memory Map of the image

  Image Entry point : 0x00000161

  Load Region APPLICATION (Base: 0x00000000, Size: 0x00000f34, Max: 0x00008000, ABSOLUTE)

    Execution Region VECTORS (Base: 0x00000000, Size: 0x00000010, Max: 0xffffffff, ABSOLUTE)

    Base Addr    Size         Type   Attr      Idx    E Section Name        Object

    0x00000000   0x00000010   Data   RO           35    .romvectors         cm0start.o


    Execution Region RELOCATION (Base: 0x00000010, Size: 0x00000150, Max: 0xffffffff, ABSOLUTE)

    Base Addr    Size         Type   Attr      Idx    E Section Name        Object

    0x00000010   0x00000150   Code   RO          179    .psocinit           cyfitter_cfg.o


    Execution Region CODE (Base: 0x00000160, Size: 0x00000d00, Max: 0xffffffff, ABSOLUTE, FIXED)

    Base Addr    Size         Type   Attr      Idx    E Section Name        Object

    0x00000160   0x00000008   Code   RO          315  * !!!main             c_p.l(__main.o)
    0x00000168   0x0000003c   Code   RO          492    !!!scatter          c_p.l(__scatter.o)
    0x000001a4   0x0000001a   Code   RO          494    !!handler_copy      c_p.l(__scatter_copy.o)
    0x000001be   0x00000002   Code   RO          358    .ARM.Collect$$libinit$$00000000  c_p.l(libinit.o)
    0x000001c0   0x00000004   Code   RO          373    .ARM.Collect$$libinit$$00000001  c_p.l(libinit2.o)
    0x000001c4   0x00000000   Code   RO          377    .ARM.Collect$$libinit$$00000008  c_p.l(libinit2.o)
    0x000001c4   0x00000000   Code   RO          379    .ARM.Collect$$libinit$$0000000A  c_p.l(libinit2.o)
    0x000001c4   0x00000000   Code   RO          381    .ARM.Collect$$libinit$$0000000C  c_p.l(libinit2.o)
    0x000001c4   0x00000000   Code   RO          384    .ARM.Collect$$libinit$$0000000F  c_p.l(libinit2.o)
    0x000001c4   0x00000000   Code   RO          386    .ARM.Collect$$libinit$$00000011  c_p.l(libinit2.o)
    0x000001c4   0x00000000   Code   RO          388    .ARM.Collect$$libinit$$00000013  c_p.l(libinit2.o)
    0x000001c4   0x00000000   Code   RO          390    .ARM.Collect$$libinit$$00000015  c_p.l(libinit2.o)
    0x000001c4   0x00000000   Code   RO          392    .ARM.Collect$$libinit$$00000017  c_p.l(libinit2.o)
    0x000001c4   0x00000000   Code   RO          394    .ARM.Collect$$libinit$$00000019  c_p.l(libinit2.o)
    0x000001c4   0x00000000   Code   RO          396    .ARM.Collect$$libinit$$0000001B  c_p.l(libinit2.o)
    0x000001c4   0x00000000   Code   RO          398    .ARM.Collect$$libinit$$0000001D  c_p.l(libinit2.o)
    0x000001c4   0x00000000   Code   RO          400    .ARM.Collect$$libinit$$0000001F  c_p.l(libinit2.o)
    0x000001c4   0x00000000   Code   RO          402    .ARM.Collect$$libinit$$00000021  c_p.l(libinit2.o)
    0x000001c4   0x00000000   Code   RO          404    .ARM.Collect$$libinit$$00000023  c_p.l(libinit2.o)
    0x000001c4   0x00000000   Code   RO          408    .ARM.Collect$$libinit$$0000002A  c_p.l(libinit2.o)
    0x000001c4   0x00000000   Code   RO          410    .ARM.Collect$$libinit$$0000002C  c_p.l(libinit2.o)
    0x000001c4   0x00000000   Code   RO          412    .ARM.Collect$$libinit$$0000002E  c_p.l(libinit2.o)
    0x000001c4   0x00000000   Code   RO          414    .ARM.Collect$$libinit$$00000030  c_p.l(libinit2.o)
    0x000001c4   0x00000002   Code   RO          415    .ARM.Collect$$libinit$$00000031  c_p.l(libinit2.o)
    0x000001c6   0x00000002   Code   RO          450    .ARM.Collect$$libshutdown$$00000000  c_p.l(libshutdown.o)
    0x000001c8   0x00000000   Code   RO          477    .ARM.Collect$$libshutdown$$00000003  c_p.l(libshutdown2.o)
    0x000001c8   0x00000000   Code   RO          480    .ARM.Collect$$libshutdown$$00000006  c_p.l(libshutdown2.o)
    0x000001c8   0x00000000   Code   RO          483    .ARM.Collect$$libshutdown$$00000009  c_p.l(libshutdown2.o)
    0x000001c8   0x00000000   Code   RO          485    .ARM.Collect$$libshutdown$$0000000B  c_p.l(libshutdown2.o)
    0x000001c8   0x00000000   Code   RO          488    .ARM.Collect$$libshutdown$$0000000E  c_p.l(libshutdown2.o)
    0x000001c8   0x00000002   Code   RO          489    .ARM.Collect$$libshutdown$$0000000F  c_p.l(libshutdown2.o)
    0x000001ca   0x00000000   Code   RO          317    .ARM.Collect$$rtentry$$00000000  c_p.l(rtentry.o)
    0x000001ca   0x00000000   Code   RO          323    .ARM.Collect$$rtentry$$00000002  c_p.l(rtentry2.o)
    0x000001ca   0x00000004   Code   RO          337    .ARM.Collect$$rtentry$$00000007  c_p.l(rtentry7.o)
    0x000001ce   0x00000000   Code   RO          325    .ARM.Collect$$rtentry$$00000009  c_p.l(rtentry2.o)
    0x000001ce   0x00000004   Code   RO          326    .ARM.Collect$$rtentry$$0000000A  c_p.l(rtentry2.o)
    0x000001d2   0x00000000   Code   RO          328    .ARM.Collect$$rtentry$$0000000C  c_p.l(rtentry2.o)
    0x000001d2   0x00000008   Code   RO          329    .ARM.Collect$$rtentry$$0000000D  c_p.l(rtentry2.o)
    0x000001da   0x00000002   PAD
    0x000001dc   0x00000004   Code   RO          338    .ARM.Collect$$rtentry$$00002718  c_p.l(rtentry7.o)
    0x000001e0   0x00000002   Code   RO          365    .ARM.Collect$$rtexit$$00000000  c_p.l(rtexit.o)
    0x000001e2   0x00000000   Code   RO          426    .ARM.Collect$$rtexit$$00000002  c_p.l(rtexit2.o)
    0x000001e2   0x00000004   Code   RO          427    .ARM.Collect$$rtexit$$00000003  c_p.l(rtexit2.o)
    0x000001e6   0x00000006   Code   RO          428    .ARM.Collect$$rtexit$$00000004  c_p.l(rtexit2.o)
    0x000001ec   0x00000038   Code   RO          303    .emb_text           c_p.l(rt_memcpy.o)
    0x00000224   0x00000064   Code   RO           32    .text               cm0start.o
    0x00000288   0x00000714   Code   RO           91    .text               cylib.o
    0x0000099c   0x0000006e   Code   RO          180    .text               cyfitter_cfg.o
    0x00000a0a   0x00000006   PAD
    0x00000a10   0x00000020   Code   RO          228    .text               cybootasmrv.o
    0x00000a30   0x00000024   Code   RO          235    .text               main.o
    0x00000a54   0x00000082   Code   RO          304    .text               c_p.l(rt_memcpy.o)
    0x00000ad6   0x00000040   Code   RO          307    .text               c_p.l(rt_memclr.o)
    0x00000b16   0x00000022   Code   RO          309    .text               c_p.l(uread4.o)
    0x00000b38   0x0000015a   Code   RO          311    .text               c_p.l(aeabi_sdiv.o)
    0x00000c92   0x0000000c   Code   RO          347    .text               c_p.l(exit.o)
    0x00000c9e   0x00000002   PAD
    0x00000ca0   0x0000000c   Code   RO          420    .text               c_p.l(sys_exit.o)
    0x00000cac   0x00000002   Code   RO          422    .text               c_p.l(use_no_semi.o)
    0x00000cae   0x00000000   Code   RO          424    .text               c_p.l(indicate_semi.o)
    0x00000cae   0x0000002e   Data   RO           92    .constdata          cylib.o
    0x00000cdc   0x00000164   Data   RO          181    .constdata          cyfitter_cfg.o
    0x00000e40   0x00000020   Data   RO          490    Region$$Table       anon$$obj.o


    Execution Region ISRVECTORS (Base: 0x20000000, Size: 0x000000c0, Max: 0xffffffff, ABSOLUTE, UNINIT)

    Base Addr    Size         Type   Attr      Idx    E Section Name        Object

    0x20000000   0x000000c0   Data   RW           34    .ramvectors         cm0start.o


    Execution Region NOINIT_DATA (Base: 0x200000c0, Size: 0x00000004, Max: 0xffffffff, ABSOLUTE, UNINIT)

    Base Addr    Size         Type   Attr      Idx    E Section Name        Object

    0x200000c0   0x00000004   Zero   RW           33    .noinit             cm0start.o


    Execution Region DATA (Base: 0x200000c4, Size: 0x00000014, Max: 0xffffffff, ABSOLUTE)

    Base Addr    Size         Type   Attr      Idx    E Section Name        Object

    0x200000c4   0x00000010   Data   RW           93    .data               cylib.o
    0x200000d4   0x00000004   Data   RW          182    .data               cyfitter_cfg.o


    Execution Region ARM_LIB_HEAP (Base: 0x20000b00, Size: 0x00000100, Max: 0x00000100, ABSOLUTE)

    Base Addr    Size         Type   Attr      Idx    E Section Name        Object

    0x20000b00   0x00000100   Zero   RW            1    ARM_LIB_HEAP.bss    anon$$obj.o


    Execution Region ARM_LIB_STACK (Base: 0x20000c00, Size: 0x00000400, Max: 0x00000400, ABSOLUTE)

    Base Addr    Size         Type   Attr      Idx    E Section Name        Object

    0x20000c00   0x00000400   Zero   RW            2    ARM_LIB_STACK.bss   anon$$obj.o



  Load Region CYFLASHPROTECT (Base: 0x90400000, Size: 0x00000020, Max: 0xffffffff, ABSOLUTE)

    Execution Region .cyflashprotect (Base: 0x90400000, Size: 0x00000020, Max: 0xffffffff, ABSOLUTE)

    Base Addr    Size         Type   Attr      Idx    E Section Name        Object

    0x90400000   0x00000020   Data   RO          206    .cyflashprotect     cymetadata.o



  Load Region CYMETA (Base: 0x90500000, Size: 0x0000000c, Max: 0xffffffff, ABSOLUTE)

    Execution Region .cymeta (Base: 0x90500000, Size: 0x0000000c, Max: 0xffffffff, ABSOLUTE)

    Base Addr    Size         Type   Attr      Idx    E Section Name        Object

    0x90500000   0x0000000c   Data   RO          207    .cymeta             cymetadata.o



  Load Region CYCHIPPROTECT (Base: 0x90600000, Size: 0x00000004, Max: 0xffffffff, ABSOLUTE)

    Execution Region .cychipprotect (Base: 0x90600000, Size: 0x00000004, Max: 0xffffffff, ABSOLUTE)

    Base Addr    Size         Type   Attr      Idx    E Section Name        Object

    0x90600000   0x00000001   Data   RO          205    .cychipprotect      cymetadata.o


==============================================================================

Image component sizes


      Code (inc. data)   RO Data    RW Data    ZI Data      Debug   Object Name

         0          0          0          0          0       4740   clock_1.o
       100         18         16        192          4       5837   cm0start.o
        32          0          0          0          0        532   cybootasmrv.o
       446         64        356          4          0       3763   cyfitter_cfg.o
      1812        104         46         16          0      10586   cylib.o
         0          0         45          0          0        735   cymetadata.o
        36          4          0          0          0        439   main.o

    ----------------------------------------------------------------------
      2432        190        498        212       1284      26632   Object Totals
         0          0         32          0       1280          0   (incl. Generated)
         6          0          3          0          0          0   (incl. Padding)

    ----------------------------------------------------------------------

      Code (inc. data)   RO Data    RW Data    ZI Data      Debug   Library Member Name

         8          0          0          0          0         68   __main.o
        60          8          0          0          0          0   __scatter.o
        26          0          0          0          0          0   __scatter_copy.o
       346          0          0          0          0         92   aeabi_sdiv.o
        12          0          0          0          0         64   exit.o
         0          0          0          0          0          0   indicate_semi.o
         2          0          0          0          0          0   libinit.o
         6          0          0          0          0          0   libinit2.o
         2          0          0          0          0          0   libshutdown.o
         2          0          0          0          0          0   libshutdown2.o
        64          0          0          0          0        108   rt_memclr.o
       186          0          0          0          0        144   rt_memcpy.o
         0          0          0          0          0          0   rtentry.o
        12          0          0          0          0          0   rtentry2.o
         8          4          0          0          0          0   rtentry7.o
         2          0          0          0          0          0   rtexit.o
        10          0          0          0          0          0   rtexit2.o
        12          4          0          0          0         60   sys_exit.o
        34          0          0          0          0         60   uread4.o
         2          0          0          0          0         68   use_no_semi.o

    ----------------------------------------------------------------------
       798         16          0          0          0        664   Library Totals
         4          0          0          0          0          0   (incl. Padding)

    ----------------------------------------------------------------------

      Code (inc. data)   RO Data    RW Data    ZI Data      Debug   Library Name

       794         16          0          0          0        664   c_p.l

    ----------------------------------------------------------------------
       798         16          0          0          0        664   Library Totals

    ----------------------------------------------------------------------

==============================================================================


      Code (inc. data)   RO Data    RW Data    ZI Data      Debug   

      3230        206        498        212       1284      26828   Grand Totals
      3230        206        498        212       1284      26828   ELF Image Totals
      3230        206        498        212          0          0   ROM Totals

==============================================================================

    Total RO  Size (Code + RO Data)                 3728 (   3.64kB)
    Total RW  Size (RW Data + ZI Data)              1496 (   1.46kB)
    Total ROM Size (Code + RO Data + RW Data)       3940 (   3.85kB)

==============================================================================

